running egg_info
creating ../../build/imu_py/imu_py.egg-info
writing ../../build/imu_py/imu_py.egg-info/PKG-INFO
writing dependency_links to ../../build/imu_py/imu_py.egg-info/dependency_links.txt
writing entry points to ../../build/imu_py/imu_py.egg-info/entry_points.txt
writing requirements to ../../build/imu_py/imu_py.egg-info/requires.txt
writing top-level names to ../../build/imu_py/imu_py.egg-info/top_level.txt
writing manifest file '../../build/imu_py/imu_py.egg-info/SOURCES.txt'
reading manifest file '../../build/imu_py/imu_py.egg-info/SOURCES.txt'
writing manifest file '../../build/imu_py/imu_py.egg-info/SOURCES.txt'
running build
running build_py
creating /ros2/build/imu_py/build
creating /ros2/build/imu_py/build/lib
creating /ros2/build/imu_py/build/lib/imu_py
copying imu_py/imu_publisher.py -> /ros2/build/imu_py/build/lib/imu_py
copying imu_py/__init__.py -> /ros2/build/imu_py/build/lib/imu_py
copying imu_py/imu_subscriber.py -> /ros2/build/imu_py/build/lib/imu_py
running install
running install_lib
creating /ros2/install/imu_py/lib/python3.10/site-packages/imu_py
copying /ros2/build/imu_py/build/lib/imu_py/imu_publisher.py -> /ros2/install/imu_py/lib/python3.10/site-packages/imu_py
copying /ros2/build/imu_py/build/lib/imu_py/__init__.py -> /ros2/install/imu_py/lib/python3.10/site-packages/imu_py
copying /ros2/build/imu_py/build/lib/imu_py/imu_subscriber.py -> /ros2/install/imu_py/lib/python3.10/site-packages/imu_py
byte-compiling /ros2/install/imu_py/lib/python3.10/site-packages/imu_py/imu_publisher.py to imu_publisher.cpython-310.pyc
byte-compiling /ros2/install/imu_py/lib/python3.10/site-packages/imu_py/__init__.py to __init__.cpython-310.pyc
byte-compiling /ros2/install/imu_py/lib/python3.10/site-packages/imu_py/imu_subscriber.py to imu_subscriber.cpython-310.pyc
running install_data
creating /ros2/install/imu_py/share/ament_index
creating /ros2/install/imu_py/share/ament_index/resource_index
creating /ros2/install/imu_py/share/ament_index/resource_index/packages
copying resource/imu_py -> /ros2/install/imu_py/share/ament_index/resource_index/packages
copying package.xml -> /ros2/install/imu_py/share/imu_py
running install_egg_info
Copying ../../build/imu_py/imu_py.egg-info to /ros2/install/imu_py/lib/python3.10/site-packages/imu_py-0.0.0-py3.10.egg-info
running install_scripts
Installing imu_publisher script to /ros2/install/imu_py/lib/imu_py
Installing imu_subscriber script to /ros2/install/imu_py/lib/imu_py
writing list of installed files to '/ros2/build/imu_py/install.log'
