[0.105s] DEBUG:colcon:Command line arguments: ['/usr/bin/colcon', 'build']
[0.105s] DEBUG:colcon:Parsed command line arguments: Namespace(log_base=None, log_level=None, verb_name='build', build_base='build', install_base='install', merge_install=False, symlink_install=False, test_result_base=None, continue_on_error=False, executor='parallel', parallel_workers=12, event_handlers=None, ignore_user_meta=False, metas=['./colcon.meta'], base_paths=['.'], packages_ignore=None, packages_ignore_regex=None, paths=None, packages_up_to=None, packages_up_to_regex=None, packages_above=None, packages_above_and_dependencies=None, packages_above_depth=None, packages_select_by_dep=None, packages_skip_by_dep=None, packages_skip_up_to=None, packages_select_build_failed=False, packages_skip_build_finished=False, packages_select_test_failures=False, packages_skip_test_passed=False, packages_select=None, packages_skip=None, packages_select_regex=None, packages_skip_regex=None, packages_start=None, packages_end=None, cmake_args=None, cmake_target=None, cmake_target_skip_unavailable=False, cmake_clean_cache=False, cmake_clean_first=False, cmake_force_configure=False, ament_cmake_args=None, catkin_cmake_args=None, catkin_skip_building_tests=False, mixin_files=None, mixin=None, verb_parser=<colcon_mixin.mixin.mixin_argument.MixinArgumentDecorator object at 0x7f1d138de470>, verb_extension=<colcon_core.verb.build.BuildVerb object at 0x7f1d138dddb0>, main=<bound method BuildVerb.main of <colcon_core.verb.build.BuildVerb object at 0x7f1d138dddb0>>, mixin_verb=('build',))
[0.220s] Level 1:colcon.colcon_core.package_discovery:discover_packages(colcon_meta) check parameters
[0.221s] Level 1:colcon.colcon_core.package_discovery:discover_packages(recursive) check parameters
[0.221s] Level 1:colcon.colcon_core.package_discovery:discover_packages(ignore) check parameters
[0.221s] Level 1:colcon.colcon_core.package_discovery:discover_packages(path) check parameters
[0.221s] Level 1:colcon.colcon_core.package_discovery:discover_packages(colcon_meta) discover
[0.221s] Level 1:colcon.colcon_core.package_discovery:discover_packages(recursive) discover
[0.221s] INFO:colcon.colcon_core.package_discovery:Crawling recursively for packages in '/home/will/Will/RANCS/RANCS-introduction/ros2'
[0.221s] Level 1:colcon.colcon_core.package_identification:_identify(.) by extensions ['ignore', 'ignore_ament_install']
[0.221s] Level 1:colcon.colcon_core.package_identification:_identify(.) by extension 'ignore'
[0.221s] Level 1:colcon.colcon_core.package_identification:_identify(.) by extension 'ignore_ament_install'
[0.221s] Level 1:colcon.colcon_core.package_identification:_identify(.) by extensions ['colcon_pkg']
[0.221s] Level 1:colcon.colcon_core.package_identification:_identify(.) by extension 'colcon_pkg'
[0.221s] Level 1:colcon.colcon_core.package_identification:_identify(.) by extensions ['colcon_meta']
[0.221s] Level 1:colcon.colcon_core.package_identification:_identify(.) by extension 'colcon_meta'
[0.221s] Level 1:colcon.colcon_core.package_identification:_identify(.) by extensions ['ros']
[0.221s] Level 1:colcon.colcon_core.package_identification:_identify(.) by extension 'ros'
[0.235s] Level 1:colcon.colcon_core.package_identification:_identify(.) by extensions ['cmake', 'python']
[0.235s] Level 1:colcon.colcon_core.package_identification:_identify(.) by extension 'cmake'
[0.235s] Level 1:colcon.colcon_core.package_identification:_identify(.) by extension 'python'
[0.235s] Level 1:colcon.colcon_core.package_identification:_identify(.) by extensions ['python_setup_py']
[0.235s] Level 1:colcon.colcon_core.package_identification:_identify(.) by extension 'python_setup_py'
[0.236s] Level 1:colcon.colcon_core.package_identification:_identify(build) by extensions ['ignore', 'ignore_ament_install']
[0.236s] Level 1:colcon.colcon_core.package_identification:_identify(build) by extension 'ignore'
[0.236s] Level 1:colcon.colcon_core.package_identification:_identify(build) ignored
[0.236s] Level 1:colcon.colcon_core.package_identification:_identify(install) by extensions ['ignore', 'ignore_ament_install']
[0.236s] Level 1:colcon.colcon_core.package_identification:_identify(install) by extension 'ignore'
[0.236s] Level 1:colcon.colcon_core.package_identification:_identify(install) ignored
[0.236s] Level 1:colcon.colcon_core.package_identification:_identify(log) by extensions ['ignore', 'ignore_ament_install']
[0.236s] Level 1:colcon.colcon_core.package_identification:_identify(log) by extension 'ignore'
[0.236s] Level 1:colcon.colcon_core.package_identification:_identify(log) ignored
[0.236s] Level 1:colcon.colcon_core.package_identification:_identify(src) by extensions ['ignore', 'ignore_ament_install']
[0.236s] Level 1:colcon.colcon_core.package_identification:_identify(src) by extension 'ignore'
[0.236s] Level 1:colcon.colcon_core.package_identification:_identify(src) by extension 'ignore_ament_install'
[0.236s] Level 1:colcon.colcon_core.package_identification:_identify(src) by extensions ['colcon_pkg']
[0.236s] Level 1:colcon.colcon_core.package_identification:_identify(src) by extension 'colcon_pkg'
[0.237s] Level 1:colcon.colcon_core.package_identification:_identify(src) by extensions ['colcon_meta']
[0.237s] Level 1:colcon.colcon_core.package_identification:_identify(src) by extension 'colcon_meta'
[0.237s] Level 1:colcon.colcon_core.package_identification:_identify(src) by extensions ['ros']
[0.237s] Level 1:colcon.colcon_core.package_identification:_identify(src) by extension 'ros'
[0.237s] Level 1:colcon.colcon_core.package_identification:_identify(src) by extensions ['cmake', 'python']
[0.237s] Level 1:colcon.colcon_core.package_identification:_identify(src) by extension 'cmake'
[0.237s] Level 1:colcon.colcon_core.package_identification:_identify(src) by extension 'python'
[0.237s] Level 1:colcon.colcon_core.package_identification:_identify(src) by extensions ['python_setup_py']
[0.237s] Level 1:colcon.colcon_core.package_identification:_identify(src) by extension 'python_setup_py'
[0.237s] Level 1:colcon.colcon_core.package_identification:_identify(src/imu) by extensions ['ignore', 'ignore_ament_install']
[0.237s] Level 1:colcon.colcon_core.package_identification:_identify(src/imu) by extension 'ignore'
[0.237s] Level 1:colcon.colcon_core.package_identification:_identify(src/imu) by extension 'ignore_ament_install'
[0.237s] Level 1:colcon.colcon_core.package_identification:_identify(src/imu) by extensions ['colcon_pkg']
[0.237s] Level 1:colcon.colcon_core.package_identification:_identify(src/imu) by extension 'colcon_pkg'
[0.237s] Level 1:colcon.colcon_core.package_identification:_identify(src/imu) by extensions ['colcon_meta']
[0.237s] Level 1:colcon.colcon_core.package_identification:_identify(src/imu) by extension 'colcon_meta'
[0.237s] Level 1:colcon.colcon_core.package_identification:_identify(src/imu) by extensions ['ros']
[0.237s] Level 1:colcon.colcon_core.package_identification:_identify(src/imu) by extension 'ros'
[0.240s] DEBUG:colcon.colcon_core.package_identification:Package 'src/imu' with type 'ros.ament_cmake' and name 'imu'
[0.240s] Level 1:colcon.colcon_core.package_identification:_identify(src/imu_py) by extensions ['ignore', 'ignore_ament_install']
[0.240s] Level 1:colcon.colcon_core.package_identification:_identify(src/imu_py) by extension 'ignore'
[0.240s] Level 1:colcon.colcon_core.package_identification:_identify(src/imu_py) by extension 'ignore_ament_install'
[0.240s] Level 1:colcon.colcon_core.package_identification:_identify(src/imu_py) by extensions ['colcon_pkg']
[0.240s] Level 1:colcon.colcon_core.package_identification:_identify(src/imu_py) by extension 'colcon_pkg'
[0.240s] Level 1:colcon.colcon_core.package_identification:_identify(src/imu_py) by extensions ['colcon_meta']
[0.241s] Level 1:colcon.colcon_core.package_identification:_identify(src/imu_py) by extension 'colcon_meta'
[0.241s] Level 1:colcon.colcon_core.package_identification:_identify(src/imu_py) by extensions ['ros']
[0.241s] Level 1:colcon.colcon_core.package_identification:_identify(src/imu_py) by extension 'ros'
[0.242s] DEBUG:colcon.colcon_core.package_identification:Package 'src/imu_py' with type 'ros.ament_python' and name 'imu_py'
[0.242s] Level 1:colcon.colcon_core.package_identification:_identify(src/interfaces) by extensions ['ignore', 'ignore_ament_install']
[0.242s] Level 1:colcon.colcon_core.package_identification:_identify(src/interfaces) by extension 'ignore'
[0.243s] Level 1:colcon.colcon_core.package_identification:_identify(src/interfaces) by extension 'ignore_ament_install'
[0.243s] Level 1:colcon.colcon_core.package_identification:_identify(src/interfaces) by extensions ['colcon_pkg']
[0.243s] Level 1:colcon.colcon_core.package_identification:_identify(src/interfaces) by extension 'colcon_pkg'
[0.243s] Level 1:colcon.colcon_core.package_identification:_identify(src/interfaces) by extensions ['colcon_meta']
[0.243s] Level 1:colcon.colcon_core.package_identification:_identify(src/interfaces) by extension 'colcon_meta'
[0.243s] Level 1:colcon.colcon_core.package_identification:_identify(src/interfaces) by extensions ['ros']
[0.243s] Level 1:colcon.colcon_core.package_identification:_identify(src/interfaces) by extension 'ros'
[0.244s] DEBUG:colcon.colcon_core.package_identification:Package 'src/interfaces' with type 'ros.ament_cmake' and name 'interfaces'
[0.244s] Level 1:colcon.colcon_core.package_identification:_identify(src/talker_listener) by extensions ['ignore', 'ignore_ament_install']
[0.244s] Level 1:colcon.colcon_core.package_identification:_identify(src/talker_listener) by extension 'ignore'
[0.244s] Level 1:colcon.colcon_core.package_identification:_identify(src/talker_listener) by extension 'ignore_ament_install'
[0.244s] Level 1:colcon.colcon_core.package_identification:_identify(src/talker_listener) by extensions ['colcon_pkg']
[0.244s] Level 1:colcon.colcon_core.package_identification:_identify(src/talker_listener) by extension 'colcon_pkg'
[0.244s] Level 1:colcon.colcon_core.package_identification:_identify(src/talker_listener) by extensions ['colcon_meta']
[0.244s] Level 1:colcon.colcon_core.package_identification:_identify(src/talker_listener) by extension 'colcon_meta'
[0.244s] Level 1:colcon.colcon_core.package_identification:_identify(src/talker_listener) by extensions ['ros']
[0.244s] Level 1:colcon.colcon_core.package_identification:_identify(src/talker_listener) by extension 'ros'
[0.245s] DEBUG:colcon.colcon_core.package_identification:Package 'src/talker_listener' with type 'ros.ament_cmake' and name 'talker_listener'
[0.245s] Level 1:colcon.colcon_core.package_identification:_identify(src/talker_listener_py) by extensions ['ignore', 'ignore_ament_install']
[0.245s] Level 1:colcon.colcon_core.package_identification:_identify(src/talker_listener_py) by extension 'ignore'
[0.245s] Level 1:colcon.colcon_core.package_identification:_identify(src/talker_listener_py) by extension 'ignore_ament_install'
[0.245s] Level 1:colcon.colcon_core.package_identification:_identify(src/talker_listener_py) by extensions ['colcon_pkg']
[0.245s] Level 1:colcon.colcon_core.package_identification:_identify(src/talker_listener_py) by extension 'colcon_pkg'
[0.245s] Level 1:colcon.colcon_core.package_identification:_identify(src/talker_listener_py) by extensions ['colcon_meta']
[0.245s] Level 1:colcon.colcon_core.package_identification:_identify(src/talker_listener_py) by extension 'colcon_meta'
[0.245s] Level 1:colcon.colcon_core.package_identification:_identify(src/talker_listener_py) by extensions ['ros']
[0.245s] Level 1:colcon.colcon_core.package_identification:_identify(src/talker_listener_py) by extension 'ros'
[0.246s] DEBUG:colcon.colcon_core.package_identification:Package 'src/talker_listener_py' with type 'ros.ament_python' and name 'talker_listener_py'
[0.246s] Level 1:colcon.colcon_core.package_identification:_identify(src/vehicle_status) by extensions ['ignore', 'ignore_ament_install']
[0.247s] Level 1:colcon.colcon_core.package_identification:_identify(src/vehicle_status) by extension 'ignore'
[0.247s] Level 1:colcon.colcon_core.package_identification:_identify(src/vehicle_status) by extension 'ignore_ament_install'
[0.247s] Level 1:colcon.colcon_core.package_identification:_identify(src/vehicle_status) by extensions ['colcon_pkg']
[0.247s] Level 1:colcon.colcon_core.package_identification:_identify(src/vehicle_status) by extension 'colcon_pkg'
[0.247s] Level 1:colcon.colcon_core.package_identification:_identify(src/vehicle_status) by extensions ['colcon_meta']
[0.247s] Level 1:colcon.colcon_core.package_identification:_identify(src/vehicle_status) by extension 'colcon_meta'
[0.247s] Level 1:colcon.colcon_core.package_identification:_identify(src/vehicle_status) by extensions ['ros']
[0.247s] Level 1:colcon.colcon_core.package_identification:_identify(src/vehicle_status) by extension 'ros'
[0.247s] DEBUG:colcon.colcon_core.package_identification:Package 'src/vehicle_status' with type 'ros.ament_cmake' and name 'vehicle_status'
[0.248s] Level 1:colcon.colcon_core.package_identification:_identify(src/vehicle_status_py) by extensions ['ignore', 'ignore_ament_install']
[0.248s] Level 1:colcon.colcon_core.package_identification:_identify(src/vehicle_status_py) by extension 'ignore'
[0.248s] Level 1:colcon.colcon_core.package_identification:_identify(src/vehicle_status_py) by extension 'ignore_ament_install'
[0.248s] Level 1:colcon.colcon_core.package_identification:_identify(src/vehicle_status_py) by extensions ['colcon_pkg']
[0.248s] Level 1:colcon.colcon_core.package_identification:_identify(src/vehicle_status_py) by extension 'colcon_pkg'
[0.248s] Level 1:colcon.colcon_core.package_identification:_identify(src/vehicle_status_py) by extensions ['colcon_meta']
[0.248s] Level 1:colcon.colcon_core.package_identification:_identify(src/vehicle_status_py) by extension 'colcon_meta'
[0.248s] Level 1:colcon.colcon_core.package_identification:_identify(src/vehicle_status_py) by extensions ['ros']
[0.248s] Level 1:colcon.colcon_core.package_identification:_identify(src/vehicle_status_py) by extension 'ros'
[0.249s] DEBUG:colcon.colcon_core.package_identification:Package 'src/vehicle_status_py' with type 'ros.ament_python' and name 'vehicle_status_py'
[0.249s] Level 1:colcon.colcon_core.package_discovery:discover_packages(recursive) using defaults
[0.249s] Level 1:colcon.colcon_core.package_discovery:discover_packages(ignore) discover
[0.249s] Level 1:colcon.colcon_core.package_discovery:discover_packages(ignore) using defaults
[0.249s] Level 1:colcon.colcon_core.package_discovery:discover_packages(path) discover
[0.249s] Level 1:colcon.colcon_core.package_discovery:discover_packages(path) using defaults
[0.275s] Level 5:colcon.colcon_core.verb:set package 'imu' build argument 'cmake_args' from command line to 'None'
[0.275s] Level 5:colcon.colcon_core.verb:set package 'imu' build argument 'cmake_target' from command line to 'None'
[0.275s] Level 5:colcon.colcon_core.verb:set package 'imu' build argument 'cmake_target_skip_unavailable' from command line to 'False'
[0.275s] Level 5:colcon.colcon_core.verb:set package 'imu' build argument 'cmake_clean_cache' from command line to 'False'
[0.275s] Level 5:colcon.colcon_core.verb:set package 'imu' build argument 'cmake_clean_first' from command line to 'False'
[0.275s] Level 5:colcon.colcon_core.verb:set package 'imu' build argument 'cmake_force_configure' from command line to 'False'
[0.275s] Level 5:colcon.colcon_core.verb:set package 'imu' build argument 'ament_cmake_args' from command line to 'None'
[0.275s] Level 5:colcon.colcon_core.verb:set package 'imu' build argument 'catkin_cmake_args' from command line to 'None'
[0.275s] Level 5:colcon.colcon_core.verb:set package 'imu' build argument 'catkin_skip_building_tests' from command line to 'False'
[0.275s] DEBUG:colcon.colcon_core.verb:Building package 'imu' with the following arguments: {'ament_cmake_args': None, 'build_base': '/home/will/Will/RANCS/RANCS-introduction/ros2/build/imu', 'catkin_cmake_args': None, 'catkin_skip_building_tests': False, 'cmake_args': None, 'cmake_clean_cache': False, 'cmake_clean_first': False, 'cmake_force_configure': False, 'cmake_target': None, 'cmake_target_skip_unavailable': False, 'install_base': '/home/will/Will/RANCS/RANCS-introduction/ros2/install/imu', 'merge_install': False, 'path': '/home/will/Will/RANCS/RANCS-introduction/ros2/src/imu', 'symlink_install': False, 'test_result_base': None}
[0.275s] Level 5:colcon.colcon_core.verb:set package 'imu_py' build argument 'cmake_args' from command line to 'None'
[0.275s] Level 5:colcon.colcon_core.verb:set package 'imu_py' build argument 'cmake_target' from command line to 'None'
[0.275s] Level 5:colcon.colcon_core.verb:set package 'imu_py' build argument 'cmake_target_skip_unavailable' from command line to 'False'
[0.275s] Level 5:colcon.colcon_core.verb:set package 'imu_py' build argument 'cmake_clean_cache' from command line to 'False'
[0.275s] Level 5:colcon.colcon_core.verb:set package 'imu_py' build argument 'cmake_clean_first' from command line to 'False'
[0.275s] Level 5:colcon.colcon_core.verb:set package 'imu_py' build argument 'cmake_force_configure' from command line to 'False'
[0.275s] Level 5:colcon.colcon_core.verb:set package 'imu_py' build argument 'ament_cmake_args' from command line to 'None'
[0.275s] Level 5:colcon.colcon_core.verb:set package 'imu_py' build argument 'catkin_cmake_args' from command line to 'None'
[0.275s] Level 5:colcon.colcon_core.verb:set package 'imu_py' build argument 'catkin_skip_building_tests' from command line to 'False'
[0.275s] DEBUG:colcon.colcon_core.verb:Building package 'imu_py' with the following arguments: {'ament_cmake_args': None, 'build_base': '/home/will/Will/RANCS/RANCS-introduction/ros2/build/imu_py', 'catkin_cmake_args': None, 'catkin_skip_building_tests': False, 'cmake_args': None, 'cmake_clean_cache': False, 'cmake_clean_first': False, 'cmake_force_configure': False, 'cmake_target': None, 'cmake_target_skip_unavailable': False, 'install_base': '/home/will/Will/RANCS/RANCS-introduction/ros2/install/imu_py', 'merge_install': False, 'path': '/home/will/Will/RANCS/RANCS-introduction/ros2/src/imu_py', 'symlink_install': False, 'test_result_base': None}
[0.276s] Level 5:colcon.colcon_core.verb:set package 'interfaces' build argument 'cmake_args' from command line to 'None'
[0.276s] Level 5:colcon.colcon_core.verb:set package 'interfaces' build argument 'cmake_target' from command line to 'None'
[0.276s] Level 5:colcon.colcon_core.verb:set package 'interfaces' build argument 'cmake_target_skip_unavailable' from command line to 'False'
[0.276s] Level 5:colcon.colcon_core.verb:set package 'interfaces' build argument 'cmake_clean_cache' from command line to 'False'
[0.276s] Level 5:colcon.colcon_core.verb:set package 'interfaces' build argument 'cmake_clean_first' from command line to 'False'
[0.276s] Level 5:colcon.colcon_core.verb:set package 'interfaces' build argument 'cmake_force_configure' from command line to 'False'
[0.276s] Level 5:colcon.colcon_core.verb:set package 'interfaces' build argument 'ament_cmake_args' from command line to 'None'
[0.276s] Level 5:colcon.colcon_core.verb:set package 'interfaces' build argument 'catkin_cmake_args' from command line to 'None'
[0.276s] Level 5:colcon.colcon_core.verb:set package 'interfaces' build argument 'catkin_skip_building_tests' from command line to 'False'
[0.276s] DEBUG:colcon.colcon_core.verb:Building package 'interfaces' with the following arguments: {'ament_cmake_args': None, 'build_base': '/home/will/Will/RANCS/RANCS-introduction/ros2/build/interfaces', 'catkin_cmake_args': None, 'catkin_skip_building_tests': False, 'cmake_args': None, 'cmake_clean_cache': False, 'cmake_clean_first': False, 'cmake_force_configure': False, 'cmake_target': None, 'cmake_target_skip_unavailable': False, 'install_base': '/home/will/Will/RANCS/RANCS-introduction/ros2/install/interfaces', 'merge_install': False, 'path': '/home/will/Will/RANCS/RANCS-introduction/ros2/src/interfaces', 'symlink_install': False, 'test_result_base': None}
[0.276s] Level 5:colcon.colcon_core.verb:set package 'talker_listener' build argument 'cmake_args' from command line to 'None'
[0.277s] Level 5:colcon.colcon_core.verb:set package 'talker_listener' build argument 'cmake_target' from command line to 'None'
[0.277s] Level 5:colcon.colcon_core.verb:set package 'talker_listener' build argument 'cmake_target_skip_unavailable' from command line to 'False'
[0.277s] Level 5:colcon.colcon_core.verb:set package 'talker_listener' build argument 'cmake_clean_cache' from command line to 'False'
[0.277s] Level 5:colcon.colcon_core.verb:set package 'talker_listener' build argument 'cmake_clean_first' from command line to 'False'
[0.277s] Level 5:colcon.colcon_core.verb:set package 'talker_listener' build argument 'cmake_force_configure' from command line to 'False'
[0.277s] Level 5:colcon.colcon_core.verb:set package 'talker_listener' build argument 'ament_cmake_args' from command line to 'None'
[0.277s] Level 5:colcon.colcon_core.verb:set package 'talker_listener' build argument 'catkin_cmake_args' from command line to 'None'
[0.277s] Level 5:colcon.colcon_core.verb:set package 'talker_listener' build argument 'catkin_skip_building_tests' from command line to 'False'
[0.277s] DEBUG:colcon.colcon_core.verb:Building package 'talker_listener' with the following arguments: {'ament_cmake_args': None, 'build_base': '/home/will/Will/RANCS/RANCS-introduction/ros2/build/talker_listener', 'catkin_cmake_args': None, 'catkin_skip_building_tests': False, 'cmake_args': None, 'cmake_clean_cache': False, 'cmake_clean_first': False, 'cmake_force_configure': False, 'cmake_target': None, 'cmake_target_skip_unavailable': False, 'install_base': '/home/will/Will/RANCS/RANCS-introduction/ros2/install/talker_listener', 'merge_install': False, 'path': '/home/will/Will/RANCS/RANCS-introduction/ros2/src/talker_listener', 'symlink_install': False, 'test_result_base': None}
[0.277s] Level 5:colcon.colcon_core.verb:set package 'talker_listener_py' build argument 'cmake_args' from command line to 'None'
[0.277s] Level 5:colcon.colcon_core.verb:set package 'talker_listener_py' build argument 'cmake_target' from command line to 'None'
[0.277s] Level 5:colcon.colcon_core.verb:set package 'talker_listener_py' build argument 'cmake_target_skip_unavailable' from command line to 'False'
[0.277s] Level 5:colcon.colcon_core.verb:set package 'talker_listener_py' build argument 'cmake_clean_cache' from command line to 'False'
[0.277s] Level 5:colcon.colcon_core.verb:set package 'talker_listener_py' build argument 'cmake_clean_first' from command line to 'False'
[0.277s] Level 5:colcon.colcon_core.verb:set package 'talker_listener_py' build argument 'cmake_force_configure' from command line to 'False'
[0.277s] Level 5:colcon.colcon_core.verb:set package 'talker_listener_py' build argument 'ament_cmake_args' from command line to 'None'
[0.277s] Level 5:colcon.colcon_core.verb:set package 'talker_listener_py' build argument 'catkin_cmake_args' from command line to 'None'
[0.277s] Level 5:colcon.colcon_core.verb:set package 'talker_listener_py' build argument 'catkin_skip_building_tests' from command line to 'False'
[0.278s] DEBUG:colcon.colcon_core.verb:Building package 'talker_listener_py' with the following arguments: {'ament_cmake_args': None, 'build_base': '/home/will/Will/RANCS/RANCS-introduction/ros2/build/talker_listener_py', 'catkin_cmake_args': None, 'catkin_skip_building_tests': False, 'cmake_args': None, 'cmake_clean_cache': False, 'cmake_clean_first': False, 'cmake_force_configure': False, 'cmake_target': None, 'cmake_target_skip_unavailable': False, 'install_base': '/home/will/Will/RANCS/RANCS-introduction/ros2/install/talker_listener_py', 'merge_install': False, 'path': '/home/will/Will/RANCS/RANCS-introduction/ros2/src/talker_listener_py', 'symlink_install': False, 'test_result_base': None}
[0.278s] Level 5:colcon.colcon_core.verb:set package 'vehicle_status' build argument 'cmake_args' from command line to 'None'
[0.278s] Level 5:colcon.colcon_core.verb:set package 'vehicle_status' build argument 'cmake_target' from command line to 'None'
[0.278s] Level 5:colcon.colcon_core.verb:set package 'vehicle_status' build argument 'cmake_target_skip_unavailable' from command line to 'False'
[0.278s] Level 5:colcon.colcon_core.verb:set package 'vehicle_status' build argument 'cmake_clean_cache' from command line to 'False'
[0.278s] Level 5:colcon.colcon_core.verb:set package 'vehicle_status' build argument 'cmake_clean_first' from command line to 'False'
[0.278s] Level 5:colcon.colcon_core.verb:set package 'vehicle_status' build argument 'cmake_force_configure' from command line to 'False'
[0.278s] Level 5:colcon.colcon_core.verb:set package 'vehicle_status' build argument 'ament_cmake_args' from command line to 'None'
[0.278s] Level 5:colcon.colcon_core.verb:set package 'vehicle_status' build argument 'catkin_cmake_args' from command line to 'None'
[0.278s] Level 5:colcon.colcon_core.verb:set package 'vehicle_status' build argument 'catkin_skip_building_tests' from command line to 'False'
[0.278s] DEBUG:colcon.colcon_core.verb:Building package 'vehicle_status' with the following arguments: {'ament_cmake_args': None, 'build_base': '/home/will/Will/RANCS/RANCS-introduction/ros2/build/vehicle_status', 'catkin_cmake_args': None, 'catkin_skip_building_tests': False, 'cmake_args': None, 'cmake_clean_cache': False, 'cmake_clean_first': False, 'cmake_force_configure': False, 'cmake_target': None, 'cmake_target_skip_unavailable': False, 'install_base': '/home/will/Will/RANCS/RANCS-introduction/ros2/install/vehicle_status', 'merge_install': False, 'path': '/home/will/Will/RANCS/RANCS-introduction/ros2/src/vehicle_status', 'symlink_install': False, 'test_result_base': None}
[0.279s] Level 5:colcon.colcon_core.verb:set package 'vehicle_status_py' build argument 'cmake_args' from command line to 'None'
[0.279s] Level 5:colcon.colcon_core.verb:set package 'vehicle_status_py' build argument 'cmake_target' from command line to 'None'
[0.279s] Level 5:colcon.colcon_core.verb:set package 'vehicle_status_py' build argument 'cmake_target_skip_unavailable' from command line to 'False'
[0.279s] Level 5:colcon.colcon_core.verb:set package 'vehicle_status_py' build argument 'cmake_clean_cache' from command line to 'False'
[0.279s] Level 5:colcon.colcon_core.verb:set package 'vehicle_status_py' build argument 'cmake_clean_first' from command line to 'False'
[0.279s] Level 5:colcon.colcon_core.verb:set package 'vehicle_status_py' build argument 'cmake_force_configure' from command line to 'False'
[0.279s] Level 5:colcon.colcon_core.verb:set package 'vehicle_status_py' build argument 'ament_cmake_args' from command line to 'None'
[0.279s] Level 5:colcon.colcon_core.verb:set package 'vehicle_status_py' build argument 'catkin_cmake_args' from command line to 'None'
[0.279s] Level 5:colcon.colcon_core.verb:set package 'vehicle_status_py' build argument 'catkin_skip_building_tests' from command line to 'False'
[0.279s] DEBUG:colcon.colcon_core.verb:Building package 'vehicle_status_py' with the following arguments: {'ament_cmake_args': None, 'build_base': '/home/will/Will/RANCS/RANCS-introduction/ros2/build/vehicle_status_py', 'catkin_cmake_args': None, 'catkin_skip_building_tests': False, 'cmake_args': None, 'cmake_clean_cache': False, 'cmake_clean_first': False, 'cmake_force_configure': False, 'cmake_target': None, 'cmake_target_skip_unavailable': False, 'install_base': '/home/will/Will/RANCS/RANCS-introduction/ros2/install/vehicle_status_py', 'merge_install': False, 'path': '/home/will/Will/RANCS/RANCS-introduction/ros2/src/vehicle_status_py', 'symlink_install': False, 'test_result_base': None}
[0.279s] INFO:colcon.colcon_core.executor:Executing jobs using 'parallel' executor
[0.280s] DEBUG:colcon.colcon_parallel_executor.executor.parallel:run_until_complete
[0.281s] INFO:colcon.colcon_ros.task.ament_cmake.build:Building ROS package in '/home/will/Will/RANCS/RANCS-introduction/ros2/src/interfaces' with build type 'ament_cmake'
[0.281s] INFO:colcon.colcon_cmake.task.cmake.build:Building CMake package in '/home/will/Will/RANCS/RANCS-introduction/ros2/src/interfaces'
[0.283s] INFO:colcon.colcon_core.plugin_system:Skipping extension 'colcon_core.shell.bat': Not used on non-Windows systems
[0.283s] INFO:colcon.colcon_core.shell:Skip shell extension 'powershell' for command environment: Not usable outside of PowerShell
[0.284s] DEBUG:colcon.colcon_core.shell:Skip shell extension 'dsv' for command environment
[0.288s] INFO:colcon.colcon_ros.task.ament_cmake.build:Building ROS package in '/home/will/Will/RANCS/RANCS-introduction/ros2/src/imu' with build type 'ament_cmake'
[0.288s] INFO:colcon.colcon_cmake.task.cmake.build:Building CMake package in '/home/will/Will/RANCS/RANCS-introduction/ros2/src/imu'
[0.289s] INFO:colcon.colcon_core.shell:Skip shell extension 'powershell' for command environment: Not usable outside of PowerShell
[0.289s] DEBUG:colcon.colcon_core.shell:Skip shell extension 'dsv' for command environment
[0.292s] INFO:colcon.colcon_ros.task.ament_python.build:Building ROS package in '/home/will/Will/RANCS/RANCS-introduction/ros2/src/imu_py' with build type 'ament_python'
[0.292s] Level 1:colcon.colcon_core.shell:create_environment_hook('imu_py', 'ament_prefix_path')
[0.292s] INFO:colcon.colcon_core.shell:Creating environment hook '/home/will/Will/RANCS/RANCS-introduction/ros2/install/imu_py/share/imu_py/hook/ament_prefix_path.ps1'
[0.294s] INFO:colcon.colcon_core.shell:Creating environment descriptor '/home/will/Will/RANCS/RANCS-introduction/ros2/install/imu_py/share/imu_py/hook/ament_prefix_path.dsv'
[0.295s] INFO:colcon.colcon_core.shell:Creating environment hook '/home/will/Will/RANCS/RANCS-introduction/ros2/install/imu_py/share/imu_py/hook/ament_prefix_path.sh'
[0.295s] INFO:colcon.colcon_core.shell:Skip shell extension 'powershell' for command environment: Not usable outside of PowerShell
[0.296s] DEBUG:colcon.colcon_core.shell:Skip shell extension 'dsv' for command environment
[0.298s] INFO:colcon.colcon_ros.task.ament_cmake.build:Building ROS package in '/home/will/Will/RANCS/RANCS-introduction/ros2/src/talker_listener' with build type 'ament_cmake'
[0.298s] INFO:colcon.colcon_cmake.task.cmake.build:Building CMake package in '/home/will/Will/RANCS/RANCS-introduction/ros2/src/talker_listener'
[0.298s] INFO:colcon.colcon_core.shell:Skip shell extension 'powershell' for command environment: Not usable outside of PowerShell
[0.298s] DEBUG:colcon.colcon_core.shell:Skip shell extension 'dsv' for command environment
[0.301s] INFO:colcon.colcon_ros.task.ament_python.build:Building ROS package in '/home/will/Will/RANCS/RANCS-introduction/ros2/src/talker_listener_py' with build type 'ament_python'
[0.301s] Level 1:colcon.colcon_core.shell:create_environment_hook('talker_listener_py', 'ament_prefix_path')
[0.301s] INFO:colcon.colcon_core.shell:Creating environment hook '/home/will/Will/RANCS/RANCS-introduction/ros2/install/talker_listener_py/share/talker_listener_py/hook/ament_prefix_path.ps1'
[0.302s] INFO:colcon.colcon_core.shell:Creating environment descriptor '/home/will/Will/RANCS/RANCS-introduction/ros2/install/talker_listener_py/share/talker_listener_py/hook/ament_prefix_path.dsv'
[0.302s] INFO:colcon.colcon_core.shell:Creating environment hook '/home/will/Will/RANCS/RANCS-introduction/ros2/install/talker_listener_py/share/talker_listener_py/hook/ament_prefix_path.sh'
[0.303s] INFO:colcon.colcon_core.shell:Skip shell extension 'powershell' for command environment: Not usable outside of PowerShell
[0.303s] DEBUG:colcon.colcon_core.shell:Skip shell extension 'dsv' for command environment
[0.312s] DEBUG:colcon.colcon_core.event_handler.log_command:Invoking command in '/home/will/Will/RANCS/RANCS-introduction/ros2/build/interfaces': CMAKE_PREFIX_PATH=/opt/ros/humble DEBUGINFOD_URLS=https://debuginfod.archlinux.org PS1=[\u@\h \W]\$ /usr/bin/cmake /home/will/Will/RANCS/RANCS-introduction/ros2/src/interfaces -DCMAKE_INSTALL_PREFIX=/home/will/Will/RANCS/RANCS-introduction/ros2/install/interfaces
[0.315s] DEBUG:colcon.colcon_core.event_handler.log_command:Invoking command in '/home/will/Will/RANCS/RANCS-introduction/ros2/build/imu': CMAKE_PREFIX_PATH=/opt/ros/humble DEBUGINFOD_URLS=https://debuginfod.archlinux.org PS1=[\u@\h \W]\$ /usr/bin/cmake /home/will/Will/RANCS/RANCS-introduction/ros2/src/imu -DCMAKE_INSTALL_PREFIX=/home/will/Will/RANCS/RANCS-introduction/ros2/install/imu
[0.551s] INFO:colcon.colcon_core.task.python.build:Building Python package in '/home/will/Will/RANCS/RANCS-introduction/ros2/src/imu_py'
[0.551s] INFO:colcon.colcon_core.shell:Skip shell extension 'powershell' for command environment: Not usable outside of PowerShell
[0.552s] DEBUG:colcon.colcon_core.shell:Skip shell extension 'dsv' for command environment
[0.560s] DEBUG:colcon.colcon_core.event_handler.log_command:Invoking command in '/home/will/Will/RANCS/RANCS-introduction/ros2/build/talker_listener': CMAKE_PREFIX_PATH=/opt/ros/humble DEBUGINFOD_URLS=https://debuginfod.archlinux.org PS1=[\u@\h \W]\$ /usr/bin/cmake /home/will/Will/RANCS/RANCS-introduction/ros2/src/talker_listener -DCMAKE_INSTALL_PREFIX=/home/will/Will/RANCS/RANCS-introduction/ros2/install/talker_listener
[0.821s] INFO:colcon.colcon_core.task.python.build:Building Python package in '/home/will/Will/RANCS/RANCS-introduction/ros2/src/talker_listener_py'
[0.822s] INFO:colcon.colcon_core.shell:Skip shell extension 'powershell' for command environment: Not usable outside of PowerShell
[0.822s] DEBUG:colcon.colcon_core.shell:Skip shell extension 'dsv' for command environment
[1.247s] DEBUG:colcon.colcon_core.event_handler.log_command:Invoking command in '/home/will/Will/RANCS/RANCS-introduction/ros2/src/imu_py': DEBUGINFOD_URLS=https://debuginfod.archlinux.org PS1=[\u@\h \W]\$ PYTHONPATH=/home/will/Will/RANCS/RANCS-introduction/ros2/build/imu_py/prefix_override:/usr/lib/python3/dist-packages/colcon_core/task/python/colcon_distutils_commands:/home/will/Will/RANCS/RANCS-introduction/ros2/install/imu_py/lib/python3.10/site-packages:${PYTHONPATH} /usr/bin/python3 -W ignore:setup.py install is deprecated -W ignore:easy_install command is deprecated setup.py egg_info --egg-base ../../build/imu_py build --build-base /home/will/Will/RANCS/RANCS-introduction/ros2/build/imu_py/build install --record /home/will/Will/RANCS/RANCS-introduction/ros2/build/imu_py/install.log --single-version-externally-managed install_data
[1.259s] DEBUG:colcon.colcon_core.event_handler.log_command:Invoking command in '/home/will/Will/RANCS/RANCS-introduction/ros2/src/talker_listener_py': DEBUGINFOD_URLS=https://debuginfod.archlinux.org PS1=[\u@\h \W]\$ PYTHONPATH=/home/will/Will/RANCS/RANCS-introduction/ros2/build/talker_listener_py/prefix_override:/usr/lib/python3/dist-packages/colcon_core/task/python/colcon_distutils_commands:/home/will/Will/RANCS/RANCS-introduction/ros2/install/talker_listener_py/lib/python3.10/site-packages:${PYTHONPATH} /usr/bin/python3 -W ignore:setup.py install is deprecated -W ignore:easy_install command is deprecated setup.py egg_info --egg-base ../../build/talker_listener_py build --build-base /home/will/Will/RANCS/RANCS-introduction/ros2/build/talker_listener_py/build install --record /home/will/Will/RANCS/RANCS-introduction/ros2/build/talker_listener_py/install.log --single-version-externally-managed install_data
[1.614s] DEBUG:colcon.colcon_core.event_handler.log_command:Invoked command in '/home/will/Will/RANCS/RANCS-introduction/ros2/src/imu_py' returned '0': DEBUGINFOD_URLS=https://debuginfod.archlinux.org PS1=[\u@\h \W]\$ PYTHONPATH=/home/will/Will/RANCS/RANCS-introduction/ros2/build/imu_py/prefix_override:/usr/lib/python3/dist-packages/colcon_core/task/python/colcon_distutils_commands:/home/will/Will/RANCS/RANCS-introduction/ros2/install/imu_py/lib/python3.10/site-packages:${PYTHONPATH} /usr/bin/python3 -W ignore:setup.py install is deprecated -W ignore:easy_install command is deprecated setup.py egg_info --egg-base ../../build/imu_py build --build-base /home/will/Will/RANCS/RANCS-introduction/ros2/build/imu_py/build install --record /home/will/Will/RANCS/RANCS-introduction/ros2/build/imu_py/install.log --single-version-externally-managed install_data
[1.618s] Level 1:colcon.colcon_core.environment:checking '/home/will/Will/RANCS/RANCS-introduction/ros2/install/imu_py' for CMake module files
[1.618s] Level 1:colcon.colcon_core.environment:checking '/home/will/Will/RANCS/RANCS-introduction/ros2/install/imu_py' for CMake config files
[1.619s] Level 1:colcon.colcon_core.environment:checking '/home/will/Will/RANCS/RANCS-introduction/ros2/install/imu_py/lib'
[1.620s] Level 1:colcon.colcon_core.environment:checking '/home/will/Will/RANCS/RANCS-introduction/ros2/install/imu_py/bin'
[1.620s] Level 1:colcon.colcon_core.environment:checking '/home/will/Will/RANCS/RANCS-introduction/ros2/install/imu_py/lib/pkgconfig/imu_py.pc'
[1.620s] Level 1:colcon.colcon_core.environment:checking '/home/will/Will/RANCS/RANCS-introduction/ros2/install/imu_py/lib/python3.10/site-packages'
[1.620s] Level 1:colcon.colcon_core.shell:create_environment_hook('imu_py', 'pythonpath')
[1.621s] INFO:colcon.colcon_core.shell:Creating environment hook '/home/will/Will/RANCS/RANCS-introduction/ros2/install/imu_py/share/imu_py/hook/pythonpath.ps1'
[1.623s] INFO:colcon.colcon_core.shell:Creating environment descriptor '/home/will/Will/RANCS/RANCS-introduction/ros2/install/imu_py/share/imu_py/hook/pythonpath.dsv'
[1.624s] INFO:colcon.colcon_core.shell:Creating environment hook '/home/will/Will/RANCS/RANCS-introduction/ros2/install/imu_py/share/imu_py/hook/pythonpath.sh'
[1.625s] Level 1:colcon.colcon_core.environment:checking '/home/will/Will/RANCS/RANCS-introduction/ros2/install/imu_py/bin'
[1.625s] Level 1:colcon.colcon_core.environment:create_environment_scripts_only(imu_py)
[1.626s] INFO:colcon.colcon_core.shell:Creating package script '/home/will/Will/RANCS/RANCS-introduction/ros2/install/imu_py/share/imu_py/package.ps1'
[1.627s] INFO:colcon.colcon_core.shell:Creating package descriptor '/home/will/Will/RANCS/RANCS-introduction/ros2/install/imu_py/share/imu_py/package.dsv'
[1.629s] INFO:colcon.colcon_core.shell:Creating package script '/home/will/Will/RANCS/RANCS-introduction/ros2/install/imu_py/share/imu_py/package.sh'
[1.630s] INFO:colcon.colcon_core.shell:Creating package script '/home/will/Will/RANCS/RANCS-introduction/ros2/install/imu_py/share/imu_py/package.bash'
[1.631s] INFO:colcon.colcon_core.shell:Creating package script '/home/will/Will/RANCS/RANCS-introduction/ros2/install/imu_py/share/imu_py/package.zsh'
[1.631s] Level 1:colcon.colcon_core.environment:create_file_with_runtime_dependencies(/home/will/Will/RANCS/RANCS-introduction/ros2/install/imu_py/share/colcon-core/packages/imu_py)
[1.653s] Level 1:colcon.colcon_core.environment:checking '/home/will/Will/RANCS/RANCS-introduction/ros2/install/talker_listener_py' for CMake module files
[1.653s] DEBUG:colcon.colcon_core.event_handler.log_command:Invoked command in '/home/will/Will/RANCS/RANCS-introduction/ros2/src/talker_listener_py' returned '0': DEBUGINFOD_URLS=https://debuginfod.archlinux.org PS1=[\u@\h \W]\$ PYTHONPATH=/home/will/Will/RANCS/RANCS-introduction/ros2/build/talker_listener_py/prefix_override:/usr/lib/python3/dist-packages/colcon_core/task/python/colcon_distutils_commands:/home/will/Will/RANCS/RANCS-introduction/ros2/install/talker_listener_py/lib/python3.10/site-packages:${PYTHONPATH} /usr/bin/python3 -W ignore:setup.py install is deprecated -W ignore:easy_install command is deprecated setup.py egg_info --egg-base ../../build/talker_listener_py build --build-base /home/will/Will/RANCS/RANCS-introduction/ros2/build/talker_listener_py/build install --record /home/will/Will/RANCS/RANCS-introduction/ros2/build/talker_listener_py/install.log --single-version-externally-managed install_data
[1.654s] Level 1:colcon.colcon_core.environment:checking '/home/will/Will/RANCS/RANCS-introduction/ros2/install/talker_listener_py' for CMake config files
[1.655s] Level 1:colcon.colcon_core.environment:checking '/home/will/Will/RANCS/RANCS-introduction/ros2/install/talker_listener_py/lib'
[1.655s] Level 1:colcon.colcon_core.environment:checking '/home/will/Will/RANCS/RANCS-introduction/ros2/install/talker_listener_py/bin'
[1.655s] Level 1:colcon.colcon_core.environment:checking '/home/will/Will/RANCS/RANCS-introduction/ros2/install/talker_listener_py/lib/pkgconfig/talker_listener_py.pc'
[1.656s] Level 1:colcon.colcon_core.environment:checking '/home/will/Will/RANCS/RANCS-introduction/ros2/install/talker_listener_py/lib/python3.10/site-packages'
[1.656s] Level 1:colcon.colcon_core.shell:create_environment_hook('talker_listener_py', 'pythonpath')
[1.656s] INFO:colcon.colcon_core.shell:Creating environment hook '/home/will/Will/RANCS/RANCS-introduction/ros2/install/talker_listener_py/share/talker_listener_py/hook/pythonpath.ps1'
[1.657s] INFO:colcon.colcon_core.shell:Creating environment descriptor '/home/will/Will/RANCS/RANCS-introduction/ros2/install/talker_listener_py/share/talker_listener_py/hook/pythonpath.dsv'
[1.658s] INFO:colcon.colcon_core.shell:Creating environment hook '/home/will/Will/RANCS/RANCS-introduction/ros2/install/talker_listener_py/share/talker_listener_py/hook/pythonpath.sh'
[1.659s] Level 1:colcon.colcon_core.environment:checking '/home/will/Will/RANCS/RANCS-introduction/ros2/install/talker_listener_py/bin'
[1.659s] Level 1:colcon.colcon_core.environment:create_environment_scripts_only(talker_listener_py)
[1.660s] INFO:colcon.colcon_core.shell:Creating package script '/home/will/Will/RANCS/RANCS-introduction/ros2/install/talker_listener_py/share/talker_listener_py/package.ps1'
[1.662s] INFO:colcon.colcon_core.shell:Creating package descriptor '/home/will/Will/RANCS/RANCS-introduction/ros2/install/talker_listener_py/share/talker_listener_py/package.dsv'
[1.662s] INFO:colcon.colcon_core.shell:Creating package script '/home/will/Will/RANCS/RANCS-introduction/ros2/install/talker_listener_py/share/talker_listener_py/package.sh'
[1.663s] INFO:colcon.colcon_core.shell:Creating package script '/home/will/Will/RANCS/RANCS-introduction/ros2/install/talker_listener_py/share/talker_listener_py/package.bash'
[1.663s] INFO:colcon.colcon_core.shell:Creating package script '/home/will/Will/RANCS/RANCS-introduction/ros2/install/talker_listener_py/share/talker_listener_py/package.zsh'
[1.663s] Level 1:colcon.colcon_core.environment:create_file_with_runtime_dependencies(/home/will/Will/RANCS/RANCS-introduction/ros2/install/talker_listener_py/share/colcon-core/packages/talker_listener_py)
[1.951s] DEBUG:colcon.colcon_core.event_handler.log_command:Invoked command in '/home/will/Will/RANCS/RANCS-introduction/ros2/build/imu' returned '0': CMAKE_PREFIX_PATH=/opt/ros/humble DEBUGINFOD_URLS=https://debuginfod.archlinux.org PS1=[\u@\h \W]\$ /usr/bin/cmake /home/will/Will/RANCS/RANCS-introduction/ros2/src/imu -DCMAKE_INSTALL_PREFIX=/home/will/Will/RANCS/RANCS-introduction/ros2/install/imu
[1.953s] DEBUG:colcon.colcon_core.event_handler.log_command:Invoking command in '/home/will/Will/RANCS/RANCS-introduction/ros2/build/imu': CMAKE_PREFIX_PATH=/opt/ros/humble DEBUGINFOD_URLS=https://debuginfod.archlinux.org PS1=[\u@\h \W]\$ /usr/bin/cmake --build /home/will/Will/RANCS/RANCS-introduction/ros2/build/imu -- -j12 -l12
[2.118s] DEBUG:colcon.colcon_core.event_handler.log_command:Invoked command in '/home/will/Will/RANCS/RANCS-introduction/ros2/build/talker_listener' returned '0': CMAKE_PREFIX_PATH=/opt/ros/humble DEBUGINFOD_URLS=https://debuginfod.archlinux.org PS1=[\u@\h \W]\$ /usr/bin/cmake /home/will/Will/RANCS/RANCS-introduction/ros2/src/talker_listener -DCMAKE_INSTALL_PREFIX=/home/will/Will/RANCS/RANCS-introduction/ros2/install/talker_listener
[2.120s] DEBUG:colcon.colcon_core.event_handler.log_command:Invoking command in '/home/will/Will/RANCS/RANCS-introduction/ros2/build/talker_listener': CMAKE_PREFIX_PATH=/opt/ros/humble DEBUGINFOD_URLS=https://debuginfod.archlinux.org PS1=[\u@\h \W]\$ /usr/bin/cmake --build /home/will/Will/RANCS/RANCS-introduction/ros2/build/talker_listener -- -j12 -l12
[2.201s] DEBUG:colcon.colcon_core.event_handler.log_command:Invoked command in '/home/will/Will/RANCS/RANCS-introduction/ros2/build/interfaces' returned '0': CMAKE_PREFIX_PATH=/opt/ros/humble DEBUGINFOD_URLS=https://debuginfod.archlinux.org PS1=[\u@\h \W]\$ /usr/bin/cmake /home/will/Will/RANCS/RANCS-introduction/ros2/src/interfaces -DCMAKE_INSTALL_PREFIX=/home/will/Will/RANCS/RANCS-introduction/ros2/install/interfaces
[2.203s] DEBUG:colcon.colcon_core.event_handler.log_command:Invoking command in '/home/will/Will/RANCS/RANCS-introduction/ros2/build/interfaces': CMAKE_PREFIX_PATH=/opt/ros/humble DEBUGINFOD_URLS=https://debuginfod.archlinux.org PS1=[\u@\h \W]\$ /usr/bin/cmake --build /home/will/Will/RANCS/RANCS-introduction/ros2/build/interfaces -- -j12 -l12
[5.767s] DEBUG:colcon.colcon_core.event_handler.log_command:Invoked command in '/home/will/Will/RANCS/RANCS-introduction/ros2/build/interfaces' returned '0': CMAKE_PREFIX_PATH=/opt/ros/humble DEBUGINFOD_URLS=https://debuginfod.archlinux.org PS1=[\u@\h \W]\$ /usr/bin/cmake --build /home/will/Will/RANCS/RANCS-introduction/ros2/build/interfaces -- -j12 -l12
[5.782s] DEBUG:colcon.colcon_core.event_handler.log_command:Invoking command in '/home/will/Will/RANCS/RANCS-introduction/ros2/build/interfaces': CMAKE_PREFIX_PATH=/opt/ros/humble DEBUGINFOD_URLS=https://debuginfod.archlinux.org PS1=[\u@\h \W]\$ /usr/bin/cmake --install /home/will/Will/RANCS/RANCS-introduction/ros2/build/interfaces
[5.885s] Level 1:colcon.colcon_core.environment:create_environment_scripts_only(interfaces)
[5.885s] Level 1:colcon.colcon_core.environment:checking '/home/will/Will/RANCS/RANCS-introduction/ros2/install/interfaces' for CMake module files
[5.886s] DEBUG:colcon.colcon_core.event_handler.log_command:Invoked command in '/home/will/Will/RANCS/RANCS-introduction/ros2/build/interfaces' returned '0': CMAKE_PREFIX_PATH=/opt/ros/humble DEBUGINFOD_URLS=https://debuginfod.archlinux.org PS1=[\u@\h \W]\$ /usr/bin/cmake --install /home/will/Will/RANCS/RANCS-introduction/ros2/build/interfaces
[5.887s] Level 1:colcon.colcon_core.environment:checking '/home/will/Will/RANCS/RANCS-introduction/ros2/install/interfaces' for CMake config files
[5.888s] Level 1:colcon.colcon_core.shell:create_environment_hook('interfaces', 'cmake_prefix_path')
[5.889s] INFO:colcon.colcon_core.shell:Creating environment hook '/home/will/Will/RANCS/RANCS-introduction/ros2/install/interfaces/share/interfaces/hook/cmake_prefix_path.ps1'
[5.891s] INFO:colcon.colcon_core.shell:Creating environment descriptor '/home/will/Will/RANCS/RANCS-introduction/ros2/install/interfaces/share/interfaces/hook/cmake_prefix_path.dsv'
[5.891s] INFO:colcon.colcon_core.shell:Creating environment hook '/home/will/Will/RANCS/RANCS-introduction/ros2/install/interfaces/share/interfaces/hook/cmake_prefix_path.sh'
[5.892s] Level 1:colcon.colcon_core.environment:checking '/home/will/Will/RANCS/RANCS-introduction/ros2/install/interfaces/lib'
[5.893s] Level 1:colcon.colcon_core.shell:create_environment_hook('interfaces', 'ld_library_path_lib')
[5.893s] INFO:colcon.colcon_core.shell:Creating environment hook '/home/will/Will/RANCS/RANCS-introduction/ros2/install/interfaces/share/interfaces/hook/ld_library_path_lib.ps1'
[5.894s] INFO:colcon.colcon_core.shell:Creating environment descriptor '/home/will/Will/RANCS/RANCS-introduction/ros2/install/interfaces/share/interfaces/hook/ld_library_path_lib.dsv'
[5.896s] INFO:colcon.colcon_core.shell:Creating environment hook '/home/will/Will/RANCS/RANCS-introduction/ros2/install/interfaces/share/interfaces/hook/ld_library_path_lib.sh'
[5.897s] Level 1:colcon.colcon_core.environment:checking '/home/will/Will/RANCS/RANCS-introduction/ros2/install/interfaces/bin'
[5.897s] Level 1:colcon.colcon_core.environment:checking '/home/will/Will/RANCS/RANCS-introduction/ros2/install/interfaces/lib/pkgconfig/interfaces.pc'
[5.898s] Level 1:colcon.colcon_core.environment:checking '/home/will/Will/RANCS/RANCS-introduction/ros2/install/interfaces/lib/python3.10/site-packages'
[5.898s] Level 1:colcon.colcon_core.environment:checking '/home/will/Will/RANCS/RANCS-introduction/ros2/install/interfaces/bin'
[5.899s] INFO:colcon.colcon_core.shell:Creating package script '/home/will/Will/RANCS/RANCS-introduction/ros2/install/interfaces/share/interfaces/package.ps1'
[5.900s] INFO:colcon.colcon_core.shell:Creating package descriptor '/home/will/Will/RANCS/RANCS-introduction/ros2/install/interfaces/share/interfaces/package.dsv'
[5.901s] INFO:colcon.colcon_core.shell:Creating package script '/home/will/Will/RANCS/RANCS-introduction/ros2/install/interfaces/share/interfaces/package.sh'
[5.903s] INFO:colcon.colcon_core.shell:Creating package script '/home/will/Will/RANCS/RANCS-introduction/ros2/install/interfaces/share/interfaces/package.bash'
[5.903s] INFO:colcon.colcon_core.shell:Creating package script '/home/will/Will/RANCS/RANCS-introduction/ros2/install/interfaces/share/interfaces/package.zsh'
[5.904s] Level 1:colcon.colcon_core.environment:create_file_with_runtime_dependencies(/home/will/Will/RANCS/RANCS-introduction/ros2/install/interfaces/share/colcon-core/packages/interfaces)
[5.907s] Level 1:colcon.colcon_core.environment:create_environment_scripts_only(interfaces)
[5.908s] Level 1:colcon.colcon_core.environment:checking '/home/will/Will/RANCS/RANCS-introduction/ros2/install/interfaces' for CMake module files
[5.909s] Level 1:colcon.colcon_core.environment:checking '/home/will/Will/RANCS/RANCS-introduction/ros2/install/interfaces' for CMake config files
[5.910s] Level 1:colcon.colcon_core.shell:create_environment_hook('interfaces', 'cmake_prefix_path')
[5.910s] INFO:colcon.colcon_core.shell:Creating environment hook '/home/will/Will/RANCS/RANCS-introduction/ros2/install/interfaces/share/interfaces/hook/cmake_prefix_path.ps1'
[5.912s] INFO:colcon.colcon_core.shell:Creating environment descriptor '/home/will/Will/RANCS/RANCS-introduction/ros2/install/interfaces/share/interfaces/hook/cmake_prefix_path.dsv'
[5.913s] INFO:colcon.colcon_core.shell:Creating environment hook '/home/will/Will/RANCS/RANCS-introduction/ros2/install/interfaces/share/interfaces/hook/cmake_prefix_path.sh'
[5.914s] Level 1:colcon.colcon_core.environment:checking '/home/will/Will/RANCS/RANCS-introduction/ros2/install/interfaces/lib'
[5.914s] Level 1:colcon.colcon_core.shell:create_environment_hook('interfaces', 'ld_library_path_lib')
[5.914s] INFO:colcon.colcon_core.shell:Creating environment hook '/home/will/Will/RANCS/RANCS-introduction/ros2/install/interfaces/share/interfaces/hook/ld_library_path_lib.ps1'
[5.915s] INFO:colcon.colcon_core.shell:Creating environment descriptor '/home/will/Will/RANCS/RANCS-introduction/ros2/install/interfaces/share/interfaces/hook/ld_library_path_lib.dsv'
[5.916s] INFO:colcon.colcon_core.shell:Creating environment hook '/home/will/Will/RANCS/RANCS-introduction/ros2/install/interfaces/share/interfaces/hook/ld_library_path_lib.sh'
[5.916s] Level 1:colcon.colcon_core.environment:checking '/home/will/Will/RANCS/RANCS-introduction/ros2/install/interfaces/bin'
[5.916s] Level 1:colcon.colcon_core.environment:checking '/home/will/Will/RANCS/RANCS-introduction/ros2/install/interfaces/lib/pkgconfig/interfaces.pc'
[5.917s] Level 1:colcon.colcon_core.environment:checking '/home/will/Will/RANCS/RANCS-introduction/ros2/install/interfaces/lib/python3.10/site-packages'
[5.917s] Level 1:colcon.colcon_core.environment:checking '/home/will/Will/RANCS/RANCS-introduction/ros2/install/interfaces/bin'
[5.918s] INFO:colcon.colcon_core.shell:Creating package script '/home/will/Will/RANCS/RANCS-introduction/ros2/install/interfaces/share/interfaces/package.ps1'
[5.919s] INFO:colcon.colcon_core.shell:Creating package descriptor '/home/will/Will/RANCS/RANCS-introduction/ros2/install/interfaces/share/interfaces/package.dsv'
[5.920s] INFO:colcon.colcon_core.shell:Creating package script '/home/will/Will/RANCS/RANCS-introduction/ros2/install/interfaces/share/interfaces/package.sh'
[5.921s] INFO:colcon.colcon_core.shell:Creating package script '/home/will/Will/RANCS/RANCS-introduction/ros2/install/interfaces/share/interfaces/package.bash'
[5.922s] INFO:colcon.colcon_core.shell:Creating package script '/home/will/Will/RANCS/RANCS-introduction/ros2/install/interfaces/share/interfaces/package.zsh'
[5.923s] Level 1:colcon.colcon_core.environment:create_file_with_runtime_dependencies(/home/will/Will/RANCS/RANCS-introduction/ros2/install/interfaces/share/colcon-core/packages/interfaces)
[5.924s] INFO:colcon.colcon_ros.task.ament_cmake.build:Building ROS package in '/home/will/Will/RANCS/RANCS-introduction/ros2/src/vehicle_status' with build type 'ament_cmake'
[5.925s] INFO:colcon.colcon_cmake.task.cmake.build:Building CMake package in '/home/will/Will/RANCS/RANCS-introduction/ros2/src/vehicle_status'
[5.925s] INFO:colcon.colcon_core.shell:Skip shell extension 'powershell' for command environment: Not usable outside of PowerShell
[5.926s] DEBUG:colcon.colcon_core.shell:Skip shell extension 'dsv' for command environment
[5.930s] INFO:colcon.colcon_ros.task.ament_python.build:Building ROS package in '/home/will/Will/RANCS/RANCS-introduction/ros2/src/vehicle_status_py' with build type 'ament_python'
[5.930s] Level 1:colcon.colcon_core.shell:create_environment_hook('vehicle_status_py', 'ament_prefix_path')
[5.930s] INFO:colcon.colcon_core.shell:Creating environment hook '/home/will/Will/RANCS/RANCS-introduction/ros2/install/vehicle_status_py/share/vehicle_status_py/hook/ament_prefix_path.ps1'
[5.932s] INFO:colcon.colcon_core.shell:Creating environment descriptor '/home/will/Will/RANCS/RANCS-introduction/ros2/install/vehicle_status_py/share/vehicle_status_py/hook/ament_prefix_path.dsv'
[5.933s] INFO:colcon.colcon_core.shell:Creating environment hook '/home/will/Will/RANCS/RANCS-introduction/ros2/install/vehicle_status_py/share/vehicle_status_py/hook/ament_prefix_path.sh'
[5.934s] INFO:colcon.colcon_core.shell:Skip shell extension 'powershell' for command environment: Not usable outside of PowerShell
[5.934s] DEBUG:colcon.colcon_core.shell:Skip shell extension 'dsv' for command environment
[5.950s] DEBUG:colcon.colcon_core.event_handler.log_command:Invoking command in '/home/will/Will/RANCS/RANCS-introduction/ros2/build/vehicle_status': AMENT_PREFIX_PATH=/home/will/Will/RANCS/RANCS-introduction/ros2/install/interfaces:${AMENT_PREFIX_PATH} CMAKE_PREFIX_PATH=/home/will/Will/RANCS/RANCS-introduction/ros2/install/interfaces:/opt/ros/humble DEBUGINFOD_URLS=https://debuginfod.archlinux.org LD_LIBRARY_PATH=/home/will/Will/RANCS/RANCS-introduction/ros2/install/interfaces/lib:${LD_LIBRARY_PATH} PS1=[\u@\h \W]\$ PYTHONPATH=/home/will/Will/RANCS/RANCS-introduction/ros2/install/interfaces/local/lib/python3.10/dist-packages:${PYTHONPATH} /usr/bin/cmake /home/will/Will/RANCS/RANCS-introduction/ros2/src/vehicle_status -DCMAKE_INSTALL_PREFIX=/home/will/Will/RANCS/RANCS-introduction/ros2/install/vehicle_status
[6.328s] INFO:colcon.colcon_core.task.python.build:Building Python package in '/home/will/Will/RANCS/RANCS-introduction/ros2/src/vehicle_status_py'
[6.329s] INFO:colcon.colcon_core.shell:Skip shell extension 'powershell' for command environment: Not usable outside of PowerShell
[6.329s] DEBUG:colcon.colcon_core.shell:Skip shell extension 'dsv' for command environment
[6.849s] DEBUG:colcon.colcon_core.event_handler.log_command:Invoking command in '/home/will/Will/RANCS/RANCS-introduction/ros2/src/vehicle_status_py': AMENT_PREFIX_PATH=/home/will/Will/RANCS/RANCS-introduction/ros2/install/interfaces:${AMENT_PREFIX_PATH} CMAKE_PREFIX_PATH=/home/will/Will/RANCS/RANCS-introduction/ros2/install/interfaces DEBUGINFOD_URLS=https://debuginfod.archlinux.org LD_LIBRARY_PATH=/home/will/Will/RANCS/RANCS-introduction/ros2/install/interfaces/lib:${LD_LIBRARY_PATH} PS1=[\u@\h \W]\$ PYTHONPATH=/home/will/Will/RANCS/RANCS-introduction/ros2/build/vehicle_status_py/prefix_override:/usr/lib/python3/dist-packages/colcon_core/task/python/colcon_distutils_commands:/home/will/Will/RANCS/RANCS-introduction/ros2/install/vehicle_status_py/lib/python3.10/site-packages:/home/will/Will/RANCS/RANCS-introduction/ros2/install/interfaces/local/lib/python3.10/dist-packages:${PYTHONPATH} /usr/bin/python3 -W ignore:setup.py install is deprecated -W ignore:easy_install command is deprecated setup.py egg_info --egg-base ../../build/vehicle_status_py build --build-base /home/will/Will/RANCS/RANCS-introduction/ros2/build/vehicle_status_py/build install --record /home/will/Will/RANCS/RANCS-introduction/ros2/build/vehicle_status_py/install.log --single-version-externally-managed install_data
[7.314s] Level 1:colcon.colcon_core.environment:checking '/home/will/Will/RANCS/RANCS-introduction/ros2/install/vehicle_status_py' for CMake module files
[7.315s] DEBUG:colcon.colcon_core.event_handler.log_command:Invoked command in '/home/will/Will/RANCS/RANCS-introduction/ros2/src/vehicle_status_py' returned '0': AMENT_PREFIX_PATH=/home/will/Will/RANCS/RANCS-introduction/ros2/install/interfaces:${AMENT_PREFIX_PATH} CMAKE_PREFIX_PATH=/home/will/Will/RANCS/RANCS-introduction/ros2/install/interfaces DEBUGINFOD_URLS=https://debuginfod.archlinux.org LD_LIBRARY_PATH=/home/will/Will/RANCS/RANCS-introduction/ros2/install/interfaces/lib:${LD_LIBRARY_PATH} PS1=[\u@\h \W]\$ PYTHONPATH=/home/will/Will/RANCS/RANCS-introduction/ros2/build/vehicle_status_py/prefix_override:/usr/lib/python3/dist-packages/colcon_core/task/python/colcon_distutils_commands:/home/will/Will/RANCS/RANCS-introduction/ros2/install/vehicle_status_py/lib/python3.10/site-packages:/home/will/Will/RANCS/RANCS-introduction/ros2/install/interfaces/local/lib/python3.10/dist-packages:${PYTHONPATH} /usr/bin/python3 -W ignore:setup.py install is deprecated -W ignore:easy_install command is deprecated setup.py egg_info --egg-base ../../build/vehicle_status_py build --build-base /home/will/Will/RANCS/RANCS-introduction/ros2/build/vehicle_status_py/build install --record /home/will/Will/RANCS/RANCS-introduction/ros2/build/vehicle_status_py/install.log --single-version-externally-managed install_data
[7.316s] Level 1:colcon.colcon_core.environment:checking '/home/will/Will/RANCS/RANCS-introduction/ros2/install/vehicle_status_py' for CMake config files
[7.317s] Level 1:colcon.colcon_core.environment:checking '/home/will/Will/RANCS/RANCS-introduction/ros2/install/vehicle_status_py/lib'
[7.317s] Level 1:colcon.colcon_core.environment:checking '/home/will/Will/RANCS/RANCS-introduction/ros2/install/vehicle_status_py/bin'
[7.317s] Level 1:colcon.colcon_core.environment:checking '/home/will/Will/RANCS/RANCS-introduction/ros2/install/vehicle_status_py/lib/pkgconfig/vehicle_status_py.pc'
[7.318s] Level 1:colcon.colcon_core.environment:checking '/home/will/Will/RANCS/RANCS-introduction/ros2/install/vehicle_status_py/lib/python3.10/site-packages'
[7.318s] Level 1:colcon.colcon_core.shell:create_environment_hook('vehicle_status_py', 'pythonpath')
[7.319s] INFO:colcon.colcon_core.shell:Creating environment hook '/home/will/Will/RANCS/RANCS-introduction/ros2/install/vehicle_status_py/share/vehicle_status_py/hook/pythonpath.ps1'
[7.319s] INFO:colcon.colcon_core.shell:Creating environment descriptor '/home/will/Will/RANCS/RANCS-introduction/ros2/install/vehicle_status_py/share/vehicle_status_py/hook/pythonpath.dsv'
[7.321s] INFO:colcon.colcon_core.shell:Creating environment hook '/home/will/Will/RANCS/RANCS-introduction/ros2/install/vehicle_status_py/share/vehicle_status_py/hook/pythonpath.sh'
[7.323s] Level 1:colcon.colcon_core.environment:checking '/home/will/Will/RANCS/RANCS-introduction/ros2/install/vehicle_status_py/bin'
[7.323s] Level 1:colcon.colcon_core.environment:create_environment_scripts_only(vehicle_status_py)
[7.324s] INFO:colcon.colcon_core.shell:Creating package script '/home/will/Will/RANCS/RANCS-introduction/ros2/install/vehicle_status_py/share/vehicle_status_py/package.ps1'
[7.325s] INFO:colcon.colcon_core.shell:Creating package descriptor '/home/will/Will/RANCS/RANCS-introduction/ros2/install/vehicle_status_py/share/vehicle_status_py/package.dsv'
[7.326s] INFO:colcon.colcon_core.shell:Creating package script '/home/will/Will/RANCS/RANCS-introduction/ros2/install/vehicle_status_py/share/vehicle_status_py/package.sh'
[7.328s] INFO:colcon.colcon_core.shell:Creating package script '/home/will/Will/RANCS/RANCS-introduction/ros2/install/vehicle_status_py/share/vehicle_status_py/package.bash'
[7.329s] INFO:colcon.colcon_core.shell:Creating package script '/home/will/Will/RANCS/RANCS-introduction/ros2/install/vehicle_status_py/share/vehicle_status_py/package.zsh'
[7.329s] Level 1:colcon.colcon_core.environment:create_file_with_runtime_dependencies(/home/will/Will/RANCS/RANCS-introduction/ros2/install/vehicle_status_py/share/colcon-core/packages/vehicle_status_py)
[7.903s] DEBUG:colcon.colcon_core.event_handler.log_command:Invoked command in '/home/will/Will/RANCS/RANCS-introduction/ros2/build/vehicle_status' returned '0': AMENT_PREFIX_PATH=/home/will/Will/RANCS/RANCS-introduction/ros2/install/interfaces:${AMENT_PREFIX_PATH} CMAKE_PREFIX_PATH=/home/will/Will/RANCS/RANCS-introduction/ros2/install/interfaces:/opt/ros/humble DEBUGINFOD_URLS=https://debuginfod.archlinux.org LD_LIBRARY_PATH=/home/will/Will/RANCS/RANCS-introduction/ros2/install/interfaces/lib:${LD_LIBRARY_PATH} PS1=[\u@\h \W]\$ PYTHONPATH=/home/will/Will/RANCS/RANCS-introduction/ros2/install/interfaces/local/lib/python3.10/dist-packages:${PYTHONPATH} /usr/bin/cmake /home/will/Will/RANCS/RANCS-introduction/ros2/src/vehicle_status -DCMAKE_INSTALL_PREFIX=/home/will/Will/RANCS/RANCS-introduction/ros2/install/vehicle_status
[7.907s] DEBUG:colcon.colcon_core.event_handler.log_command:Invoking command in '/home/will/Will/RANCS/RANCS-introduction/ros2/build/vehicle_status': AMENT_PREFIX_PATH=/home/will/Will/RANCS/RANCS-introduction/ros2/install/interfaces:${AMENT_PREFIX_PATH} CMAKE_PREFIX_PATH=/home/will/Will/RANCS/RANCS-introduction/ros2/install/interfaces:/opt/ros/humble DEBUGINFOD_URLS=https://debuginfod.archlinux.org LD_LIBRARY_PATH=/home/will/Will/RANCS/RANCS-introduction/ros2/install/interfaces/lib:${LD_LIBRARY_PATH} PS1=[\u@\h \W]\$ PYTHONPATH=/home/will/Will/RANCS/RANCS-introduction/ros2/install/interfaces/local/lib/python3.10/dist-packages:${PYTHONPATH} /usr/bin/cmake --build /home/will/Will/RANCS/RANCS-introduction/ros2/build/vehicle_status -- -j12 -l12
[15.753s] DEBUG:colcon.colcon_core.event_handler.log_command:Invoked command in '/home/will/Will/RANCS/RANCS-introduction/ros2/build/imu' returned '0': CMAKE_PREFIX_PATH=/opt/ros/humble DEBUGINFOD_URLS=https://debuginfod.archlinux.org PS1=[\u@\h \W]\$ /usr/bin/cmake --build /home/will/Will/RANCS/RANCS-introduction/ros2/build/imu -- -j12 -l12
[15.758s] DEBUG:colcon.colcon_core.event_handler.log_command:Invoking command in '/home/will/Will/RANCS/RANCS-introduction/ros2/build/imu': CMAKE_PREFIX_PATH=/opt/ros/humble DEBUGINFOD_URLS=https://debuginfod.archlinux.org PS1=[\u@\h \W]\$ /usr/bin/cmake --install /home/will/Will/RANCS/RANCS-introduction/ros2/build/imu
[15.776s] Level 1:colcon.colcon_core.environment:create_environment_scripts_only(imu)
[15.777s] DEBUG:colcon.colcon_core.event_handler.log_command:Invoked command in '/home/will/Will/RANCS/RANCS-introduction/ros2/build/imu' returned '0': CMAKE_PREFIX_PATH=/opt/ros/humble DEBUGINFOD_URLS=https://debuginfod.archlinux.org PS1=[\u@\h \W]\$ /usr/bin/cmake --install /home/will/Will/RANCS/RANCS-introduction/ros2/build/imu
[15.777s] Level 1:colcon.colcon_core.environment:checking '/home/will/Will/RANCS/RANCS-introduction/ros2/install/imu' for CMake module files
[15.778s] Level 1:colcon.colcon_core.environment:checking '/home/will/Will/RANCS/RANCS-introduction/ros2/install/imu' for CMake config files
[15.779s] Level 1:colcon.colcon_core.shell:create_environment_hook('imu', 'cmake_prefix_path')
[15.779s] INFO:colcon.colcon_core.shell:Creating environment hook '/home/will/Will/RANCS/RANCS-introduction/ros2/install/imu/share/imu/hook/cmake_prefix_path.ps1'
[15.779s] INFO:colcon.colcon_core.shell:Creating environment descriptor '/home/will/Will/RANCS/RANCS-introduction/ros2/install/imu/share/imu/hook/cmake_prefix_path.dsv'
[15.780s] INFO:colcon.colcon_core.shell:Creating environment hook '/home/will/Will/RANCS/RANCS-introduction/ros2/install/imu/share/imu/hook/cmake_prefix_path.sh'
[15.780s] Level 1:colcon.colcon_core.environment:checking '/home/will/Will/RANCS/RANCS-introduction/ros2/install/imu/lib'
[15.780s] Level 1:colcon.colcon_core.environment:checking '/home/will/Will/RANCS/RANCS-introduction/ros2/install/imu/bin'
[15.780s] Level 1:colcon.colcon_core.environment:checking '/home/will/Will/RANCS/RANCS-introduction/ros2/install/imu/lib/pkgconfig/imu.pc'
[15.781s] Level 1:colcon.colcon_core.environment:checking '/home/will/Will/RANCS/RANCS-introduction/ros2/install/imu/lib/python3.10/site-packages'
[15.781s] Level 1:colcon.colcon_core.environment:checking '/home/will/Will/RANCS/RANCS-introduction/ros2/install/imu/bin'
[15.781s] INFO:colcon.colcon_core.shell:Creating package script '/home/will/Will/RANCS/RANCS-introduction/ros2/install/imu/share/imu/package.ps1'
[15.782s] INFO:colcon.colcon_core.shell:Creating package descriptor '/home/will/Will/RANCS/RANCS-introduction/ros2/install/imu/share/imu/package.dsv'
[15.782s] INFO:colcon.colcon_core.shell:Creating package script '/home/will/Will/RANCS/RANCS-introduction/ros2/install/imu/share/imu/package.sh'
[15.782s] INFO:colcon.colcon_core.shell:Creating package script '/home/will/Will/RANCS/RANCS-introduction/ros2/install/imu/share/imu/package.bash'
[15.783s] INFO:colcon.colcon_core.shell:Creating package script '/home/will/Will/RANCS/RANCS-introduction/ros2/install/imu/share/imu/package.zsh'
[15.783s] Level 1:colcon.colcon_core.environment:create_file_with_runtime_dependencies(/home/will/Will/RANCS/RANCS-introduction/ros2/install/imu/share/colcon-core/packages/imu)
[15.783s] Level 1:colcon.colcon_core.environment:create_environment_scripts_only(imu)
[15.784s] Level 1:colcon.colcon_core.environment:checking '/home/will/Will/RANCS/RANCS-introduction/ros2/install/imu' for CMake module files
[15.784s] Level 1:colcon.colcon_core.environment:checking '/home/will/Will/RANCS/RANCS-introduction/ros2/install/imu' for CMake config files
[15.784s] Level 1:colcon.colcon_core.shell:create_environment_hook('imu', 'cmake_prefix_path')
[15.784s] INFO:colcon.colcon_core.shell:Creating environment hook '/home/will/Will/RANCS/RANCS-introduction/ros2/install/imu/share/imu/hook/cmake_prefix_path.ps1'
[15.785s] INFO:colcon.colcon_core.shell:Creating environment descriptor '/home/will/Will/RANCS/RANCS-introduction/ros2/install/imu/share/imu/hook/cmake_prefix_path.dsv'
[15.785s] INFO:colcon.colcon_core.shell:Creating environment hook '/home/will/Will/RANCS/RANCS-introduction/ros2/install/imu/share/imu/hook/cmake_prefix_path.sh'
[15.785s] Level 1:colcon.colcon_core.environment:checking '/home/will/Will/RANCS/RANCS-introduction/ros2/install/imu/lib'
[15.786s] Level 1:colcon.colcon_core.environment:checking '/home/will/Will/RANCS/RANCS-introduction/ros2/install/imu/bin'
[15.786s] Level 1:colcon.colcon_core.environment:checking '/home/will/Will/RANCS/RANCS-introduction/ros2/install/imu/lib/pkgconfig/imu.pc'
[15.786s] Level 1:colcon.colcon_core.environment:checking '/home/will/Will/RANCS/RANCS-introduction/ros2/install/imu/lib/python3.10/site-packages'
[15.786s] Level 1:colcon.colcon_core.environment:checking '/home/will/Will/RANCS/RANCS-introduction/ros2/install/imu/bin'
[15.787s] INFO:colcon.colcon_core.shell:Creating package script '/home/will/Will/RANCS/RANCS-introduction/ros2/install/imu/share/imu/package.ps1'
[15.788s] INFO:colcon.colcon_core.shell:Creating package descriptor '/home/will/Will/RANCS/RANCS-introduction/ros2/install/imu/share/imu/package.dsv'
[15.788s] INFO:colcon.colcon_core.shell:Creating package script '/home/will/Will/RANCS/RANCS-introduction/ros2/install/imu/share/imu/package.sh'
[15.789s] INFO:colcon.colcon_core.shell:Creating package script '/home/will/Will/RANCS/RANCS-introduction/ros2/install/imu/share/imu/package.bash'
[15.790s] INFO:colcon.colcon_core.shell:Creating package script '/home/will/Will/RANCS/RANCS-introduction/ros2/install/imu/share/imu/package.zsh'
[15.790s] Level 1:colcon.colcon_core.environment:create_file_with_runtime_dependencies(/home/will/Will/RANCS/RANCS-introduction/ros2/install/imu/share/colcon-core/packages/imu)
[16.053s] DEBUG:colcon.colcon_core.event_handler.log_command:Invoked command in '/home/will/Will/RANCS/RANCS-introduction/ros2/build/talker_listener' returned '0': CMAKE_PREFIX_PATH=/opt/ros/humble DEBUGINFOD_URLS=https://debuginfod.archlinux.org PS1=[\u@\h \W]\$ /usr/bin/cmake --build /home/will/Will/RANCS/RANCS-introduction/ros2/build/talker_listener -- -j12 -l12
[16.056s] DEBUG:colcon.colcon_core.event_handler.log_command:Invoking command in '/home/will/Will/RANCS/RANCS-introduction/ros2/build/talker_listener': CMAKE_PREFIX_PATH=/opt/ros/humble DEBUGINFOD_URLS=https://debuginfod.archlinux.org PS1=[\u@\h \W]\$ /usr/bin/cmake --install /home/will/Will/RANCS/RANCS-introduction/ros2/build/talker_listener
[16.071s] Level 1:colcon.colcon_core.environment:create_environment_scripts_only(talker_listener)
[16.071s] Level 1:colcon.colcon_core.environment:checking '/home/will/Will/RANCS/RANCS-introduction/ros2/install/talker_listener' for CMake module files
[16.072s] DEBUG:colcon.colcon_core.event_handler.log_command:Invoked command in '/home/will/Will/RANCS/RANCS-introduction/ros2/build/talker_listener' returned '0': CMAKE_PREFIX_PATH=/opt/ros/humble DEBUGINFOD_URLS=https://debuginfod.archlinux.org PS1=[\u@\h \W]\$ /usr/bin/cmake --install /home/will/Will/RANCS/RANCS-introduction/ros2/build/talker_listener
[16.072s] Level 1:colcon.colcon_core.environment:checking '/home/will/Will/RANCS/RANCS-introduction/ros2/install/talker_listener' for CMake config files
[16.073s] Level 1:colcon.colcon_core.shell:create_environment_hook('talker_listener', 'cmake_prefix_path')
[16.073s] INFO:colcon.colcon_core.shell:Creating environment hook '/home/will/Will/RANCS/RANCS-introduction/ros2/install/talker_listener/share/talker_listener/hook/cmake_prefix_path.ps1'
[16.073s] INFO:colcon.colcon_core.shell:Creating environment descriptor '/home/will/Will/RANCS/RANCS-introduction/ros2/install/talker_listener/share/talker_listener/hook/cmake_prefix_path.dsv'
[16.074s] INFO:colcon.colcon_core.shell:Creating environment hook '/home/will/Will/RANCS/RANCS-introduction/ros2/install/talker_listener/share/talker_listener/hook/cmake_prefix_path.sh'
[16.074s] Level 1:colcon.colcon_core.environment:checking '/home/will/Will/RANCS/RANCS-introduction/ros2/install/talker_listener/lib'
[16.074s] Level 1:colcon.colcon_core.environment:checking '/home/will/Will/RANCS/RANCS-introduction/ros2/install/talker_listener/bin'
[16.074s] Level 1:colcon.colcon_core.environment:checking '/home/will/Will/RANCS/RANCS-introduction/ros2/install/talker_listener/lib/pkgconfig/talker_listener.pc'
[16.075s] Level 1:colcon.colcon_core.environment:checking '/home/will/Will/RANCS/RANCS-introduction/ros2/install/talker_listener/lib/python3.10/site-packages'
[16.075s] Level 1:colcon.colcon_core.environment:checking '/home/will/Will/RANCS/RANCS-introduction/ros2/install/talker_listener/bin'
[16.075s] INFO:colcon.colcon_core.shell:Creating package script '/home/will/Will/RANCS/RANCS-introduction/ros2/install/talker_listener/share/talker_listener/package.ps1'
[16.076s] INFO:colcon.colcon_core.shell:Creating package descriptor '/home/will/Will/RANCS/RANCS-introduction/ros2/install/talker_listener/share/talker_listener/package.dsv'
[16.077s] INFO:colcon.colcon_core.shell:Creating package script '/home/will/Will/RANCS/RANCS-introduction/ros2/install/talker_listener/share/talker_listener/package.sh'
[16.077s] INFO:colcon.colcon_core.shell:Creating package script '/home/will/Will/RANCS/RANCS-introduction/ros2/install/talker_listener/share/talker_listener/package.bash'
[16.078s] INFO:colcon.colcon_core.shell:Creating package script '/home/will/Will/RANCS/RANCS-introduction/ros2/install/talker_listener/share/talker_listener/package.zsh'
[16.078s] Level 1:colcon.colcon_core.environment:create_file_with_runtime_dependencies(/home/will/Will/RANCS/RANCS-introduction/ros2/install/talker_listener/share/colcon-core/packages/talker_listener)
[16.079s] Level 1:colcon.colcon_core.environment:create_environment_scripts_only(talker_listener)
[16.079s] Level 1:colcon.colcon_core.environment:checking '/home/will/Will/RANCS/RANCS-introduction/ros2/install/talker_listener' for CMake module files
[16.079s] Level 1:colcon.colcon_core.environment:checking '/home/will/Will/RANCS/RANCS-introduction/ros2/install/talker_listener' for CMake config files
[16.080s] Level 1:colcon.colcon_core.shell:create_environment_hook('talker_listener', 'cmake_prefix_path')
[16.080s] INFO:colcon.colcon_core.shell:Creating environment hook '/home/will/Will/RANCS/RANCS-introduction/ros2/install/talker_listener/share/talker_listener/hook/cmake_prefix_path.ps1'
[16.080s] INFO:colcon.colcon_core.shell:Creating environment descriptor '/home/will/Will/RANCS/RANCS-introduction/ros2/install/talker_listener/share/talker_listener/hook/cmake_prefix_path.dsv'
[16.080s] INFO:colcon.colcon_core.shell:Creating environment hook '/home/will/Will/RANCS/RANCS-introduction/ros2/install/talker_listener/share/talker_listener/hook/cmake_prefix_path.sh'
[16.081s] Level 1:colcon.colcon_core.environment:checking '/home/will/Will/RANCS/RANCS-introduction/ros2/install/talker_listener/lib'
[16.081s] Level 1:colcon.colcon_core.environment:checking '/home/will/Will/RANCS/RANCS-introduction/ros2/install/talker_listener/bin'
[16.081s] Level 1:colcon.colcon_core.environment:checking '/home/will/Will/RANCS/RANCS-introduction/ros2/install/talker_listener/lib/pkgconfig/talker_listener.pc'
[16.081s] Level 1:colcon.colcon_core.environment:checking '/home/will/Will/RANCS/RANCS-introduction/ros2/install/talker_listener/lib/python3.10/site-packages'
[16.081s] Level 1:colcon.colcon_core.environment:checking '/home/will/Will/RANCS/RANCS-introduction/ros2/install/talker_listener/bin'
[16.082s] INFO:colcon.colcon_core.shell:Creating package script '/home/will/Will/RANCS/RANCS-introduction/ros2/install/talker_listener/share/talker_listener/package.ps1'
[16.082s] INFO:colcon.colcon_core.shell:Creating package descriptor '/home/will/Will/RANCS/RANCS-introduction/ros2/install/talker_listener/share/talker_listener/package.dsv'
[16.083s] INFO:colcon.colcon_core.shell:Creating package script '/home/will/Will/RANCS/RANCS-introduction/ros2/install/talker_listener/share/talker_listener/package.sh'
[16.083s] INFO:colcon.colcon_core.shell:Creating package script '/home/will/Will/RANCS/RANCS-introduction/ros2/install/talker_listener/share/talker_listener/package.bash'
[16.083s] INFO:colcon.colcon_core.shell:Creating package script '/home/will/Will/RANCS/RANCS-introduction/ros2/install/talker_listener/share/talker_listener/package.zsh'
[16.084s] Level 1:colcon.colcon_core.environment:create_file_with_runtime_dependencies(/home/will/Will/RANCS/RANCS-introduction/ros2/install/talker_listener/share/colcon-core/packages/talker_listener)
[19.164s] DEBUG:colcon.colcon_core.event_handler.log_command:Invoked command in '/home/will/Will/RANCS/RANCS-introduction/ros2/build/vehicle_status' returned '0': AMENT_PREFIX_PATH=/home/will/Will/RANCS/RANCS-introduction/ros2/install/interfaces:${AMENT_PREFIX_PATH} CMAKE_PREFIX_PATH=/home/will/Will/RANCS/RANCS-introduction/ros2/install/interfaces:/opt/ros/humble DEBUGINFOD_URLS=https://debuginfod.archlinux.org LD_LIBRARY_PATH=/home/will/Will/RANCS/RANCS-introduction/ros2/install/interfaces/lib:${LD_LIBRARY_PATH} PS1=[\u@\h \W]\$ PYTHONPATH=/home/will/Will/RANCS/RANCS-introduction/ros2/install/interfaces/local/lib/python3.10/dist-packages:${PYTHONPATH} /usr/bin/cmake --build /home/will/Will/RANCS/RANCS-introduction/ros2/build/vehicle_status -- -j12 -l12
[19.166s] DEBUG:colcon.colcon_core.event_handler.log_command:Invoking command in '/home/will/Will/RANCS/RANCS-introduction/ros2/build/vehicle_status': AMENT_PREFIX_PATH=/home/will/Will/RANCS/RANCS-introduction/ros2/install/interfaces:${AMENT_PREFIX_PATH} CMAKE_PREFIX_PATH=/home/will/Will/RANCS/RANCS-introduction/ros2/install/interfaces:/opt/ros/humble DEBUGINFOD_URLS=https://debuginfod.archlinux.org LD_LIBRARY_PATH=/home/will/Will/RANCS/RANCS-introduction/ros2/install/interfaces/lib:${LD_LIBRARY_PATH} PS1=[\u@\h \W]\$ PYTHONPATH=/home/will/Will/RANCS/RANCS-introduction/ros2/install/interfaces/local/lib/python3.10/dist-packages:${PYTHONPATH} /usr/bin/cmake --install /home/will/Will/RANCS/RANCS-introduction/ros2/build/vehicle_status
[19.182s] Level 1:colcon.colcon_core.environment:create_environment_scripts_only(vehicle_status)
[19.183s] DEBUG:colcon.colcon_core.event_handler.log_command:Invoked command in '/home/will/Will/RANCS/RANCS-introduction/ros2/build/vehicle_status' returned '0': AMENT_PREFIX_PATH=/home/will/Will/RANCS/RANCS-introduction/ros2/install/interfaces:${AMENT_PREFIX_PATH} CMAKE_PREFIX_PATH=/home/will/Will/RANCS/RANCS-introduction/ros2/install/interfaces:/opt/ros/humble DEBUGINFOD_URLS=https://debuginfod.archlinux.org LD_LIBRARY_PATH=/home/will/Will/RANCS/RANCS-introduction/ros2/install/interfaces/lib:${LD_LIBRARY_PATH} PS1=[\u@\h \W]\$ PYTHONPATH=/home/will/Will/RANCS/RANCS-introduction/ros2/install/interfaces/local/lib/python3.10/dist-packages:${PYTHONPATH} /usr/bin/cmake --install /home/will/Will/RANCS/RANCS-introduction/ros2/build/vehicle_status
[19.183s] Level 1:colcon.colcon_core.environment:checking '/home/will/Will/RANCS/RANCS-introduction/ros2/install/vehicle_status' for CMake module files
[19.184s] Level 1:colcon.colcon_core.environment:checking '/home/will/Will/RANCS/RANCS-introduction/ros2/install/vehicle_status' for CMake config files
[19.184s] Level 1:colcon.colcon_core.shell:create_environment_hook('vehicle_status', 'cmake_prefix_path')
[19.184s] INFO:colcon.colcon_core.shell:Creating environment hook '/home/will/Will/RANCS/RANCS-introduction/ros2/install/vehicle_status/share/vehicle_status/hook/cmake_prefix_path.ps1'
[19.184s] INFO:colcon.colcon_core.shell:Creating environment descriptor '/home/will/Will/RANCS/RANCS-introduction/ros2/install/vehicle_status/share/vehicle_status/hook/cmake_prefix_path.dsv'
[19.185s] INFO:colcon.colcon_core.shell:Creating environment hook '/home/will/Will/RANCS/RANCS-introduction/ros2/install/vehicle_status/share/vehicle_status/hook/cmake_prefix_path.sh'
[19.185s] Level 1:colcon.colcon_core.environment:checking '/home/will/Will/RANCS/RANCS-introduction/ros2/install/vehicle_status/lib'
[19.185s] Level 1:colcon.colcon_core.environment:checking '/home/will/Will/RANCS/RANCS-introduction/ros2/install/vehicle_status/bin'
[19.185s] Level 1:colcon.colcon_core.environment:checking '/home/will/Will/RANCS/RANCS-introduction/ros2/install/vehicle_status/lib/pkgconfig/vehicle_status.pc'
[19.186s] Level 1:colcon.colcon_core.environment:checking '/home/will/Will/RANCS/RANCS-introduction/ros2/install/vehicle_status/lib/python3.10/site-packages'
[19.186s] Level 1:colcon.colcon_core.environment:checking '/home/will/Will/RANCS/RANCS-introduction/ros2/install/vehicle_status/bin'
[19.187s] INFO:colcon.colcon_core.shell:Creating package script '/home/will/Will/RANCS/RANCS-introduction/ros2/install/vehicle_status/share/vehicle_status/package.ps1'
[19.189s] INFO:colcon.colcon_core.shell:Creating package descriptor '/home/will/Will/RANCS/RANCS-introduction/ros2/install/vehicle_status/share/vehicle_status/package.dsv'
[19.191s] INFO:colcon.colcon_core.shell:Creating package script '/home/will/Will/RANCS/RANCS-introduction/ros2/install/vehicle_status/share/vehicle_status/package.sh'
[19.191s] INFO:colcon.colcon_core.shell:Creating package script '/home/will/Will/RANCS/RANCS-introduction/ros2/install/vehicle_status/share/vehicle_status/package.bash'
[19.192s] INFO:colcon.colcon_core.shell:Creating package script '/home/will/Will/RANCS/RANCS-introduction/ros2/install/vehicle_status/share/vehicle_status/package.zsh'
[19.192s] Level 1:colcon.colcon_core.environment:create_file_with_runtime_dependencies(/home/will/Will/RANCS/RANCS-introduction/ros2/install/vehicle_status/share/colcon-core/packages/vehicle_status)
[19.193s] Level 1:colcon.colcon_core.environment:create_environment_scripts_only(vehicle_status)
[19.193s] Level 1:colcon.colcon_core.environment:checking '/home/will/Will/RANCS/RANCS-introduction/ros2/install/vehicle_status' for CMake module files
[19.194s] Level 1:colcon.colcon_core.environment:checking '/home/will/Will/RANCS/RANCS-introduction/ros2/install/vehicle_status' for CMake config files
[19.194s] Level 1:colcon.colcon_core.shell:create_environment_hook('vehicle_status', 'cmake_prefix_path')
[19.194s] INFO:colcon.colcon_core.shell:Creating environment hook '/home/will/Will/RANCS/RANCS-introduction/ros2/install/vehicle_status/share/vehicle_status/hook/cmake_prefix_path.ps1'
[19.195s] INFO:colcon.colcon_core.shell:Creating environment descriptor '/home/will/Will/RANCS/RANCS-introduction/ros2/install/vehicle_status/share/vehicle_status/hook/cmake_prefix_path.dsv'
[19.196s] INFO:colcon.colcon_core.shell:Creating environment hook '/home/will/Will/RANCS/RANCS-introduction/ros2/install/vehicle_status/share/vehicle_status/hook/cmake_prefix_path.sh'
[19.196s] Level 1:colcon.colcon_core.environment:checking '/home/will/Will/RANCS/RANCS-introduction/ros2/install/vehicle_status/lib'
[19.196s] Level 1:colcon.colcon_core.environment:checking '/home/will/Will/RANCS/RANCS-introduction/ros2/install/vehicle_status/bin'
[19.196s] Level 1:colcon.colcon_core.environment:checking '/home/will/Will/RANCS/RANCS-introduction/ros2/install/vehicle_status/lib/pkgconfig/vehicle_status.pc'
[19.197s] Level 1:colcon.colcon_core.environment:checking '/home/will/Will/RANCS/RANCS-introduction/ros2/install/vehicle_status/lib/python3.10/site-packages'
[19.197s] Level 1:colcon.colcon_core.environment:checking '/home/will/Will/RANCS/RANCS-introduction/ros2/install/vehicle_status/bin'
[19.197s] INFO:colcon.colcon_core.shell:Creating package script '/home/will/Will/RANCS/RANCS-introduction/ros2/install/vehicle_status/share/vehicle_status/package.ps1'
[19.198s] INFO:colcon.colcon_core.shell:Creating package descriptor '/home/will/Will/RANCS/RANCS-introduction/ros2/install/vehicle_status/share/vehicle_status/package.dsv'
[19.198s] INFO:colcon.colcon_core.shell:Creating package script '/home/will/Will/RANCS/RANCS-introduction/ros2/install/vehicle_status/share/vehicle_status/package.sh'
[19.199s] INFO:colcon.colcon_core.shell:Creating package script '/home/will/Will/RANCS/RANCS-introduction/ros2/install/vehicle_status/share/vehicle_status/package.bash'
[19.199s] INFO:colcon.colcon_core.shell:Creating package script '/home/will/Will/RANCS/RANCS-introduction/ros2/install/vehicle_status/share/vehicle_status/package.zsh'
[19.200s] Level 1:colcon.colcon_core.environment:create_file_with_runtime_dependencies(/home/will/Will/RANCS/RANCS-introduction/ros2/install/vehicle_status/share/colcon-core/packages/vehicle_status)
[19.200s] DEBUG:colcon.colcon_parallel_executor.executor.parallel:closing loop
[19.200s] DEBUG:colcon.colcon_parallel_executor.executor.parallel:loop closed
[19.200s] DEBUG:colcon.colcon_parallel_executor.executor.parallel:run_until_complete finished with '0'
[19.200s] DEBUG:colcon.colcon_core.event_reactor:joining thread
[19.207s] INFO:colcon.colcon_core.plugin_system:Skipping extension 'colcon_notification.desktop_notification.notify_send': Could not find 'notify-send'
[19.207s] INFO:colcon.colcon_core.plugin_system:Skipping extension 'colcon_notification.desktop_notification.terminal_notifier': Not used on non-Darwin systems
[19.207s] INFO:colcon.colcon_core.plugin_system:Skipping extension 'colcon_notification.desktop_notification.win32': Not used on non-Windows systems
[19.207s] INFO:colcon.colcon_notification.desktop_notification:Sending desktop notification using 'notify2'
[19.209s] DEBUG:colcon.colcon_core.event_reactor:joined thread
[19.209s] INFO:colcon.colcon_core.shell:Creating prefix script '/home/will/Will/RANCS/RANCS-introduction/ros2/install/local_setup.ps1'
[19.210s] INFO:colcon.colcon_core.shell:Creating prefix util module '/home/will/Will/RANCS/RANCS-introduction/ros2/install/_local_setup_util_ps1.py'
[19.213s] INFO:colcon.colcon_core.shell:Creating prefix chain script '/home/will/Will/RANCS/RANCS-introduction/ros2/install/setup.ps1'
[19.214s] INFO:colcon.colcon_core.shell:Creating prefix script '/home/will/Will/RANCS/RANCS-introduction/ros2/install/local_setup.sh'
[19.214s] INFO:colcon.colcon_core.shell:Creating prefix util module '/home/will/Will/RANCS/RANCS-introduction/ros2/install/_local_setup_util_sh.py'
[19.215s] INFO:colcon.colcon_core.shell:Creating prefix chain script '/home/will/Will/RANCS/RANCS-introduction/ros2/install/setup.sh'
[19.216s] INFO:colcon.colcon_core.shell:Creating prefix script '/home/will/Will/RANCS/RANCS-introduction/ros2/install/local_setup.bash'
[19.217s] INFO:colcon.colcon_core.shell:Creating prefix chain script '/home/will/Will/RANCS/RANCS-introduction/ros2/install/setup.bash'
[19.217s] INFO:colcon.colcon_core.shell:Creating prefix script '/home/will/Will/RANCS/RANCS-introduction/ros2/install/local_setup.zsh'
[19.218s] INFO:colcon.colcon_core.shell:Creating prefix chain script '/home/will/Will/RANCS/RANCS-introduction/ros2/install/setup.zsh'
