[0.734s] Invoking command in '/ros2/src/imu_py': PYTHONPATH=/ros2/build/imu_py/prefix_override:/usr/lib/python3/dist-packages/colcon_core/task/python/colcon_distutils_commands:/ros2/install/imu_py/lib/python3.10/site-packages:${PYTHONPATH} /usr/bin/python3 -W ignore:setup.py install is deprecated -W ignore:easy_install command is deprecated setup.py egg_info --egg-base ../../build/imu_py build --build-base /ros2/build/imu_py/build install --record /ros2/build/imu_py/install.log --single-version-externally-managed install_data
[0.906s] running egg_info
[0.906s] writing ../../build/imu_py/imu_py.egg-info/PKG-INFO
[0.907s] writing dependency_links to ../../build/imu_py/imu_py.egg-info/dependency_links.txt
[0.907s] writing entry points to ../../build/imu_py/imu_py.egg-info/entry_points.txt
[0.907s] writing requirements to ../../build/imu_py/imu_py.egg-info/requires.txt
[0.907s] writing top-level names to ../../build/imu_py/imu_py.egg-info/top_level.txt
[0.908s] reading manifest file '../../build/imu_py/imu_py.egg-info/SOURCES.txt'
[0.909s] writing manifest file '../../build/imu_py/imu_py.egg-info/SOURCES.txt'
[0.909s] running build
[0.909s] running build_py
[0.909s] running install
[0.910s] running install_lib
[0.911s] running install_data
[0.911s] running install_egg_info
[0.913s] removing '/ros2/install/imu_py/lib/python3.10/site-packages/imu_py-0.0.0-py3.10.egg-info' (and everything under it)
[0.913s] Copying ../../build/imu_py/imu_py.egg-info to /ros2/install/imu_py/lib/python3.10/site-packages/imu_py-0.0.0-py3.10.egg-info
[0.914s] running install_scripts
[0.932s] Installing imu_publisher script to /ros2/install/imu_py/lib/imu_py
[0.932s] Installing imu_subscriber script to /ros2/install/imu_py/lib/imu_py
[0.933s] writing list of installed files to '/ros2/build/imu_py/install.log'
[0.958s] Invoked command in '/ros2/src/imu_py' returned '0': PYTHONPATH=/ros2/build/imu_py/prefix_override:/usr/lib/python3/dist-packages/colcon_core/task/python/colcon_distutils_commands:/ros2/install/imu_py/lib/python3.10/site-packages:${PYTHONPATH} /usr/bin/python3 -W ignore:setup.py install is deprecated -W ignore:easy_install command is deprecated setup.py egg_info --egg-base ../../build/imu_py build --build-base /ros2/build/imu_py/build install --record /ros2/build/imu_py/install.log --single-version-externally-managed install_data
