[35m[1mConsolidate compiler generated dependencies of target vehicle_status_publisher[0m
[35m[1mConsolidate compiler generated dependencies of target vehicle_status_subscriber[0m
[100%] Built target vehicle_status_publisher
[100%] Built target vehicle_status_subscriber
-- Install configuration: ""
-- Up-to-date: /ros2/install/vehicle_status/lib/vehicle_status/vehicle_status_publisher
-- Up-to-date: /ros2/install/vehicle_status/lib/vehicle_status/vehicle_status_subscriber
-- Up-to-date: /ros2/install/vehicle_status/share/ament_index/resource_index/package_run_dependencies/vehicle_status
-- Up-to-date: /ros2/install/vehicle_status/share/ament_index/resource_index/parent_prefix_path/vehicle_status
-- Up-to-date: /ros2/install/vehicle_status/share/vehicle_status/environment/ament_prefix_path.sh
-- Up-to-date: /ros2/install/vehicle_status/share/vehicle_status/environment/ament_prefix_path.dsv
-- Up-to-date: /ros2/install/vehicle_status/share/vehicle_status/environment/path.sh
-- Up-to-date: /ros2/install/vehicle_status/share/vehicle_status/environment/path.dsv
-- Up-to-date: /ros2/install/vehicle_status/share/vehicle_status/local_setup.bash
-- Up-to-date: /ros2/install/vehicle_status/share/vehicle_status/local_setup.sh
-- Up-to-date: /ros2/install/vehicle_status/share/vehicle_status/local_setup.zsh
-- Up-to-date: /ros2/install/vehicle_status/share/vehicle_status/local_setup.dsv
-- Installing: /ros2/install/vehicle_status/share/vehicle_status/package.dsv
-- Up-to-date: /ros2/install/vehicle_status/share/ament_index/resource_index/packages/vehicle_status
-- Up-to-date: /ros2/install/vehicle_status/share/vehicle_status/cmake/vehicle_statusConfig.cmake
-- Up-to-date: /ros2/install/vehicle_status/share/vehicle_status/cmake/vehicle_statusConfig-version.cmake
-- Up-to-date: /ros2/install/vehicle_status/share/vehicle_status/package.xml
