[0.000000] (-) TimerEvent: {}
[0.000292] (talker_listener) JobQueued: {'identifier': 'talker_listener', 'dependencies': OrderedDict()}
[0.000772] (talker_listener) JobStarted: {'identifier': 'talker_listener'}
[0.008353] (talker_listener) JobProgress: {'identifier': 'talker_listener', 'progress': 'cmake'}
[0.009039] (talker_listener) Command: {'cmd': ['/usr/bin/cmake', '/home/will/Will/RANCS/RANCS-introduction/ros2/src/talker_listener', '-DCMAKE_EXPORT_COMPILE_COMMANDS=ON', '-DCMAKE_INSTALL_PREFIX=/home/will/Will/RANCS/RANCS-introduction/ros2/install/talker_listener'], 'cwd': '/home/will/Will/RANCS/RANCS-introduction/ros2/build/talker_listener', 'env': OrderedDict([('MAIL', '/var/spool/mail/will'), ('HYPRLAND_CMD', 'Hyprland --watchdog-fd 4'), ('USER', 'will'), ('HYPRLAND_INSTANCE_SIGNATURE', '521ece463c4a9d3d128670688a34756805a4328f_1779540798_1184533170'), ('STARSHIP_SHELL', 'bash'), ('HOSTNAME', 'archlinux'), ('XDG_SESSION_TYPE', 'wayland'), ('XCURSOR_SIZE', '24'), ('XDG_CACHE_HOME', '/home/will/.cache'), ('SHLVL', '4'), ('LD_LIBRARY_PATH', '/opt/ros/humble/lib/x86_64-linux-gnu:/opt/ros/humble/lib'), ('MOTD_SHOWN', 'pam'), ('HOME', '/home/will'), ('TERMINFO', '/usr/lib/kitty/terminfo'), ('MOZ_ENABLE_WAYLAND', '1'), ('OLDPWD', '/home/will/Will/RANCS/RANCS-introduction/ros2'), ('DESKTOP_SESSION', 'hyprland'), ('NVM_BIN', '/home/will/.nvm/versions/node/v24.14.0/bin'), ('KITTY_INSTALLATION_DIR', '/usr/lib/kitty'), ('NVM_INC', '/home/will/.nvm/versions/node/v24.14.0/include/node'), ('ROS_PYTHON_VERSION', '3'), ('PS1', '[\\u@\\h \\W]\\$'), ('KITTY_PID', '1049296'), ('DISTROBOX_ENTER_PATH', '/usr/bin/distrobox-enter'), ('XDG_STATE_HOME', '/home/will/.local/state'), ('DBUS_SESSION_BUS_ADDRESS', 'unix:path=/run/user/1000/bus'), ('COLORTERM', 'truecolor'), ('container', 'docker'), ('NVM_DIR', '/home/will/.nvm'), ('DEBUGINFOD_URLS', 'https://debuginfod.archlinux.org'), ('WAYLAND_DISPLAY', 'wayland-1'), ('ROS_DISTRO', 'humble'), ('GTK_IM_MODULE', 'fcitx'), ('LOGNAME', 'will'), ('_', '/usr/bin/colcon'), ('ROS_VERSION', '2'), ('TERMINFO_DIRS', '/usr/share/terminfo:/run/host/usr/share/terminfo'), ('TERM', 'xterm-kitty'), ('XDG_SESSION_ID', '3'), ('ROS_LOCALHOST_ONLY', '0'), ('HL_INITIAL_WORKSPACE_TOKEN', '8fd082a6-51bf-4ab7-9242-81711322afb1'), ('PATH', '/opt/ros/humble/bin:/home/will/.local/bin:/home/will/.opencode/bin:/home/will/.local/bin:/home/will/.opencode/bin:/home/will/.nvm/versions/node/v24.14.0/bin:/usr/local/bin:/usr/bin:/var/lib/flatpak/exports/bin:/usr/lib/jvm/default/bin:/usr/bin/site_perl:/usr/bin/vendor_perl:/usr/bin/core_perl:/usr/local/sbin:/usr/sbin:/usr/local/bin:/usr/bin:/sbin:/bin:/usr/local/sbin:/usr/sbin:/sbin:/bin'), ('XDG_RUNTIME_DIR', '/run/user/1000'), ('DISPLAY', ':0'), ('HYPRCURSOR_SIZE', '24'), ('LANG', 'en_US.UTF-8'), ('XDG_CURRENT_DESKTOP', 'Hyprland'), ('XDG_DATA_HOME', '/home/will/.local/share'), ('XDG_CONFIG_HOME', '/home/will/.config'), ('XMODIFIERS', '@im=fcitx'), ('XDG_SESSION_DESKTOP', 'Hyprland'), ('AMENT_PREFIX_PATH', '/opt/ros/humble'), ('SHELL', '/usr/bin/bash'), ('KITTY_WINDOW_ID', '1'), ('QT_IM_MODULE', 'fcitx'), ('PWD', '/home/will/Will/RANCS/RANCS-introduction/ros2/build/talker_listener'), ('CONTAINER_ID', 'ros2'), ('LC_ALL', 'C.UTF-8'), ('XDG_CONFIG_DIRS', '/etc/xdg'), ('XDG_BACKEND', 'wayland'), ('NVM_CD_FLAGS', ''), ('XDG_DATA_DIRS', '/home/will/.local/share/flatpak/exports/share:/var/lib/flatpak/exports/share:/usr/local/share:/usr/share'), ('STARSHIP_SESSION_KEY', '3062721191839391'), ('PYTHONPATH', '/opt/ros/humble/lib/python3.10/site-packages:/opt/ros/humble/local/lib/python3.10/dist-packages'), ('COLCON', '1'), ('CMAKE_PREFIX_PATH', '/opt/ros/humble')]), 'shell': False}
[0.020744] (talker_listener) StdoutLine: {'line': b'-- Found ament_cmake: 1.3.14 (/opt/ros/humble/share/ament_cmake/cmake)\n'}
[0.099984] (-) TimerEvent: {}
[0.121301] (talker_listener) StdoutLine: {'line': b'-- Found rclcpp: 16.0.19 (/opt/ros/humble/share/rclcpp/cmake)\n'}
[0.145535] (talker_listener) StdoutLine: {'line': b'-- Found rosidl_generator_c: 3.1.8 (/opt/ros/humble/share/rosidl_generator_c/cmake)\n'}
[0.148188] (talker_listener) StdoutLine: {'line': b'-- Found rosidl_adapter: 3.1.8 (/opt/ros/humble/share/rosidl_adapter/cmake)\n'}
[0.154539] (talker_listener) StdoutLine: {'line': b'-- Found rosidl_generator_cpp: 3.1.8 (/opt/ros/humble/share/rosidl_generator_cpp/cmake)\n'}
[0.163705] (talker_listener) StdoutLine: {'line': b'-- Using all available rosidl_typesupport_c: rosidl_typesupport_fastrtps_c;rosidl_typesupport_introspection_c\n'}
[0.175385] (talker_listener) StdoutLine: {'line': b'-- Using all available rosidl_typesupport_cpp: rosidl_typesupport_fastrtps_cpp;rosidl_typesupport_introspection_cpp\n'}
[0.200059] (-) TimerEvent: {}
[0.205540] (talker_listener) StdoutLine: {'line': b'-- Found rmw_implementation_cmake: 6.1.2 (/opt/ros/humble/share/rmw_implementation_cmake/cmake)\n'}
[0.206929] (talker_listener) StdoutLine: {'line': b'-- Found rmw_fastrtps_cpp: 6.2.10 (/opt/ros/humble/share/rmw_fastrtps_cpp/cmake)\n'}
[0.274683] (talker_listener) StdoutLine: {'line': b"-- Using RMW implementation 'rmw_fastrtps_cpp' as default\n"}
[0.300170] (-) TimerEvent: {}
[0.328326] (talker_listener) StdoutLine: {'line': b'-- Found ament_lint_auto: 0.12.15 (/opt/ros/humble/share/ament_lint_auto/cmake)\n'}
[0.386075] (talker_listener) StdoutLine: {'line': b"-- Added test 'cppcheck' to perform static code analysis on C / C++ code\n"}
[0.386203] (talker_listener) StdoutLine: {'line': b'-- Configured cppcheck include dirs: \n'}
[0.386260] (talker_listener) StdoutLine: {'line': b'-- Configured cppcheck exclude dirs and/or files: \n'}
[0.386572] (talker_listener) StdoutLine: {'line': b"-- Added test 'lint_cmake' to check CMake code style\n"}
[0.387311] (talker_listener) StdoutLine: {'line': b"-- Added test 'uncrustify' to check C / C++ code style\n"}
[0.387394] (talker_listener) StdoutLine: {'line': b'-- Configured uncrustify additional arguments: \n'}
[0.387633] (talker_listener) StdoutLine: {'line': b"-- Added test 'xmllint' to check XML markup files\n"}
[0.388239] (talker_listener) StdoutLine: {'line': b'-- Configuring done\n'}
[0.396257] (talker_listener) StdoutLine: {'line': b'-- Generating done\n'}
[0.400004] (talker_listener) StdoutLine: {'line': b'-- Build files have been written to: /home/will/Will/RANCS/RANCS-introduction/ros2/build/talker_listener\n'}
[0.400230] (-) TimerEvent: {}
[0.404823] (talker_listener) CommandEnded: {'returncode': 0}
[0.405457] (talker_listener) JobProgress: {'identifier': 'talker_listener', 'progress': 'build'}
[0.406861] (talker_listener) Command: {'cmd': ['/usr/bin/cmake', '--build', '/home/will/Will/RANCS/RANCS-introduction/ros2/build/talker_listener', '--', '-j12', '-l12'], 'cwd': '/home/will/Will/RANCS/RANCS-introduction/ros2/build/talker_listener', 'env': OrderedDict([('MAIL', '/var/spool/mail/will'), ('HYPRLAND_CMD', 'Hyprland --watchdog-fd 4'), ('USER', 'will'), ('HYPRLAND_INSTANCE_SIGNATURE', '521ece463c4a9d3d128670688a34756805a4328f_1779540798_1184533170'), ('STARSHIP_SHELL', 'bash'), ('HOSTNAME', 'archlinux'), ('XDG_SESSION_TYPE', 'wayland'), ('XCURSOR_SIZE', '24'), ('XDG_CACHE_HOME', '/home/will/.cache'), ('SHLVL', '4'), ('LD_LIBRARY_PATH', '/opt/ros/humble/lib/x86_64-linux-gnu:/opt/ros/humble/lib'), ('MOTD_SHOWN', 'pam'), ('HOME', '/home/will'), ('TERMINFO', '/usr/lib/kitty/terminfo'), ('MOZ_ENABLE_WAYLAND', '1'), ('OLDPWD', '/home/will/Will/RANCS/RANCS-introduction/ros2'), ('DESKTOP_SESSION', 'hyprland'), ('NVM_BIN', '/home/will/.nvm/versions/node/v24.14.0/bin'), ('KITTY_INSTALLATION_DIR', '/usr/lib/kitty'), ('NVM_INC', '/home/will/.nvm/versions/node/v24.14.0/include/node'), ('ROS_PYTHON_VERSION', '3'), ('PS1', '[\\u@\\h \\W]\\$'), ('KITTY_PID', '1049296'), ('DISTROBOX_ENTER_PATH', '/usr/bin/distrobox-enter'), ('XDG_STATE_HOME', '/home/will/.local/state'), ('DBUS_SESSION_BUS_ADDRESS', 'unix:path=/run/user/1000/bus'), ('COLORTERM', 'truecolor'), ('container', 'docker'), ('NVM_DIR', '/home/will/.nvm'), ('DEBUGINFOD_URLS', 'https://debuginfod.archlinux.org'), ('WAYLAND_DISPLAY', 'wayland-1'), ('ROS_DISTRO', 'humble'), ('GTK_IM_MODULE', 'fcitx'), ('LOGNAME', 'will'), ('_', '/usr/bin/colcon'), ('ROS_VERSION', '2'), ('TERMINFO_DIRS', '/usr/share/terminfo:/run/host/usr/share/terminfo'), ('TERM', 'xterm-kitty'), ('XDG_SESSION_ID', '3'), ('ROS_LOCALHOST_ONLY', '0'), ('HL_INITIAL_WORKSPACE_TOKEN', '8fd082a6-51bf-4ab7-9242-81711322afb1'), ('PATH', '/opt/ros/humble/bin:/home/will/.local/bin:/home/will/.opencode/bin:/home/will/.local/bin:/home/will/.opencode/bin:/home/will/.nvm/versions/node/v24.14.0/bin:/usr/local/bin:/usr/bin:/var/lib/flatpak/exports/bin:/usr/lib/jvm/default/bin:/usr/bin/site_perl:/usr/bin/vendor_perl:/usr/bin/core_perl:/usr/local/sbin:/usr/sbin:/usr/local/bin:/usr/bin:/sbin:/bin:/usr/local/sbin:/usr/sbin:/sbin:/bin'), ('XDG_RUNTIME_DIR', '/run/user/1000'), ('DISPLAY', ':0'), ('HYPRCURSOR_SIZE', '24'), ('LANG', 'en_US.UTF-8'), ('XDG_CURRENT_DESKTOP', 'Hyprland'), ('XDG_DATA_HOME', '/home/will/.local/share'), ('XDG_CONFIG_HOME', '/home/will/.config'), ('XMODIFIERS', '@im=fcitx'), ('XDG_SESSION_DESKTOP', 'Hyprland'), ('AMENT_PREFIX_PATH', '/opt/ros/humble'), ('SHELL', '/usr/bin/bash'), ('KITTY_WINDOW_ID', '1'), ('QT_IM_MODULE', 'fcitx'), ('PWD', '/home/will/Will/RANCS/RANCS-introduction/ros2/build/talker_listener'), ('CONTAINER_ID', 'ros2'), ('LC_ALL', 'C.UTF-8'), ('XDG_CONFIG_DIRS', '/etc/xdg'), ('XDG_BACKEND', 'wayland'), ('NVM_CD_FLAGS', ''), ('XDG_DATA_DIRS', '/home/will/.local/share/flatpak/exports/share:/var/lib/flatpak/exports/share:/usr/local/share:/usr/share'), ('STARSHIP_SESSION_KEY', '3062721191839391'), ('PYTHONPATH', '/opt/ros/humble/lib/python3.10/site-packages:/opt/ros/humble/local/lib/python3.10/dist-packages'), ('COLCON', '1'), ('CMAKE_PREFIX_PATH', '/opt/ros/humble')]), 'shell': False}
[0.439374] (talker_listener) StdoutLine: {'line': b'\x1b[35m\x1b[1mConsolidate compiler generated dependencies of target talker\x1b[0m\n'}
[0.453593] (talker_listener) StdoutLine: {'line': b'[100%] Built target talker\n'}
[0.462562] (talker_listener) CommandEnded: {'returncode': 0}
[0.463297] (talker_listener) JobProgress: {'identifier': 'talker_listener', 'progress': 'install'}
[0.470855] (talker_listener) Command: {'cmd': ['/usr/bin/cmake', '--install', '/home/will/Will/RANCS/RANCS-introduction/ros2/build/talker_listener'], 'cwd': '/home/will/Will/RANCS/RANCS-introduction/ros2/build/talker_listener', 'env': OrderedDict([('MAIL', '/var/spool/mail/will'), ('HYPRLAND_CMD', 'Hyprland --watchdog-fd 4'), ('USER', 'will'), ('HYPRLAND_INSTANCE_SIGNATURE', '521ece463c4a9d3d128670688a34756805a4328f_1779540798_1184533170'), ('STARSHIP_SHELL', 'bash'), ('HOSTNAME', 'archlinux'), ('XDG_SESSION_TYPE', 'wayland'), ('XCURSOR_SIZE', '24'), ('XDG_CACHE_HOME', '/home/will/.cache'), ('SHLVL', '4'), ('LD_LIBRARY_PATH', '/opt/ros/humble/lib/x86_64-linux-gnu:/opt/ros/humble/lib'), ('MOTD_SHOWN', 'pam'), ('HOME', '/home/will'), ('TERMINFO', '/usr/lib/kitty/terminfo'), ('MOZ_ENABLE_WAYLAND', '1'), ('OLDPWD', '/home/will/Will/RANCS/RANCS-introduction/ros2'), ('DESKTOP_SESSION', 'hyprland'), ('NVM_BIN', '/home/will/.nvm/versions/node/v24.14.0/bin'), ('KITTY_INSTALLATION_DIR', '/usr/lib/kitty'), ('NVM_INC', '/home/will/.nvm/versions/node/v24.14.0/include/node'), ('ROS_PYTHON_VERSION', '3'), ('PS1', '[\\u@\\h \\W]\\$'), ('KITTY_PID', '1049296'), ('DISTROBOX_ENTER_PATH', '/usr/bin/distrobox-enter'), ('XDG_STATE_HOME', '/home/will/.local/state'), ('DBUS_SESSION_BUS_ADDRESS', 'unix:path=/run/user/1000/bus'), ('COLORTERM', 'truecolor'), ('container', 'docker'), ('NVM_DIR', '/home/will/.nvm'), ('DEBUGINFOD_URLS', 'https://debuginfod.archlinux.org'), ('WAYLAND_DISPLAY', 'wayland-1'), ('ROS_DISTRO', 'humble'), ('GTK_IM_MODULE', 'fcitx'), ('LOGNAME', 'will'), ('_', '/usr/bin/colcon'), ('ROS_VERSION', '2'), ('TERMINFO_DIRS', '/usr/share/terminfo:/run/host/usr/share/terminfo'), ('TERM', 'xterm-kitty'), ('XDG_SESSION_ID', '3'), ('ROS_LOCALHOST_ONLY', '0'), ('HL_INITIAL_WORKSPACE_TOKEN', '8fd082a6-51bf-4ab7-9242-81711322afb1'), ('PATH', '/opt/ros/humble/bin:/home/will/.local/bin:/home/will/.opencode/bin:/home/will/.local/bin:/home/will/.opencode/bin:/home/will/.nvm/versions/node/v24.14.0/bin:/usr/local/bin:/usr/bin:/var/lib/flatpak/exports/bin:/usr/lib/jvm/default/bin:/usr/bin/site_perl:/usr/bin/vendor_perl:/usr/bin/core_perl:/usr/local/sbin:/usr/sbin:/usr/local/bin:/usr/bin:/sbin:/bin:/usr/local/sbin:/usr/sbin:/sbin:/bin'), ('XDG_RUNTIME_DIR', '/run/user/1000'), ('DISPLAY', ':0'), ('HYPRCURSOR_SIZE', '24'), ('LANG', 'en_US.UTF-8'), ('XDG_CURRENT_DESKTOP', 'Hyprland'), ('XDG_DATA_HOME', '/home/will/.local/share'), ('XDG_CONFIG_HOME', '/home/will/.config'), ('XMODIFIERS', '@im=fcitx'), ('XDG_SESSION_DESKTOP', 'Hyprland'), ('AMENT_PREFIX_PATH', '/opt/ros/humble'), ('SHELL', '/usr/bin/bash'), ('KITTY_WINDOW_ID', '1'), ('QT_IM_MODULE', 'fcitx'), ('PWD', '/home/will/Will/RANCS/RANCS-introduction/ros2/build/talker_listener'), ('CONTAINER_ID', 'ros2'), ('LC_ALL', 'C.UTF-8'), ('XDG_CONFIG_DIRS', '/etc/xdg'), ('XDG_BACKEND', 'wayland'), ('NVM_CD_FLAGS', ''), ('XDG_DATA_DIRS', '/home/will/.local/share/flatpak/exports/share:/var/lib/flatpak/exports/share:/usr/local/share:/usr/share'), ('STARSHIP_SESSION_KEY', '3062721191839391'), ('PYTHONPATH', '/opt/ros/humble/lib/python3.10/site-packages:/opt/ros/humble/local/lib/python3.10/dist-packages'), ('COLCON', '1'), ('CMAKE_PREFIX_PATH', '/opt/ros/humble')]), 'shell': False}
[0.476742] (talker_listener) StdoutLine: {'line': b'-- Install configuration: ""\n'}
[0.476906] (talker_listener) StdoutLine: {'line': b'-- Up-to-date: /home/will/Will/RANCS/RANCS-introduction/ros2/install/talker_listener/lib/talker_listener/talker\n'}
[0.477182] (talker_listener) StdoutLine: {'line': b'-- Up-to-date: /home/will/Will/RANCS/RANCS-introduction/ros2/install/talker_listener/share/ament_index/resource_index/package_run_dependencies/talker_listener\n'}
[0.477348] (talker_listener) StdoutLine: {'line': b'-- Up-to-date: /home/will/Will/RANCS/RANCS-introduction/ros2/install/talker_listener/share/ament_index/resource_index/parent_prefix_path/talker_listener\n'}
[0.477419] (talker_listener) StdoutLine: {'line': b'-- Up-to-date: /home/will/Will/RANCS/RANCS-introduction/ros2/install/talker_listener/share/talker_listener/environment/ament_prefix_path.sh\n'}
[0.477511] (talker_listener) StdoutLine: {'line': b'-- Installing: /home/will/Will/RANCS/RANCS-introduction/ros2/install/talker_listener/share/talker_listener/environment/ament_prefix_path.dsv\n'}
[0.477630] (talker_listener) StdoutLine: {'line': b'-- Up-to-date: /home/will/Will/RANCS/RANCS-introduction/ros2/install/talker_listener/share/talker_listener/environment/path.sh\n'}
[0.477693] (talker_listener) StdoutLine: {'line': b'-- Installing: /home/will/Will/RANCS/RANCS-introduction/ros2/install/talker_listener/share/talker_listener/environment/path.dsv\n'}
[0.477778] (talker_listener) StdoutLine: {'line': b'-- Up-to-date: /home/will/Will/RANCS/RANCS-introduction/ros2/install/talker_listener/share/talker_listener/local_setup.bash\n'}
[0.477837] (talker_listener) StdoutLine: {'line': b'-- Up-to-date: /home/will/Will/RANCS/RANCS-introduction/ros2/install/talker_listener/share/talker_listener/local_setup.sh\n'}
[0.477894] (talker_listener) StdoutLine: {'line': b'-- Up-to-date: /home/will/Will/RANCS/RANCS-introduction/ros2/install/talker_listener/share/talker_listener/local_setup.zsh\n'}
[0.477970] (talker_listener) StdoutLine: {'line': b'-- Installing: /home/will/Will/RANCS/RANCS-introduction/ros2/install/talker_listener/share/talker_listener/local_setup.dsv\n'}
[0.478043] (talker_listener) StdoutLine: {'line': b'-- Installing: /home/will/Will/RANCS/RANCS-introduction/ros2/install/talker_listener/share/talker_listener/package.dsv\n'}
[0.478187] (talker_listener) StdoutLine: {'line': b'-- Up-to-date: /home/will/Will/RANCS/RANCS-introduction/ros2/install/talker_listener/share/ament_index/resource_index/packages/talker_listener\n'}
[0.478299] (talker_listener) StdoutLine: {'line': b'-- Up-to-date: /home/will/Will/RANCS/RANCS-introduction/ros2/install/talker_listener/share/talker_listener/cmake/talker_listenerConfig.cmake\n'}
[0.478366] (talker_listener) StdoutLine: {'line': b'-- Up-to-date: /home/will/Will/RANCS/RANCS-introduction/ros2/install/talker_listener/share/talker_listener/cmake/talker_listenerConfig-version.cmake\n'}
[0.478466] (talker_listener) StdoutLine: {'line': b'-- Up-to-date: /home/will/Will/RANCS/RANCS-introduction/ros2/install/talker_listener/share/talker_listener/package.xml\n'}
[0.479867] (talker_listener) CommandEnded: {'returncode': 0}
[0.496332] (talker_listener) JobEnded: {'identifier': 'talker_listener', 'rc': 0}
[0.497034] (-) EventReactorShutdown: {}
