[0.022s] Invoking command in '/ros2/build/imu': CMAKE_PREFIX_PATH=${CMAKE_PREFIX_PATH}:/ros2/install/vehicle_status_py:/ros2/install/talker_listener_py:/opt/ros/humble /usr/bin/cmake --build /ros2/build/imu -- -j12 -l12
[0.066s] [35m[1mConsolidate compiler generated dependencies of target imu_publisher[0m
[0.087s] [ 50%] [32mBuilding CXX object CMakeFiles/imu_publisher.dir/src/imu_publisher.cpp.o[0m
[1.972s] [01m[K/ros2/src/imu/src/imu_publisher.cpp:[m[K In member function ‘[01m[Kvoid ImuPublisher::publish_imu()[m[K’:
[1.972s] [01m[K/ros2/src/imu/src/imu_publisher.cpp:13:16:[m[K [01;35m[Kwarning: [m[Kconverting to ‘[01m[KImu[m[K’ {aka ‘[01m[Ksensor_msgs::msg::Imu_<std::allocator<void> >[m[K’} from initializer list would use explicit constructor ‘[01m[Ksensor_msgs::msg::Imu_<ContainerAllocator>::Imu_(rosidl_runtime_cpp::MessageInitialization) [with ContainerAllocator = std::allocator<void>][m[K’
[1.972s]    13 |     Imu imu = {[01;35m[K}[m[K;
[1.972s]       |                [01;35m[K^[m[K
[1.972s] [01m[K/ros2/src/imu/src/imu_publisher.cpp:13:16:[m[K [01;36m[Knote: [m[Kin C++11 and above a default constructor can be explicit
[3.521s] [100%] [32m[1mLinking CXX executable imu_publisher[0m
[3.733s] [100%] Built target imu_publisher
[3.743s] Invoked command in '/ros2/build/imu' returned '0': CMAKE_PREFIX_PATH=${CMAKE_PREFIX_PATH}:/ros2/install/vehicle_status_py:/ros2/install/talker_listener_py:/opt/ros/humble /usr/bin/cmake --build /ros2/build/imu -- -j12 -l12
[3.744s] Invoking command in '/ros2/build/imu': CMAKE_PREFIX_PATH=${CMAKE_PREFIX_PATH}:/ros2/install/vehicle_status_py:/ros2/install/talker_listener_py:/opt/ros/humble /usr/bin/cmake --install /ros2/build/imu
[3.750s] -- Install configuration: ""
[3.750s] -- Installing: /ros2/install/imu/lib/imu/imu_publisher
[3.751s] -- Set runtime path of "/ros2/install/imu/lib/imu/imu_publisher" to ""
[3.751s] -- Installing: /ros2/install/imu/share/ament_index/resource_index/package_run_dependencies/imu
[3.751s] -- Installing: /ros2/install/imu/share/ament_index/resource_index/parent_prefix_path/imu
[3.751s] -- Installing: /ros2/install/imu/share/imu/environment/ament_prefix_path.sh
[3.752s] -- Installing: /ros2/install/imu/share/imu/environment/ament_prefix_path.dsv
[3.752s] -- Installing: /ros2/install/imu/share/imu/environment/path.sh
[3.752s] -- Installing: /ros2/install/imu/share/imu/environment/path.dsv
[3.752s] -- Installing: /ros2/install/imu/share/imu/local_setup.bash
[3.752s] -- Installing: /ros2/install/imu/share/imu/local_setup.sh
[3.752s] -- Installing: /ros2/install/imu/share/imu/local_setup.zsh
[3.752s] -- Installing: /ros2/install/imu/share/imu/local_setup.dsv
[3.752s] -- Installing: /ros2/install/imu/share/imu/package.dsv
[3.752s] -- Installing: /ros2/install/imu/share/ament_index/resource_index/packages/imu
[3.752s] -- Installing: /ros2/install/imu/share/imu/cmake/imuConfig.cmake
[3.753s] -- Installing: /ros2/install/imu/share/imu/cmake/imuConfig-version.cmake
[3.753s] -- Installing: /ros2/install/imu/share/imu/package.xml
[3.755s] Invoked command in '/ros2/build/imu' returned '0': CMAKE_PREFIX_PATH=${CMAKE_PREFIX_PATH}:/ros2/install/vehicle_status_py:/ros2/install/talker_listener_py:/opt/ros/humble /usr/bin/cmake --install /ros2/build/imu
