[0.031s] Invoking command in '/ros2/build/interfaces': CMAKE_PREFIX_PATH=${CMAKE_PREFIX_PATH}:/ros2/install/vehicle_status_py:/ros2/install/talker_listener_py:/opt/ros/humble /usr/bin/cmake --build /ros2/build/interfaces -- -j12 -l12
[0.242s] [  9%] Built target interfaces__rs
[0.242s] [ 12%] Built target interfaces__rosidl_generator_c
[0.242s] [ 15%] Built target interfaces__cpp
[0.242s] [ 15%] Built target ament_cmake_python_copy_interfaces
[0.242s] [ 25%] Built target interfaces__rosidl_typesupport_introspection_c
[0.242s] [ 34%] Built target interfaces__rosidl_typesupport_c
[0.243s] [ 43%] Built target interfaces__rosidl_typesupport_fastrtps_c
[0.243s] [ 53%] Built target interfaces__rosidl_typesupport_cpp
[0.243s] [ 71%] Built target interfaces__rosidl_typesupport_fastrtps_cpp
[0.243s] [ 71%] Built target interfaces__rosidl_typesupport_introspection_cpp
[0.243s] [ 71%] Built target interfaces
[0.243s] [ 75%] Built target interfaces__py
[0.243s] [ 81%] Built target interfaces__rosidl_generator_py
[0.243s] [100%] Built target interfaces__rosidl_typesupport_introspection_c__pyext
[0.243s] [100%] Built target interfaces__rosidl_typesupport_fastrtps_c__pyext
[0.243s] [100%] Built target interfaces__rosidl_typesupport_c__pyext
[0.277s] running egg_info
[0.278s] writing interfaces.egg-info/PKG-INFO
[0.278s] writing dependency_links to interfaces.egg-info/dependency_links.txt
[0.278s] writing top-level names to interfaces.egg-info/top_level.txt
[0.280s] reading manifest file 'interfaces.egg-info/SOURCES.txt'
[0.280s] writing manifest file 'interfaces.egg-info/SOURCES.txt'
[0.303s] [100%] Built target ament_cmake_python_build_interfaces_egg
