[0.009s] Invoking command in '/ros2/build/vehicle_status': CMAKE_PREFIX_PATH=${CMAKE_PREFIX_PATH}:/ros2/install/talker_listener_py:/opt/ros/humble /usr/bin/cmake /ros2/src/vehicle_status -DCMAKE_INSTALL_PREFIX=/ros2/install/vehicle_status
[0.055s] -- The C compiler identification is GNU 11.4.0
[0.108s] -- The CXX compiler identification is GNU 11.4.0
[0.114s] -- Detecting C compiler ABI info
[0.179s] -- Detecting C compiler ABI info - done
[0.185s] -- Check for working C compiler: /usr/bin/cc - skipped
[0.186s] -- Detecting C compile features
[0.186s] -- Detecting C compile features - done
[0.189s] -- Detecting CXX compiler ABI info
[0.256s] -- Detecting CXX compiler ABI info - done
[0.263s] -- Check for working CXX compiler: /usr/bin/c++ - skipped
[0.263s] -- Detecting CXX compile features
[0.264s] -- Detecting CXX compile features - done
[0.266s] -- Found ament_cmake: 1.3.14 (/opt/ros/humble/share/ament_cmake/cmake)
[0.378s] -- Found Python3: /usr/bin/python3 (found version "3.10.12") found components: Interpreter 
[0.455s] -- Found interfaces: 0.0.0 (/ros2/install/interfaces/share/interfaces/cmake)
[0.479s] -- Found rosidl_generator_c: 3.1.8 (/opt/ros/humble/share/rosidl_generator_c/cmake)
[0.484s] -- Found rosidl_adapter: 3.1.8 (/opt/ros/humble/share/rosidl_adapter/cmake)
[0.491s] -- Found rosidl_generator_cpp: 3.1.8 (/opt/ros/humble/share/rosidl_generator_cpp/cmake)
[0.502s] -- Using all available rosidl_typesupport_c: rosidl_typesupport_fastrtps_c;rosidl_typesupport_introspection_c
[0.517s] -- Using all available rosidl_typesupport_cpp: rosidl_typesupport_fastrtps_cpp;rosidl_typesupport_introspection_cpp
[0.527s] -- Found rclcpp: 16.0.19 (/opt/ros/humble/share/rclcpp/cmake)
[0.573s] -- Found rmw_implementation_cmake: 6.1.2 (/opt/ros/humble/share/rmw_implementation_cmake/cmake)
[0.575s] -- Found rmw_fastrtps_cpp: 6.2.10 (/opt/ros/humble/share/rmw_fastrtps_cpp/cmake)
[0.637s] -- Found OpenSSL: /usr/lib/x86_64-linux-gnu/libcrypto.so (found version "3.0.2")  
[0.651s] -- Found FastRTPS: /opt/ros/humble/include  
[0.674s] -- Using RMW implementation 'rmw_fastrtps_cpp' as default
[0.681s] -- Looking for pthread.h
[0.742s] -- Looking for pthread.h - found
[0.743s] -- Performing Test CMAKE_HAVE_LIBC_PTHREAD
[0.809s] -- Performing Test CMAKE_HAVE_LIBC_PTHREAD - Success
[0.810s] -- Found Threads: TRUE  
[0.859s] -- Found ament_lint_auto: 0.12.15 (/opt/ros/humble/share/ament_lint_auto/cmake)
[0.927s] -- Added test 'cppcheck' to perform static code analysis on C / C++ code
[0.927s] -- Configured cppcheck include dirs: 
[0.927s] -- Configured cppcheck exclude dirs and/or files: 
[0.927s] -- Added test 'lint_cmake' to check CMake code style
[0.928s] -- Added test 'uncrustify' to check C / C++ code style
[0.928s] -- Configured uncrustify additional arguments: 
[0.929s] -- Added test 'xmllint' to check XML markup files
[0.930s] -- Configuring done
[0.934s] -- Generating done
[0.936s] -- Build files have been written to: /ros2/build/vehicle_status
[0.941s] Invoked command in '/ros2/build/vehicle_status' returned '0': CMAKE_PREFIX_PATH=${CMAKE_PREFIX_PATH}:/ros2/install/talker_listener_py:/opt/ros/humble /usr/bin/cmake /ros2/src/vehicle_status -DCMAKE_INSTALL_PREFIX=/ros2/install/vehicle_status
[0.943s] Invoking command in '/ros2/build/vehicle_status': CMAKE_PREFIX_PATH=${CMAKE_PREFIX_PATH}:/ros2/install/talker_listener_py:/opt/ros/humble /usr/bin/cmake --build /ros2/build/vehicle_status -- -j12 -l12
[0.974s] Invoked command in '/ros2/build/vehicle_status' returned '0': CMAKE_PREFIX_PATH=${CMAKE_PREFIX_PATH}:/ros2/install/talker_listener_py:/opt/ros/humble /usr/bin/cmake --build /ros2/build/vehicle_status -- -j12 -l12
[0.975s] Invoking command in '/ros2/build/vehicle_status': CMAKE_PREFIX_PATH=${CMAKE_PREFIX_PATH}:/ros2/install/talker_listener_py:/opt/ros/humble /usr/bin/cmake --install /ros2/build/vehicle_status
[0.981s] -- Install configuration: ""
[0.981s] -- Installing: /ros2/install/vehicle_status/share/ament_index/resource_index/package_run_dependencies/vehicle_status
[0.981s] -- Installing: /ros2/install/vehicle_status/share/ament_index/resource_index/parent_prefix_path/vehicle_status
[0.981s] -- Installing: /ros2/install/vehicle_status/share/vehicle_status/environment/ament_prefix_path.sh
[0.982s] -- Installing: /ros2/install/vehicle_status/share/vehicle_status/environment/ament_prefix_path.dsv
[0.982s] -- Installing: /ros2/install/vehicle_status/share/vehicle_status/environment/path.sh
[0.982s] -- Installing: /ros2/install/vehicle_status/share/vehicle_status/environment/path.dsv
[0.982s] -- Installing: /ros2/install/vehicle_status/share/vehicle_status/local_setup.bash
[0.982s] -- Installing: /ros2/install/vehicle_status/share/vehicle_status/local_setup.sh
[0.982s] -- Installing: /ros2/install/vehicle_status/share/vehicle_status/local_setup.zsh
[0.982s] -- Installing: /ros2/install/vehicle_status/share/vehicle_status/local_setup.dsv
[0.982s] -- Installing: /ros2/install/vehicle_status/share/vehicle_status/package.dsv
[0.982s] -- Installing: /ros2/install/vehicle_status/share/ament_index/resource_index/packages/vehicle_status
[0.982s] -- Installing: /ros2/install/vehicle_status/share/vehicle_status/cmake/vehicle_statusConfig.cmake
[0.982s] -- Installing: /ros2/install/vehicle_status/share/vehicle_status/cmake/vehicle_statusConfig-version.cmake
[0.982s] -- Installing: /ros2/install/vehicle_status/share/vehicle_status/package.xml
[0.984s] Invoked command in '/ros2/build/vehicle_status' returned '0': CMAKE_PREFIX_PATH=${CMAKE_PREFIX_PATH}:/ros2/install/talker_listener_py:/opt/ros/humble /usr/bin/cmake --install /ros2/build/vehicle_status
