running egg_info
creating ../../build/vehicle_status_py/vehicle_status_py.egg-info
writing ../../build/vehicle_status_py/vehicle_status_py.egg-info/PKG-INFO
writing dependency_links to ../../build/vehicle_status_py/vehicle_status_py.egg-info/dependency_links.txt
writing entry points to ../../build/vehicle_status_py/vehicle_status_py.egg-info/entry_points.txt
writing requirements to ../../build/vehicle_status_py/vehicle_status_py.egg-info/requires.txt
writing top-level names to ../../build/vehicle_status_py/vehicle_status_py.egg-info/top_level.txt
writing manifest file '../../build/vehicle_status_py/vehicle_status_py.egg-info/SOURCES.txt'
reading manifest file '../../build/vehicle_status_py/vehicle_status_py.egg-info/SOURCES.txt'
writing manifest file '../../build/vehicle_status_py/vehicle_status_py.egg-info/SOURCES.txt'
running build
running build_py
creating /ros2/build/vehicle_status_py/build
creating /ros2/build/vehicle_status_py/build/lib
creating /ros2/build/vehicle_status_py/build/lib/vehicle_status_py
copying vehicle_status_py/__init__.py -> /ros2/build/vehicle_status_py/build/lib/vehicle_status_py
copying vehicle_status_py/vehicle_status_publisher.py -> /ros2/build/vehicle_status_py/build/lib/vehicle_status_py
copying vehicle_status_py/vehicle_status_subscriber.py -> /ros2/build/vehicle_status_py/build/lib/vehicle_status_py
running install
running install_lib
creating /ros2/install/vehicle_status_py/lib/python3.10/site-packages/vehicle_status_py
copying /ros2/build/vehicle_status_py/build/lib/vehicle_status_py/__init__.py -> /ros2/install/vehicle_status_py/lib/python3.10/site-packages/vehicle_status_py
copying /ros2/build/vehicle_status_py/build/lib/vehicle_status_py/vehicle_status_publisher.py -> /ros2/install/vehicle_status_py/lib/python3.10/site-packages/vehicle_status_py
copying /ros2/build/vehicle_status_py/build/lib/vehicle_status_py/vehicle_status_subscriber.py -> /ros2/install/vehicle_status_py/lib/python3.10/site-packages/vehicle_status_py
byte-compiling /ros2/install/vehicle_status_py/lib/python3.10/site-packages/vehicle_status_py/__init__.py to __init__.cpython-310.pyc
byte-compiling /ros2/install/vehicle_status_py/lib/python3.10/site-packages/vehicle_status_py/vehicle_status_publisher.py to vehicle_status_publisher.cpython-310.pyc
byte-compiling /ros2/install/vehicle_status_py/lib/python3.10/site-packages/vehicle_status_py/vehicle_status_subscriber.py to vehicle_status_subscriber.cpython-310.pyc
running install_data
creating /ros2/install/vehicle_status_py/share/ament_index
creating /ros2/install/vehicle_status_py/share/ament_index/resource_index
creating /ros2/install/vehicle_status_py/share/ament_index/resource_index/packages
copying resource/vehicle_status_py -> /ros2/install/vehicle_status_py/share/ament_index/resource_index/packages
copying package.xml -> /ros2/install/vehicle_status_py/share/vehicle_status_py
running install_egg_info
Copying ../../build/vehicle_status_py/vehicle_status_py.egg-info to /ros2/install/vehicle_status_py/lib/python3.10/site-packages/vehicle_status_py-0.0.0-py3.10.egg-info
running install_scripts
Installing vehicle_status_publisher script to /ros2/install/vehicle_status_py/lib/vehicle_status_py
Installing vehicle_status_subscriber script to /ros2/install/vehicle_status_py/lib/vehicle_status_py
writing list of installed files to '/ros2/build/vehicle_status_py/install.log'
