[0.445s] Invoking command in '/ros2/src/vehicle_status_py': AMENT_PREFIX_PATH=/ros2/install/interfaces:${AMENT_PREFIX_PATH} CMAKE_PREFIX_PATH=/ros2/install/interfaces LD_LIBRARY_PATH=/ros2/install/interfaces/lib:${LD_LIBRARY_PATH} PYTHONPATH=/ros2/build/vehicle_status_py/prefix_override:/usr/lib/python3/dist-packages/colcon_core/task/python/colcon_distutils_commands:/ros2/install/vehicle_status_py/lib/python3.10/site-packages:/ros2/install/interfaces/local/lib/python3.10/dist-packages:${PYTHONPATH} /usr/bin/python3 -W ignore:setup.py install is deprecated -W ignore:easy_install command is deprecated setup.py egg_info --egg-base ../../build/vehicle_status_py build --build-base /ros2/build/vehicle_status_py/build install --record /ros2/build/vehicle_status_py/install.log --single-version-externally-managed install_data
[0.604s] running egg_info
[0.605s] creating ../../build/vehicle_status_py/vehicle_status_py.egg-info
[0.605s] writing ../../build/vehicle_status_py/vehicle_status_py.egg-info/PKG-INFO
[0.605s] writing dependency_links to ../../build/vehicle_status_py/vehicle_status_py.egg-info/dependency_links.txt
[0.605s] writing entry points to ../../build/vehicle_status_py/vehicle_status_py.egg-info/entry_points.txt
[0.605s] writing requirements to ../../build/vehicle_status_py/vehicle_status_py.egg-info/requires.txt
[0.605s] writing top-level names to ../../build/vehicle_status_py/vehicle_status_py.egg-info/top_level.txt
[0.605s] writing manifest file '../../build/vehicle_status_py/vehicle_status_py.egg-info/SOURCES.txt'
[0.606s] reading manifest file '../../build/vehicle_status_py/vehicle_status_py.egg-info/SOURCES.txt'
[0.607s] writing manifest file '../../build/vehicle_status_py/vehicle_status_py.egg-info/SOURCES.txt'
[0.607s] running build
[0.607s] running build_py
[0.608s] creating /ros2/build/vehicle_status_py/build
[0.608s] creating /ros2/build/vehicle_status_py/build/lib
[0.608s] creating /ros2/build/vehicle_status_py/build/lib/vehicle_status_py
[0.608s] copying vehicle_status_py/__init__.py -> /ros2/build/vehicle_status_py/build/lib/vehicle_status_py
[0.608s] copying vehicle_status_py/vehicle_status_publisher.py -> /ros2/build/vehicle_status_py/build/lib/vehicle_status_py
[0.608s] copying vehicle_status_py/vehicle_status_subscriber.py -> /ros2/build/vehicle_status_py/build/lib/vehicle_status_py
[0.608s] running install
[0.608s] running install_lib
[0.608s] creating /ros2/install/vehicle_status_py/lib/python3.10/site-packages/vehicle_status_py
[0.608s] copying /ros2/build/vehicle_status_py/build/lib/vehicle_status_py/__init__.py -> /ros2/install/vehicle_status_py/lib/python3.10/site-packages/vehicle_status_py
[0.609s] copying /ros2/build/vehicle_status_py/build/lib/vehicle_status_py/vehicle_status_publisher.py -> /ros2/install/vehicle_status_py/lib/python3.10/site-packages/vehicle_status_py
[0.609s] copying /ros2/build/vehicle_status_py/build/lib/vehicle_status_py/vehicle_status_subscriber.py -> /ros2/install/vehicle_status_py/lib/python3.10/site-packages/vehicle_status_py
[0.609s] byte-compiling /ros2/install/vehicle_status_py/lib/python3.10/site-packages/vehicle_status_py/__init__.py to __init__.cpython-310.pyc
[0.609s] byte-compiling /ros2/install/vehicle_status_py/lib/python3.10/site-packages/vehicle_status_py/vehicle_status_publisher.py to vehicle_status_publisher.cpython-310.pyc
[0.610s] byte-compiling /ros2/install/vehicle_status_py/lib/python3.10/site-packages/vehicle_status_py/vehicle_status_subscriber.py to vehicle_status_subscriber.cpython-310.pyc
[0.610s] running install_data
[0.610s] creating /ros2/install/vehicle_status_py/share/ament_index
[0.610s] creating /ros2/install/vehicle_status_py/share/ament_index/resource_index
[0.610s] creating /ros2/install/vehicle_status_py/share/ament_index/resource_index/packages
[0.610s] copying resource/vehicle_status_py -> /ros2/install/vehicle_status_py/share/ament_index/resource_index/packages
[0.610s] copying package.xml -> /ros2/install/vehicle_status_py/share/vehicle_status_py
[0.610s] running install_egg_info
[0.612s] Copying ../../build/vehicle_status_py/vehicle_status_py.egg-info to /ros2/install/vehicle_status_py/lib/python3.10/site-packages/vehicle_status_py-0.0.0-py3.10.egg-info
[0.612s] running install_scripts
[0.630s] Installing vehicle_status_publisher script to /ros2/install/vehicle_status_py/lib/vehicle_status_py
[0.630s] Installing vehicle_status_subscriber script to /ros2/install/vehicle_status_py/lib/vehicle_status_py
[0.630s] writing list of installed files to '/ros2/build/vehicle_status_py/install.log'
[0.648s] Invoked command in '/ros2/src/vehicle_status_py' returned '0': AMENT_PREFIX_PATH=/ros2/install/interfaces:${AMENT_PREFIX_PATH} CMAKE_PREFIX_PATH=/ros2/install/interfaces LD_LIBRARY_PATH=/ros2/install/interfaces/lib:${LD_LIBRARY_PATH} PYTHONPATH=/ros2/build/vehicle_status_py/prefix_override:/usr/lib/python3/dist-packages/colcon_core/task/python/colcon_distutils_commands:/ros2/install/vehicle_status_py/lib/python3.10/site-packages:/ros2/install/interfaces/local/lib/python3.10/dist-packages:${PYTHONPATH} /usr/bin/python3 -W ignore:setup.py install is deprecated -W ignore:easy_install command is deprecated setup.py egg_info --egg-base ../../build/vehicle_status_py build --build-base /ros2/build/vehicle_status_py/build install --record /ros2/build/vehicle_status_py/install.log --single-version-externally-managed install_data
