[0.034s] Invoking command in '/home/will/Will/RANCS/RANCS-introduction/ros2/build/interfaces': CMAKE_PREFIX_PATH=/opt/ros/humble DEBUGINFOD_URLS=https://debuginfod.archlinux.org PS1=[\u@\h \W]\$ /usr/bin/cmake --build /home/will/Will/RANCS/RANCS-introduction/ros2/build/interfaces -- -j12 -l12
[0.327s] [35m[1mConsolidate compiler generated dependencies of target interfaces__rosidl_generator_c[0m
[0.328s] [ 12%] Built target interfaces__cpp
[0.328s] [ 15%] Built target interfaces__rs
[0.328s] [ 15%] Built target interfaces__rosidl_generator_c
[0.329s] [35m[1mConsolidate compiler generated dependencies of target interfaces__rosidl_typesupport_fastrtps_c[0m
[0.329s] [ 15%] Built target ament_cmake_python_copy_interfaces
[0.330s] [35m[1mConsolidate compiler generated dependencies of target interfaces__rosidl_typesupport_c[0m
[0.330s] [35m[1mConsolidate compiler generated dependencies of target interfaces__rosidl_typesupport_introspection_c[0m
[0.331s] [35m[1mConsolidate compiler generated dependencies of target interfaces__rosidl_typesupport_fastrtps_cpp[0m
[0.331s] [35m[1mConsolidate compiler generated dependencies of target interfaces__rosidl_typesupport_cpp[0m
[0.332s] [35m[1mConsolidate compiler generated dependencies of target interfaces__rosidl_typesupport_introspection_cpp[0m
[0.332s] [ 25%] Built target interfaces__rosidl_typesupport_c
[0.332s] [ 40%] Built target interfaces__rosidl_typesupport_introspection_c
[0.333s] [ 43%] Built target interfaces__rosidl_typesupport_fastrtps_c
[0.333s] [ 53%] Built target interfaces__rosidl_typesupport_fastrtps_cpp
[0.333s] [ 62%] Built target interfaces__rosidl_typesupport_cpp
[0.333s] [ 71%] Built target interfaces__rosidl_typesupport_introspection_cpp
[0.333s] [ 71%] Built target interfaces
[0.333s] [ 75%] Built target interfaces__py
[0.333s] [35m[1mConsolidate compiler generated dependencies of target interfaces__rosidl_generator_py[0m
[0.334s] [ 81%] Built target interfaces__rosidl_generator_py
[0.334s] [35m[1mConsolidate compiler generated dependencies of target interfaces__rosidl_typesupport_fastrtps_c__pyext[0m
[0.334s] [35m[1mConsolidate compiler generated dependencies of target interfaces__rosidl_typesupport_c__pyext[0m
[0.335s] [35m[1mConsolidate compiler generated dependencies of target interfaces__rosidl_typesupport_introspection_c__pyext[0m
[0.335s] [100%] Built target interfaces__rosidl_typesupport_c__pyext
[0.335s] [100%] Built target interfaces__rosidl_typesupport_introspection_c__pyext
[0.335s] [100%] Built target interfaces__rosidl_typesupport_fastrtps_c__pyext
[0.344s] running egg_info
[0.346s] writing interfaces.egg-info/PKG-INFO
[0.346s] writing dependency_links to interfaces.egg-info/dependency_links.txt
[0.346s] writing top-level names to interfaces.egg-info/top_level.txt
[0.349s] reading manifest file 'interfaces.egg-info/SOURCES.txt'
[0.350s] writing manifest file 'interfaces.egg-info/SOURCES.txt'
[0.414s] [100%] Built target ament_cmake_python_build_interfaces_egg
[0.610s] Invoked command in '/home/will/Will/RANCS/RANCS-introduction/ros2/build/interfaces' returned '0': CMAKE_PREFIX_PATH=/opt/ros/humble DEBUGINFOD_URLS=https://debuginfod.archlinux.org PS1=[\u@\h \W]\$ /usr/bin/cmake --build /home/will/Will/RANCS/RANCS-introduction/ros2/build/interfaces -- -j12 -l12
[0.612s] Invoking command in '/home/will/Will/RANCS/RANCS-introduction/ros2/build/interfaces': CMAKE_PREFIX_PATH=/opt/ros/humble DEBUGINFOD_URLS=https://debuginfod.archlinux.org PS1=[\u@\h \W]\$ /usr/bin/cmake --install /home/will/Will/RANCS/RANCS-introduction/ros2/build/interfaces
[0.625s] -- Install configuration: ""
[0.625s] -- Up-to-date: /home/will/Will/RANCS/RANCS-introduction/ros2/install/interfaces/share/ament_index/resource_index/rosidl_interfaces/interfaces
[0.627s] -- Up-to-date: /home/will/Will/RANCS/RANCS-introduction/ros2/install/interfaces/include/interfaces/interfaces
[0.627s] -- Up-to-date: /home/will/Will/RANCS/RANCS-introduction/ros2/install/interfaces/include/interfaces/interfaces/msg
[0.627s] -- Up-to-date: /home/will/Will/RANCS/RANCS-introduction/ros2/install/interfaces/include/interfaces/interfaces/msg/detail
[0.628s] -- Up-to-date: /home/will/Will/RANCS/RANCS-introduction/ros2/install/interfaces/include/interfaces/interfaces/msg/detail/vehicle_status__functions.h
[0.628s] -- Up-to-date: /home/will/Will/RANCS/RANCS-introduction/ros2/install/interfaces/include/interfaces/interfaces/msg/detail/vehicle_status__type_support.h
[0.628s] -- Up-to-date: /home/will/Will/RANCS/RANCS-introduction/ros2/install/interfaces/include/interfaces/interfaces/msg/detail/vehicle_status__functions.c
[0.628s] -- Up-to-date: /home/will/Will/RANCS/RANCS-introduction/ros2/install/interfaces/include/interfaces/interfaces/msg/detail/vehicle_status__struct.h
[0.628s] -- Up-to-date: /home/will/Will/RANCS/RANCS-introduction/ros2/install/interfaces/include/interfaces/interfaces/msg/rosidl_generator_c__visibility_control.h
[0.628s] -- Up-to-date: /home/will/Will/RANCS/RANCS-introduction/ros2/install/interfaces/include/interfaces/interfaces/msg/vehicle_status.h
[0.629s] -- Up-to-date: /home/will/Will/RANCS/RANCS-introduction/ros2/install/interfaces/share/interfaces/environment/library_path.sh
[0.629s] -- Up-to-date: /home/will/Will/RANCS/RANCS-introduction/ros2/install/interfaces/share/interfaces/environment/library_path.dsv
[0.629s] -- Up-to-date: /home/will/Will/RANCS/RANCS-introduction/ros2/install/interfaces/lib/libinterfaces__rosidl_generator_c.so
[0.631s] -- Up-to-date: /home/will/Will/RANCS/RANCS-introduction/ros2/install/interfaces/include/interfaces/interfaces
[0.633s] -- Up-to-date: /home/will/Will/RANCS/RANCS-introduction/ros2/install/interfaces/include/interfaces/interfaces/msg
[0.633s] -- Up-to-date: /home/will/Will/RANCS/RANCS-introduction/ros2/install/interfaces/include/interfaces/interfaces/msg/detail
[0.633s] -- Up-to-date: /home/will/Will/RANCS/RANCS-introduction/ros2/install/interfaces/include/interfaces/interfaces/msg/detail/vehicle_status__rosidl_typesupport_fastrtps_c.h
[0.633s] -- Up-to-date: /home/will/Will/RANCS/RANCS-introduction/ros2/install/interfaces/include/interfaces/interfaces/msg/rosidl_typesupport_fastrtps_c__visibility_control.h
[0.633s] -- Up-to-date: /home/will/Will/RANCS/RANCS-introduction/ros2/install/interfaces/lib/libinterfaces__rosidl_typesupport_fastrtps_c.so
[0.633s] -- Up-to-date: /home/will/Will/RANCS/RANCS-introduction/ros2/install/interfaces/include/interfaces/interfaces
[0.633s] -- Up-to-date: /home/will/Will/RANCS/RANCS-introduction/ros2/install/interfaces/include/interfaces/interfaces/msg
[0.634s] -- Up-to-date: /home/will/Will/RANCS/RANCS-introduction/ros2/install/interfaces/include/interfaces/interfaces/msg/detail
[0.634s] -- Up-to-date: /home/will/Will/RANCS/RANCS-introduction/ros2/install/interfaces/include/interfaces/interfaces/msg/detail/vehicle_status__type_support.c
[0.634s] -- Up-to-date: /home/will/Will/RANCS/RANCS-introduction/ros2/install/interfaces/include/interfaces/interfaces/msg/detail/vehicle_status__rosidl_typesupport_introspection_c.h
[0.634s] -- Up-to-date: /home/will/Will/RANCS/RANCS-introduction/ros2/install/interfaces/include/interfaces/interfaces/msg/rosidl_typesupport_introspection_c__visibility_control.h
[0.634s] -- Up-to-date: /home/will/Will/RANCS/RANCS-introduction/ros2/install/interfaces/lib/libinterfaces__rosidl_typesupport_introspection_c.so
[0.635s] -- Up-to-date: /home/will/Will/RANCS/RANCS-introduction/ros2/install/interfaces/lib/libinterfaces__rosidl_typesupport_c.so
[0.635s] -- Up-to-date: /home/will/Will/RANCS/RANCS-introduction/ros2/install/interfaces/include/interfaces/interfaces
[0.635s] -- Up-to-date: /home/will/Will/RANCS/RANCS-introduction/ros2/install/interfaces/include/interfaces/interfaces/msg
[0.635s] -- Up-to-date: /home/will/Will/RANCS/RANCS-introduction/ros2/install/interfaces/include/interfaces/interfaces/msg/detail
[0.635s] -- Up-to-date: /home/will/Will/RANCS/RANCS-introduction/ros2/install/interfaces/include/interfaces/interfaces/msg/detail/vehicle_status__traits.hpp
[0.635s] -- Up-to-date: /home/will/Will/RANCS/RANCS-introduction/ros2/install/interfaces/include/interfaces/interfaces/msg/detail/vehicle_status__type_support.hpp
[0.635s] -- Up-to-date: /home/will/Will/RANCS/RANCS-introduction/ros2/install/interfaces/include/interfaces/interfaces/msg/detail/vehicle_status__builder.hpp
[0.636s] -- Up-to-date: /home/will/Will/RANCS/RANCS-introduction/ros2/install/interfaces/include/interfaces/interfaces/msg/detail/vehicle_status__struct.hpp
[0.636s] -- Up-to-date: /home/will/Will/RANCS/RANCS-introduction/ros2/install/interfaces/include/interfaces/interfaces/msg/rosidl_generator_cpp__visibility_control.hpp
[0.636s] -- Up-to-date: /home/will/Will/RANCS/RANCS-introduction/ros2/install/interfaces/include/interfaces/interfaces/msg/vehicle_status.hpp
[0.636s] -- Up-to-date: /home/will/Will/RANCS/RANCS-introduction/ros2/install/interfaces/include/interfaces/interfaces
[0.636s] -- Up-to-date: /home/will/Will/RANCS/RANCS-introduction/ros2/install/interfaces/include/interfaces/interfaces/msg
[0.636s] -- Up-to-date: /home/will/Will/RANCS/RANCS-introduction/ros2/install/interfaces/include/interfaces/interfaces/msg/rosidl_typesupport_fastrtps_cpp__visibility_control.h
[0.636s] -- Up-to-date: /home/will/Will/RANCS/RANCS-introduction/ros2/install/interfaces/include/interfaces/interfaces/msg/detail
[0.637s] -- Up-to-date: /home/will/Will/RANCS/RANCS-introduction/ros2/install/interfaces/include/interfaces/interfaces/msg/detail/dds_fastrtps
[0.637s] -- Up-to-date: /home/will/Will/RANCS/RANCS-introduction/ros2/install/interfaces/include/interfaces/interfaces/msg/detail/vehicle_status__rosidl_typesupport_fastrtps_cpp.hpp
[0.637s] -- Up-to-date: /home/will/Will/RANCS/RANCS-introduction/ros2/install/interfaces/lib/libinterfaces__rosidl_typesupport_fastrtps_cpp.so
[0.637s] -- Up-to-date: /home/will/Will/RANCS/RANCS-introduction/ros2/install/interfaces/include/interfaces/interfaces
[0.637s] -- Up-to-date: /home/will/Will/RANCS/RANCS-introduction/ros2/install/interfaces/include/interfaces/interfaces/msg
[0.637s] -- Up-to-date: /home/will/Will/RANCS/RANCS-introduction/ros2/install/interfaces/include/interfaces/interfaces/msg/detail
[0.638s] -- Up-to-date: /home/will/Will/RANCS/RANCS-introduction/ros2/install/interfaces/include/interfaces/interfaces/msg/detail/vehicle_status__rosidl_typesupport_introspection_cpp.hpp
[0.638s] -- Up-to-date: /home/will/Will/RANCS/RANCS-introduction/ros2/install/interfaces/include/interfaces/interfaces/msg/detail/vehicle_status__type_support.cpp
[0.638s] -- Up-to-date: /home/will/Will/RANCS/RANCS-introduction/ros2/install/interfaces/lib/libinterfaces__rosidl_typesupport_introspection_cpp.so
[0.638s] -- Up-to-date: /home/will/Will/RANCS/RANCS-introduction/ros2/install/interfaces/lib/libinterfaces__rosidl_typesupport_cpp.so
[0.638s] -- Up-to-date: /home/will/Will/RANCS/RANCS-introduction/ros2/install/interfaces/share/interfaces/environment/pythonpath.sh
[0.638s] -- Up-to-date: /home/will/Will/RANCS/RANCS-introduction/ros2/install/interfaces/share/interfaces/environment/pythonpath.dsv
[0.638s] -- Up-to-date: /home/will/Will/RANCS/RANCS-introduction/ros2/install/interfaces/local/lib/python3.10/dist-packages/interfaces-0.0.0-py3.10.egg-info
[0.638s] -- Installing: /home/will/Will/RANCS/RANCS-introduction/ros2/install/interfaces/local/lib/python3.10/dist-packages/interfaces-0.0.0-py3.10.egg-info/PKG-INFO
[0.638s] -- Installing: /home/will/Will/RANCS/RANCS-introduction/ros2/install/interfaces/local/lib/python3.10/dist-packages/interfaces-0.0.0-py3.10.egg-info/dependency_links.txt
[0.639s] -- Installing: /home/will/Will/RANCS/RANCS-introduction/ros2/install/interfaces/local/lib/python3.10/dist-packages/interfaces-0.0.0-py3.10.egg-info/SOURCES.txt
[0.639s] -- Installing: /home/will/Will/RANCS/RANCS-introduction/ros2/install/interfaces/local/lib/python3.10/dist-packages/interfaces-0.0.0-py3.10.egg-info/top_level.txt
[0.639s] -- Up-to-date: /home/will/Will/RANCS/RANCS-introduction/ros2/install/interfaces/local/lib/python3.10/dist-packages/interfaces
[0.640s] -- Up-to-date: /home/will/Will/RANCS/RANCS-introduction/ros2/install/interfaces/local/lib/python3.10/dist-packages/interfaces/interfaces_s__rosidl_typesupport_introspection_c.cpython-310-x86_64-linux-gnu.so
[0.640s] -- Up-to-date: /home/will/Will/RANCS/RANCS-introduction/ros2/install/interfaces/local/lib/python3.10/dist-packages/interfaces/_interfaces_s.ep.rosidl_typesupport_introspection_c.c
[0.641s] -- Up-to-date: /home/will/Will/RANCS/RANCS-introduction/ros2/install/interfaces/local/lib/python3.10/dist-packages/interfaces/__init__.py
[0.641s] -- Up-to-date: /home/will/Will/RANCS/RANCS-introduction/ros2/install/interfaces/local/lib/python3.10/dist-packages/interfaces/msg
[0.641s] -- Up-to-date: /home/will/Will/RANCS/RANCS-introduction/ros2/install/interfaces/local/lib/python3.10/dist-packages/interfaces/msg/_vehicle_status_s.c
[0.641s] -- Up-to-date: /home/will/Will/RANCS/RANCS-introduction/ros2/install/interfaces/local/lib/python3.10/dist-packages/interfaces/msg/__init__.py
[0.641s] -- Up-to-date: /home/will/Will/RANCS/RANCS-introduction/ros2/install/interfaces/local/lib/python3.10/dist-packages/interfaces/msg/_vehicle_status.py
[0.642s] -- Up-to-date: /home/will/Will/RANCS/RANCS-introduction/ros2/install/interfaces/local/lib/python3.10/dist-packages/interfaces/interfaces_s__rosidl_typesupport_fastrtps_c.cpython-310-x86_64-linux-gnu.so
[0.642s] -- Up-to-date: /home/will/Will/RANCS/RANCS-introduction/ros2/install/interfaces/local/lib/python3.10/dist-packages/interfaces/interfaces_s__rosidl_typesupport_c.cpython-310-x86_64-linux-gnu.so
[0.642s] -- Up-to-date: /home/will/Will/RANCS/RANCS-introduction/ros2/install/interfaces/local/lib/python3.10/dist-packages/interfaces/_interfaces_s.ep.rosidl_typesupport_c.c
[0.642s] -- Up-to-date: /home/will/Will/RANCS/RANCS-introduction/ros2/install/interfaces/local/lib/python3.10/dist-packages/interfaces/_interfaces_s.ep.rosidl_typesupport_fastrtps_c.c
[0.642s] -- Up-to-date: /home/will/Will/RANCS/RANCS-introduction/ros2/install/interfaces/local/lib/python3.10/dist-packages/interfaces/libinterfaces__rosidl_generator_py.so
[0.686s] Listing '/home/will/Will/RANCS/RANCS-introduction/ros2/install/interfaces/local/lib/python3.10/dist-packages/interfaces'...
[0.687s] Listing '/home/will/Will/RANCS/RANCS-introduction/ros2/install/interfaces/local/lib/python3.10/dist-packages/interfaces/msg'...
[0.696s] -- Up-to-date: /home/will/Will/RANCS/RANCS-introduction/ros2/install/interfaces/local/lib/python3.10/dist-packages/interfaces/interfaces_s__rosidl_typesupport_fastrtps_c.cpython-310-x86_64-linux-gnu.so
[0.696s] -- Up-to-date: /home/will/Will/RANCS/RANCS-introduction/ros2/install/interfaces/local/lib/python3.10/dist-packages/interfaces/interfaces_s__rosidl_typesupport_introspection_c.cpython-310-x86_64-linux-gnu.so
[0.697s] -- Up-to-date: /home/will/Will/RANCS/RANCS-introduction/ros2/install/interfaces/local/lib/python3.10/dist-packages/interfaces/interfaces_s__rosidl_typesupport_c.cpython-310-x86_64-linux-gnu.so
[0.697s] -- Up-to-date: /home/will/Will/RANCS/RANCS-introduction/ros2/install/interfaces/lib/libinterfaces__rosidl_generator_py.so
[0.698s] -- Up-to-date: /home/will/Will/RANCS/RANCS-introduction/ros2/install/interfaces/share/ament_index/resource_index/rust_packages/interfaces
[0.699s] -- Up-to-date: /home/will/Will/RANCS/RANCS-introduction/ros2/install/interfaces/share/interfaces/rust
[0.699s] -- Up-to-date: /home/will/Will/RANCS/RANCS-introduction/ros2/install/interfaces/share/interfaces/rust/Cargo.toml
[0.699s] -- Up-to-date: /home/will/Will/RANCS/RANCS-introduction/ros2/install/interfaces/share/interfaces/rust/src
[0.699s] -- Up-to-date: /home/will/Will/RANCS/RANCS-introduction/ros2/install/interfaces/share/interfaces/rust/src/lib.rs
[0.700s] -- Up-to-date: /home/will/Will/RANCS/RANCS-introduction/ros2/install/interfaces/share/interfaces/rust/src/msg
[0.700s] -- Up-to-date: /home/will/Will/RANCS/RANCS-introduction/ros2/install/interfaces/share/interfaces/rust/src/msg/rmw.rs
[0.700s] -- Up-to-date: /home/will/Will/RANCS/RANCS-introduction/ros2/install/interfaces/share/interfaces/rust/src/msg.rs
[0.700s] -- Up-to-date: /home/will/Will/RANCS/RANCS-introduction/ros2/install/interfaces/share/interfaces/rust/build.rs
[0.701s] -- Up-to-date: /home/will/Will/RANCS/RANCS-introduction/ros2/install/interfaces/share/interfaces/msg/VehicleStatus.idl
[0.701s] -- Up-to-date: /home/will/Will/RANCS/RANCS-introduction/ros2/install/interfaces/share/interfaces/msg/VehicleStatus.msg
[0.701s] -- Up-to-date: /home/will/Will/RANCS/RANCS-introduction/ros2/install/interfaces/share/ament_index/resource_index/package_run_dependencies/interfaces
[0.702s] -- Up-to-date: /home/will/Will/RANCS/RANCS-introduction/ros2/install/interfaces/share/ament_index/resource_index/parent_prefix_path/interfaces
[0.702s] -- Up-to-date: /home/will/Will/RANCS/RANCS-introduction/ros2/install/interfaces/share/interfaces/environment/ament_prefix_path.sh
[0.702s] -- Up-to-date: /home/will/Will/RANCS/RANCS-introduction/ros2/install/interfaces/share/interfaces/environment/ament_prefix_path.dsv
[0.702s] -- Up-to-date: /home/will/Will/RANCS/RANCS-introduction/ros2/install/interfaces/share/interfaces/environment/path.sh
[0.702s] -- Up-to-date: /home/will/Will/RANCS/RANCS-introduction/ros2/install/interfaces/share/interfaces/environment/path.dsv
[0.702s] -- Up-to-date: /home/will/Will/RANCS/RANCS-introduction/ros2/install/interfaces/share/interfaces/local_setup.bash
[0.702s] -- Up-to-date: /home/will/Will/RANCS/RANCS-introduction/ros2/install/interfaces/share/interfaces/local_setup.sh
[0.703s] -- Up-to-date: /home/will/Will/RANCS/RANCS-introduction/ros2/install/interfaces/share/interfaces/local_setup.zsh
[0.703s] -- Up-to-date: /home/will/Will/RANCS/RANCS-introduction/ros2/install/interfaces/share/interfaces/local_setup.dsv
[0.703s] -- Installing: /home/will/Will/RANCS/RANCS-introduction/ros2/install/interfaces/share/interfaces/package.dsv
[0.703s] -- Up-to-date: /home/will/Will/RANCS/RANCS-introduction/ros2/install/interfaces/share/ament_index/resource_index/packages/interfaces
[0.703s] -- Up-to-date: /home/will/Will/RANCS/RANCS-introduction/ros2/install/interfaces/share/interfaces/cmake/export_interfaces__rosidl_generator_cExport.cmake
[0.703s] -- Up-to-date: /home/will/Will/RANCS/RANCS-introduction/ros2/install/interfaces/share/interfaces/cmake/export_interfaces__rosidl_generator_cExport-noconfig.cmake
[0.703s] -- Up-to-date: /home/will/Will/RANCS/RANCS-introduction/ros2/install/interfaces/share/interfaces/cmake/export_interfaces__rosidl_typesupport_fastrtps_cExport.cmake
[0.704s] -- Up-to-date: /home/will/Will/RANCS/RANCS-introduction/ros2/install/interfaces/share/interfaces/cmake/export_interfaces__rosidl_typesupport_fastrtps_cExport-noconfig.cmake
[0.704s] -- Up-to-date: /home/will/Will/RANCS/RANCS-introduction/ros2/install/interfaces/share/interfaces/cmake/interfaces__rosidl_typesupport_introspection_cExport.cmake
[0.704s] -- Up-to-date: /home/will/Will/RANCS/RANCS-introduction/ros2/install/interfaces/share/interfaces/cmake/interfaces__rosidl_typesupport_introspection_cExport-noconfig.cmake
[0.704s] -- Up-to-date: /home/will/Will/RANCS/RANCS-introduction/ros2/install/interfaces/share/interfaces/cmake/interfaces__rosidl_typesupport_cExport.cmake
[0.704s] -- Up-to-date: /home/will/Will/RANCS/RANCS-introduction/ros2/install/interfaces/share/interfaces/cmake/interfaces__rosidl_typesupport_cExport-noconfig.cmake
[0.705s] -- Up-to-date: /home/will/Will/RANCS/RANCS-introduction/ros2/install/interfaces/share/interfaces/cmake/export_interfaces__rosidl_generator_cppExport.cmake
[0.707s] -- Up-to-date: /home/will/Will/RANCS/RANCS-introduction/ros2/install/interfaces/share/interfaces/cmake/export_interfaces__rosidl_typesupport_fastrtps_cppExport.cmake
[0.707s] -- Up-to-date: /home/will/Will/RANCS/RANCS-introduction/ros2/install/interfaces/share/interfaces/cmake/export_interfaces__rosidl_typesupport_fastrtps_cppExport-noconfig.cmake
[0.708s] -- Up-to-date: /home/will/Will/RANCS/RANCS-introduction/ros2/install/interfaces/share/interfaces/cmake/interfaces__rosidl_typesupport_introspection_cppExport.cmake
[0.708s] -- Up-to-date: /home/will/Will/RANCS/RANCS-introduction/ros2/install/interfaces/share/interfaces/cmake/interfaces__rosidl_typesupport_introspection_cppExport-noconfig.cmake
[0.708s] -- Up-to-date: /home/will/Will/RANCS/RANCS-introduction/ros2/install/interfaces/share/interfaces/cmake/interfaces__rosidl_typesupport_cppExport.cmake
[0.708s] -- Up-to-date: /home/will/Will/RANCS/RANCS-introduction/ros2/install/interfaces/share/interfaces/cmake/interfaces__rosidl_typesupport_cppExport-noconfig.cmake
[0.709s] -- Up-to-date: /home/will/Will/RANCS/RANCS-introduction/ros2/install/interfaces/share/interfaces/cmake/export_interfaces__rosidl_generator_pyExport.cmake
[0.709s] -- Up-to-date: /home/will/Will/RANCS/RANCS-introduction/ros2/install/interfaces/share/interfaces/cmake/export_interfaces__rosidl_generator_pyExport-noconfig.cmake
[0.709s] -- Up-to-date: /home/will/Will/RANCS/RANCS-introduction/ros2/install/interfaces/share/interfaces/cmake/rosidl_cmake-extras.cmake
[0.709s] -- Up-to-date: /home/will/Will/RANCS/RANCS-introduction/ros2/install/interfaces/share/interfaces/cmake/ament_cmake_export_include_directories-extras.cmake
[0.709s] -- Up-to-date: /home/will/Will/RANCS/RANCS-introduction/ros2/install/interfaces/share/interfaces/cmake/ament_cmake_export_libraries-extras.cmake
[0.710s] -- Up-to-date: /home/will/Will/RANCS/RANCS-introduction/ros2/install/interfaces/share/interfaces/cmake/ament_cmake_export_targets-extras.cmake
[0.710s] -- Up-to-date: /home/will/Will/RANCS/RANCS-introduction/ros2/install/interfaces/share/interfaces/cmake/rosidl_cmake_export_typesupport_targets-extras.cmake
[0.710s] -- Up-to-date: /home/will/Will/RANCS/RANCS-introduction/ros2/install/interfaces/share/interfaces/cmake/ament_cmake_export_dependencies-extras.cmake
[0.710s] -- Up-to-date: /home/will/Will/RANCS/RANCS-introduction/ros2/install/interfaces/share/interfaces/cmake/rosidl_cmake_export_typesupport_libraries-extras.cmake
[0.710s] -- Up-to-date: /home/will/Will/RANCS/RANCS-introduction/ros2/install/interfaces/share/interfaces/cmake/interfacesConfig.cmake
[0.710s] -- Up-to-date: /home/will/Will/RANCS/RANCS-introduction/ros2/install/interfaces/share/interfaces/cmake/interfacesConfig-version.cmake
[0.711s] -- Up-to-date: /home/will/Will/RANCS/RANCS-introduction/ros2/install/interfaces/share/interfaces/package.xml
[0.712s] Invoked command in '/home/will/Will/RANCS/RANCS-introduction/ros2/build/interfaces' returned '0': CMAKE_PREFIX_PATH=/opt/ros/humble DEBUGINFOD_URLS=https://debuginfod.archlinux.org PS1=[\u@\h \W]\$ /usr/bin/cmake --install /home/will/Will/RANCS/RANCS-introduction/ros2/build/interfaces
