[0.015s] Invoking command in '/home/will/Will/RANCS/RANCS-introduction/ros2/build/vehicle_status': AMENT_PREFIX_PATH=/home/will/Will/RANCS/RANCS-introduction/ros2/install/interfaces:${AMENT_PREFIX_PATH} CMAKE_PREFIX_PATH=/home/will/Will/RANCS/RANCS-introduction/ros2/install/interfaces:/opt/ros/humble DEBUGINFOD_URLS=https://debuginfod.archlinux.org LD_LIBRARY_PATH=/home/will/Will/RANCS/RANCS-introduction/ros2/install/interfaces/lib:${LD_LIBRARY_PATH} PS1=[\u@\h \W]\$ PYTHONPATH=/home/will/Will/RANCS/RANCS-introduction/ros2/install/interfaces/local/lib/python3.10/dist-packages:${PYTHONPATH} /usr/bin/cmake --build /home/will/Will/RANCS/RANCS-introduction/ros2/build/vehicle_status -- -j12 -l12
[0.064s] [35m[1mConsolidate compiler generated dependencies of target vehicle_status_publisher[0m
[0.064s] [35m[1mConsolidate compiler generated dependencies of target vehicle_status_subscriber[0m
[0.085s] [ 50%] Built target vehicle_status_publisher
[0.085s] [100%] Built target vehicle_status_subscriber
[0.281s] Invoked command in '/home/will/Will/RANCS/RANCS-introduction/ros2/build/vehicle_status' returned '0': AMENT_PREFIX_PATH=/home/will/Will/RANCS/RANCS-introduction/ros2/install/interfaces:${AMENT_PREFIX_PATH} CMAKE_PREFIX_PATH=/home/will/Will/RANCS/RANCS-introduction/ros2/install/interfaces:/opt/ros/humble DEBUGINFOD_URLS=https://debuginfod.archlinux.org LD_LIBRARY_PATH=/home/will/Will/RANCS/RANCS-introduction/ros2/install/interfaces/lib:${LD_LIBRARY_PATH} PS1=[\u@\h \W]\$ PYTHONPATH=/home/will/Will/RANCS/RANCS-introduction/ros2/install/interfaces/local/lib/python3.10/dist-packages:${PYTHONPATH} /usr/bin/cmake --build /home/will/Will/RANCS/RANCS-introduction/ros2/build/vehicle_status -- -j12 -l12
[0.283s] Invoking command in '/home/will/Will/RANCS/RANCS-introduction/ros2/build/vehicle_status': AMENT_PREFIX_PATH=/home/will/Will/RANCS/RANCS-introduction/ros2/install/interfaces:${AMENT_PREFIX_PATH} CMAKE_PREFIX_PATH=/home/will/Will/RANCS/RANCS-introduction/ros2/install/interfaces:/opt/ros/humble DEBUGINFOD_URLS=https://debuginfod.archlinux.org LD_LIBRARY_PATH=/home/will/Will/RANCS/RANCS-introduction/ros2/install/interfaces/lib:${LD_LIBRARY_PATH} PS1=[\u@\h \W]\$ PYTHONPATH=/home/will/Will/RANCS/RANCS-introduction/ros2/install/interfaces/local/lib/python3.10/dist-packages:${PYTHONPATH} /usr/bin/cmake --install /home/will/Will/RANCS/RANCS-introduction/ros2/build/vehicle_status
[0.294s] -- Install configuration: ""
[0.294s] -- Up-to-date: /home/will/Will/RANCS/RANCS-introduction/ros2/install/vehicle_status/lib/vehicle_status/vehicle_status_publisher
[0.294s] -- Up-to-date: /home/will/Will/RANCS/RANCS-introduction/ros2/install/vehicle_status/lib/vehicle_status/vehicle_status_subscriber
[0.294s] -- Up-to-date: /home/will/Will/RANCS/RANCS-introduction/ros2/install/vehicle_status/share/ament_index/resource_index/package_run_dependencies/vehicle_status
[0.295s] -- Up-to-date: /home/will/Will/RANCS/RANCS-introduction/ros2/install/vehicle_status/share/ament_index/resource_index/parent_prefix_path/vehicle_status
[0.295s] -- Up-to-date: /home/will/Will/RANCS/RANCS-introduction/ros2/install/vehicle_status/share/vehicle_status/environment/ament_prefix_path.sh
[0.295s] -- Up-to-date: /home/will/Will/RANCS/RANCS-introduction/ros2/install/vehicle_status/share/vehicle_status/environment/ament_prefix_path.dsv
[0.295s] -- Up-to-date: /home/will/Will/RANCS/RANCS-introduction/ros2/install/vehicle_status/share/vehicle_status/environment/path.sh
[0.296s] -- Up-to-date: /home/will/Will/RANCS/RANCS-introduction/ros2/install/vehicle_status/share/vehicle_status/environment/path.dsv
[0.296s] -- Up-to-date: /home/will/Will/RANCS/RANCS-introduction/ros2/install/vehicle_status/share/vehicle_status/local_setup.bash
[0.296s] -- Up-to-date: /home/will/Will/RANCS/RANCS-introduction/ros2/install/vehicle_status/share/vehicle_status/local_setup.sh
[0.296s] -- Up-to-date: /home/will/Will/RANCS/RANCS-introduction/ros2/install/vehicle_status/share/vehicle_status/local_setup.zsh
[0.296s] -- Up-to-date: /home/will/Will/RANCS/RANCS-introduction/ros2/install/vehicle_status/share/vehicle_status/local_setup.dsv
[0.296s] -- Installing: /home/will/Will/RANCS/RANCS-introduction/ros2/install/vehicle_status/share/vehicle_status/package.dsv
[0.297s] -- Up-to-date: /home/will/Will/RANCS/RANCS-introduction/ros2/install/vehicle_status/share/ament_index/resource_index/packages/vehicle_status
[0.297s] -- Up-to-date: /home/will/Will/RANCS/RANCS-introduction/ros2/install/vehicle_status/share/vehicle_status/cmake/vehicle_statusConfig.cmake
[0.297s] -- Up-to-date: /home/will/Will/RANCS/RANCS-introduction/ros2/install/vehicle_status/share/vehicle_status/cmake/vehicle_statusConfig-version.cmake
[0.297s] -- Up-to-date: /home/will/Will/RANCS/RANCS-introduction/ros2/install/vehicle_status/share/vehicle_status/package.xml
[0.298s] Invoked command in '/home/will/Will/RANCS/RANCS-introduction/ros2/build/vehicle_status' returned '0': AMENT_PREFIX_PATH=/home/will/Will/RANCS/RANCS-introduction/ros2/install/interfaces:${AMENT_PREFIX_PATH} CMAKE_PREFIX_PATH=/home/will/Will/RANCS/RANCS-introduction/ros2/install/interfaces:/opt/ros/humble DEBUGINFOD_URLS=https://debuginfod.archlinux.org LD_LIBRARY_PATH=/home/will/Will/RANCS/RANCS-introduction/ros2/install/interfaces/lib:${LD_LIBRARY_PATH} PS1=[\u@\h \W]\$ PYTHONPATH=/home/will/Will/RANCS/RANCS-introduction/ros2/install/interfaces/local/lib/python3.10/dist-packages:${PYTHONPATH} /usr/bin/cmake --install /home/will/Will/RANCS/RANCS-introduction/ros2/build/vehicle_status
