[0.106s] DEBUG:colcon:Command line arguments: ['/usr/bin/colcon', 'build']
[0.106s] DEBUG:colcon:Parsed command line arguments: Namespace(log_base=None, log_level=None, verb_name='build', build_base='build', install_base='install', merge_install=False, symlink_install=False, test_result_base=None, continue_on_error=False, executor='parallel', parallel_workers=12, event_handlers=None, ignore_user_meta=False, metas=['./colcon.meta'], base_paths=['.'], packages_ignore=None, packages_ignore_regex=None, paths=None, packages_up_to=None, packages_up_to_regex=None, packages_above=None, packages_above_and_dependencies=None, packages_above_depth=None, packages_select_by_dep=None, packages_skip_by_dep=None, packages_skip_up_to=None, packages_select_build_failed=False, packages_skip_build_finished=False, packages_select_test_failures=False, packages_skip_test_passed=False, packages_select=None, packages_skip=None, packages_select_regex=None, packages_skip_regex=None, packages_start=None, packages_end=None, cmake_args=None, cmake_target=None, cmake_target_skip_unavailable=False, cmake_clean_cache=False, cmake_clean_first=False, cmake_force_configure=False, ament_cmake_args=None, catkin_cmake_args=None, catkin_skip_building_tests=False, mixin_files=None, mixin=None, verb_parser=<colcon_mixin.mixin.mixin_argument.MixinArgumentDecorator object at 0x7f2f67c73040>, verb_extension=<colcon_core.verb.build.BuildVerb object at 0x7f2f67c72980>, main=<bound method BuildVerb.main of <colcon_core.verb.build.BuildVerb object at 0x7f2f67c72980>>, mixin_verb=('build',))
[0.225s] Level 1:colcon.colcon_core.package_discovery:discover_packages(colcon_meta) check parameters
[0.225s] Level 1:colcon.colcon_core.package_discovery:discover_packages(recursive) check parameters
[0.225s] Level 1:colcon.colcon_core.package_discovery:discover_packages(ignore) check parameters
[0.225s] Level 1:colcon.colcon_core.package_discovery:discover_packages(path) check parameters
[0.226s] Level 1:colcon.colcon_core.package_discovery:discover_packages(colcon_meta) discover
[0.226s] Level 1:colcon.colcon_core.package_discovery:discover_packages(recursive) discover
[0.226s] INFO:colcon.colcon_core.package_discovery:Crawling recursively for packages in '/home/will/Will/RANCS/RANCS-introduction/ros2'
[0.226s] Level 1:colcon.colcon_core.package_identification:_identify(.) by extensions ['ignore', 'ignore_ament_install']
[0.226s] Level 1:colcon.colcon_core.package_identification:_identify(.) by extension 'ignore'
[0.226s] Level 1:colcon.colcon_core.package_identification:_identify(.) by extension 'ignore_ament_install'
[0.226s] Level 1:colcon.colcon_core.package_identification:_identify(.) by extensions ['colcon_pkg']
[0.226s] Level 1:colcon.colcon_core.package_identification:_identify(.) by extension 'colcon_pkg'
[0.226s] Level 1:colcon.colcon_core.package_identification:_identify(.) by extensions ['colcon_meta']
[0.226s] Level 1:colcon.colcon_core.package_identification:_identify(.) by extension 'colcon_meta'
[0.226s] Level 1:colcon.colcon_core.package_identification:_identify(.) by extensions ['ros']
[0.226s] Level 1:colcon.colcon_core.package_identification:_identify(.) by extension 'ros'
[0.238s] Level 1:colcon.colcon_core.package_identification:_identify(.) by extensions ['cmake', 'python']
[0.238s] Level 1:colcon.colcon_core.package_identification:_identify(.) by extension 'cmake'
[0.238s] Level 1:colcon.colcon_core.package_identification:_identify(.) by extension 'python'
[0.238s] Level 1:colcon.colcon_core.package_identification:_identify(.) by extensions ['python_setup_py']
[0.238s] Level 1:colcon.colcon_core.package_identification:_identify(.) by extension 'python_setup_py'
[0.238s] Level 1:colcon.colcon_core.package_identification:_identify(build) by extensions ['ignore', 'ignore_ament_install']
[0.238s] Level 1:colcon.colcon_core.package_identification:_identify(build) by extension 'ignore'
[0.238s] Level 1:colcon.colcon_core.package_identification:_identify(build) ignored
[0.239s] Level 1:colcon.colcon_core.package_identification:_identify(install) by extensions ['ignore', 'ignore_ament_install']
[0.239s] Level 1:colcon.colcon_core.package_identification:_identify(install) by extension 'ignore'
[0.239s] Level 1:colcon.colcon_core.package_identification:_identify(install) ignored
[0.239s] Level 1:colcon.colcon_core.package_identification:_identify(log) by extensions ['ignore', 'ignore_ament_install']
[0.239s] Level 1:colcon.colcon_core.package_identification:_identify(log) by extension 'ignore'
[0.239s] Level 1:colcon.colcon_core.package_identification:_identify(log) ignored
[0.239s] Level 1:colcon.colcon_core.package_identification:_identify(src) by extensions ['ignore', 'ignore_ament_install']
[0.239s] Level 1:colcon.colcon_core.package_identification:_identify(src) by extension 'ignore'
[0.239s] Level 1:colcon.colcon_core.package_identification:_identify(src) by extension 'ignore_ament_install'
[0.239s] Level 1:colcon.colcon_core.package_identification:_identify(src) by extensions ['colcon_pkg']
[0.239s] Level 1:colcon.colcon_core.package_identification:_identify(src) by extension 'colcon_pkg'
[0.239s] Level 1:colcon.colcon_core.package_identification:_identify(src) by extensions ['colcon_meta']
[0.239s] Level 1:colcon.colcon_core.package_identification:_identify(src) by extension 'colcon_meta'
[0.239s] Level 1:colcon.colcon_core.package_identification:_identify(src) by extensions ['ros']
[0.239s] Level 1:colcon.colcon_core.package_identification:_identify(src) by extension 'ros'
[0.239s] Level 1:colcon.colcon_core.package_identification:_identify(src) by extensions ['cmake', 'python']
[0.239s] Level 1:colcon.colcon_core.package_identification:_identify(src) by extension 'cmake'
[0.239s] Level 1:colcon.colcon_core.package_identification:_identify(src) by extension 'python'
[0.239s] Level 1:colcon.colcon_core.package_identification:_identify(src) by extensions ['python_setup_py']
[0.239s] Level 1:colcon.colcon_core.package_identification:_identify(src) by extension 'python_setup_py'
[0.240s] Level 1:colcon.colcon_core.package_identification:_identify(src/imu) by extensions ['ignore', 'ignore_ament_install']
[0.240s] Level 1:colcon.colcon_core.package_identification:_identify(src/imu) by extension 'ignore'
[0.240s] Level 1:colcon.colcon_core.package_identification:_identify(src/imu) by extension 'ignore_ament_install'
[0.240s] Level 1:colcon.colcon_core.package_identification:_identify(src/imu) by extensions ['colcon_pkg']
[0.240s] Level 1:colcon.colcon_core.package_identification:_identify(src/imu) by extension 'colcon_pkg'
[0.240s] Level 1:colcon.colcon_core.package_identification:_identify(src/imu) by extensions ['colcon_meta']
[0.240s] Level 1:colcon.colcon_core.package_identification:_identify(src/imu) by extension 'colcon_meta'
[0.240s] Level 1:colcon.colcon_core.package_identification:_identify(src/imu) by extensions ['ros']
[0.240s] Level 1:colcon.colcon_core.package_identification:_identify(src/imu) by extension 'ros'
[0.243s] DEBUG:colcon.colcon_core.package_identification:Package 'src/imu' with type 'ros.ament_cmake' and name 'imu'
[0.243s] Level 1:colcon.colcon_core.package_identification:_identify(src/imu_py) by extensions ['ignore', 'ignore_ament_install']
[0.243s] Level 1:colcon.colcon_core.package_identification:_identify(src/imu_py) by extension 'ignore'
[0.243s] Level 1:colcon.colcon_core.package_identification:_identify(src/imu_py) by extension 'ignore_ament_install'
[0.243s] Level 1:colcon.colcon_core.package_identification:_identify(src/imu_py) by extensions ['colcon_pkg']
[0.243s] Level 1:colcon.colcon_core.package_identification:_identify(src/imu_py) by extension 'colcon_pkg'
[0.243s] Level 1:colcon.colcon_core.package_identification:_identify(src/imu_py) by extensions ['colcon_meta']
[0.243s] Level 1:colcon.colcon_core.package_identification:_identify(src/imu_py) by extension 'colcon_meta'
[0.243s] Level 1:colcon.colcon_core.package_identification:_identify(src/imu_py) by extensions ['ros']
[0.244s] Level 1:colcon.colcon_core.package_identification:_identify(src/imu_py) by extension 'ros'
[0.244s] DEBUG:colcon.colcon_core.package_identification:Package 'src/imu_py' with type 'ros.ament_python' and name 'imu_py'
[0.244s] Level 1:colcon.colcon_core.package_identification:_identify(src/interfaces) by extensions ['ignore', 'ignore_ament_install']
[0.244s] Level 1:colcon.colcon_core.package_identification:_identify(src/interfaces) by extension 'ignore'
[0.244s] Level 1:colcon.colcon_core.package_identification:_identify(src/interfaces) by extension 'ignore_ament_install'
[0.244s] Level 1:colcon.colcon_core.package_identification:_identify(src/interfaces) by extensions ['colcon_pkg']
[0.244s] Level 1:colcon.colcon_core.package_identification:_identify(src/interfaces) by extension 'colcon_pkg'
[0.244s] Level 1:colcon.colcon_core.package_identification:_identify(src/interfaces) by extensions ['colcon_meta']
[0.244s] Level 1:colcon.colcon_core.package_identification:_identify(src/interfaces) by extension 'colcon_meta'
[0.245s] Level 1:colcon.colcon_core.package_identification:_identify(src/interfaces) by extensions ['ros']
[0.245s] Level 1:colcon.colcon_core.package_identification:_identify(src/interfaces) by extension 'ros'
[0.245s] DEBUG:colcon.colcon_core.package_identification:Package 'src/interfaces' with type 'ros.ament_cmake' and name 'interfaces'
[0.245s] Level 1:colcon.colcon_core.package_identification:_identify(src/talker_listener) by extensions ['ignore', 'ignore_ament_install']
[0.245s] Level 1:colcon.colcon_core.package_identification:_identify(src/talker_listener) by extension 'ignore'
[0.246s] Level 1:colcon.colcon_core.package_identification:_identify(src/talker_listener) by extension 'ignore_ament_install'
[0.246s] Level 1:colcon.colcon_core.package_identification:_identify(src/talker_listener) by extensions ['colcon_pkg']
[0.246s] Level 1:colcon.colcon_core.package_identification:_identify(src/talker_listener) by extension 'colcon_pkg'
[0.246s] Level 1:colcon.colcon_core.package_identification:_identify(src/talker_listener) by extensions ['colcon_meta']
[0.246s] Level 1:colcon.colcon_core.package_identification:_identify(src/talker_listener) by extension 'colcon_meta'
[0.246s] Level 1:colcon.colcon_core.package_identification:_identify(src/talker_listener) by extensions ['ros']
[0.246s] Level 1:colcon.colcon_core.package_identification:_identify(src/talker_listener) by extension 'ros'
[0.246s] DEBUG:colcon.colcon_core.package_identification:Package 'src/talker_listener' with type 'ros.ament_cmake' and name 'talker_listener'
[0.246s] Level 1:colcon.colcon_core.package_identification:_identify(src/talker_listener_py) by extensions ['ignore', 'ignore_ament_install']
[0.246s] Level 1:colcon.colcon_core.package_identification:_identify(src/talker_listener_py) by extension 'ignore'
[0.247s] Level 1:colcon.colcon_core.package_identification:_identify(src/talker_listener_py) by extension 'ignore_ament_install'
[0.247s] Level 1:colcon.colcon_core.package_identification:_identify(src/talker_listener_py) by extensions ['colcon_pkg']
[0.247s] Level 1:colcon.colcon_core.package_identification:_identify(src/talker_listener_py) by extension 'colcon_pkg'
[0.247s] Level 1:colcon.colcon_core.package_identification:_identify(src/talker_listener_py) by extensions ['colcon_meta']
[0.247s] Level 1:colcon.colcon_core.package_identification:_identify(src/talker_listener_py) by extension 'colcon_meta'
[0.247s] Level 1:colcon.colcon_core.package_identification:_identify(src/talker_listener_py) by extensions ['ros']
[0.247s] Level 1:colcon.colcon_core.package_identification:_identify(src/talker_listener_py) by extension 'ros'
[0.247s] DEBUG:colcon.colcon_core.package_identification:Package 'src/talker_listener_py' with type 'ros.ament_python' and name 'talker_listener_py'
[0.248s] Level 1:colcon.colcon_core.package_identification:_identify(src/vehicle_status) by extensions ['ignore', 'ignore_ament_install']
[0.248s] Level 1:colcon.colcon_core.package_identification:_identify(src/vehicle_status) by extension 'ignore'
[0.248s] Level 1:colcon.colcon_core.package_identification:_identify(src/vehicle_status) by extension 'ignore_ament_install'
[0.248s] Level 1:colcon.colcon_core.package_identification:_identify(src/vehicle_status) by extensions ['colcon_pkg']
[0.248s] Level 1:colcon.colcon_core.package_identification:_identify(src/vehicle_status) by extension 'colcon_pkg'
[0.248s] Level 1:colcon.colcon_core.package_identification:_identify(src/vehicle_status) by extensions ['colcon_meta']
[0.248s] Level 1:colcon.colcon_core.package_identification:_identify(src/vehicle_status) by extension 'colcon_meta'
[0.248s] Level 1:colcon.colcon_core.package_identification:_identify(src/vehicle_status) by extensions ['ros']
[0.248s] Level 1:colcon.colcon_core.package_identification:_identify(src/vehicle_status) by extension 'ros'
[0.249s] DEBUG:colcon.colcon_core.package_identification:Package 'src/vehicle_status' with type 'ros.ament_cmake' and name 'vehicle_status'
[0.249s] Level 1:colcon.colcon_core.package_identification:_identify(src/vehicle_status_py) by extensions ['ignore', 'ignore_ament_install']
[0.249s] Level 1:colcon.colcon_core.package_identification:_identify(src/vehicle_status_py) by extension 'ignore'
[0.249s] Level 1:colcon.colcon_core.package_identification:_identify(src/vehicle_status_py) by extension 'ignore_ament_install'
[0.249s] Level 1:colcon.colcon_core.package_identification:_identify(src/vehicle_status_py) by extensions ['colcon_pkg']
[0.249s] Level 1:colcon.colcon_core.package_identification:_identify(src/vehicle_status_py) by extension 'colcon_pkg'
[0.249s] Level 1:colcon.colcon_core.package_identification:_identify(src/vehicle_status_py) by extensions ['colcon_meta']
[0.249s] Level 1:colcon.colcon_core.package_identification:_identify(src/vehicle_status_py) by extension 'colcon_meta'
[0.249s] Level 1:colcon.colcon_core.package_identification:_identify(src/vehicle_status_py) by extensions ['ros']
[0.249s] Level 1:colcon.colcon_core.package_identification:_identify(src/vehicle_status_py) by extension 'ros'
[0.250s] DEBUG:colcon.colcon_core.package_identification:Package 'src/vehicle_status_py' with type 'ros.ament_python' and name 'vehicle_status_py'
[0.250s] Level 1:colcon.colcon_core.package_discovery:discover_packages(recursive) using defaults
[0.250s] Level 1:colcon.colcon_core.package_discovery:discover_packages(ignore) discover
[0.250s] Level 1:colcon.colcon_core.package_discovery:discover_packages(ignore) using defaults
[0.250s] Level 1:colcon.colcon_core.package_discovery:discover_packages(path) discover
[0.250s] Level 1:colcon.colcon_core.package_discovery:discover_packages(path) using defaults
[0.270s] Level 5:colcon.colcon_core.verb:set package 'imu' build argument 'cmake_args' from command line to 'None'
[0.270s] Level 5:colcon.colcon_core.verb:set package 'imu' build argument 'cmake_target' from command line to 'None'
[0.270s] Level 5:colcon.colcon_core.verb:set package 'imu' build argument 'cmake_target_skip_unavailable' from command line to 'False'
[0.270s] Level 5:colcon.colcon_core.verb:set package 'imu' build argument 'cmake_clean_cache' from command line to 'False'
[0.270s] Level 5:colcon.colcon_core.verb:set package 'imu' build argument 'cmake_clean_first' from command line to 'False'
[0.270s] Level 5:colcon.colcon_core.verb:set package 'imu' build argument 'cmake_force_configure' from command line to 'False'
[0.270s] Level 5:colcon.colcon_core.verb:set package 'imu' build argument 'ament_cmake_args' from command line to 'None'
[0.270s] Level 5:colcon.colcon_core.verb:set package 'imu' build argument 'catkin_cmake_args' from command line to 'None'
[0.270s] Level 5:colcon.colcon_core.verb:set package 'imu' build argument 'catkin_skip_building_tests' from command line to 'False'
[0.270s] DEBUG:colcon.colcon_core.verb:Building package 'imu' with the following arguments: {'ament_cmake_args': None, 'build_base': '/home/will/Will/RANCS/RANCS-introduction/ros2/build/imu', 'catkin_cmake_args': None, 'catkin_skip_building_tests': False, 'cmake_args': None, 'cmake_clean_cache': False, 'cmake_clean_first': False, 'cmake_force_configure': False, 'cmake_target': None, 'cmake_target_skip_unavailable': False, 'install_base': '/home/will/Will/RANCS/RANCS-introduction/ros2/install/imu', 'merge_install': False, 'path': '/home/will/Will/RANCS/RANCS-introduction/ros2/src/imu', 'symlink_install': False, 'test_result_base': None}
[0.271s] Level 5:colcon.colcon_core.verb:set package 'imu_py' build argument 'cmake_args' from command line to 'None'
[0.271s] Level 5:colcon.colcon_core.verb:set package 'imu_py' build argument 'cmake_target' from command line to 'None'
[0.271s] Level 5:colcon.colcon_core.verb:set package 'imu_py' build argument 'cmake_target_skip_unavailable' from command line to 'False'
[0.271s] Level 5:colcon.colcon_core.verb:set package 'imu_py' build argument 'cmake_clean_cache' from command line to 'False'
[0.271s] Level 5:colcon.colcon_core.verb:set package 'imu_py' build argument 'cmake_clean_first' from command line to 'False'
[0.271s] Level 5:colcon.colcon_core.verb:set package 'imu_py' build argument 'cmake_force_configure' from command line to 'False'
[0.271s] Level 5:colcon.colcon_core.verb:set package 'imu_py' build argument 'ament_cmake_args' from command line to 'None'
[0.271s] Level 5:colcon.colcon_core.verb:set package 'imu_py' build argument 'catkin_cmake_args' from command line to 'None'
[0.271s] Level 5:colcon.colcon_core.verb:set package 'imu_py' build argument 'catkin_skip_building_tests' from command line to 'False'
[0.271s] DEBUG:colcon.colcon_core.verb:Building package 'imu_py' with the following arguments: {'ament_cmake_args': None, 'build_base': '/home/will/Will/RANCS/RANCS-introduction/ros2/build/imu_py', 'catkin_cmake_args': None, 'catkin_skip_building_tests': False, 'cmake_args': None, 'cmake_clean_cache': False, 'cmake_clean_first': False, 'cmake_force_configure': False, 'cmake_target': None, 'cmake_target_skip_unavailable': False, 'install_base': '/home/will/Will/RANCS/RANCS-introduction/ros2/install/imu_py', 'merge_install': False, 'path': '/home/will/Will/RANCS/RANCS-introduction/ros2/src/imu_py', 'symlink_install': False, 'test_result_base': None}
[0.271s] Level 5:colcon.colcon_core.verb:set package 'interfaces' build argument 'cmake_args' from command line to 'None'
[0.271s] Level 5:colcon.colcon_core.verb:set package 'interfaces' build argument 'cmake_target' from command line to 'None'
[0.271s] Level 5:colcon.colcon_core.verb:set package 'interfaces' build argument 'cmake_target_skip_unavailable' from command line to 'False'
[0.271s] Level 5:colcon.colcon_core.verb:set package 'interfaces' build argument 'cmake_clean_cache' from command line to 'False'
[0.271s] Level 5:colcon.colcon_core.verb:set package 'interfaces' build argument 'cmake_clean_first' from command line to 'False'
[0.271s] Level 5:colcon.colcon_core.verb:set package 'interfaces' build argument 'cmake_force_configure' from command line to 'False'
[0.271s] Level 5:colcon.colcon_core.verb:set package 'interfaces' build argument 'ament_cmake_args' from command line to 'None'
[0.271s] Level 5:colcon.colcon_core.verb:set package 'interfaces' build argument 'catkin_cmake_args' from command line to 'None'
[0.271s] Level 5:colcon.colcon_core.verb:set package 'interfaces' build argument 'catkin_skip_building_tests' from command line to 'False'
[0.271s] DEBUG:colcon.colcon_core.verb:Building package 'interfaces' with the following arguments: {'ament_cmake_args': None, 'build_base': '/home/will/Will/RANCS/RANCS-introduction/ros2/build/interfaces', 'catkin_cmake_args': None, 'catkin_skip_building_tests': False, 'cmake_args': None, 'cmake_clean_cache': False, 'cmake_clean_first': False, 'cmake_force_configure': False, 'cmake_target': None, 'cmake_target_skip_unavailable': False, 'install_base': '/home/will/Will/RANCS/RANCS-introduction/ros2/install/interfaces', 'merge_install': False, 'path': '/home/will/Will/RANCS/RANCS-introduction/ros2/src/interfaces', 'symlink_install': False, 'test_result_base': None}
[0.272s] Level 5:colcon.colcon_core.verb:set package 'talker_listener' build argument 'cmake_args' from command line to 'None'
[0.272s] Level 5:colcon.colcon_core.verb:set package 'talker_listener' build argument 'cmake_target' from command line to 'None'
[0.272s] Level 5:colcon.colcon_core.verb:set package 'talker_listener' build argument 'cmake_target_skip_unavailable' from command line to 'False'
[0.272s] Level 5:colcon.colcon_core.verb:set package 'talker_listener' build argument 'cmake_clean_cache' from command line to 'False'
[0.272s] Level 5:colcon.colcon_core.verb:set package 'talker_listener' build argument 'cmake_clean_first' from command line to 'False'
[0.272s] Level 5:colcon.colcon_core.verb:set package 'talker_listener' build argument 'cmake_force_configure' from command line to 'False'
[0.272s] Level 5:colcon.colcon_core.verb:set package 'talker_listener' build argument 'ament_cmake_args' from command line to 'None'
[0.272s] Level 5:colcon.colcon_core.verb:set package 'talker_listener' build argument 'catkin_cmake_args' from command line to 'None'
[0.272s] Level 5:colcon.colcon_core.verb:set package 'talker_listener' build argument 'catkin_skip_building_tests' from command line to 'False'
[0.272s] DEBUG:colcon.colcon_core.verb:Building package 'talker_listener' with the following arguments: {'ament_cmake_args': None, 'build_base': '/home/will/Will/RANCS/RANCS-introduction/ros2/build/talker_listener', 'catkin_cmake_args': None, 'catkin_skip_building_tests': False, 'cmake_args': None, 'cmake_clean_cache': False, 'cmake_clean_first': False, 'cmake_force_configure': False, 'cmake_target': None, 'cmake_target_skip_unavailable': False, 'install_base': '/home/will/Will/RANCS/RANCS-introduction/ros2/install/talker_listener', 'merge_install': False, 'path': '/home/will/Will/RANCS/RANCS-introduction/ros2/src/talker_listener', 'symlink_install': False, 'test_result_base': None}
[0.272s] Level 5:colcon.colcon_core.verb:set package 'talker_listener_py' build argument 'cmake_args' from command line to 'None'
[0.272s] Level 5:colcon.colcon_core.verb:set package 'talker_listener_py' build argument 'cmake_target' from command line to 'None'
[0.272s] Level 5:colcon.colcon_core.verb:set package 'talker_listener_py' build argument 'cmake_target_skip_unavailable' from command line to 'False'
[0.272s] Level 5:colcon.colcon_core.verb:set package 'talker_listener_py' build argument 'cmake_clean_cache' from command line to 'False'
[0.272s] Level 5:colcon.colcon_core.verb:set package 'talker_listener_py' build argument 'cmake_clean_first' from command line to 'False'
[0.272s] Level 5:colcon.colcon_core.verb:set package 'talker_listener_py' build argument 'cmake_force_configure' from command line to 'False'
[0.272s] Level 5:colcon.colcon_core.verb:set package 'talker_listener_py' build argument 'ament_cmake_args' from command line to 'None'
[0.272s] Level 5:colcon.colcon_core.verb:set package 'talker_listener_py' build argument 'catkin_cmake_args' from command line to 'None'
[0.272s] Level 5:colcon.colcon_core.verb:set package 'talker_listener_py' build argument 'catkin_skip_building_tests' from command line to 'False'
[0.272s] DEBUG:colcon.colcon_core.verb:Building package 'talker_listener_py' with the following arguments: {'ament_cmake_args': None, 'build_base': '/home/will/Will/RANCS/RANCS-introduction/ros2/build/talker_listener_py', 'catkin_cmake_args': None, 'catkin_skip_building_tests': False, 'cmake_args': None, 'cmake_clean_cache': False, 'cmake_clean_first': False, 'cmake_force_configure': False, 'cmake_target': None, 'cmake_target_skip_unavailable': False, 'install_base': '/home/will/Will/RANCS/RANCS-introduction/ros2/install/talker_listener_py', 'merge_install': False, 'path': '/home/will/Will/RANCS/RANCS-introduction/ros2/src/talker_listener_py', 'symlink_install': False, 'test_result_base': None}
[0.273s] Level 5:colcon.colcon_core.verb:set package 'vehicle_status' build argument 'cmake_args' from command line to 'None'
[0.273s] Level 5:colcon.colcon_core.verb:set package 'vehicle_status' build argument 'cmake_target' from command line to 'None'
[0.273s] Level 5:colcon.colcon_core.verb:set package 'vehicle_status' build argument 'cmake_target_skip_unavailable' from command line to 'False'
[0.273s] Level 5:colcon.colcon_core.verb:set package 'vehicle_status' build argument 'cmake_clean_cache' from command line to 'False'
[0.273s] Level 5:colcon.colcon_core.verb:set package 'vehicle_status' build argument 'cmake_clean_first' from command line to 'False'
[0.273s] Level 5:colcon.colcon_core.verb:set package 'vehicle_status' build argument 'cmake_force_configure' from command line to 'False'
[0.273s] Level 5:colcon.colcon_core.verb:set package 'vehicle_status' build argument 'ament_cmake_args' from command line to 'None'
[0.273s] Level 5:colcon.colcon_core.verb:set package 'vehicle_status' build argument 'catkin_cmake_args' from command line to 'None'
[0.273s] Level 5:colcon.colcon_core.verb:set package 'vehicle_status' build argument 'catkin_skip_building_tests' from command line to 'False'
[0.273s] DEBUG:colcon.colcon_core.verb:Building package 'vehicle_status' with the following arguments: {'ament_cmake_args': None, 'build_base': '/home/will/Will/RANCS/RANCS-introduction/ros2/build/vehicle_status', 'catkin_cmake_args': None, 'catkin_skip_building_tests': False, 'cmake_args': None, 'cmake_clean_cache': False, 'cmake_clean_first': False, 'cmake_force_configure': False, 'cmake_target': None, 'cmake_target_skip_unavailable': False, 'install_base': '/home/will/Will/RANCS/RANCS-introduction/ros2/install/vehicle_status', 'merge_install': False, 'path': '/home/will/Will/RANCS/RANCS-introduction/ros2/src/vehicle_status', 'symlink_install': False, 'test_result_base': None}
[0.273s] Level 5:colcon.colcon_core.verb:set package 'vehicle_status_py' build argument 'cmake_args' from command line to 'None'
[0.273s] Level 5:colcon.colcon_core.verb:set package 'vehicle_status_py' build argument 'cmake_target' from command line to 'None'
[0.273s] Level 5:colcon.colcon_core.verb:set package 'vehicle_status_py' build argument 'cmake_target_skip_unavailable' from command line to 'False'
[0.273s] Level 5:colcon.colcon_core.verb:set package 'vehicle_status_py' build argument 'cmake_clean_cache' from command line to 'False'
[0.273s] Level 5:colcon.colcon_core.verb:set package 'vehicle_status_py' build argument 'cmake_clean_first' from command line to 'False'
[0.273s] Level 5:colcon.colcon_core.verb:set package 'vehicle_status_py' build argument 'cmake_force_configure' from command line to 'False'
[0.273s] Level 5:colcon.colcon_core.verb:set package 'vehicle_status_py' build argument 'ament_cmake_args' from command line to 'None'
[0.273s] Level 5:colcon.colcon_core.verb:set package 'vehicle_status_py' build argument 'catkin_cmake_args' from command line to 'None'
[0.273s] Level 5:colcon.colcon_core.verb:set package 'vehicle_status_py' build argument 'catkin_skip_building_tests' from command line to 'False'
[0.273s] DEBUG:colcon.colcon_core.verb:Building package 'vehicle_status_py' with the following arguments: {'ament_cmake_args': None, 'build_base': '/home/will/Will/RANCS/RANCS-introduction/ros2/build/vehicle_status_py', 'catkin_cmake_args': None, 'catkin_skip_building_tests': False, 'cmake_args': None, 'cmake_clean_cache': False, 'cmake_clean_first': False, 'cmake_force_configure': False, 'cmake_target': None, 'cmake_target_skip_unavailable': False, 'install_base': '/home/will/Will/RANCS/RANCS-introduction/ros2/install/vehicle_status_py', 'merge_install': False, 'path': '/home/will/Will/RANCS/RANCS-introduction/ros2/src/vehicle_status_py', 'symlink_install': False, 'test_result_base': None}
[0.273s] INFO:colcon.colcon_core.executor:Executing jobs using 'parallel' executor
[0.275s] DEBUG:colcon.colcon_parallel_executor.executor.parallel:run_until_complete
[0.275s] INFO:colcon.colcon_ros.task.ament_cmake.build:Building ROS package in '/home/will/Will/RANCS/RANCS-introduction/ros2/src/interfaces' with build type 'ament_cmake'
[0.275s] INFO:colcon.colcon_cmake.task.cmake.build:Building CMake package in '/home/will/Will/RANCS/RANCS-introduction/ros2/src/interfaces'
[0.277s] INFO:colcon.colcon_core.plugin_system:Skipping extension 'colcon_core.shell.bat': Not used on non-Windows systems
[0.277s] INFO:colcon.colcon_core.shell:Skip shell extension 'powershell' for command environment: Not usable outside of PowerShell
[0.277s] DEBUG:colcon.colcon_core.shell:Skip shell extension 'dsv' for command environment
[0.282s] INFO:colcon.colcon_ros.task.ament_cmake.build:Building ROS package in '/home/will/Will/RANCS/RANCS-introduction/ros2/src/imu' with build type 'ament_cmake'
[0.283s] INFO:colcon.colcon_cmake.task.cmake.build:Building CMake package in '/home/will/Will/RANCS/RANCS-introduction/ros2/src/imu'
[0.283s] INFO:colcon.colcon_core.shell:Skip shell extension 'powershell' for command environment: Not usable outside of PowerShell
[0.283s] DEBUG:colcon.colcon_core.shell:Skip shell extension 'dsv' for command environment
[0.287s] INFO:colcon.colcon_ros.task.ament_python.build:Building ROS package in '/home/will/Will/RANCS/RANCS-introduction/ros2/src/imu_py' with build type 'ament_python'
[0.287s] Level 1:colcon.colcon_core.shell:create_environment_hook('imu_py', 'ament_prefix_path')
[0.287s] INFO:colcon.colcon_core.shell:Creating environment hook '/home/will/Will/RANCS/RANCS-introduction/ros2/install/imu_py/share/imu_py/hook/ament_prefix_path.ps1'
[0.288s] INFO:colcon.colcon_core.shell:Creating environment descriptor '/home/will/Will/RANCS/RANCS-introduction/ros2/install/imu_py/share/imu_py/hook/ament_prefix_path.dsv'
[0.288s] INFO:colcon.colcon_core.shell:Creating environment hook '/home/will/Will/RANCS/RANCS-introduction/ros2/install/imu_py/share/imu_py/hook/ament_prefix_path.sh'
[0.289s] INFO:colcon.colcon_core.shell:Skip shell extension 'powershell' for command environment: Not usable outside of PowerShell
[0.289s] DEBUG:colcon.colcon_core.shell:Skip shell extension 'dsv' for command environment
[0.293s] INFO:colcon.colcon_ros.task.ament_cmake.build:Building ROS package in '/home/will/Will/RANCS/RANCS-introduction/ros2/src/talker_listener' with build type 'ament_cmake'
[0.293s] INFO:colcon.colcon_cmake.task.cmake.build:Building CMake package in '/home/will/Will/RANCS/RANCS-introduction/ros2/src/talker_listener'
[0.294s] INFO:colcon.colcon_core.shell:Skip shell extension 'powershell' for command environment: Not usable outside of PowerShell
[0.294s] DEBUG:colcon.colcon_core.shell:Skip shell extension 'dsv' for command environment
[0.298s] INFO:colcon.colcon_ros.task.ament_python.build:Building ROS package in '/home/will/Will/RANCS/RANCS-introduction/ros2/src/talker_listener_py' with build type 'ament_python'
[0.299s] Level 1:colcon.colcon_core.shell:create_environment_hook('talker_listener_py', 'ament_prefix_path')
[0.300s] INFO:colcon.colcon_core.shell:Creating environment hook '/home/will/Will/RANCS/RANCS-introduction/ros2/install/talker_listener_py/share/talker_listener_py/hook/ament_prefix_path.ps1'
[0.301s] INFO:colcon.colcon_core.shell:Creating environment descriptor '/home/will/Will/RANCS/RANCS-introduction/ros2/install/talker_listener_py/share/talker_listener_py/hook/ament_prefix_path.dsv'
[0.302s] INFO:colcon.colcon_core.shell:Creating environment hook '/home/will/Will/RANCS/RANCS-introduction/ros2/install/talker_listener_py/share/talker_listener_py/hook/ament_prefix_path.sh'
[0.303s] INFO:colcon.colcon_core.shell:Skip shell extension 'powershell' for command environment: Not usable outside of PowerShell
[0.303s] DEBUG:colcon.colcon_core.shell:Skip shell extension 'dsv' for command environment
[0.318s] DEBUG:colcon.colcon_core.event_handler.log_command:Invoking command in '/home/will/Will/RANCS/RANCS-introduction/ros2/build/interfaces': CMAKE_PREFIX_PATH=${CMAKE_PREFIX_PATH}:/home/will/Will/RANCS/RANCS-introduction/ros2/install/vehicle_status_py:/home/will/Will/RANCS/RANCS-introduction/ros2/install/talker_listener_py:/home/will/Will/RANCS/RANCS-introduction/ros2/install/imu_py:/opt/ros/humble DEBUGINFOD_URLS=https://debuginfod.archlinux.org PS1=[\u@\h \W]\$ /usr/bin/cmake --build /home/will/Will/RANCS/RANCS-introduction/ros2/build/interfaces -- -j12 -l12
[0.328s] DEBUG:colcon.colcon_core.event_handler.log_command:Invoking command in '/home/will/Will/RANCS/RANCS-introduction/ros2/build/imu': CMAKE_PREFIX_PATH=${CMAKE_PREFIX_PATH}:/home/will/Will/RANCS/RANCS-introduction/ros2/install/vehicle_status_py:/home/will/Will/RANCS/RANCS-introduction/ros2/install/talker_listener_py:/home/will/Will/RANCS/RANCS-introduction/ros2/install/imu_py:/opt/ros/humble DEBUGINFOD_URLS=https://debuginfod.archlinux.org PS1=[\u@\h \W]\$ /usr/bin/cmake --build /home/will/Will/RANCS/RANCS-introduction/ros2/build/imu -- -j12 -l12
[0.637s] INFO:colcon.colcon_core.task.python.build:Building Python package in '/home/will/Will/RANCS/RANCS-introduction/ros2/src/imu_py'
[0.637s] INFO:colcon.colcon_core.shell:Skip shell extension 'powershell' for command environment: Not usable outside of PowerShell
[0.637s] DEBUG:colcon.colcon_core.shell:Skip shell extension 'dsv' for command environment
[0.647s] DEBUG:colcon.colcon_core.event_handler.log_command:Invoking command in '/home/will/Will/RANCS/RANCS-introduction/ros2/build/talker_listener': CMAKE_PREFIX_PATH=${CMAKE_PREFIX_PATH}:/home/will/Will/RANCS/RANCS-introduction/ros2/install/vehicle_status_py:/home/will/Will/RANCS/RANCS-introduction/ros2/install/talker_listener_py:/home/will/Will/RANCS/RANCS-introduction/ros2/install/imu_py:/opt/ros/humble DEBUGINFOD_URLS=https://debuginfod.archlinux.org PS1=[\u@\h \W]\$ /usr/bin/cmake --build /home/will/Will/RANCS/RANCS-introduction/ros2/build/talker_listener -- -j12 -l12
[0.895s] INFO:colcon.colcon_core.task.python.build:Building Python package in '/home/will/Will/RANCS/RANCS-introduction/ros2/src/talker_listener_py'
[0.896s] INFO:colcon.colcon_core.shell:Skip shell extension 'powershell' for command environment: Not usable outside of PowerShell
[0.896s] DEBUG:colcon.colcon_core.shell:Skip shell extension 'dsv' for command environment
[0.907s] DEBUG:colcon.colcon_core.event_handler.log_command:Invoked command in '/home/will/Will/RANCS/RANCS-introduction/ros2/build/talker_listener' returned '0': CMAKE_PREFIX_PATH=${CMAKE_PREFIX_PATH}:/home/will/Will/RANCS/RANCS-introduction/ros2/install/vehicle_status_py:/home/will/Will/RANCS/RANCS-introduction/ros2/install/talker_listener_py:/home/will/Will/RANCS/RANCS-introduction/ros2/install/imu_py:/opt/ros/humble DEBUGINFOD_URLS=https://debuginfod.archlinux.org PS1=[\u@\h \W]\$ /usr/bin/cmake --build /home/will/Will/RANCS/RANCS-introduction/ros2/build/talker_listener -- -j12 -l12
[0.920s] DEBUG:colcon.colcon_core.event_handler.log_command:Invoking command in '/home/will/Will/RANCS/RANCS-introduction/ros2/build/talker_listener': CMAKE_PREFIX_PATH=${CMAKE_PREFIX_PATH}:/home/will/Will/RANCS/RANCS-introduction/ros2/install/vehicle_status_py:/home/will/Will/RANCS/RANCS-introduction/ros2/install/talker_listener_py:/home/will/Will/RANCS/RANCS-introduction/ros2/install/imu_py:/opt/ros/humble DEBUGINFOD_URLS=https://debuginfod.archlinux.org PS1=[\u@\h \W]\$ /usr/bin/cmake --install /home/will/Will/RANCS/RANCS-introduction/ros2/build/talker_listener
[0.920s] DEBUG:colcon.colcon_core.event_handler.log_command:Invoked command in '/home/will/Will/RANCS/RANCS-introduction/ros2/build/interfaces' returned '0': CMAKE_PREFIX_PATH=${CMAKE_PREFIX_PATH}:/home/will/Will/RANCS/RANCS-introduction/ros2/install/vehicle_status_py:/home/will/Will/RANCS/RANCS-introduction/ros2/install/talker_listener_py:/home/will/Will/RANCS/RANCS-introduction/ros2/install/imu_py:/opt/ros/humble DEBUGINFOD_URLS=https://debuginfod.archlinux.org PS1=[\u@\h \W]\$ /usr/bin/cmake --build /home/will/Will/RANCS/RANCS-introduction/ros2/build/interfaces -- -j12 -l12
[0.922s] DEBUG:colcon.colcon_core.event_handler.log_command:Invoking command in '/home/will/Will/RANCS/RANCS-introduction/ros2/build/interfaces': CMAKE_PREFIX_PATH=${CMAKE_PREFIX_PATH}:/home/will/Will/RANCS/RANCS-introduction/ros2/install/vehicle_status_py:/home/will/Will/RANCS/RANCS-introduction/ros2/install/talker_listener_py:/home/will/Will/RANCS/RANCS-introduction/ros2/install/imu_py:/opt/ros/humble DEBUGINFOD_URLS=https://debuginfod.archlinux.org PS1=[\u@\h \W]\$ /usr/bin/cmake --install /home/will/Will/RANCS/RANCS-introduction/ros2/build/interfaces
[0.936s] Level 1:colcon.colcon_core.environment:create_environment_scripts_only(talker_listener)
[0.938s] DEBUG:colcon.colcon_core.event_handler.log_command:Invoked command in '/home/will/Will/RANCS/RANCS-introduction/ros2/build/talker_listener' returned '0': CMAKE_PREFIX_PATH=${CMAKE_PREFIX_PATH}:/home/will/Will/RANCS/RANCS-introduction/ros2/install/vehicle_status_py:/home/will/Will/RANCS/RANCS-introduction/ros2/install/talker_listener_py:/home/will/Will/RANCS/RANCS-introduction/ros2/install/imu_py:/opt/ros/humble DEBUGINFOD_URLS=https://debuginfod.archlinux.org PS1=[\u@\h \W]\$ /usr/bin/cmake --install /home/will/Will/RANCS/RANCS-introduction/ros2/build/talker_listener
[0.944s] Level 1:colcon.colcon_core.environment:checking '/home/will/Will/RANCS/RANCS-introduction/ros2/install/talker_listener' for CMake module files
[0.944s] Level 1:colcon.colcon_core.environment:checking '/home/will/Will/RANCS/RANCS-introduction/ros2/install/talker_listener' for CMake config files
[0.945s] Level 1:colcon.colcon_core.shell:create_environment_hook('talker_listener', 'cmake_prefix_path')
[0.945s] INFO:colcon.colcon_core.shell:Creating environment hook '/home/will/Will/RANCS/RANCS-introduction/ros2/install/talker_listener/share/talker_listener/hook/cmake_prefix_path.ps1'
[0.946s] INFO:colcon.colcon_core.shell:Creating environment descriptor '/home/will/Will/RANCS/RANCS-introduction/ros2/install/talker_listener/share/talker_listener/hook/cmake_prefix_path.dsv'
[0.946s] INFO:colcon.colcon_core.shell:Creating environment hook '/home/will/Will/RANCS/RANCS-introduction/ros2/install/talker_listener/share/talker_listener/hook/cmake_prefix_path.sh'
[0.948s] Level 1:colcon.colcon_core.environment:checking '/home/will/Will/RANCS/RANCS-introduction/ros2/install/talker_listener/lib'
[0.948s] Level 1:colcon.colcon_core.environment:checking '/home/will/Will/RANCS/RANCS-introduction/ros2/install/talker_listener/bin'
[0.948s] Level 1:colcon.colcon_core.environment:checking '/home/will/Will/RANCS/RANCS-introduction/ros2/install/talker_listener/lib/pkgconfig/talker_listener.pc'
[0.949s] Level 1:colcon.colcon_core.environment:checking '/home/will/Will/RANCS/RANCS-introduction/ros2/install/talker_listener/lib/python3.10/site-packages'
[0.949s] Level 1:colcon.colcon_core.environment:checking '/home/will/Will/RANCS/RANCS-introduction/ros2/install/talker_listener/bin'
[0.950s] INFO:colcon.colcon_core.shell:Creating package script '/home/will/Will/RANCS/RANCS-introduction/ros2/install/talker_listener/share/talker_listener/package.ps1'
[0.951s] INFO:colcon.colcon_core.shell:Creating package descriptor '/home/will/Will/RANCS/RANCS-introduction/ros2/install/talker_listener/share/talker_listener/package.dsv'
[0.952s] INFO:colcon.colcon_core.shell:Creating package script '/home/will/Will/RANCS/RANCS-introduction/ros2/install/talker_listener/share/talker_listener/package.sh'
[0.952s] INFO:colcon.colcon_core.shell:Creating package script '/home/will/Will/RANCS/RANCS-introduction/ros2/install/talker_listener/share/talker_listener/package.bash'
[0.953s] INFO:colcon.colcon_core.shell:Creating package script '/home/will/Will/RANCS/RANCS-introduction/ros2/install/talker_listener/share/talker_listener/package.zsh'
[0.954s] Level 1:colcon.colcon_core.environment:create_file_with_runtime_dependencies(/home/will/Will/RANCS/RANCS-introduction/ros2/install/talker_listener/share/colcon-core/packages/talker_listener)
[0.954s] Level 1:colcon.colcon_core.environment:create_environment_scripts_only(talker_listener)
[0.955s] Level 1:colcon.colcon_core.environment:checking '/home/will/Will/RANCS/RANCS-introduction/ros2/install/talker_listener' for CMake module files
[0.955s] Level 1:colcon.colcon_core.environment:checking '/home/will/Will/RANCS/RANCS-introduction/ros2/install/talker_listener' for CMake config files
[0.955s] Level 1:colcon.colcon_core.shell:create_environment_hook('talker_listener', 'cmake_prefix_path')
[0.955s] INFO:colcon.colcon_core.shell:Creating environment hook '/home/will/Will/RANCS/RANCS-introduction/ros2/install/talker_listener/share/talker_listener/hook/cmake_prefix_path.ps1'
[0.956s] INFO:colcon.colcon_core.shell:Creating environment descriptor '/home/will/Will/RANCS/RANCS-introduction/ros2/install/talker_listener/share/talker_listener/hook/cmake_prefix_path.dsv'
[0.956s] INFO:colcon.colcon_core.shell:Creating environment hook '/home/will/Will/RANCS/RANCS-introduction/ros2/install/talker_listener/share/talker_listener/hook/cmake_prefix_path.sh'
[0.956s] Level 1:colcon.colcon_core.environment:checking '/home/will/Will/RANCS/RANCS-introduction/ros2/install/talker_listener/lib'
[0.957s] Level 1:colcon.colcon_core.environment:checking '/home/will/Will/RANCS/RANCS-introduction/ros2/install/talker_listener/bin'
[0.957s] Level 1:colcon.colcon_core.environment:checking '/home/will/Will/RANCS/RANCS-introduction/ros2/install/talker_listener/lib/pkgconfig/talker_listener.pc'
[0.957s] Level 1:colcon.colcon_core.environment:checking '/home/will/Will/RANCS/RANCS-introduction/ros2/install/talker_listener/lib/python3.10/site-packages'
[0.957s] Level 1:colcon.colcon_core.environment:checking '/home/will/Will/RANCS/RANCS-introduction/ros2/install/talker_listener/bin'
[0.958s] INFO:colcon.colcon_core.shell:Creating package script '/home/will/Will/RANCS/RANCS-introduction/ros2/install/talker_listener/share/talker_listener/package.ps1'
[0.960s] INFO:colcon.colcon_core.shell:Creating package descriptor '/home/will/Will/RANCS/RANCS-introduction/ros2/install/talker_listener/share/talker_listener/package.dsv'
[0.961s] INFO:colcon.colcon_core.shell:Creating package script '/home/will/Will/RANCS/RANCS-introduction/ros2/install/talker_listener/share/talker_listener/package.sh'
[0.961s] INFO:colcon.colcon_core.shell:Creating package script '/home/will/Will/RANCS/RANCS-introduction/ros2/install/talker_listener/share/talker_listener/package.bash'
[0.962s] INFO:colcon.colcon_core.shell:Creating package script '/home/will/Will/RANCS/RANCS-introduction/ros2/install/talker_listener/share/talker_listener/package.zsh'
[0.964s] Level 1:colcon.colcon_core.environment:create_file_with_runtime_dependencies(/home/will/Will/RANCS/RANCS-introduction/ros2/install/talker_listener/share/colcon-core/packages/talker_listener)
[1.005s] Level 1:colcon.colcon_core.environment:create_environment_scripts_only(interfaces)
[1.006s] Level 1:colcon.colcon_core.environment:checking '/home/will/Will/RANCS/RANCS-introduction/ros2/install/interfaces' for CMake module files
[1.006s] DEBUG:colcon.colcon_core.event_handler.log_command:Invoked command in '/home/will/Will/RANCS/RANCS-introduction/ros2/build/interfaces' returned '0': CMAKE_PREFIX_PATH=${CMAKE_PREFIX_PATH}:/home/will/Will/RANCS/RANCS-introduction/ros2/install/vehicle_status_py:/home/will/Will/RANCS/RANCS-introduction/ros2/install/talker_listener_py:/home/will/Will/RANCS/RANCS-introduction/ros2/install/imu_py:/opt/ros/humble DEBUGINFOD_URLS=https://debuginfod.archlinux.org PS1=[\u@\h \W]\$ /usr/bin/cmake --install /home/will/Will/RANCS/RANCS-introduction/ros2/build/interfaces
[1.007s] Level 1:colcon.colcon_core.environment:checking '/home/will/Will/RANCS/RANCS-introduction/ros2/install/interfaces' for CMake config files
[1.007s] Level 1:colcon.colcon_core.shell:create_environment_hook('interfaces', 'cmake_prefix_path')
[1.008s] INFO:colcon.colcon_core.shell:Creating environment hook '/home/will/Will/RANCS/RANCS-introduction/ros2/install/interfaces/share/interfaces/hook/cmake_prefix_path.ps1'
[1.009s] INFO:colcon.colcon_core.shell:Creating environment descriptor '/home/will/Will/RANCS/RANCS-introduction/ros2/install/interfaces/share/interfaces/hook/cmake_prefix_path.dsv'
[1.010s] INFO:colcon.colcon_core.shell:Creating environment hook '/home/will/Will/RANCS/RANCS-introduction/ros2/install/interfaces/share/interfaces/hook/cmake_prefix_path.sh'
[1.011s] Level 1:colcon.colcon_core.environment:checking '/home/will/Will/RANCS/RANCS-introduction/ros2/install/interfaces/lib'
[1.011s] Level 1:colcon.colcon_core.shell:create_environment_hook('interfaces', 'ld_library_path_lib')
[1.011s] INFO:colcon.colcon_core.shell:Creating environment hook '/home/will/Will/RANCS/RANCS-introduction/ros2/install/interfaces/share/interfaces/hook/ld_library_path_lib.ps1'
[1.012s] INFO:colcon.colcon_core.shell:Creating environment descriptor '/home/will/Will/RANCS/RANCS-introduction/ros2/install/interfaces/share/interfaces/hook/ld_library_path_lib.dsv'
[1.012s] INFO:colcon.colcon_core.shell:Creating environment hook '/home/will/Will/RANCS/RANCS-introduction/ros2/install/interfaces/share/interfaces/hook/ld_library_path_lib.sh'
[1.013s] Level 1:colcon.colcon_core.environment:checking '/home/will/Will/RANCS/RANCS-introduction/ros2/install/interfaces/bin'
[1.013s] Level 1:colcon.colcon_core.environment:checking '/home/will/Will/RANCS/RANCS-introduction/ros2/install/interfaces/lib/pkgconfig/interfaces.pc'
[1.014s] Level 1:colcon.colcon_core.environment:checking '/home/will/Will/RANCS/RANCS-introduction/ros2/install/interfaces/lib/python3.10/site-packages'
[1.014s] Level 1:colcon.colcon_core.environment:checking '/home/will/Will/RANCS/RANCS-introduction/ros2/install/interfaces/bin'
[1.015s] INFO:colcon.colcon_core.shell:Creating package script '/home/will/Will/RANCS/RANCS-introduction/ros2/install/interfaces/share/interfaces/package.ps1'
[1.016s] INFO:colcon.colcon_core.shell:Creating package descriptor '/home/will/Will/RANCS/RANCS-introduction/ros2/install/interfaces/share/interfaces/package.dsv'
[1.017s] INFO:colcon.colcon_core.shell:Creating package script '/home/will/Will/RANCS/RANCS-introduction/ros2/install/interfaces/share/interfaces/package.sh'
[1.018s] INFO:colcon.colcon_core.shell:Creating package script '/home/will/Will/RANCS/RANCS-introduction/ros2/install/interfaces/share/interfaces/package.bash'
[1.018s] INFO:colcon.colcon_core.shell:Creating package script '/home/will/Will/RANCS/RANCS-introduction/ros2/install/interfaces/share/interfaces/package.zsh'
[1.018s] Level 1:colcon.colcon_core.environment:create_file_with_runtime_dependencies(/home/will/Will/RANCS/RANCS-introduction/ros2/install/interfaces/share/colcon-core/packages/interfaces)
[1.019s] Level 1:colcon.colcon_core.environment:create_environment_scripts_only(interfaces)
[1.019s] Level 1:colcon.colcon_core.environment:checking '/home/will/Will/RANCS/RANCS-introduction/ros2/install/interfaces' for CMake module files
[1.019s] Level 1:colcon.colcon_core.environment:checking '/home/will/Will/RANCS/RANCS-introduction/ros2/install/interfaces' for CMake config files
[1.020s] Level 1:colcon.colcon_core.shell:create_environment_hook('interfaces', 'cmake_prefix_path')
[1.020s] INFO:colcon.colcon_core.shell:Creating environment hook '/home/will/Will/RANCS/RANCS-introduction/ros2/install/interfaces/share/interfaces/hook/cmake_prefix_path.ps1'
[1.020s] INFO:colcon.colcon_core.shell:Creating environment descriptor '/home/will/Will/RANCS/RANCS-introduction/ros2/install/interfaces/share/interfaces/hook/cmake_prefix_path.dsv'
[1.021s] INFO:colcon.colcon_core.shell:Creating environment hook '/home/will/Will/RANCS/RANCS-introduction/ros2/install/interfaces/share/interfaces/hook/cmake_prefix_path.sh'
[1.021s] Level 1:colcon.colcon_core.environment:checking '/home/will/Will/RANCS/RANCS-introduction/ros2/install/interfaces/lib'
[1.022s] Level 1:colcon.colcon_core.shell:create_environment_hook('interfaces', 'ld_library_path_lib')
[1.022s] INFO:colcon.colcon_core.shell:Creating environment hook '/home/will/Will/RANCS/RANCS-introduction/ros2/install/interfaces/share/interfaces/hook/ld_library_path_lib.ps1'
[1.022s] INFO:colcon.colcon_core.shell:Creating environment descriptor '/home/will/Will/RANCS/RANCS-introduction/ros2/install/interfaces/share/interfaces/hook/ld_library_path_lib.dsv'
[1.023s] INFO:colcon.colcon_core.shell:Creating environment hook '/home/will/Will/RANCS/RANCS-introduction/ros2/install/interfaces/share/interfaces/hook/ld_library_path_lib.sh'
[1.024s] Level 1:colcon.colcon_core.environment:checking '/home/will/Will/RANCS/RANCS-introduction/ros2/install/interfaces/bin'
[1.024s] Level 1:colcon.colcon_core.environment:checking '/home/will/Will/RANCS/RANCS-introduction/ros2/install/interfaces/lib/pkgconfig/interfaces.pc'
[1.024s] Level 1:colcon.colcon_core.environment:checking '/home/will/Will/RANCS/RANCS-introduction/ros2/install/interfaces/lib/python3.10/site-packages'
[1.024s] Level 1:colcon.colcon_core.environment:checking '/home/will/Will/RANCS/RANCS-introduction/ros2/install/interfaces/bin'
[1.025s] INFO:colcon.colcon_core.shell:Creating package script '/home/will/Will/RANCS/RANCS-introduction/ros2/install/interfaces/share/interfaces/package.ps1'
[1.026s] INFO:colcon.colcon_core.shell:Creating package descriptor '/home/will/Will/RANCS/RANCS-introduction/ros2/install/interfaces/share/interfaces/package.dsv'
[1.028s] INFO:colcon.colcon_core.shell:Creating package script '/home/will/Will/RANCS/RANCS-introduction/ros2/install/interfaces/share/interfaces/package.sh'
[1.028s] INFO:colcon.colcon_core.shell:Creating package script '/home/will/Will/RANCS/RANCS-introduction/ros2/install/interfaces/share/interfaces/package.bash'
[1.029s] INFO:colcon.colcon_core.shell:Creating package script '/home/will/Will/RANCS/RANCS-introduction/ros2/install/interfaces/share/interfaces/package.zsh'
[1.029s] Level 1:colcon.colcon_core.environment:create_file_with_runtime_dependencies(/home/will/Will/RANCS/RANCS-introduction/ros2/install/interfaces/share/colcon-core/packages/interfaces)
[1.030s] INFO:colcon.colcon_ros.task.ament_cmake.build:Building ROS package in '/home/will/Will/RANCS/RANCS-introduction/ros2/src/vehicle_status' with build type 'ament_cmake'
[1.030s] INFO:colcon.colcon_cmake.task.cmake.build:Building CMake package in '/home/will/Will/RANCS/RANCS-introduction/ros2/src/vehicle_status'
[1.030s] INFO:colcon.colcon_core.shell:Skip shell extension 'powershell' for command environment: Not usable outside of PowerShell
[1.030s] DEBUG:colcon.colcon_core.shell:Skip shell extension 'dsv' for command environment
[1.036s] INFO:colcon.colcon_ros.task.ament_python.build:Building ROS package in '/home/will/Will/RANCS/RANCS-introduction/ros2/src/vehicle_status_py' with build type 'ament_python'
[1.037s] Level 1:colcon.colcon_core.shell:create_environment_hook('vehicle_status_py', 'ament_prefix_path')
[1.037s] INFO:colcon.colcon_core.shell:Creating environment hook '/home/will/Will/RANCS/RANCS-introduction/ros2/install/vehicle_status_py/share/vehicle_status_py/hook/ament_prefix_path.ps1'
[1.039s] INFO:colcon.colcon_core.shell:Creating environment descriptor '/home/will/Will/RANCS/RANCS-introduction/ros2/install/vehicle_status_py/share/vehicle_status_py/hook/ament_prefix_path.dsv'
[1.039s] INFO:colcon.colcon_core.shell:Creating environment hook '/home/will/Will/RANCS/RANCS-introduction/ros2/install/vehicle_status_py/share/vehicle_status_py/hook/ament_prefix_path.sh'
[1.040s] INFO:colcon.colcon_core.shell:Skip shell extension 'powershell' for command environment: Not usable outside of PowerShell
[1.040s] DEBUG:colcon.colcon_core.shell:Skip shell extension 'dsv' for command environment
[1.053s] DEBUG:colcon.colcon_core.event_handler.log_command:Invoking command in '/home/will/Will/RANCS/RANCS-introduction/ros2/build/vehicle_status': CMAKE_PREFIX_PATH=/home/will/Will/RANCS/RANCS-introduction/ros2/install/interfaces:/home/will/Will/RANCS/RANCS-introduction/ros2/install/vehicle_status:/home/will/Will/RANCS/RANCS-introduction/ros2/install/talker_listener:/home/will/Will/RANCS/RANCS-introduction/ros2/install/imu:/home/will/Will/RANCS/RANCS-introduction/ros2/install/vehicle_status_py:/home/will/Will/RANCS/RANCS-introduction/ros2/install/talker_listener_py:/home/will/Will/RANCS/RANCS-introduction/ros2/install/imu_py:/opt/ros/humble DEBUGINFOD_URLS=https://debuginfod.archlinux.org PS1=[\u@\h \W]\$ /usr/bin/cmake --build /home/will/Will/RANCS/RANCS-introduction/ros2/build/vehicle_status -- -j12 -l12
[1.352s] INFO:colcon.colcon_core.task.python.build:Building Python package in '/home/will/Will/RANCS/RANCS-introduction/ros2/src/vehicle_status_py'
[1.353s] INFO:colcon.colcon_core.shell:Skip shell extension 'powershell' for command environment: Not usable outside of PowerShell
[1.353s] DEBUG:colcon.colcon_core.shell:Skip shell extension 'dsv' for command environment
[1.362s] DEBUG:colcon.colcon_core.event_handler.log_command:Invoking command in '/home/will/Will/RANCS/RANCS-introduction/ros2/src/talker_listener_py': DEBUGINFOD_URLS=https://debuginfod.archlinux.org PS1=[\u@\h \W]\$ PYTHONPATH=/home/will/Will/RANCS/RANCS-introduction/ros2/build/talker_listener_py/prefix_override:/usr/lib/python3/dist-packages/colcon_core/task/python/colcon_distutils_commands:/home/will/Will/RANCS/RANCS-introduction/ros2/install/talker_listener_py/lib/python3.10/site-packages:${PYTHONPATH} /usr/bin/python3 -W ignore:setup.py install is deprecated -W ignore:easy_install command is deprecated setup.py egg_info --egg-base ../../build/talker_listener_py build --build-base /home/will/Will/RANCS/RANCS-introduction/ros2/build/talker_listener_py/build install --record /home/will/Will/RANCS/RANCS-introduction/ros2/build/talker_listener_py/install.log --single-version-externally-managed install_data
[1.363s] DEBUG:colcon.colcon_core.event_handler.log_command:Invoked command in '/home/will/Will/RANCS/RANCS-introduction/ros2/build/vehicle_status' returned '0': CMAKE_PREFIX_PATH=/home/will/Will/RANCS/RANCS-introduction/ros2/install/interfaces:/home/will/Will/RANCS/RANCS-introduction/ros2/install/vehicle_status:/home/will/Will/RANCS/RANCS-introduction/ros2/install/talker_listener:/home/will/Will/RANCS/RANCS-introduction/ros2/install/imu:/home/will/Will/RANCS/RANCS-introduction/ros2/install/vehicle_status_py:/home/will/Will/RANCS/RANCS-introduction/ros2/install/talker_listener_py:/home/will/Will/RANCS/RANCS-introduction/ros2/install/imu_py:/opt/ros/humble DEBUGINFOD_URLS=https://debuginfod.archlinux.org PS1=[\u@\h \W]\$ /usr/bin/cmake --build /home/will/Will/RANCS/RANCS-introduction/ros2/build/vehicle_status -- -j12 -l12
[1.364s] DEBUG:colcon.colcon_core.event_handler.log_command:Invoking command in '/home/will/Will/RANCS/RANCS-introduction/ros2/build/vehicle_status': CMAKE_PREFIX_PATH=/home/will/Will/RANCS/RANCS-introduction/ros2/install/interfaces:/home/will/Will/RANCS/RANCS-introduction/ros2/install/vehicle_status:/home/will/Will/RANCS/RANCS-introduction/ros2/install/talker_listener:/home/will/Will/RANCS/RANCS-introduction/ros2/install/imu:/home/will/Will/RANCS/RANCS-introduction/ros2/install/vehicle_status_py:/home/will/Will/RANCS/RANCS-introduction/ros2/install/talker_listener_py:/home/will/Will/RANCS/RANCS-introduction/ros2/install/imu_py:/opt/ros/humble DEBUGINFOD_URLS=https://debuginfod.archlinux.org PS1=[\u@\h \W]\$ /usr/bin/cmake --install /home/will/Will/RANCS/RANCS-introduction/ros2/build/vehicle_status
[1.368s] DEBUG:colcon.colcon_core.event_handler.log_command:Invoking command in '/home/will/Will/RANCS/RANCS-introduction/ros2/src/imu_py': DEBUGINFOD_URLS=https://debuginfod.archlinux.org PS1=[\u@\h \W]\$ PYTHONPATH=/home/will/Will/RANCS/RANCS-introduction/ros2/build/imu_py/prefix_override:/usr/lib/python3/dist-packages/colcon_core/task/python/colcon_distutils_commands:/home/will/Will/RANCS/RANCS-introduction/ros2/install/imu_py/lib/python3.10/site-packages:${PYTHONPATH} /usr/bin/python3 -W ignore:setup.py install is deprecated -W ignore:easy_install command is deprecated setup.py egg_info --egg-base ../../build/imu_py build --build-base /home/will/Will/RANCS/RANCS-introduction/ros2/build/imu_py/build install --record /home/will/Will/RANCS/RANCS-introduction/ros2/build/imu_py/install.log --single-version-externally-managed install_data
[1.374s] Level 1:colcon.colcon_core.environment:create_environment_scripts_only(vehicle_status)
[1.375s] Level 1:colcon.colcon_core.environment:checking '/home/will/Will/RANCS/RANCS-introduction/ros2/install/vehicle_status' for CMake module files
[1.375s] DEBUG:colcon.colcon_core.event_handler.log_command:Invoked command in '/home/will/Will/RANCS/RANCS-introduction/ros2/build/vehicle_status' returned '0': CMAKE_PREFIX_PATH=/home/will/Will/RANCS/RANCS-introduction/ros2/install/interfaces:/home/will/Will/RANCS/RANCS-introduction/ros2/install/vehicle_status:/home/will/Will/RANCS/RANCS-introduction/ros2/install/talker_listener:/home/will/Will/RANCS/RANCS-introduction/ros2/install/imu:/home/will/Will/RANCS/RANCS-introduction/ros2/install/vehicle_status_py:/home/will/Will/RANCS/RANCS-introduction/ros2/install/talker_listener_py:/home/will/Will/RANCS/RANCS-introduction/ros2/install/imu_py:/opt/ros/humble DEBUGINFOD_URLS=https://debuginfod.archlinux.org PS1=[\u@\h \W]\$ /usr/bin/cmake --install /home/will/Will/RANCS/RANCS-introduction/ros2/build/vehicle_status
[1.376s] Level 1:colcon.colcon_core.environment:checking '/home/will/Will/RANCS/RANCS-introduction/ros2/install/vehicle_status' for CMake config files
[1.376s] Level 1:colcon.colcon_core.shell:create_environment_hook('vehicle_status', 'cmake_prefix_path')
[1.377s] INFO:colcon.colcon_core.shell:Creating environment hook '/home/will/Will/RANCS/RANCS-introduction/ros2/install/vehicle_status/share/vehicle_status/hook/cmake_prefix_path.ps1'
[1.378s] INFO:colcon.colcon_core.shell:Creating environment descriptor '/home/will/Will/RANCS/RANCS-introduction/ros2/install/vehicle_status/share/vehicle_status/hook/cmake_prefix_path.dsv'
[1.378s] INFO:colcon.colcon_core.shell:Creating environment hook '/home/will/Will/RANCS/RANCS-introduction/ros2/install/vehicle_status/share/vehicle_status/hook/cmake_prefix_path.sh'
[1.379s] Level 1:colcon.colcon_core.environment:checking '/home/will/Will/RANCS/RANCS-introduction/ros2/install/vehicle_status/lib'
[1.379s] Level 1:colcon.colcon_core.environment:checking '/home/will/Will/RANCS/RANCS-introduction/ros2/install/vehicle_status/bin'
[1.379s] Level 1:colcon.colcon_core.environment:checking '/home/will/Will/RANCS/RANCS-introduction/ros2/install/vehicle_status/lib/pkgconfig/vehicle_status.pc'
[1.380s] Level 1:colcon.colcon_core.environment:checking '/home/will/Will/RANCS/RANCS-introduction/ros2/install/vehicle_status/lib/python3.10/site-packages'
[1.380s] Level 1:colcon.colcon_core.environment:checking '/home/will/Will/RANCS/RANCS-introduction/ros2/install/vehicle_status/bin'
[1.380s] INFO:colcon.colcon_core.shell:Creating package script '/home/will/Will/RANCS/RANCS-introduction/ros2/install/vehicle_status/share/vehicle_status/package.ps1'
[1.381s] INFO:colcon.colcon_core.shell:Creating package descriptor '/home/will/Will/RANCS/RANCS-introduction/ros2/install/vehicle_status/share/vehicle_status/package.dsv'
[1.382s] INFO:colcon.colcon_core.shell:Creating package script '/home/will/Will/RANCS/RANCS-introduction/ros2/install/vehicle_status/share/vehicle_status/package.sh'
[1.383s] INFO:colcon.colcon_core.shell:Creating package script '/home/will/Will/RANCS/RANCS-introduction/ros2/install/vehicle_status/share/vehicle_status/package.bash'
[1.383s] INFO:colcon.colcon_core.shell:Creating package script '/home/will/Will/RANCS/RANCS-introduction/ros2/install/vehicle_status/share/vehicle_status/package.zsh'
[1.384s] Level 1:colcon.colcon_core.environment:create_file_with_runtime_dependencies(/home/will/Will/RANCS/RANCS-introduction/ros2/install/vehicle_status/share/colcon-core/packages/vehicle_status)
[1.385s] Level 1:colcon.colcon_core.environment:create_environment_scripts_only(vehicle_status)
[1.386s] Level 1:colcon.colcon_core.environment:checking '/home/will/Will/RANCS/RANCS-introduction/ros2/install/vehicle_status' for CMake module files
[1.386s] Level 1:colcon.colcon_core.environment:checking '/home/will/Will/RANCS/RANCS-introduction/ros2/install/vehicle_status' for CMake config files
[1.387s] Level 1:colcon.colcon_core.shell:create_environment_hook('vehicle_status', 'cmake_prefix_path')
[1.387s] INFO:colcon.colcon_core.shell:Creating environment hook '/home/will/Will/RANCS/RANCS-introduction/ros2/install/vehicle_status/share/vehicle_status/hook/cmake_prefix_path.ps1'
[1.388s] INFO:colcon.colcon_core.shell:Creating environment descriptor '/home/will/Will/RANCS/RANCS-introduction/ros2/install/vehicle_status/share/vehicle_status/hook/cmake_prefix_path.dsv'
[1.389s] INFO:colcon.colcon_core.shell:Creating environment hook '/home/will/Will/RANCS/RANCS-introduction/ros2/install/vehicle_status/share/vehicle_status/hook/cmake_prefix_path.sh'
[1.390s] Level 1:colcon.colcon_core.environment:checking '/home/will/Will/RANCS/RANCS-introduction/ros2/install/vehicle_status/lib'
[1.390s] Level 1:colcon.colcon_core.environment:checking '/home/will/Will/RANCS/RANCS-introduction/ros2/install/vehicle_status/bin'
[1.390s] Level 1:colcon.colcon_core.environment:checking '/home/will/Will/RANCS/RANCS-introduction/ros2/install/vehicle_status/lib/pkgconfig/vehicle_status.pc'
[1.390s] Level 1:colcon.colcon_core.environment:checking '/home/will/Will/RANCS/RANCS-introduction/ros2/install/vehicle_status/lib/python3.10/site-packages'
[1.391s] Level 1:colcon.colcon_core.environment:checking '/home/will/Will/RANCS/RANCS-introduction/ros2/install/vehicle_status/bin'
[1.392s] INFO:colcon.colcon_core.shell:Creating package script '/home/will/Will/RANCS/RANCS-introduction/ros2/install/vehicle_status/share/vehicle_status/package.ps1'
[1.394s] INFO:colcon.colcon_core.shell:Creating package descriptor '/home/will/Will/RANCS/RANCS-introduction/ros2/install/vehicle_status/share/vehicle_status/package.dsv'
[1.395s] INFO:colcon.colcon_core.shell:Creating package script '/home/will/Will/RANCS/RANCS-introduction/ros2/install/vehicle_status/share/vehicle_status/package.sh'
[1.396s] INFO:colcon.colcon_core.shell:Creating package script '/home/will/Will/RANCS/RANCS-introduction/ros2/install/vehicle_status/share/vehicle_status/package.bash'
[1.397s] INFO:colcon.colcon_core.shell:Creating package script '/home/will/Will/RANCS/RANCS-introduction/ros2/install/vehicle_status/share/vehicle_status/package.zsh'
[1.397s] Level 1:colcon.colcon_core.environment:create_file_with_runtime_dependencies(/home/will/Will/RANCS/RANCS-introduction/ros2/install/vehicle_status/share/colcon-core/packages/vehicle_status)
[1.704s] Level 1:colcon.colcon_core.environment:checking '/home/will/Will/RANCS/RANCS-introduction/ros2/install/talker_listener_py' for CMake module files
[1.705s] DEBUG:colcon.colcon_core.event_handler.log_command:Invoked command in '/home/will/Will/RANCS/RANCS-introduction/ros2/src/talker_listener_py' returned '0': DEBUGINFOD_URLS=https://debuginfod.archlinux.org PS1=[\u@\h \W]\$ PYTHONPATH=/home/will/Will/RANCS/RANCS-introduction/ros2/build/talker_listener_py/prefix_override:/usr/lib/python3/dist-packages/colcon_core/task/python/colcon_distutils_commands:/home/will/Will/RANCS/RANCS-introduction/ros2/install/talker_listener_py/lib/python3.10/site-packages:${PYTHONPATH} /usr/bin/python3 -W ignore:setup.py install is deprecated -W ignore:easy_install command is deprecated setup.py egg_info --egg-base ../../build/talker_listener_py build --build-base /home/will/Will/RANCS/RANCS-introduction/ros2/build/talker_listener_py/build install --record /home/will/Will/RANCS/RANCS-introduction/ros2/build/talker_listener_py/install.log --single-version-externally-managed install_data
[1.705s] Level 1:colcon.colcon_core.environment:checking '/home/will/Will/RANCS/RANCS-introduction/ros2/install/talker_listener_py' for CMake config files
[1.706s] Level 1:colcon.colcon_core.environment:checking '/home/will/Will/RANCS/RANCS-introduction/ros2/install/talker_listener_py/lib'
[1.706s] Level 1:colcon.colcon_core.environment:checking '/home/will/Will/RANCS/RANCS-introduction/ros2/install/talker_listener_py/bin'
[1.706s] Level 1:colcon.colcon_core.environment:checking '/home/will/Will/RANCS/RANCS-introduction/ros2/install/talker_listener_py/lib/pkgconfig/talker_listener_py.pc'
[1.706s] Level 1:colcon.colcon_core.environment:checking '/home/will/Will/RANCS/RANCS-introduction/ros2/install/talker_listener_py/lib/python3.10/site-packages'
[1.706s] Level 1:colcon.colcon_core.shell:create_environment_hook('talker_listener_py', 'pythonpath')
[1.706s] INFO:colcon.colcon_core.shell:Creating environment hook '/home/will/Will/RANCS/RANCS-introduction/ros2/install/talker_listener_py/share/talker_listener_py/hook/pythonpath.ps1'
[1.707s] INFO:colcon.colcon_core.shell:Creating environment descriptor '/home/will/Will/RANCS/RANCS-introduction/ros2/install/talker_listener_py/share/talker_listener_py/hook/pythonpath.dsv'
[1.707s] INFO:colcon.colcon_core.shell:Creating environment hook '/home/will/Will/RANCS/RANCS-introduction/ros2/install/talker_listener_py/share/talker_listener_py/hook/pythonpath.sh'
[1.710s] Level 1:colcon.colcon_core.environment:checking '/home/will/Will/RANCS/RANCS-introduction/ros2/install/talker_listener_py/bin'
[1.710s] Level 1:colcon.colcon_core.environment:create_environment_scripts_only(talker_listener_py)
[1.711s] INFO:colcon.colcon_core.shell:Creating package script '/home/will/Will/RANCS/RANCS-introduction/ros2/install/talker_listener_py/share/talker_listener_py/package.ps1'
[1.712s] INFO:colcon.colcon_core.shell:Creating package descriptor '/home/will/Will/RANCS/RANCS-introduction/ros2/install/talker_listener_py/share/talker_listener_py/package.dsv'
[1.713s] INFO:colcon.colcon_core.shell:Creating package script '/home/will/Will/RANCS/RANCS-introduction/ros2/install/talker_listener_py/share/talker_listener_py/package.sh'
[1.714s] INFO:colcon.colcon_core.shell:Creating package script '/home/will/Will/RANCS/RANCS-introduction/ros2/install/talker_listener_py/share/talker_listener_py/package.bash'
[1.714s] INFO:colcon.colcon_core.shell:Creating package script '/home/will/Will/RANCS/RANCS-introduction/ros2/install/talker_listener_py/share/talker_listener_py/package.zsh'
[1.716s] Level 1:colcon.colcon_core.environment:create_file_with_runtime_dependencies(/home/will/Will/RANCS/RANCS-introduction/ros2/install/talker_listener_py/share/colcon-core/packages/talker_listener_py)
[1.746s] Level 1:colcon.colcon_core.environment:checking '/home/will/Will/RANCS/RANCS-introduction/ros2/install/imu_py' for CMake module files
[1.747s] DEBUG:colcon.colcon_core.event_handler.log_command:Invoked command in '/home/will/Will/RANCS/RANCS-introduction/ros2/src/imu_py' returned '0': DEBUGINFOD_URLS=https://debuginfod.archlinux.org PS1=[\u@\h \W]\$ PYTHONPATH=/home/will/Will/RANCS/RANCS-introduction/ros2/build/imu_py/prefix_override:/usr/lib/python3/dist-packages/colcon_core/task/python/colcon_distutils_commands:/home/will/Will/RANCS/RANCS-introduction/ros2/install/imu_py/lib/python3.10/site-packages:${PYTHONPATH} /usr/bin/python3 -W ignore:setup.py install is deprecated -W ignore:easy_install command is deprecated setup.py egg_info --egg-base ../../build/imu_py build --build-base /home/will/Will/RANCS/RANCS-introduction/ros2/build/imu_py/build install --record /home/will/Will/RANCS/RANCS-introduction/ros2/build/imu_py/install.log --single-version-externally-managed install_data
[1.747s] Level 1:colcon.colcon_core.environment:checking '/home/will/Will/RANCS/RANCS-introduction/ros2/install/imu_py' for CMake config files
[1.748s] Level 1:colcon.colcon_core.environment:checking '/home/will/Will/RANCS/RANCS-introduction/ros2/install/imu_py/lib'
[1.748s] Level 1:colcon.colcon_core.environment:checking '/home/will/Will/RANCS/RANCS-introduction/ros2/install/imu_py/bin'
[1.748s] Level 1:colcon.colcon_core.environment:checking '/home/will/Will/RANCS/RANCS-introduction/ros2/install/imu_py/lib/pkgconfig/imu_py.pc'
[1.749s] Level 1:colcon.colcon_core.environment:checking '/home/will/Will/RANCS/RANCS-introduction/ros2/install/imu_py/lib/python3.10/site-packages'
[1.749s] Level 1:colcon.colcon_core.shell:create_environment_hook('imu_py', 'pythonpath')
[1.749s] INFO:colcon.colcon_core.shell:Creating environment hook '/home/will/Will/RANCS/RANCS-introduction/ros2/install/imu_py/share/imu_py/hook/pythonpath.ps1'
[1.750s] INFO:colcon.colcon_core.shell:Creating environment descriptor '/home/will/Will/RANCS/RANCS-introduction/ros2/install/imu_py/share/imu_py/hook/pythonpath.dsv'
[1.750s] INFO:colcon.colcon_core.shell:Creating environment hook '/home/will/Will/RANCS/RANCS-introduction/ros2/install/imu_py/share/imu_py/hook/pythonpath.sh'
[1.751s] Level 1:colcon.colcon_core.environment:checking '/home/will/Will/RANCS/RANCS-introduction/ros2/install/imu_py/bin'
[1.751s] Level 1:colcon.colcon_core.environment:create_environment_scripts_only(imu_py)
[1.751s] INFO:colcon.colcon_core.shell:Creating package script '/home/will/Will/RANCS/RANCS-introduction/ros2/install/imu_py/share/imu_py/package.ps1'
[1.752s] INFO:colcon.colcon_core.shell:Creating package descriptor '/home/will/Will/RANCS/RANCS-introduction/ros2/install/imu_py/share/imu_py/package.dsv'
[1.752s] INFO:colcon.colcon_core.shell:Creating package script '/home/will/Will/RANCS/RANCS-introduction/ros2/install/imu_py/share/imu_py/package.sh'
[1.753s] INFO:colcon.colcon_core.shell:Creating package script '/home/will/Will/RANCS/RANCS-introduction/ros2/install/imu_py/share/imu_py/package.bash'
[1.753s] INFO:colcon.colcon_core.shell:Creating package script '/home/will/Will/RANCS/RANCS-introduction/ros2/install/imu_py/share/imu_py/package.zsh'
[1.753s] Level 1:colcon.colcon_core.environment:create_file_with_runtime_dependencies(/home/will/Will/RANCS/RANCS-introduction/ros2/install/imu_py/share/colcon-core/packages/imu_py)
[1.756s] DEBUG:colcon.colcon_core.event_handler.log_command:Invoking command in '/home/will/Will/RANCS/RANCS-introduction/ros2/src/vehicle_status_py': CMAKE_PREFIX_PATH=/home/will/Will/RANCS/RANCS-introduction/ros2/install/interfaces:/home/will/Will/RANCS/RANCS-introduction/ros2/install/vehicle_status:/home/will/Will/RANCS/RANCS-introduction/ros2/install/talker_listener:/home/will/Will/RANCS/RANCS-introduction/ros2/install/imu DEBUGINFOD_URLS=https://debuginfod.archlinux.org PS1=[\u@\h \W]\$ PYTHONPATH=/home/will/Will/RANCS/RANCS-introduction/ros2/build/vehicle_status_py/prefix_override:/usr/lib/python3/dist-packages/colcon_core/task/python/colcon_distutils_commands:/home/will/Will/RANCS/RANCS-introduction/ros2/install/vehicle_status_py/lib/python3.10/site-packages:${PYTHONPATH} /usr/bin/python3 -W ignore:setup.py install is deprecated -W ignore:easy_install command is deprecated setup.py egg_info --egg-base ../../build/vehicle_status_py build --build-base /home/will/Will/RANCS/RANCS-introduction/ros2/build/vehicle_status_py/build install --record /home/will/Will/RANCS/RANCS-introduction/ros2/build/vehicle_status_py/install.log --single-version-externally-managed install_data
[2.034s] Level 1:colcon.colcon_core.environment:checking '/home/will/Will/RANCS/RANCS-introduction/ros2/install/vehicle_status_py' for CMake module files
[2.035s] DEBUG:colcon.colcon_core.event_handler.log_command:Invoked command in '/home/will/Will/RANCS/RANCS-introduction/ros2/src/vehicle_status_py' returned '0': CMAKE_PREFIX_PATH=/home/will/Will/RANCS/RANCS-introduction/ros2/install/interfaces:/home/will/Will/RANCS/RANCS-introduction/ros2/install/vehicle_status:/home/will/Will/RANCS/RANCS-introduction/ros2/install/talker_listener:/home/will/Will/RANCS/RANCS-introduction/ros2/install/imu DEBUGINFOD_URLS=https://debuginfod.archlinux.org PS1=[\u@\h \W]\$ PYTHONPATH=/home/will/Will/RANCS/RANCS-introduction/ros2/build/vehicle_status_py/prefix_override:/usr/lib/python3/dist-packages/colcon_core/task/python/colcon_distutils_commands:/home/will/Will/RANCS/RANCS-introduction/ros2/install/vehicle_status_py/lib/python3.10/site-packages:${PYTHONPATH} /usr/bin/python3 -W ignore:setup.py install is deprecated -W ignore:easy_install command is deprecated setup.py egg_info --egg-base ../../build/vehicle_status_py build --build-base /home/will/Will/RANCS/RANCS-introduction/ros2/build/vehicle_status_py/build install --record /home/will/Will/RANCS/RANCS-introduction/ros2/build/vehicle_status_py/install.log --single-version-externally-managed install_data
[2.035s] Level 1:colcon.colcon_core.environment:checking '/home/will/Will/RANCS/RANCS-introduction/ros2/install/vehicle_status_py' for CMake config files
[2.036s] Level 1:colcon.colcon_core.environment:checking '/home/will/Will/RANCS/RANCS-introduction/ros2/install/vehicle_status_py/lib'
[2.036s] Level 1:colcon.colcon_core.environment:checking '/home/will/Will/RANCS/RANCS-introduction/ros2/install/vehicle_status_py/bin'
[2.036s] Level 1:colcon.colcon_core.environment:checking '/home/will/Will/RANCS/RANCS-introduction/ros2/install/vehicle_status_py/lib/pkgconfig/vehicle_status_py.pc'
[2.036s] Level 1:colcon.colcon_core.environment:checking '/home/will/Will/RANCS/RANCS-introduction/ros2/install/vehicle_status_py/lib/python3.10/site-packages'
[2.036s] Level 1:colcon.colcon_core.shell:create_environment_hook('vehicle_status_py', 'pythonpath')
[2.036s] INFO:colcon.colcon_core.shell:Creating environment hook '/home/will/Will/RANCS/RANCS-introduction/ros2/install/vehicle_status_py/share/vehicle_status_py/hook/pythonpath.ps1'
[2.037s] INFO:colcon.colcon_core.shell:Creating environment descriptor '/home/will/Will/RANCS/RANCS-introduction/ros2/install/vehicle_status_py/share/vehicle_status_py/hook/pythonpath.dsv'
[2.037s] INFO:colcon.colcon_core.shell:Creating environment hook '/home/will/Will/RANCS/RANCS-introduction/ros2/install/vehicle_status_py/share/vehicle_status_py/hook/pythonpath.sh'
[2.038s] Level 1:colcon.colcon_core.environment:checking '/home/will/Will/RANCS/RANCS-introduction/ros2/install/vehicle_status_py/bin'
[2.038s] Level 1:colcon.colcon_core.environment:create_environment_scripts_only(vehicle_status_py)
[2.038s] INFO:colcon.colcon_core.shell:Creating package script '/home/will/Will/RANCS/RANCS-introduction/ros2/install/vehicle_status_py/share/vehicle_status_py/package.ps1'
[2.039s] INFO:colcon.colcon_core.shell:Creating package descriptor '/home/will/Will/RANCS/RANCS-introduction/ros2/install/vehicle_status_py/share/vehicle_status_py/package.dsv'
[2.039s] INFO:colcon.colcon_core.shell:Creating package script '/home/will/Will/RANCS/RANCS-introduction/ros2/install/vehicle_status_py/share/vehicle_status_py/package.sh'
[2.040s] INFO:colcon.colcon_core.shell:Creating package script '/home/will/Will/RANCS/RANCS-introduction/ros2/install/vehicle_status_py/share/vehicle_status_py/package.bash'
[2.040s] INFO:colcon.colcon_core.shell:Creating package script '/home/will/Will/RANCS/RANCS-introduction/ros2/install/vehicle_status_py/share/vehicle_status_py/package.zsh'
[2.041s] Level 1:colcon.colcon_core.environment:create_file_with_runtime_dependencies(/home/will/Will/RANCS/RANCS-introduction/ros2/install/vehicle_status_py/share/colcon-core/packages/vehicle_status_py)
[4.852s] DEBUG:colcon.colcon_core.event_handler.log_command:Invoked command in '/home/will/Will/RANCS/RANCS-introduction/ros2/build/imu' returned '0': CMAKE_PREFIX_PATH=${CMAKE_PREFIX_PATH}:/home/will/Will/RANCS/RANCS-introduction/ros2/install/vehicle_status_py:/home/will/Will/RANCS/RANCS-introduction/ros2/install/talker_listener_py:/home/will/Will/RANCS/RANCS-introduction/ros2/install/imu_py:/opt/ros/humble DEBUGINFOD_URLS=https://debuginfod.archlinux.org PS1=[\u@\h \W]\$ /usr/bin/cmake --build /home/will/Will/RANCS/RANCS-introduction/ros2/build/imu -- -j12 -l12
[4.853s] DEBUG:colcon.colcon_core.event_handler.log_command:Invoking command in '/home/will/Will/RANCS/RANCS-introduction/ros2/build/imu': CMAKE_PREFIX_PATH=${CMAKE_PREFIX_PATH}:/home/will/Will/RANCS/RANCS-introduction/ros2/install/vehicle_status_py:/home/will/Will/RANCS/RANCS-introduction/ros2/install/talker_listener_py:/home/will/Will/RANCS/RANCS-introduction/ros2/install/imu_py:/opt/ros/humble DEBUGINFOD_URLS=https://debuginfod.archlinux.org PS1=[\u@\h \W]\$ /usr/bin/cmake --install /home/will/Will/RANCS/RANCS-introduction/ros2/build/imu
[4.864s] Level 1:colcon.colcon_core.environment:create_environment_scripts_only(imu)
[4.864s] Level 1:colcon.colcon_core.environment:checking '/home/will/Will/RANCS/RANCS-introduction/ros2/install/imu' for CMake module files
[4.865s] DEBUG:colcon.colcon_core.event_handler.log_command:Invoked command in '/home/will/Will/RANCS/RANCS-introduction/ros2/build/imu' returned '0': CMAKE_PREFIX_PATH=${CMAKE_PREFIX_PATH}:/home/will/Will/RANCS/RANCS-introduction/ros2/install/vehicle_status_py:/home/will/Will/RANCS/RANCS-introduction/ros2/install/talker_listener_py:/home/will/Will/RANCS/RANCS-introduction/ros2/install/imu_py:/opt/ros/humble DEBUGINFOD_URLS=https://debuginfod.archlinux.org PS1=[\u@\h \W]\$ /usr/bin/cmake --install /home/will/Will/RANCS/RANCS-introduction/ros2/build/imu
[4.866s] Level 1:colcon.colcon_core.environment:checking '/home/will/Will/RANCS/RANCS-introduction/ros2/install/imu' for CMake config files
[4.866s] Level 1:colcon.colcon_core.shell:create_environment_hook('imu', 'cmake_prefix_path')
[4.866s] INFO:colcon.colcon_core.shell:Creating environment hook '/home/will/Will/RANCS/RANCS-introduction/ros2/install/imu/share/imu/hook/cmake_prefix_path.ps1'
[4.867s] INFO:colcon.colcon_core.shell:Creating environment descriptor '/home/will/Will/RANCS/RANCS-introduction/ros2/install/imu/share/imu/hook/cmake_prefix_path.dsv'
[4.867s] INFO:colcon.colcon_core.shell:Creating environment hook '/home/will/Will/RANCS/RANCS-introduction/ros2/install/imu/share/imu/hook/cmake_prefix_path.sh'
[4.867s] Level 1:colcon.colcon_core.environment:checking '/home/will/Will/RANCS/RANCS-introduction/ros2/install/imu/lib'
[4.867s] Level 1:colcon.colcon_core.environment:checking '/home/will/Will/RANCS/RANCS-introduction/ros2/install/imu/bin'
[4.867s] Level 1:colcon.colcon_core.environment:checking '/home/will/Will/RANCS/RANCS-introduction/ros2/install/imu/lib/pkgconfig/imu.pc'
[4.868s] Level 1:colcon.colcon_core.environment:checking '/home/will/Will/RANCS/RANCS-introduction/ros2/install/imu/lib/python3.10/site-packages'
[4.868s] Level 1:colcon.colcon_core.environment:checking '/home/will/Will/RANCS/RANCS-introduction/ros2/install/imu/bin'
[4.868s] INFO:colcon.colcon_core.shell:Creating package script '/home/will/Will/RANCS/RANCS-introduction/ros2/install/imu/share/imu/package.ps1'
[4.869s] INFO:colcon.colcon_core.shell:Creating package descriptor '/home/will/Will/RANCS/RANCS-introduction/ros2/install/imu/share/imu/package.dsv'
[4.869s] INFO:colcon.colcon_core.shell:Creating package script '/home/will/Will/RANCS/RANCS-introduction/ros2/install/imu/share/imu/package.sh'
[4.869s] INFO:colcon.colcon_core.shell:Creating package script '/home/will/Will/RANCS/RANCS-introduction/ros2/install/imu/share/imu/package.bash'
[4.870s] INFO:colcon.colcon_core.shell:Creating package script '/home/will/Will/RANCS/RANCS-introduction/ros2/install/imu/share/imu/package.zsh'
[4.870s] Level 1:colcon.colcon_core.environment:create_file_with_runtime_dependencies(/home/will/Will/RANCS/RANCS-introduction/ros2/install/imu/share/colcon-core/packages/imu)
[4.871s] Level 1:colcon.colcon_core.environment:create_environment_scripts_only(imu)
[4.871s] Level 1:colcon.colcon_core.environment:checking '/home/will/Will/RANCS/RANCS-introduction/ros2/install/imu' for CMake module files
[4.871s] Level 1:colcon.colcon_core.environment:checking '/home/will/Will/RANCS/RANCS-introduction/ros2/install/imu' for CMake config files
[4.871s] Level 1:colcon.colcon_core.shell:create_environment_hook('imu', 'cmake_prefix_path')
[4.871s] INFO:colcon.colcon_core.shell:Creating environment hook '/home/will/Will/RANCS/RANCS-introduction/ros2/install/imu/share/imu/hook/cmake_prefix_path.ps1'
[4.872s] INFO:colcon.colcon_core.shell:Creating environment descriptor '/home/will/Will/RANCS/RANCS-introduction/ros2/install/imu/share/imu/hook/cmake_prefix_path.dsv'
[4.872s] INFO:colcon.colcon_core.shell:Creating environment hook '/home/will/Will/RANCS/RANCS-introduction/ros2/install/imu/share/imu/hook/cmake_prefix_path.sh'
[4.872s] Level 1:colcon.colcon_core.environment:checking '/home/will/Will/RANCS/RANCS-introduction/ros2/install/imu/lib'
[4.873s] Level 1:colcon.colcon_core.environment:checking '/home/will/Will/RANCS/RANCS-introduction/ros2/install/imu/bin'
[4.873s] Level 1:colcon.colcon_core.environment:checking '/home/will/Will/RANCS/RANCS-introduction/ros2/install/imu/lib/pkgconfig/imu.pc'
[4.873s] Level 1:colcon.colcon_core.environment:checking '/home/will/Will/RANCS/RANCS-introduction/ros2/install/imu/lib/python3.10/site-packages'
[4.873s] Level 1:colcon.colcon_core.environment:checking '/home/will/Will/RANCS/RANCS-introduction/ros2/install/imu/bin'
[4.873s] INFO:colcon.colcon_core.shell:Creating package script '/home/will/Will/RANCS/RANCS-introduction/ros2/install/imu/share/imu/package.ps1'
[4.874s] INFO:colcon.colcon_core.shell:Creating package descriptor '/home/will/Will/RANCS/RANCS-introduction/ros2/install/imu/share/imu/package.dsv'
[4.874s] INFO:colcon.colcon_core.shell:Creating package script '/home/will/Will/RANCS/RANCS-introduction/ros2/install/imu/share/imu/package.sh'
[4.875s] INFO:colcon.colcon_core.shell:Creating package script '/home/will/Will/RANCS/RANCS-introduction/ros2/install/imu/share/imu/package.bash'
[4.875s] INFO:colcon.colcon_core.shell:Creating package script '/home/will/Will/RANCS/RANCS-introduction/ros2/install/imu/share/imu/package.zsh'
[4.876s] Level 1:colcon.colcon_core.environment:create_file_with_runtime_dependencies(/home/will/Will/RANCS/RANCS-introduction/ros2/install/imu/share/colcon-core/packages/imu)
[4.876s] DEBUG:colcon.colcon_parallel_executor.executor.parallel:closing loop
[4.876s] DEBUG:colcon.colcon_parallel_executor.executor.parallel:loop closed
[4.876s] DEBUG:colcon.colcon_parallel_executor.executor.parallel:run_until_complete finished with '0'
[4.876s] DEBUG:colcon.colcon_core.event_reactor:joining thread
[4.884s] INFO:colcon.colcon_core.plugin_system:Skipping extension 'colcon_notification.desktop_notification.notify_send': Could not find 'notify-send'
[4.884s] INFO:colcon.colcon_core.plugin_system:Skipping extension 'colcon_notification.desktop_notification.terminal_notifier': Not used on non-Darwin systems
[4.884s] INFO:colcon.colcon_core.plugin_system:Skipping extension 'colcon_notification.desktop_notification.win32': Not used on non-Windows systems
[4.885s] INFO:colcon.colcon_notification.desktop_notification:Sending desktop notification using 'notify2'
[4.886s] DEBUG:colcon.colcon_core.event_reactor:joined thread
[4.886s] INFO:colcon.colcon_core.shell:Creating prefix script '/home/will/Will/RANCS/RANCS-introduction/ros2/install/local_setup.ps1'
[4.887s] INFO:colcon.colcon_core.shell:Creating prefix util module '/home/will/Will/RANCS/RANCS-introduction/ros2/install/_local_setup_util_ps1.py'
[4.888s] INFO:colcon.colcon_core.shell:Creating prefix chain script '/home/will/Will/RANCS/RANCS-introduction/ros2/install/setup.ps1'
[4.890s] INFO:colcon.colcon_core.shell:Creating prefix script '/home/will/Will/RANCS/RANCS-introduction/ros2/install/local_setup.sh'
[4.890s] INFO:colcon.colcon_core.shell:Creating prefix util module '/home/will/Will/RANCS/RANCS-introduction/ros2/install/_local_setup_util_sh.py'
[4.891s] INFO:colcon.colcon_core.shell:Creating prefix chain script '/home/will/Will/RANCS/RANCS-introduction/ros2/install/setup.sh'
[4.892s] INFO:colcon.colcon_core.shell:Creating prefix script '/home/will/Will/RANCS/RANCS-introduction/ros2/install/local_setup.bash'
[4.893s] INFO:colcon.colcon_core.shell:Creating prefix chain script '/home/will/Will/RANCS/RANCS-introduction/ros2/install/setup.bash'
[4.908s] INFO:colcon.colcon_core.shell:Creating prefix script '/home/will/Will/RANCS/RANCS-introduction/ros2/install/local_setup.zsh'
[4.909s] INFO:colcon.colcon_core.shell:Creating prefix chain script '/home/will/Will/RANCS/RANCS-introduction/ros2/install/setup.zsh'
