-- Found ament_cmake: 1.3.14 (/opt/ros/humble/share/ament_cmake/cmake)
-- Found interfaces: 0.0.0 (/ros2/install/interfaces/share/interfaces/cmake)
-- Found rosidl_generator_c: 3.1.8 (/opt/ros/humble/share/rosidl_generator_c/cmake)
-- Found rosidl_adapter: 3.1.8 (/opt/ros/humble/share/rosidl_adapter/cmake)
-- Found rosidl_generator_cpp: 3.1.8 (/opt/ros/humble/share/rosidl_generator_cpp/cmake)
-- Using all available rosidl_typesupport_c: rosidl_typesupport_fastrtps_c;rosidl_typesupport_introspection_c
-- Using all available rosidl_typesupport_cpp: rosidl_typesupport_fastrtps_cpp;rosidl_typesupport_introspection_cpp
-- Found rclcpp: 16.0.19 (/opt/ros/humble/share/rclcpp/cmake)
-- Found rmw_implementation_cmake: 6.1.2 (/opt/ros/humble/share/rmw_implementation_cmake/cmake)
-- Found rmw_fastrtps_cpp: 6.2.10 (/opt/ros/humble/share/rmw_fastrtps_cpp/cmake)
-- Using RMW implementation 'rmw_fastrtps_cpp' as default
-- Found ament_lint_auto: 0.12.15 (/opt/ros/humble/share/ament_lint_auto/cmake)
-- Added test 'cppcheck' to perform static code analysis on C / C++ code
-- Configured cppcheck include dirs: 
-- Configured cppcheck exclude dirs and/or files: 
-- Added test 'lint_cmake' to check CMake code style
-- Added test 'uncrustify' to check C / C++ code style
-- Configured uncrustify additional arguments: 
-- Added test 'xmllint' to check XML markup files
-- Configuring done
-- Generating done
-- Build files have been written to: /ros2/build/vehicle_status
[ 50%] [32mBuilding CXX object CMakeFiles/vehicle_status_subscriber.dir/src/vehicle_status_subscriber.cpp.o[0m
[ 50%] [32mBuilding CXX object CMakeFiles/vehicle_status_publisher.dir/src/vehicle_status_publisher.cpp.o[0m
[ 75%] [32m[1mLinking CXX executable vehicle_status_publisher[0m
[ 75%] Built target vehicle_status_publisher
[100%] [32m[1mLinking CXX executable vehicle_status_subscriber[0m
[100%] Built target vehicle_status_subscriber
-- Install configuration: ""
-- Installing: /ros2/install/vehicle_status/lib/vehicle_status/vehicle_status_publisher
-- Set runtime path of "/ros2/install/vehicle_status/lib/vehicle_status/vehicle_status_publisher" to ""
-- Installing: /ros2/install/vehicle_status/lib/vehicle_status/vehicle_status_subscriber
-- Set runtime path of "/ros2/install/vehicle_status/lib/vehicle_status/vehicle_status_subscriber" to ""
-- Up-to-date: /ros2/install/vehicle_status/share/ament_index/resource_index/package_run_dependencies/vehicle_status
-- Up-to-date: /ros2/install/vehicle_status/share/ament_index/resource_index/parent_prefix_path/vehicle_status
-- Up-to-date: /ros2/install/vehicle_status/share/vehicle_status/environment/ament_prefix_path.sh
-- Installing: /ros2/install/vehicle_status/share/vehicle_status/environment/ament_prefix_path.dsv
-- Up-to-date: /ros2/install/vehicle_status/share/vehicle_status/environment/path.sh
-- Installing: /ros2/install/vehicle_status/share/vehicle_status/environment/path.dsv
-- Up-to-date: /ros2/install/vehicle_status/share/vehicle_status/local_setup.bash
-- Up-to-date: /ros2/install/vehicle_status/share/vehicle_status/local_setup.sh
-- Up-to-date: /ros2/install/vehicle_status/share/vehicle_status/local_setup.zsh
-- Installing: /ros2/install/vehicle_status/share/vehicle_status/local_setup.dsv
-- Installing: /ros2/install/vehicle_status/share/vehicle_status/package.dsv
-- Up-to-date: /ros2/install/vehicle_status/share/ament_index/resource_index/packages/vehicle_status
-- Up-to-date: /ros2/install/vehicle_status/share/vehicle_status/cmake/vehicle_statusConfig.cmake
-- Up-to-date: /ros2/install/vehicle_status/share/vehicle_status/cmake/vehicle_statusConfig-version.cmake
-- Up-to-date: /ros2/install/vehicle_status/share/vehicle_status/package.xml
