[0.008s] Invoking command in '/ros2/build/vehicle_status': CMAKE_PREFIX_PATH=${CMAKE_PREFIX_PATH}:/ros2/install/talker_listener_py:/opt/ros/humble /usr/bin/cmake --build /ros2/build/vehicle_status -- -j12 -l12
[0.030s] -- Found ament_cmake: 1.3.14 (/opt/ros/humble/share/ament_cmake/cmake)
[0.143s] -- Found interfaces: 0.0.0 (/ros2/install/interfaces/share/interfaces/cmake)
[0.161s] -- Found rosidl_generator_c: 3.1.8 (/opt/ros/humble/share/rosidl_generator_c/cmake)
[0.163s] -- Found rosidl_adapter: 3.1.8 (/opt/ros/humble/share/rosidl_adapter/cmake)
[0.169s] -- Found rosidl_generator_cpp: 3.1.8 (/opt/ros/humble/share/rosidl_generator_cpp/cmake)
[0.178s] -- Using all available rosidl_typesupport_c: rosidl_typesupport_fastrtps_c;rosidl_typesupport_introspection_c
[0.190s] -- Using all available rosidl_typesupport_cpp: rosidl_typesupport_fastrtps_cpp;rosidl_typesupport_introspection_cpp
[0.199s] -- Found rclcpp: 16.0.19 (/opt/ros/humble/share/rclcpp/cmake)
[0.236s] -- Found rmw_implementation_cmake: 6.1.2 (/opt/ros/humble/share/rmw_implementation_cmake/cmake)
[0.238s] -- Found rmw_fastrtps_cpp: 6.2.10 (/opt/ros/humble/share/rmw_fastrtps_cpp/cmake)
[0.304s] -- Using RMW implementation 'rmw_fastrtps_cpp' as default
[0.359s] -- Found ament_lint_auto: 0.12.15 (/opt/ros/humble/share/ament_lint_auto/cmake)
[0.419s] -- Added test 'cppcheck' to perform static code analysis on C / C++ code
[0.419s] -- Configured cppcheck include dirs: 
[0.419s] -- Configured cppcheck exclude dirs and/or files: 
[0.419s] -- Added test 'lint_cmake' to check CMake code style
[0.420s] -- Added test 'uncrustify' to check C / C++ code style
[0.420s] -- Configured uncrustify additional arguments: 
[0.421s] -- Added test 'xmllint' to check XML markup files
[0.421s] -- Configuring done
[0.431s] -- Generating done
[0.435s] -- Build files have been written to: /ros2/build/vehicle_status
[0.463s] [ 50%] [32mBuilding CXX object CMakeFiles/vehicle_status_subscriber.dir/src/vehicle_status_subscriber.cpp.o[0m
[0.463s] [ 50%] [32mBuilding CXX object CMakeFiles/vehicle_status_publisher.dir/src/vehicle_status_publisher.cpp.o[0m
[4.204s] [ 75%] [32m[1mLinking CXX executable vehicle_status_publisher[0m
[4.389s] [ 75%] Built target vehicle_status_publisher
[7.337s] [100%] [32m[1mLinking CXX executable vehicle_status_subscriber[0m
[7.653s] [100%] Built target vehicle_status_subscriber
[7.663s] Invoked command in '/ros2/build/vehicle_status' returned '0': CMAKE_PREFIX_PATH=${CMAKE_PREFIX_PATH}:/ros2/install/talker_listener_py:/opt/ros/humble /usr/bin/cmake --build /ros2/build/vehicle_status -- -j12 -l12
[7.664s] Invoking command in '/ros2/build/vehicle_status': CMAKE_PREFIX_PATH=${CMAKE_PREFIX_PATH}:/ros2/install/talker_listener_py:/opt/ros/humble /usr/bin/cmake --install /ros2/build/vehicle_status
[7.671s] -- Install configuration: ""
[7.671s] -- Installing: /ros2/install/vehicle_status/lib/vehicle_status/vehicle_status_publisher
[7.672s] -- Set runtime path of "/ros2/install/vehicle_status/lib/vehicle_status/vehicle_status_publisher" to ""
[7.672s] -- Installing: /ros2/install/vehicle_status/lib/vehicle_status/vehicle_status_subscriber
[7.675s] -- Set runtime path of "/ros2/install/vehicle_status/lib/vehicle_status/vehicle_status_subscriber" to ""
[7.675s] -- Up-to-date: /ros2/install/vehicle_status/share/ament_index/resource_index/package_run_dependencies/vehicle_status
[7.675s] -- Up-to-date: /ros2/install/vehicle_status/share/ament_index/resource_index/parent_prefix_path/vehicle_status
[7.675s] -- Up-to-date: /ros2/install/vehicle_status/share/vehicle_status/environment/ament_prefix_path.sh
[7.675s] -- Installing: /ros2/install/vehicle_status/share/vehicle_status/environment/ament_prefix_path.dsv
[7.676s] -- Up-to-date: /ros2/install/vehicle_status/share/vehicle_status/environment/path.sh
[7.676s] -- Installing: /ros2/install/vehicle_status/share/vehicle_status/environment/path.dsv
[7.676s] -- Up-to-date: /ros2/install/vehicle_status/share/vehicle_status/local_setup.bash
[7.676s] -- Up-to-date: /ros2/install/vehicle_status/share/vehicle_status/local_setup.sh
[7.676s] -- Up-to-date: /ros2/install/vehicle_status/share/vehicle_status/local_setup.zsh
[7.676s] -- Installing: /ros2/install/vehicle_status/share/vehicle_status/local_setup.dsv
[7.676s] -- Installing: /ros2/install/vehicle_status/share/vehicle_status/package.dsv
[7.676s] -- Up-to-date: /ros2/install/vehicle_status/share/ament_index/resource_index/packages/vehicle_status
[7.676s] -- Up-to-date: /ros2/install/vehicle_status/share/vehicle_status/cmake/vehicle_statusConfig.cmake
[7.676s] -- Up-to-date: /ros2/install/vehicle_status/share/vehicle_status/cmake/vehicle_statusConfig-version.cmake
[7.676s] -- Up-to-date: /ros2/install/vehicle_status/share/vehicle_status/package.xml
[7.677s] Invoked command in '/ros2/build/vehicle_status' returned '0': CMAKE_PREFIX_PATH=${CMAKE_PREFIX_PATH}:/ros2/install/talker_listener_py:/opt/ros/humble /usr/bin/cmake --install /ros2/build/vehicle_status
