[0.022s] Invoking command in '/ros2/build/imu': CMAKE_PREFIX_PATH=${CMAKE_PREFIX_PATH}:/ros2/install/imu_py:/ros2/install/vehicle_status_py:/ros2/install/talker_listener_py:/opt/ros/humble /usr/bin/cmake --build /ros2/build/imu -- -j12 -l12
[0.254s] [ 50%] Built target imu_subscriber
[0.254s] [100%] Built target imu_publisher
[0.439s] Invoked command in '/ros2/build/imu' returned '0': CMAKE_PREFIX_PATH=${CMAKE_PREFIX_PATH}:/ros2/install/imu_py:/ros2/install/vehicle_status_py:/ros2/install/talker_listener_py:/opt/ros/humble /usr/bin/cmake --build /ros2/build/imu -- -j12 -l12
[0.448s] Invoking command in '/ros2/build/imu': CMAKE_PREFIX_PATH=${CMAKE_PREFIX_PATH}:/ros2/install/imu_py:/ros2/install/vehicle_status_py:/ros2/install/talker_listener_py:/opt/ros/humble /usr/bin/cmake --install /ros2/build/imu
[0.455s] -- Install configuration: ""
[0.455s] -- Up-to-date: /ros2/install/imu/lib/imu/imu_publisher
[0.455s] -- Up-to-date: /ros2/install/imu/lib/imu/imu_subscriber
[0.455s] -- Up-to-date: /ros2/install/imu/share/ament_index/resource_index/package_run_dependencies/imu
[0.455s] -- Up-to-date: /ros2/install/imu/share/ament_index/resource_index/parent_prefix_path/imu
[0.455s] -- Up-to-date: /ros2/install/imu/share/imu/environment/ament_prefix_path.sh
[0.455s] -- Up-to-date: /ros2/install/imu/share/imu/environment/ament_prefix_path.dsv
[0.455s] -- Up-to-date: /ros2/install/imu/share/imu/environment/path.sh
[0.455s] -- Up-to-date: /ros2/install/imu/share/imu/environment/path.dsv
[0.455s] -- Up-to-date: /ros2/install/imu/share/imu/local_setup.bash
[0.455s] -- Up-to-date: /ros2/install/imu/share/imu/local_setup.sh
[0.455s] -- Up-to-date: /ros2/install/imu/share/imu/local_setup.zsh
[0.456s] -- Up-to-date: /ros2/install/imu/share/imu/local_setup.dsv
[0.456s] -- Installing: /ros2/install/imu/share/imu/package.dsv
[0.456s] -- Up-to-date: /ros2/install/imu/share/ament_index/resource_index/packages/imu
[0.456s] -- Up-to-date: /ros2/install/imu/share/imu/cmake/imuConfig.cmake
[0.456s] -- Up-to-date: /ros2/install/imu/share/imu/cmake/imuConfig-version.cmake
[0.456s] -- Up-to-date: /ros2/install/imu/share/imu/package.xml
[0.463s] Invoked command in '/ros2/build/imu' returned '0': CMAKE_PREFIX_PATH=${CMAKE_PREFIX_PATH}:/ros2/install/imu_py:/ros2/install/vehicle_status_py:/ros2/install/talker_listener_py:/opt/ros/humble /usr/bin/cmake --install /ros2/build/imu
