[0.353s] Invoking command in '/home/will/Will/RANCS/RANCS-introduction/ros2/build/talker_listener': CMAKE_PREFIX_PATH=${CMAKE_PREFIX_PATH}:/home/will/Will/RANCS/RANCS-introduction/ros2/install/vehicle_status_py:/home/will/Will/RANCS/RANCS-introduction/ros2/install/talker_listener_py:/home/will/Will/RANCS/RANCS-introduction/ros2/install/imu_py:/opt/ros/humble DEBUGINFOD_URLS=https://debuginfod.archlinux.org PS1=[\u@\h \W]\$ /usr/bin/cmake --build /home/will/Will/RANCS/RANCS-introduction/ros2/build/talker_listener -- -j12 -l12
[0.413s] [ 50%] Built target listener
[0.413s] [100%] Built target talker
[0.613s] Invoked command in '/home/will/Will/RANCS/RANCS-introduction/ros2/build/talker_listener' returned '0': CMAKE_PREFIX_PATH=${CMAKE_PREFIX_PATH}:/home/will/Will/RANCS/RANCS-introduction/ros2/install/vehicle_status_py:/home/will/Will/RANCS/RANCS-introduction/ros2/install/talker_listener_py:/home/will/Will/RANCS/RANCS-introduction/ros2/install/imu_py:/opt/ros/humble DEBUGINFOD_URLS=https://debuginfod.archlinux.org PS1=[\u@\h \W]\$ /usr/bin/cmake --build /home/will/Will/RANCS/RANCS-introduction/ros2/build/talker_listener -- -j12 -l12
[0.626s] Invoking command in '/home/will/Will/RANCS/RANCS-introduction/ros2/build/talker_listener': CMAKE_PREFIX_PATH=${CMAKE_PREFIX_PATH}:/home/will/Will/RANCS/RANCS-introduction/ros2/install/vehicle_status_py:/home/will/Will/RANCS/RANCS-introduction/ros2/install/talker_listener_py:/home/will/Will/RANCS/RANCS-introduction/ros2/install/imu_py:/opt/ros/humble DEBUGINFOD_URLS=https://debuginfod.archlinux.org PS1=[\u@\h \W]\$ /usr/bin/cmake --install /home/will/Will/RANCS/RANCS-introduction/ros2/build/talker_listener
[0.636s] -- Install configuration: ""
[0.637s] -- Up-to-date: /home/will/Will/RANCS/RANCS-introduction/ros2/install/talker_listener/lib/talker_listener/talker
[0.637s] -- Up-to-date: /home/will/Will/RANCS/RANCS-introduction/ros2/install/talker_listener/lib/talker_listener/listener
[0.638s] -- Up-to-date: /home/will/Will/RANCS/RANCS-introduction/ros2/install/talker_listener/share/ament_index/resource_index/package_run_dependencies/talker_listener
[0.638s] -- Up-to-date: /home/will/Will/RANCS/RANCS-introduction/ros2/install/talker_listener/share/ament_index/resource_index/parent_prefix_path/talker_listener
[0.638s] -- Up-to-date: /home/will/Will/RANCS/RANCS-introduction/ros2/install/talker_listener/share/talker_listener/environment/ament_prefix_path.sh
[0.639s] -- Up-to-date: /home/will/Will/RANCS/RANCS-introduction/ros2/install/talker_listener/share/talker_listener/environment/ament_prefix_path.dsv
[0.639s] -- Up-to-date: /home/will/Will/RANCS/RANCS-introduction/ros2/install/talker_listener/share/talker_listener/environment/path.sh
[0.639s] -- Up-to-date: /home/will/Will/RANCS/RANCS-introduction/ros2/install/talker_listener/share/talker_listener/environment/path.dsv
[0.639s] -- Up-to-date: /home/will/Will/RANCS/RANCS-introduction/ros2/install/talker_listener/share/talker_listener/local_setup.bash
[0.639s] -- Up-to-date: /home/will/Will/RANCS/RANCS-introduction/ros2/install/talker_listener/share/talker_listener/local_setup.sh
[0.639s] -- Up-to-date: /home/will/Will/RANCS/RANCS-introduction/ros2/install/talker_listener/share/talker_listener/local_setup.zsh
[0.639s] -- Up-to-date: /home/will/Will/RANCS/RANCS-introduction/ros2/install/talker_listener/share/talker_listener/local_setup.dsv
[0.639s] -- Installing: /home/will/Will/RANCS/RANCS-introduction/ros2/install/talker_listener/share/talker_listener/package.dsv
[0.639s] -- Up-to-date: /home/will/Will/RANCS/RANCS-introduction/ros2/install/talker_listener/share/ament_index/resource_index/packages/talker_listener
[0.639s] -- Up-to-date: /home/will/Will/RANCS/RANCS-introduction/ros2/install/talker_listener/share/talker_listener/cmake/talker_listenerConfig.cmake
[0.639s] -- Up-to-date: /home/will/Will/RANCS/RANCS-introduction/ros2/install/talker_listener/share/talker_listener/cmake/talker_listenerConfig-version.cmake
[0.640s] -- Up-to-date: /home/will/Will/RANCS/RANCS-introduction/ros2/install/talker_listener/share/talker_listener/package.xml
[0.644s] Invoked command in '/home/will/Will/RANCS/RANCS-introduction/ros2/build/talker_listener' returned '0': CMAKE_PREFIX_PATH=${CMAKE_PREFIX_PATH}:/home/will/Will/RANCS/RANCS-introduction/ros2/install/vehicle_status_py:/home/will/Will/RANCS/RANCS-introduction/ros2/install/talker_listener_py:/home/will/Will/RANCS/RANCS-introduction/ros2/install/imu_py:/opt/ros/humble DEBUGINFOD_URLS=https://debuginfod.archlinux.org PS1=[\u@\h \W]\$ /usr/bin/cmake --install /home/will/Will/RANCS/RANCS-introduction/ros2/build/talker_listener
