[0.012s] Invoking command in '/home/will/Will/RANCS/RANCS-introduction/ros2/build/talker_listener': CMAKE_PREFIX_PATH=/opt/ros/humble DEBUGINFOD_URLS=https://debuginfod.archlinux.org PS1=[\u@\h \W]\$ /usr/bin/cmake /home/will/Will/RANCS/RANCS-introduction/ros2/src/talker_listener -DCMAKE_INSTALL_PREFIX=/home/will/Will/RANCS/RANCS-introduction/ros2/install/talker_listener
[0.024s] -- Found ament_cmake: 1.3.14 (/opt/ros/humble/share/ament_cmake/cmake)
[0.148s] -- Found Python3: /usr/bin/python3 (found version "3.10.12") found components: Interpreter 
[0.228s] -- Found rclcpp: 16.0.19 (/opt/ros/humble/share/rclcpp/cmake)
[0.261s] -- Found rosidl_generator_c: 3.1.8 (/opt/ros/humble/share/rosidl_generator_c/cmake)
[0.264s] -- Found rosidl_adapter: 3.1.8 (/opt/ros/humble/share/rosidl_adapter/cmake)
[0.272s] -- Found rosidl_generator_cpp: 3.1.8 (/opt/ros/humble/share/rosidl_generator_cpp/cmake)
[0.283s] -- Using all available rosidl_typesupport_c: rosidl_typesupport_fastrtps_c;rosidl_typesupport_introspection_c
[0.299s] -- Using all available rosidl_typesupport_cpp: rosidl_typesupport_fastrtps_cpp;rosidl_typesupport_introspection_cpp
[0.338s] -- Found rmw_implementation_cmake: 6.1.2 (/opt/ros/humble/share/rmw_implementation_cmake/cmake)
[0.340s] -- Found rmw_fastrtps_cpp: 6.2.10 (/opt/ros/humble/share/rmw_fastrtps_cpp/cmake)
[0.409s] -- Found OpenSSL: /usr/lib/x86_64-linux-gnu/libcrypto.so (found version "3.0.2")  
[0.426s] -- Found FastRTPS: /opt/ros/humble/include  
[0.453s] -- Using RMW implementation 'rmw_fastrtps_cpp' as default
[0.460s] -- Looking for pthread.h
[0.529s] -- Looking for pthread.h - found
[0.529s] -- Performing Test CMAKE_HAVE_LIBC_PTHREAD
[0.599s] -- Performing Test CMAKE_HAVE_LIBC_PTHREAD - Success
[0.601s] -- Found Threads: TRUE  
[0.655s] -- Found ament_lint_auto: 0.12.15 (/opt/ros/humble/share/ament_lint_auto/cmake)
[0.738s] -- Added test 'cppcheck' to perform static code analysis on C / C++ code
[0.738s] -- Configured cppcheck include dirs: 
[0.738s] -- Configured cppcheck exclude dirs and/or files: 
[0.739s] -- Added test 'lint_cmake' to check CMake code style
[0.740s] -- Added test 'uncrustify' to check C / C++ code style
[0.740s] -- Configured uncrustify additional arguments: 
[0.741s] -- Added test 'xmllint' to check XML markup files
[0.742s] -- Configuring done
[0.752s] -- Generating done
[0.755s] -- Build files have been written to: /home/will/Will/RANCS/RANCS-introduction/ros2/build/talker_listener
[0.763s] Invoked command in '/home/will/Will/RANCS/RANCS-introduction/ros2/build/talker_listener' returned '0': CMAKE_PREFIX_PATH=/opt/ros/humble DEBUGINFOD_URLS=https://debuginfod.archlinux.org PS1=[\u@\h \W]\$ /usr/bin/cmake /home/will/Will/RANCS/RANCS-introduction/ros2/src/talker_listener -DCMAKE_INSTALL_PREFIX=/home/will/Will/RANCS/RANCS-introduction/ros2/install/talker_listener
[0.765s] Invoking command in '/home/will/Will/RANCS/RANCS-introduction/ros2/build/talker_listener': CMAKE_PREFIX_PATH=/opt/ros/humble DEBUGINFOD_URLS=https://debuginfod.archlinux.org PS1=[\u@\h \W]\$ /usr/bin/cmake --build /home/will/Will/RANCS/RANCS-introduction/ros2/build/talker_listener -- -j12 -l12
[0.811s] [ 50%] [32mBuilding CXX object CMakeFiles/talker.dir/src/talker.cpp.o[0m
[4.601s] [100%] [32m[1mLinking CXX executable talker[0m
[4.804s] [100%] Built target talker
[4.815s] Invoked command in '/home/will/Will/RANCS/RANCS-introduction/ros2/build/talker_listener' returned '0': CMAKE_PREFIX_PATH=/opt/ros/humble DEBUGINFOD_URLS=https://debuginfod.archlinux.org PS1=[\u@\h \W]\$ /usr/bin/cmake --build /home/will/Will/RANCS/RANCS-introduction/ros2/build/talker_listener -- -j12 -l12
[4.825s] Invoking command in '/home/will/Will/RANCS/RANCS-introduction/ros2/build/talker_listener': CMAKE_PREFIX_PATH=/opt/ros/humble DEBUGINFOD_URLS=https://debuginfod.archlinux.org PS1=[\u@\h \W]\$ /usr/bin/cmake --install /home/will/Will/RANCS/RANCS-introduction/ros2/build/talker_listener
[4.832s] -- Install configuration: ""
[4.832s] -- Installing: /home/will/Will/RANCS/RANCS-introduction/ros2/install/talker_listener/lib/talker_listener/talker
[4.833s] -- Set runtime path of "/home/will/Will/RANCS/RANCS-introduction/ros2/install/talker_listener/lib/talker_listener/talker" to ""
[4.833s] -- Installing: /home/will/Will/RANCS/RANCS-introduction/ros2/install/talker_listener/share/ament_index/resource_index/package_run_dependencies/talker_listener
[4.833s] -- Installing: /home/will/Will/RANCS/RANCS-introduction/ros2/install/talker_listener/share/ament_index/resource_index/parent_prefix_path/talker_listener
[4.833s] -- Installing: /home/will/Will/RANCS/RANCS-introduction/ros2/install/talker_listener/share/talker_listener/environment/ament_prefix_path.sh
[4.833s] -- Installing: /home/will/Will/RANCS/RANCS-introduction/ros2/install/talker_listener/share/talker_listener/environment/ament_prefix_path.dsv
[4.833s] -- Installing: /home/will/Will/RANCS/RANCS-introduction/ros2/install/talker_listener/share/talker_listener/environment/path.sh
[4.833s] -- Installing: /home/will/Will/RANCS/RANCS-introduction/ros2/install/talker_listener/share/talker_listener/environment/path.dsv
[4.833s] -- Installing: /home/will/Will/RANCS/RANCS-introduction/ros2/install/talker_listener/share/talker_listener/local_setup.bash
[4.833s] -- Installing: /home/will/Will/RANCS/RANCS-introduction/ros2/install/talker_listener/share/talker_listener/local_setup.sh
[4.834s] -- Installing: /home/will/Will/RANCS/RANCS-introduction/ros2/install/talker_listener/share/talker_listener/local_setup.zsh
[4.834s] -- Installing: /home/will/Will/RANCS/RANCS-introduction/ros2/install/talker_listener/share/talker_listener/local_setup.dsv
[4.834s] -- Installing: /home/will/Will/RANCS/RANCS-introduction/ros2/install/talker_listener/share/talker_listener/package.dsv
[4.834s] -- Installing: /home/will/Will/RANCS/RANCS-introduction/ros2/install/talker_listener/share/ament_index/resource_index/packages/talker_listener
[4.834s] -- Installing: /home/will/Will/RANCS/RANCS-introduction/ros2/install/talker_listener/share/talker_listener/cmake/talker_listenerConfig.cmake
[4.834s] -- Installing: /home/will/Will/RANCS/RANCS-introduction/ros2/install/talker_listener/share/talker_listener/cmake/talker_listenerConfig-version.cmake
[4.834s] -- Installing: /home/will/Will/RANCS/RANCS-introduction/ros2/install/talker_listener/share/talker_listener/package.xml
[4.836s] Invoked command in '/home/will/Will/RANCS/RANCS-introduction/ros2/build/talker_listener' returned '0': CMAKE_PREFIX_PATH=/opt/ros/humble DEBUGINFOD_URLS=https://debuginfod.archlinux.org PS1=[\u@\h \W]\$ /usr/bin/cmake --install /home/will/Will/RANCS/RANCS-introduction/ros2/build/talker_listener
