[0.102s] DEBUG:colcon:Command line arguments: ['/usr/bin/colcon', 'build']
[0.102s] DEBUG:colcon:Parsed command line arguments: Namespace(log_base=None, log_level=None, verb_name='build', build_base='build', install_base='install', merge_install=False, symlink_install=False, test_result_base=None, continue_on_error=False, executor='parallel', parallel_workers=12, event_handlers=None, ignore_user_meta=False, metas=['./colcon.meta'], base_paths=['.'], packages_ignore=None, packages_ignore_regex=None, paths=None, packages_up_to=None, packages_up_to_regex=None, packages_above=None, packages_above_and_dependencies=None, packages_above_depth=None, packages_select_by_dep=None, packages_skip_by_dep=None, packages_skip_up_to=None, packages_select_build_failed=False, packages_skip_build_finished=False, packages_select_test_failures=False, packages_skip_test_passed=False, packages_select=None, packages_skip=None, packages_select_regex=None, packages_skip_regex=None, packages_start=None, packages_end=None, cmake_args=None, cmake_target=None, cmake_target_skip_unavailable=False, cmake_clean_cache=False, cmake_clean_first=False, cmake_force_configure=False, ament_cmake_args=None, catkin_cmake_args=None, catkin_skip_building_tests=False, mixin_files=None, mixin=None, verb_parser=<colcon_mixin.mixin.mixin_argument.MixinArgumentDecorator object at 0x7fdcff5d61a0>, verb_extension=<colcon_core.verb.build.BuildVerb object at 0x7fdcff5d5ae0>, main=<bound method BuildVerb.main of <colcon_core.verb.build.BuildVerb object at 0x7fdcff5d5ae0>>, mixin_verb=('build',))
[0.202s] Level 1:colcon.colcon_core.package_discovery:discover_packages(colcon_meta) check parameters
[0.203s] INFO:colcon.colcon_metadata.package_discovery.colcon_meta:Using configuration from '/root/.colcon/metadata/default/Gazebo.meta'
[0.203s] INFO:colcon.colcon_metadata.package_discovery.colcon_meta:Using configuration from '/root/.colcon/metadata/default/fastdds.meta'
[0.203s] INFO:colcon.colcon_metadata.package_discovery.colcon_meta:Using configuration from '/root/.colcon/metadata/default/fastrtps.meta'
[0.203s] Level 1:colcon.colcon_core.package_discovery:discover_packages(recursive) check parameters
[0.203s] Level 1:colcon.colcon_core.package_discovery:discover_packages(ignore) check parameters
[0.203s] Level 1:colcon.colcon_core.package_discovery:discover_packages(path) check parameters
[0.204s] Level 1:colcon.colcon_core.package_discovery:discover_packages(colcon_meta) discover
[0.204s] Level 1:colcon.colcon_core.package_discovery:discover_packages(recursive) discover
[0.204s] INFO:colcon.colcon_core.package_discovery:Crawling recursively for packages in '/ros2'
[0.204s] Level 1:colcon.colcon_core.package_identification:_identify(.) by extensions ['ignore', 'ignore_ament_install']
[0.204s] Level 1:colcon.colcon_core.package_identification:_identify(.) by extension 'ignore'
[0.204s] Level 1:colcon.colcon_core.package_identification:_identify(.) by extension 'ignore_ament_install'
[0.204s] Level 1:colcon.colcon_core.package_identification:_identify(.) by extensions ['colcon_pkg']
[0.204s] Level 1:colcon.colcon_core.package_identification:_identify(.) by extension 'colcon_pkg'
[0.204s] Level 1:colcon.colcon_core.package_identification:_identify(.) by extensions ['colcon_meta']
[0.204s] Level 1:colcon.colcon_core.package_identification:_identify(.) by extension 'colcon_meta'
[0.204s] Level 1:colcon.colcon_core.package_identification:_identify(.) by extensions ['ros']
[0.204s] Level 1:colcon.colcon_core.package_identification:_identify(.) by extension 'ros'
[0.214s] Level 1:colcon.colcon_core.package_identification:_identify(.) by extensions ['cmake', 'python']
[0.214s] Level 1:colcon.colcon_core.package_identification:_identify(.) by extension 'cmake'
[0.214s] Level 1:colcon.colcon_core.package_identification:_identify(.) by extension 'python'
[0.214s] Level 1:colcon.colcon_core.package_identification:_identify(.) by extensions ['python_setup_py']
[0.214s] Level 1:colcon.colcon_core.package_identification:_identify(.) by extension 'python_setup_py'
[0.214s] Level 1:colcon.colcon_core.package_identification:_identify(build) by extensions ['ignore', 'ignore_ament_install']
[0.214s] Level 1:colcon.colcon_core.package_identification:_identify(build) by extension 'ignore'
[0.214s] Level 1:colcon.colcon_core.package_identification:_identify(build) ignored
[0.214s] Level 1:colcon.colcon_core.package_identification:_identify(install) by extensions ['ignore', 'ignore_ament_install']
[0.214s] Level 1:colcon.colcon_core.package_identification:_identify(install) by extension 'ignore'
[0.214s] Level 1:colcon.colcon_core.package_identification:_identify(install) ignored
[0.214s] Level 1:colcon.colcon_core.package_identification:_identify(log) by extensions ['ignore', 'ignore_ament_install']
[0.215s] Level 1:colcon.colcon_core.package_identification:_identify(log) by extension 'ignore'
[0.215s] Level 1:colcon.colcon_core.package_identification:_identify(log) ignored
[0.215s] Level 1:colcon.colcon_core.package_identification:_identify(src) by extensions ['ignore', 'ignore_ament_install']
[0.215s] Level 1:colcon.colcon_core.package_identification:_identify(src) by extension 'ignore'
[0.215s] Level 1:colcon.colcon_core.package_identification:_identify(src) by extension 'ignore_ament_install'
[0.215s] Level 1:colcon.colcon_core.package_identification:_identify(src) by extensions ['colcon_pkg']
[0.215s] Level 1:colcon.colcon_core.package_identification:_identify(src) by extension 'colcon_pkg'
[0.215s] Level 1:colcon.colcon_core.package_identification:_identify(src) by extensions ['colcon_meta']
[0.215s] Level 1:colcon.colcon_core.package_identification:_identify(src) by extension 'colcon_meta'
[0.215s] Level 1:colcon.colcon_core.package_identification:_identify(src) by extensions ['ros']
[0.215s] Level 1:colcon.colcon_core.package_identification:_identify(src) by extension 'ros'
[0.215s] Level 1:colcon.colcon_core.package_identification:_identify(src) by extensions ['cmake', 'python']
[0.215s] Level 1:colcon.colcon_core.package_identification:_identify(src) by extension 'cmake'
[0.215s] Level 1:colcon.colcon_core.package_identification:_identify(src) by extension 'python'
[0.215s] Level 1:colcon.colcon_core.package_identification:_identify(src) by extensions ['python_setup_py']
[0.215s] Level 1:colcon.colcon_core.package_identification:_identify(src) by extension 'python_setup_py'
[0.215s] Level 1:colcon.colcon_core.package_identification:_identify(src/imu) by extensions ['ignore', 'ignore_ament_install']
[0.215s] Level 1:colcon.colcon_core.package_identification:_identify(src/imu) by extension 'ignore'
[0.215s] Level 1:colcon.colcon_core.package_identification:_identify(src/imu) by extension 'ignore_ament_install'
[0.215s] Level 1:colcon.colcon_core.package_identification:_identify(src/imu) by extensions ['colcon_pkg']
[0.215s] Level 1:colcon.colcon_core.package_identification:_identify(src/imu) by extension 'colcon_pkg'
[0.216s] Level 1:colcon.colcon_core.package_identification:_identify(src/imu) by extensions ['colcon_meta']
[0.216s] Level 1:colcon.colcon_core.package_identification:_identify(src/imu) by extension 'colcon_meta'
[0.216s] Level 1:colcon.colcon_core.package_identification:_identify(src/imu) by extensions ['ros']
[0.216s] Level 1:colcon.colcon_core.package_identification:_identify(src/imu) by extension 'ros'
[0.218s] DEBUG:colcon.colcon_core.package_identification:Package 'src/imu' with type 'ros.ament_cmake' and name 'imu'
[0.218s] Level 1:colcon.colcon_core.package_identification:_identify(src/imu_py) by extensions ['ignore', 'ignore_ament_install']
[0.218s] Level 1:colcon.colcon_core.package_identification:_identify(src/imu_py) by extension 'ignore'
[0.218s] Level 1:colcon.colcon_core.package_identification:_identify(src/imu_py) by extension 'ignore_ament_install'
[0.218s] Level 1:colcon.colcon_core.package_identification:_identify(src/imu_py) by extensions ['colcon_pkg']
[0.218s] Level 1:colcon.colcon_core.package_identification:_identify(src/imu_py) by extension 'colcon_pkg'
[0.218s] Level 1:colcon.colcon_core.package_identification:_identify(src/imu_py) by extensions ['colcon_meta']
[0.218s] Level 1:colcon.colcon_core.package_identification:_identify(src/imu_py) by extension 'colcon_meta'
[0.218s] Level 1:colcon.colcon_core.package_identification:_identify(src/imu_py) by extensions ['ros']
[0.218s] Level 1:colcon.colcon_core.package_identification:_identify(src/imu_py) by extension 'ros'
[0.219s] DEBUG:colcon.colcon_core.package_identification:Package 'src/imu_py' with type 'ros.ament_python' and name 'imu_py'
[0.219s] Level 1:colcon.colcon_core.package_identification:_identify(src/interfaces) by extensions ['ignore', 'ignore_ament_install']
[0.219s] Level 1:colcon.colcon_core.package_identification:_identify(src/interfaces) by extension 'ignore'
[0.219s] Level 1:colcon.colcon_core.package_identification:_identify(src/interfaces) by extension 'ignore_ament_install'
[0.219s] Level 1:colcon.colcon_core.package_identification:_identify(src/interfaces) by extensions ['colcon_pkg']
[0.219s] Level 1:colcon.colcon_core.package_identification:_identify(src/interfaces) by extension 'colcon_pkg'
[0.219s] Level 1:colcon.colcon_core.package_identification:_identify(src/interfaces) by extensions ['colcon_meta']
[0.219s] Level 1:colcon.colcon_core.package_identification:_identify(src/interfaces) by extension 'colcon_meta'
[0.219s] Level 1:colcon.colcon_core.package_identification:_identify(src/interfaces) by extensions ['ros']
[0.219s] Level 1:colcon.colcon_core.package_identification:_identify(src/interfaces) by extension 'ros'
[0.219s] DEBUG:colcon.colcon_core.package_identification:Package 'src/interfaces' with type 'ros.ament_cmake' and name 'interfaces'
[0.220s] Level 1:colcon.colcon_core.package_identification:_identify(src/talker_listener) by extensions ['ignore', 'ignore_ament_install']
[0.220s] Level 1:colcon.colcon_core.package_identification:_identify(src/talker_listener) by extension 'ignore'
[0.220s] Level 1:colcon.colcon_core.package_identification:_identify(src/talker_listener) by extension 'ignore_ament_install'
[0.220s] Level 1:colcon.colcon_core.package_identification:_identify(src/talker_listener) by extensions ['colcon_pkg']
[0.220s] Level 1:colcon.colcon_core.package_identification:_identify(src/talker_listener) by extension 'colcon_pkg'
[0.220s] Level 1:colcon.colcon_core.package_identification:_identify(src/talker_listener) by extensions ['colcon_meta']
[0.220s] Level 1:colcon.colcon_core.package_identification:_identify(src/talker_listener) by extension 'colcon_meta'
[0.220s] Level 1:colcon.colcon_core.package_identification:_identify(src/talker_listener) by extensions ['ros']
[0.220s] Level 1:colcon.colcon_core.package_identification:_identify(src/talker_listener) by extension 'ros'
[0.220s] DEBUG:colcon.colcon_core.package_identification:Package 'src/talker_listener' with type 'ros.ament_cmake' and name 'talker_listener'
[0.220s] Level 1:colcon.colcon_core.package_identification:_identify(src/talker_listener_py) by extensions ['ignore', 'ignore_ament_install']
[0.220s] Level 1:colcon.colcon_core.package_identification:_identify(src/talker_listener_py) by extension 'ignore'
[0.220s] Level 1:colcon.colcon_core.package_identification:_identify(src/talker_listener_py) by extension 'ignore_ament_install'
[0.221s] Level 1:colcon.colcon_core.package_identification:_identify(src/talker_listener_py) by extensions ['colcon_pkg']
[0.221s] Level 1:colcon.colcon_core.package_identification:_identify(src/talker_listener_py) by extension 'colcon_pkg'
[0.221s] Level 1:colcon.colcon_core.package_identification:_identify(src/talker_listener_py) by extensions ['colcon_meta']
[0.221s] Level 1:colcon.colcon_core.package_identification:_identify(src/talker_listener_py) by extension 'colcon_meta'
[0.221s] Level 1:colcon.colcon_core.package_identification:_identify(src/talker_listener_py) by extensions ['ros']
[0.221s] Level 1:colcon.colcon_core.package_identification:_identify(src/talker_listener_py) by extension 'ros'
[0.221s] DEBUG:colcon.colcon_core.package_identification:Package 'src/talker_listener_py' with type 'ros.ament_python' and name 'talker_listener_py'
[0.221s] Level 1:colcon.colcon_core.package_identification:_identify(src/vehicle_status) by extensions ['ignore', 'ignore_ament_install']
[0.221s] Level 1:colcon.colcon_core.package_identification:_identify(src/vehicle_status) by extension 'ignore'
[0.221s] Level 1:colcon.colcon_core.package_identification:_identify(src/vehicle_status) by extension 'ignore_ament_install'
[0.222s] Level 1:colcon.colcon_core.package_identification:_identify(src/vehicle_status) by extensions ['colcon_pkg']
[0.222s] Level 1:colcon.colcon_core.package_identification:_identify(src/vehicle_status) by extension 'colcon_pkg'
[0.222s] Level 1:colcon.colcon_core.package_identification:_identify(src/vehicle_status) by extensions ['colcon_meta']
[0.222s] Level 1:colcon.colcon_core.package_identification:_identify(src/vehicle_status) by extension 'colcon_meta'
[0.222s] Level 1:colcon.colcon_core.package_identification:_identify(src/vehicle_status) by extensions ['ros']
[0.222s] Level 1:colcon.colcon_core.package_identification:_identify(src/vehicle_status) by extension 'ros'
[0.222s] DEBUG:colcon.colcon_core.package_identification:Package 'src/vehicle_status' with type 'ros.ament_cmake' and name 'vehicle_status'
[0.222s] Level 1:colcon.colcon_core.package_identification:_identify(src/vehicle_status_py) by extensions ['ignore', 'ignore_ament_install']
[0.222s] Level 1:colcon.colcon_core.package_identification:_identify(src/vehicle_status_py) by extension 'ignore'
[0.222s] Level 1:colcon.colcon_core.package_identification:_identify(src/vehicle_status_py) by extension 'ignore_ament_install'
[0.222s] Level 1:colcon.colcon_core.package_identification:_identify(src/vehicle_status_py) by extensions ['colcon_pkg']
[0.222s] Level 1:colcon.colcon_core.package_identification:_identify(src/vehicle_status_py) by extension 'colcon_pkg'
[0.222s] Level 1:colcon.colcon_core.package_identification:_identify(src/vehicle_status_py) by extensions ['colcon_meta']
[0.222s] Level 1:colcon.colcon_core.package_identification:_identify(src/vehicle_status_py) by extension 'colcon_meta'
[0.223s] Level 1:colcon.colcon_core.package_identification:_identify(src/vehicle_status_py) by extensions ['ros']
[0.223s] Level 1:colcon.colcon_core.package_identification:_identify(src/vehicle_status_py) by extension 'ros'
[0.223s] DEBUG:colcon.colcon_core.package_identification:Package 'src/vehicle_status_py' with type 'ros.ament_python' and name 'vehicle_status_py'
[0.223s] Level 1:colcon.colcon_core.package_discovery:discover_packages(recursive) using defaults
[0.223s] Level 1:colcon.colcon_core.package_discovery:discover_packages(ignore) discover
[0.223s] Level 1:colcon.colcon_core.package_discovery:discover_packages(ignore) using defaults
[0.223s] Level 1:colcon.colcon_core.package_discovery:discover_packages(path) discover
[0.223s] Level 1:colcon.colcon_core.package_discovery:discover_packages(path) using defaults
[0.242s] Level 5:colcon.colcon_core.verb:set package 'imu' build argument 'cmake_args' from command line to 'None'
[0.242s] Level 5:colcon.colcon_core.verb:set package 'imu' build argument 'cmake_target' from command line to 'None'
[0.242s] Level 5:colcon.colcon_core.verb:set package 'imu' build argument 'cmake_target_skip_unavailable' from command line to 'False'
[0.242s] Level 5:colcon.colcon_core.verb:set package 'imu' build argument 'cmake_clean_cache' from command line to 'False'
[0.242s] Level 5:colcon.colcon_core.verb:set package 'imu' build argument 'cmake_clean_first' from command line to 'False'
[0.242s] Level 5:colcon.colcon_core.verb:set package 'imu' build argument 'cmake_force_configure' from command line to 'False'
[0.242s] Level 5:colcon.colcon_core.verb:set package 'imu' build argument 'ament_cmake_args' from command line to 'None'
[0.242s] Level 5:colcon.colcon_core.verb:set package 'imu' build argument 'catkin_cmake_args' from command line to 'None'
[0.242s] Level 5:colcon.colcon_core.verb:set package 'imu' build argument 'catkin_skip_building_tests' from command line to 'False'
[0.242s] DEBUG:colcon.colcon_core.verb:Building package 'imu' with the following arguments: {'ament_cmake_args': None, 'build_base': '/ros2/build/imu', 'catkin_cmake_args': None, 'catkin_skip_building_tests': False, 'cmake_args': None, 'cmake_clean_cache': False, 'cmake_clean_first': False, 'cmake_force_configure': False, 'cmake_target': None, 'cmake_target_skip_unavailable': False, 'install_base': '/ros2/install/imu', 'merge_install': False, 'path': '/ros2/src/imu', 'symlink_install': False, 'test_result_base': None}
[0.242s] Level 5:colcon.colcon_core.verb:set package 'imu_py' build argument 'cmake_args' from command line to 'None'
[0.242s] Level 5:colcon.colcon_core.verb:set package 'imu_py' build argument 'cmake_target' from command line to 'None'
[0.242s] Level 5:colcon.colcon_core.verb:set package 'imu_py' build argument 'cmake_target_skip_unavailable' from command line to 'False'
[0.242s] Level 5:colcon.colcon_core.verb:set package 'imu_py' build argument 'cmake_clean_cache' from command line to 'False'
[0.242s] Level 5:colcon.colcon_core.verb:set package 'imu_py' build argument 'cmake_clean_first' from command line to 'False'
[0.242s] Level 5:colcon.colcon_core.verb:set package 'imu_py' build argument 'cmake_force_configure' from command line to 'False'
[0.242s] Level 5:colcon.colcon_core.verb:set package 'imu_py' build argument 'ament_cmake_args' from command line to 'None'
[0.242s] Level 5:colcon.colcon_core.verb:set package 'imu_py' build argument 'catkin_cmake_args' from command line to 'None'
[0.242s] Level 5:colcon.colcon_core.verb:set package 'imu_py' build argument 'catkin_skip_building_tests' from command line to 'False'
[0.242s] DEBUG:colcon.colcon_core.verb:Building package 'imu_py' with the following arguments: {'ament_cmake_args': None, 'build_base': '/ros2/build/imu_py', 'catkin_cmake_args': None, 'catkin_skip_building_tests': False, 'cmake_args': None, 'cmake_clean_cache': False, 'cmake_clean_first': False, 'cmake_force_configure': False, 'cmake_target': None, 'cmake_target_skip_unavailable': False, 'install_base': '/ros2/install/imu_py', 'merge_install': False, 'path': '/ros2/src/imu_py', 'symlink_install': False, 'test_result_base': None}
[0.243s] Level 5:colcon.colcon_core.verb:set package 'interfaces' build argument 'cmake_args' from command line to 'None'
[0.243s] Level 5:colcon.colcon_core.verb:set package 'interfaces' build argument 'cmake_target' from command line to 'None'
[0.243s] Level 5:colcon.colcon_core.verb:set package 'interfaces' build argument 'cmake_target_skip_unavailable' from command line to 'False'
[0.243s] Level 5:colcon.colcon_core.verb:set package 'interfaces' build argument 'cmake_clean_cache' from command line to 'False'
[0.243s] Level 5:colcon.colcon_core.verb:set package 'interfaces' build argument 'cmake_clean_first' from command line to 'False'
[0.243s] Level 5:colcon.colcon_core.verb:set package 'interfaces' build argument 'cmake_force_configure' from command line to 'False'
[0.243s] Level 5:colcon.colcon_core.verb:set package 'interfaces' build argument 'ament_cmake_args' from command line to 'None'
[0.243s] Level 5:colcon.colcon_core.verb:set package 'interfaces' build argument 'catkin_cmake_args' from command line to 'None'
[0.243s] Level 5:colcon.colcon_core.verb:set package 'interfaces' build argument 'catkin_skip_building_tests' from command line to 'False'
[0.243s] DEBUG:colcon.colcon_core.verb:Building package 'interfaces' with the following arguments: {'ament_cmake_args': None, 'build_base': '/ros2/build/interfaces', 'catkin_cmake_args': None, 'catkin_skip_building_tests': False, 'cmake_args': None, 'cmake_clean_cache': False, 'cmake_clean_first': False, 'cmake_force_configure': False, 'cmake_target': None, 'cmake_target_skip_unavailable': False, 'install_base': '/ros2/install/interfaces', 'merge_install': False, 'path': '/ros2/src/interfaces', 'symlink_install': False, 'test_result_base': None}
[0.243s] Level 5:colcon.colcon_core.verb:set package 'talker_listener' build argument 'cmake_args' from command line to 'None'
[0.243s] Level 5:colcon.colcon_core.verb:set package 'talker_listener' build argument 'cmake_target' from command line to 'None'
[0.243s] Level 5:colcon.colcon_core.verb:set package 'talker_listener' build argument 'cmake_target_skip_unavailable' from command line to 'False'
[0.243s] Level 5:colcon.colcon_core.verb:set package 'talker_listener' build argument 'cmake_clean_cache' from command line to 'False'
[0.243s] Level 5:colcon.colcon_core.verb:set package 'talker_listener' build argument 'cmake_clean_first' from command line to 'False'
[0.243s] Level 5:colcon.colcon_core.verb:set package 'talker_listener' build argument 'cmake_force_configure' from command line to 'False'
[0.243s] Level 5:colcon.colcon_core.verb:set package 'talker_listener' build argument 'ament_cmake_args' from command line to 'None'
[0.243s] Level 5:colcon.colcon_core.verb:set package 'talker_listener' build argument 'catkin_cmake_args' from command line to 'None'
[0.243s] Level 5:colcon.colcon_core.verb:set package 'talker_listener' build argument 'catkin_skip_building_tests' from command line to 'False'
[0.243s] DEBUG:colcon.colcon_core.verb:Building package 'talker_listener' with the following arguments: {'ament_cmake_args': None, 'build_base': '/ros2/build/talker_listener', 'catkin_cmake_args': None, 'catkin_skip_building_tests': False, 'cmake_args': None, 'cmake_clean_cache': False, 'cmake_clean_first': False, 'cmake_force_configure': False, 'cmake_target': None, 'cmake_target_skip_unavailable': False, 'install_base': '/ros2/install/talker_listener', 'merge_install': False, 'path': '/ros2/src/talker_listener', 'symlink_install': False, 'test_result_base': None}
[0.244s] Level 5:colcon.colcon_core.verb:set package 'talker_listener_py' build argument 'cmake_args' from command line to 'None'
[0.244s] Level 5:colcon.colcon_core.verb:set package 'talker_listener_py' build argument 'cmake_target' from command line to 'None'
[0.244s] Level 5:colcon.colcon_core.verb:set package 'talker_listener_py' build argument 'cmake_target_skip_unavailable' from command line to 'False'
[0.244s] Level 5:colcon.colcon_core.verb:set package 'talker_listener_py' build argument 'cmake_clean_cache' from command line to 'False'
[0.244s] Level 5:colcon.colcon_core.verb:set package 'talker_listener_py' build argument 'cmake_clean_first' from command line to 'False'
[0.244s] Level 5:colcon.colcon_core.verb:set package 'talker_listener_py' build argument 'cmake_force_configure' from command line to 'False'
[0.244s] Level 5:colcon.colcon_core.verb:set package 'talker_listener_py' build argument 'ament_cmake_args' from command line to 'None'
[0.244s] Level 5:colcon.colcon_core.verb:set package 'talker_listener_py' build argument 'catkin_cmake_args' from command line to 'None'
[0.244s] Level 5:colcon.colcon_core.verb:set package 'talker_listener_py' build argument 'catkin_skip_building_tests' from command line to 'False'
[0.244s] DEBUG:colcon.colcon_core.verb:Building package 'talker_listener_py' with the following arguments: {'ament_cmake_args': None, 'build_base': '/ros2/build/talker_listener_py', 'catkin_cmake_args': None, 'catkin_skip_building_tests': False, 'cmake_args': None, 'cmake_clean_cache': False, 'cmake_clean_first': False, 'cmake_force_configure': False, 'cmake_target': None, 'cmake_target_skip_unavailable': False, 'install_base': '/ros2/install/talker_listener_py', 'merge_install': False, 'path': '/ros2/src/talker_listener_py', 'symlink_install': False, 'test_result_base': None}
[0.244s] Level 5:colcon.colcon_core.verb:set package 'vehicle_status' build argument 'cmake_args' from command line to 'None'
[0.244s] Level 5:colcon.colcon_core.verb:set package 'vehicle_status' build argument 'cmake_target' from command line to 'None'
[0.244s] Level 5:colcon.colcon_core.verb:set package 'vehicle_status' build argument 'cmake_target_skip_unavailable' from command line to 'False'
[0.244s] Level 5:colcon.colcon_core.verb:set package 'vehicle_status' build argument 'cmake_clean_cache' from command line to 'False'
[0.244s] Level 5:colcon.colcon_core.verb:set package 'vehicle_status' build argument 'cmake_clean_first' from command line to 'False'
[0.244s] Level 5:colcon.colcon_core.verb:set package 'vehicle_status' build argument 'cmake_force_configure' from command line to 'False'
[0.244s] Level 5:colcon.colcon_core.verb:set package 'vehicle_status' build argument 'ament_cmake_args' from command line to 'None'
[0.244s] Level 5:colcon.colcon_core.verb:set package 'vehicle_status' build argument 'catkin_cmake_args' from command line to 'None'
[0.244s] Level 5:colcon.colcon_core.verb:set package 'vehicle_status' build argument 'catkin_skip_building_tests' from command line to 'False'
[0.244s] DEBUG:colcon.colcon_core.verb:Building package 'vehicle_status' with the following arguments: {'ament_cmake_args': None, 'build_base': '/ros2/build/vehicle_status', 'catkin_cmake_args': None, 'catkin_skip_building_tests': False, 'cmake_args': None, 'cmake_clean_cache': False, 'cmake_clean_first': False, 'cmake_force_configure': False, 'cmake_target': None, 'cmake_target_skip_unavailable': False, 'install_base': '/ros2/install/vehicle_status', 'merge_install': False, 'path': '/ros2/src/vehicle_status', 'symlink_install': False, 'test_result_base': None}
[0.245s] Level 5:colcon.colcon_core.verb:set package 'vehicle_status_py' build argument 'cmake_args' from command line to 'None'
[0.245s] Level 5:colcon.colcon_core.verb:set package 'vehicle_status_py' build argument 'cmake_target' from command line to 'None'
[0.245s] Level 5:colcon.colcon_core.verb:set package 'vehicle_status_py' build argument 'cmake_target_skip_unavailable' from command line to 'False'
[0.245s] Level 5:colcon.colcon_core.verb:set package 'vehicle_status_py' build argument 'cmake_clean_cache' from command line to 'False'
[0.245s] Level 5:colcon.colcon_core.verb:set package 'vehicle_status_py' build argument 'cmake_clean_first' from command line to 'False'
[0.245s] Level 5:colcon.colcon_core.verb:set package 'vehicle_status_py' build argument 'cmake_force_configure' from command line to 'False'
[0.245s] Level 5:colcon.colcon_core.verb:set package 'vehicle_status_py' build argument 'ament_cmake_args' from command line to 'None'
[0.245s] Level 5:colcon.colcon_core.verb:set package 'vehicle_status_py' build argument 'catkin_cmake_args' from command line to 'None'
[0.245s] Level 5:colcon.colcon_core.verb:set package 'vehicle_status_py' build argument 'catkin_skip_building_tests' from command line to 'False'
[0.245s] DEBUG:colcon.colcon_core.verb:Building package 'vehicle_status_py' with the following arguments: {'ament_cmake_args': None, 'build_base': '/ros2/build/vehicle_status_py', 'catkin_cmake_args': None, 'catkin_skip_building_tests': False, 'cmake_args': None, 'cmake_clean_cache': False, 'cmake_clean_first': False, 'cmake_force_configure': False, 'cmake_target': None, 'cmake_target_skip_unavailable': False, 'install_base': '/ros2/install/vehicle_status_py', 'merge_install': False, 'path': '/ros2/src/vehicle_status_py', 'symlink_install': False, 'test_result_base': None}
[0.245s] INFO:colcon.colcon_core.executor:Executing jobs using 'parallel' executor
[0.246s] DEBUG:colcon.colcon_parallel_executor.executor.parallel:run_until_complete
[0.246s] INFO:colcon.colcon_ros.task.ament_cmake.build:Building ROS package in '/ros2/src/interfaces' with build type 'ament_cmake'
[0.246s] INFO:colcon.colcon_cmake.task.cmake.build:Building CMake package in '/ros2/src/interfaces'
[0.248s] INFO:colcon.colcon_core.plugin_system:Skipping extension 'colcon_core.shell.bat': Not used on non-Windows systems
[0.249s] INFO:colcon.colcon_core.shell:Skip shell extension 'powershell' for command environment: Not usable outside of PowerShell
[0.249s] DEBUG:colcon.colcon_core.shell:Skip shell extension 'dsv' for command environment
[0.253s] INFO:colcon.colcon_ros.task.ament_cmake.build:Building ROS package in '/ros2/src/imu' with build type 'ament_cmake'
[0.253s] INFO:colcon.colcon_cmake.task.cmake.build:Building CMake package in '/ros2/src/imu'
[0.253s] INFO:colcon.colcon_core.shell:Skip shell extension 'powershell' for command environment: Not usable outside of PowerShell
[0.253s] DEBUG:colcon.colcon_core.shell:Skip shell extension 'dsv' for command environment
[0.256s] INFO:colcon.colcon_ros.task.ament_python.build:Building ROS package in '/ros2/src/imu_py' with build type 'ament_python'
[0.257s] Level 1:colcon.colcon_core.shell:create_environment_hook('imu_py', 'ament_prefix_path')
[0.257s] INFO:colcon.colcon_core.shell:Creating environment hook '/ros2/install/imu_py/share/imu_py/hook/ament_prefix_path.ps1'
[0.258s] INFO:colcon.colcon_core.shell:Creating environment descriptor '/ros2/install/imu_py/share/imu_py/hook/ament_prefix_path.dsv'
[0.258s] INFO:colcon.colcon_core.shell:Creating environment hook '/ros2/install/imu_py/share/imu_py/hook/ament_prefix_path.sh'
[0.259s] INFO:colcon.colcon_core.shell:Skip shell extension 'powershell' for command environment: Not usable outside of PowerShell
[0.259s] DEBUG:colcon.colcon_core.shell:Skip shell extension 'dsv' for command environment
[0.264s] INFO:colcon.colcon_ros.task.ament_cmake.build:Building ROS package in '/ros2/src/talker_listener' with build type 'ament_cmake'
[0.264s] INFO:colcon.colcon_cmake.task.cmake.build:Building CMake package in '/ros2/src/talker_listener'
[0.265s] INFO:colcon.colcon_core.shell:Skip shell extension 'powershell' for command environment: Not usable outside of PowerShell
[0.265s] DEBUG:colcon.colcon_core.shell:Skip shell extension 'dsv' for command environment
[0.268s] INFO:colcon.colcon_ros.task.ament_python.build:Building ROS package in '/ros2/src/talker_listener_py' with build type 'ament_python'
[0.268s] Level 1:colcon.colcon_core.shell:create_environment_hook('talker_listener_py', 'ament_prefix_path')
[0.269s] INFO:colcon.colcon_core.shell:Creating environment hook '/ros2/install/talker_listener_py/share/talker_listener_py/hook/ament_prefix_path.ps1'
[0.269s] INFO:colcon.colcon_core.shell:Creating environment descriptor '/ros2/install/talker_listener_py/share/talker_listener_py/hook/ament_prefix_path.dsv'
[0.270s] INFO:colcon.colcon_core.shell:Creating environment hook '/ros2/install/talker_listener_py/share/talker_listener_py/hook/ament_prefix_path.sh'
[0.271s] INFO:colcon.colcon_core.shell:Skip shell extension 'powershell' for command environment: Not usable outside of PowerShell
[0.271s] DEBUG:colcon.colcon_core.shell:Skip shell extension 'dsv' for command environment
[0.279s] DEBUG:colcon.colcon_core.event_handler.log_command:Invoking command in '/ros2/build/interfaces': CMAKE_PREFIX_PATH=${CMAKE_PREFIX_PATH}:/ros2/install/vehicle_status_py:/ros2/install/talker_listener_py:/opt/ros/humble /usr/bin/cmake --build /ros2/build/interfaces -- -j12 -l12
[0.283s] DEBUG:colcon.colcon_core.event_handler.log_command:Invoking command in '/ros2/build/imu': CMAKE_PREFIX_PATH=${CMAKE_PREFIX_PATH}:/ros2/install/vehicle_status_py:/ros2/install/talker_listener_py:/opt/ros/humble /usr/bin/cmake --build /ros2/build/imu -- -j12 -l12
[0.494s] INFO:colcon.colcon_core.task.python.build:Building Python package in '/ros2/src/imu_py'
[0.494s] INFO:colcon.colcon_core.shell:Skip shell extension 'powershell' for command environment: Not usable outside of PowerShell
[0.494s] DEBUG:colcon.colcon_core.shell:Skip shell extension 'dsv' for command environment
[0.500s] DEBUG:colcon.colcon_core.event_handler.log_command:Invoking command in '/ros2/build/talker_listener': CMAKE_PREFIX_PATH=${CMAKE_PREFIX_PATH}:/ros2/install/vehicle_status_py:/ros2/install/talker_listener_py:/opt/ros/humble /usr/bin/cmake --build /ros2/build/talker_listener -- -j12 -l12
[0.686s] INFO:colcon.colcon_core.task.python.build:Building Python package in '/ros2/src/talker_listener_py'
[0.686s] INFO:colcon.colcon_core.shell:Skip shell extension 'powershell' for command environment: Not usable outside of PowerShell
[0.686s] DEBUG:colcon.colcon_core.shell:Skip shell extension 'dsv' for command environment
[0.690s] DEBUG:colcon.colcon_core.event_handler.log_command:Invoked command in '/ros2/build/imu' returned '0': CMAKE_PREFIX_PATH=${CMAKE_PREFIX_PATH}:/ros2/install/vehicle_status_py:/ros2/install/talker_listener_py:/opt/ros/humble /usr/bin/cmake --build /ros2/build/imu -- -j12 -l12
[0.699s] DEBUG:colcon.colcon_core.event_handler.log_command:Invoking command in '/ros2/build/imu': CMAKE_PREFIX_PATH=${CMAKE_PREFIX_PATH}:/ros2/install/vehicle_status_py:/ros2/install/talker_listener_py:/opt/ros/humble /usr/bin/cmake --install /ros2/build/imu
[0.706s] DEBUG:colcon.colcon_core.event_handler.log_command:Invoked command in '/ros2/build/talker_listener' returned '0': CMAKE_PREFIX_PATH=${CMAKE_PREFIX_PATH}:/ros2/install/vehicle_status_py:/ros2/install/talker_listener_py:/opt/ros/humble /usr/bin/cmake --build /ros2/build/talker_listener -- -j12 -l12
[0.709s] DEBUG:colcon.colcon_core.event_handler.log_command:Invoking command in '/ros2/build/talker_listener': CMAKE_PREFIX_PATH=${CMAKE_PREFIX_PATH}:/ros2/install/vehicle_status_py:/ros2/install/talker_listener_py:/opt/ros/humble /usr/bin/cmake --install /ros2/build/talker_listener
[0.714s] DEBUG:colcon.colcon_core.event_handler.log_command:Invoked command in '/ros2/build/interfaces' returned '0': CMAKE_PREFIX_PATH=${CMAKE_PREFIX_PATH}:/ros2/install/vehicle_status_py:/ros2/install/talker_listener_py:/opt/ros/humble /usr/bin/cmake --build /ros2/build/interfaces -- -j12 -l12
[0.714s] DEBUG:colcon.colcon_core.event_handler.log_command:Invoking command in '/ros2/build/interfaces': CMAKE_PREFIX_PATH=${CMAKE_PREFIX_PATH}:/ros2/install/vehicle_status_py:/ros2/install/talker_listener_py:/opt/ros/humble /usr/bin/cmake --install /ros2/build/interfaces
[0.716s] Level 1:colcon.colcon_core.environment:create_environment_scripts_only(imu)
[0.716s] DEBUG:colcon.colcon_core.event_handler.log_command:Invoked command in '/ros2/build/imu' returned '0': CMAKE_PREFIX_PATH=${CMAKE_PREFIX_PATH}:/ros2/install/vehicle_status_py:/ros2/install/talker_listener_py:/opt/ros/humble /usr/bin/cmake --install /ros2/build/imu
[0.722s] Level 1:colcon.colcon_core.environment:checking '/ros2/install/imu' for CMake module files
[0.728s] Level 1:colcon.colcon_core.environment:checking '/ros2/install/imu' for CMake config files
[0.729s] Level 1:colcon.colcon_core.shell:create_environment_hook('imu', 'cmake_prefix_path')
[0.729s] INFO:colcon.colcon_core.shell:Creating environment hook '/ros2/install/imu/share/imu/hook/cmake_prefix_path.ps1'
[0.730s] INFO:colcon.colcon_core.shell:Creating environment descriptor '/ros2/install/imu/share/imu/hook/cmake_prefix_path.dsv'
[0.730s] INFO:colcon.colcon_core.shell:Creating environment hook '/ros2/install/imu/share/imu/hook/cmake_prefix_path.sh'
[0.731s] Level 1:colcon.colcon_core.environment:checking '/ros2/install/imu/lib'
[0.731s] Level 1:colcon.colcon_core.environment:checking '/ros2/install/imu/bin'
[0.731s] Level 1:colcon.colcon_core.environment:checking '/ros2/install/imu/lib/pkgconfig/imu.pc'
[0.732s] Level 1:colcon.colcon_core.environment:checking '/ros2/install/imu/lib/python3.10/site-packages'
[0.732s] Level 1:colcon.colcon_core.environment:checking '/ros2/install/imu/bin'
[0.733s] INFO:colcon.colcon_core.shell:Creating package script '/ros2/install/imu/share/imu/package.ps1'
[0.734s] INFO:colcon.colcon_core.shell:Creating package descriptor '/ros2/install/imu/share/imu/package.dsv'
[0.735s] INFO:colcon.colcon_core.shell:Creating package script '/ros2/install/imu/share/imu/package.sh'
[0.737s] INFO:colcon.colcon_core.shell:Creating package script '/ros2/install/imu/share/imu/package.bash'
[0.738s] INFO:colcon.colcon_core.shell:Creating package script '/ros2/install/imu/share/imu/package.zsh'
[0.739s] Level 1:colcon.colcon_core.environment:create_file_with_runtime_dependencies(/ros2/install/imu/share/colcon-core/packages/imu)
[0.740s] Level 1:colcon.colcon_core.environment:create_environment_scripts_only(imu)
[0.740s] Level 1:colcon.colcon_core.environment:checking '/ros2/install/imu' for CMake module files
[0.741s] Level 1:colcon.colcon_core.environment:checking '/ros2/install/imu' for CMake config files
[0.741s] Level 1:colcon.colcon_core.shell:create_environment_hook('imu', 'cmake_prefix_path')
[0.741s] INFO:colcon.colcon_core.shell:Creating environment hook '/ros2/install/imu/share/imu/hook/cmake_prefix_path.ps1'
[0.742s] INFO:colcon.colcon_core.shell:Creating environment descriptor '/ros2/install/imu/share/imu/hook/cmake_prefix_path.dsv'
[0.742s] INFO:colcon.colcon_core.shell:Creating environment hook '/ros2/install/imu/share/imu/hook/cmake_prefix_path.sh'
[0.743s] Level 1:colcon.colcon_core.environment:checking '/ros2/install/imu/lib'
[0.743s] Level 1:colcon.colcon_core.environment:checking '/ros2/install/imu/bin'
[0.743s] Level 1:colcon.colcon_core.environment:checking '/ros2/install/imu/lib/pkgconfig/imu.pc'
[0.743s] Level 1:colcon.colcon_core.environment:checking '/ros2/install/imu/lib/python3.10/site-packages'
[0.744s] Level 1:colcon.colcon_core.environment:checking '/ros2/install/imu/bin'
[0.744s] INFO:colcon.colcon_core.shell:Creating package script '/ros2/install/imu/share/imu/package.ps1'
[0.745s] INFO:colcon.colcon_core.shell:Creating package descriptor '/ros2/install/imu/share/imu/package.dsv'
[0.746s] INFO:colcon.colcon_core.shell:Creating package script '/ros2/install/imu/share/imu/package.sh'
[0.747s] INFO:colcon.colcon_core.shell:Creating package script '/ros2/install/imu/share/imu/package.bash'
[0.747s] INFO:colcon.colcon_core.shell:Creating package script '/ros2/install/imu/share/imu/package.zsh'
[0.748s] Level 1:colcon.colcon_core.environment:create_file_with_runtime_dependencies(/ros2/install/imu/share/colcon-core/packages/imu)
[0.749s] Level 1:colcon.colcon_core.environment:create_environment_scripts_only(talker_listener)
[0.750s] Level 1:colcon.colcon_core.environment:checking '/ros2/install/talker_listener' for CMake module files
[0.750s] DEBUG:colcon.colcon_core.event_handler.log_command:Invoked command in '/ros2/build/talker_listener' returned '0': CMAKE_PREFIX_PATH=${CMAKE_PREFIX_PATH}:/ros2/install/vehicle_status_py:/ros2/install/talker_listener_py:/opt/ros/humble /usr/bin/cmake --install /ros2/build/talker_listener
[0.750s] Level 1:colcon.colcon_core.environment:checking '/ros2/install/talker_listener' for CMake config files
[0.750s] Level 1:colcon.colcon_core.shell:create_environment_hook('talker_listener', 'cmake_prefix_path')
[0.751s] INFO:colcon.colcon_core.shell:Creating environment hook '/ros2/install/talker_listener/share/talker_listener/hook/cmake_prefix_path.ps1'
[0.751s] INFO:colcon.colcon_core.shell:Creating environment descriptor '/ros2/install/talker_listener/share/talker_listener/hook/cmake_prefix_path.dsv'
[0.751s] INFO:colcon.colcon_core.shell:Creating environment hook '/ros2/install/talker_listener/share/talker_listener/hook/cmake_prefix_path.sh'
[0.752s] Level 1:colcon.colcon_core.environment:checking '/ros2/install/talker_listener/lib'
[0.752s] Level 1:colcon.colcon_core.environment:checking '/ros2/install/talker_listener/bin'
[0.752s] Level 1:colcon.colcon_core.environment:checking '/ros2/install/talker_listener/lib/pkgconfig/talker_listener.pc'
[0.752s] Level 1:colcon.colcon_core.environment:checking '/ros2/install/talker_listener/lib/python3.10/site-packages'
[0.753s] Level 1:colcon.colcon_core.environment:checking '/ros2/install/talker_listener/bin'
[0.753s] INFO:colcon.colcon_core.shell:Creating package script '/ros2/install/talker_listener/share/talker_listener/package.ps1'
[0.753s] INFO:colcon.colcon_core.shell:Creating package descriptor '/ros2/install/talker_listener/share/talker_listener/package.dsv'
[0.754s] INFO:colcon.colcon_core.shell:Creating package script '/ros2/install/talker_listener/share/talker_listener/package.sh'
[0.754s] INFO:colcon.colcon_core.shell:Creating package script '/ros2/install/talker_listener/share/talker_listener/package.bash'
[0.755s] INFO:colcon.colcon_core.shell:Creating package script '/ros2/install/talker_listener/share/talker_listener/package.zsh'
[0.755s] Level 1:colcon.colcon_core.environment:create_file_with_runtime_dependencies(/ros2/install/talker_listener/share/colcon-core/packages/talker_listener)
[0.755s] Level 1:colcon.colcon_core.environment:create_environment_scripts_only(talker_listener)
[0.756s] Level 1:colcon.colcon_core.environment:checking '/ros2/install/talker_listener' for CMake module files
[0.756s] Level 1:colcon.colcon_core.environment:checking '/ros2/install/talker_listener' for CMake config files
[0.756s] Level 1:colcon.colcon_core.shell:create_environment_hook('talker_listener', 'cmake_prefix_path')
[0.756s] INFO:colcon.colcon_core.shell:Creating environment hook '/ros2/install/talker_listener/share/talker_listener/hook/cmake_prefix_path.ps1'
[0.757s] INFO:colcon.colcon_core.shell:Creating environment descriptor '/ros2/install/talker_listener/share/talker_listener/hook/cmake_prefix_path.dsv'
[0.757s] INFO:colcon.colcon_core.shell:Creating environment hook '/ros2/install/talker_listener/share/talker_listener/hook/cmake_prefix_path.sh'
[0.758s] Level 1:colcon.colcon_core.environment:checking '/ros2/install/talker_listener/lib'
[0.758s] Level 1:colcon.colcon_core.environment:checking '/ros2/install/talker_listener/bin'
[0.758s] Level 1:colcon.colcon_core.environment:checking '/ros2/install/talker_listener/lib/pkgconfig/talker_listener.pc'
[0.758s] Level 1:colcon.colcon_core.environment:checking '/ros2/install/talker_listener/lib/python3.10/site-packages'
[0.759s] Level 1:colcon.colcon_core.environment:checking '/ros2/install/talker_listener/bin'
[0.759s] INFO:colcon.colcon_core.shell:Creating package script '/ros2/install/talker_listener/share/talker_listener/package.ps1'
[0.760s] INFO:colcon.colcon_core.shell:Creating package descriptor '/ros2/install/talker_listener/share/talker_listener/package.dsv'
[0.760s] INFO:colcon.colcon_core.shell:Creating package script '/ros2/install/talker_listener/share/talker_listener/package.sh'
[0.761s] INFO:colcon.colcon_core.shell:Creating package script '/ros2/install/talker_listener/share/talker_listener/package.bash'
[0.761s] INFO:colcon.colcon_core.shell:Creating package script '/ros2/install/talker_listener/share/talker_listener/package.zsh'
[0.761s] Level 1:colcon.colcon_core.environment:create_file_with_runtime_dependencies(/ros2/install/talker_listener/share/colcon-core/packages/talker_listener)
[0.770s] Level 1:colcon.colcon_core.environment:create_environment_scripts_only(interfaces)
[0.771s] Level 1:colcon.colcon_core.environment:checking '/ros2/install/interfaces' for CMake module files
[0.771s] DEBUG:colcon.colcon_core.event_handler.log_command:Invoked command in '/ros2/build/interfaces' returned '0': CMAKE_PREFIX_PATH=${CMAKE_PREFIX_PATH}:/ros2/install/vehicle_status_py:/ros2/install/talker_listener_py:/opt/ros/humble /usr/bin/cmake --install /ros2/build/interfaces
[0.772s] Level 1:colcon.colcon_core.environment:checking '/ros2/install/interfaces' for CMake config files
[0.772s] Level 1:colcon.colcon_core.shell:create_environment_hook('interfaces', 'cmake_prefix_path')
[0.772s] INFO:colcon.colcon_core.shell:Creating environment hook '/ros2/install/interfaces/share/interfaces/hook/cmake_prefix_path.ps1'
[0.773s] INFO:colcon.colcon_core.shell:Creating environment descriptor '/ros2/install/interfaces/share/interfaces/hook/cmake_prefix_path.dsv'
[0.773s] INFO:colcon.colcon_core.shell:Creating environment hook '/ros2/install/interfaces/share/interfaces/hook/cmake_prefix_path.sh'
[0.774s] Level 1:colcon.colcon_core.environment:checking '/ros2/install/interfaces/lib'
[0.774s] Level 1:colcon.colcon_core.shell:create_environment_hook('interfaces', 'ld_library_path_lib')
[0.774s] INFO:colcon.colcon_core.shell:Creating environment hook '/ros2/install/interfaces/share/interfaces/hook/ld_library_path_lib.ps1'
[0.775s] INFO:colcon.colcon_core.shell:Creating environment descriptor '/ros2/install/interfaces/share/interfaces/hook/ld_library_path_lib.dsv'
[0.775s] INFO:colcon.colcon_core.shell:Creating environment hook '/ros2/install/interfaces/share/interfaces/hook/ld_library_path_lib.sh'
[0.776s] Level 1:colcon.colcon_core.environment:checking '/ros2/install/interfaces/bin'
[0.776s] Level 1:colcon.colcon_core.environment:checking '/ros2/install/interfaces/lib/pkgconfig/interfaces.pc'
[0.776s] Level 1:colcon.colcon_core.environment:checking '/ros2/install/interfaces/lib/python3.10/site-packages'
[0.776s] Level 1:colcon.colcon_core.environment:checking '/ros2/install/interfaces/bin'
[0.777s] INFO:colcon.colcon_core.shell:Creating package script '/ros2/install/interfaces/share/interfaces/package.ps1'
[0.777s] INFO:colcon.colcon_core.shell:Creating package descriptor '/ros2/install/interfaces/share/interfaces/package.dsv'
[0.778s] INFO:colcon.colcon_core.shell:Creating package script '/ros2/install/interfaces/share/interfaces/package.sh'
[0.778s] INFO:colcon.colcon_core.shell:Creating package script '/ros2/install/interfaces/share/interfaces/package.bash'
[0.778s] INFO:colcon.colcon_core.shell:Creating package script '/ros2/install/interfaces/share/interfaces/package.zsh'
[0.779s] Level 1:colcon.colcon_core.environment:create_file_with_runtime_dependencies(/ros2/install/interfaces/share/colcon-core/packages/interfaces)
[0.779s] Level 1:colcon.colcon_core.environment:create_environment_scripts_only(interfaces)
[0.779s] Level 1:colcon.colcon_core.environment:checking '/ros2/install/interfaces' for CMake module files
[0.780s] Level 1:colcon.colcon_core.environment:checking '/ros2/install/interfaces' for CMake config files
[0.780s] Level 1:colcon.colcon_core.shell:create_environment_hook('interfaces', 'cmake_prefix_path')
[0.781s] INFO:colcon.colcon_core.shell:Creating environment hook '/ros2/install/interfaces/share/interfaces/hook/cmake_prefix_path.ps1'
[0.781s] INFO:colcon.colcon_core.shell:Creating environment descriptor '/ros2/install/interfaces/share/interfaces/hook/cmake_prefix_path.dsv'
[0.781s] INFO:colcon.colcon_core.shell:Creating environment hook '/ros2/install/interfaces/share/interfaces/hook/cmake_prefix_path.sh'
[0.782s] Level 1:colcon.colcon_core.environment:checking '/ros2/install/interfaces/lib'
[0.782s] Level 1:colcon.colcon_core.shell:create_environment_hook('interfaces', 'ld_library_path_lib')
[0.782s] INFO:colcon.colcon_core.shell:Creating environment hook '/ros2/install/interfaces/share/interfaces/hook/ld_library_path_lib.ps1'
[0.782s] INFO:colcon.colcon_core.shell:Creating environment descriptor '/ros2/install/interfaces/share/interfaces/hook/ld_library_path_lib.dsv'
[0.783s] INFO:colcon.colcon_core.shell:Creating environment hook '/ros2/install/interfaces/share/interfaces/hook/ld_library_path_lib.sh'
[0.783s] Level 1:colcon.colcon_core.environment:checking '/ros2/install/interfaces/bin'
[0.783s] Level 1:colcon.colcon_core.environment:checking '/ros2/install/interfaces/lib/pkgconfig/interfaces.pc'
[0.783s] Level 1:colcon.colcon_core.environment:checking '/ros2/install/interfaces/lib/python3.10/site-packages'
[0.784s] Level 1:colcon.colcon_core.environment:checking '/ros2/install/interfaces/bin'
[0.784s] INFO:colcon.colcon_core.shell:Creating package script '/ros2/install/interfaces/share/interfaces/package.ps1'
[0.785s] INFO:colcon.colcon_core.shell:Creating package descriptor '/ros2/install/interfaces/share/interfaces/package.dsv'
[0.785s] INFO:colcon.colcon_core.shell:Creating package script '/ros2/install/interfaces/share/interfaces/package.sh'
[0.786s] INFO:colcon.colcon_core.shell:Creating package script '/ros2/install/interfaces/share/interfaces/package.bash'
[0.786s] INFO:colcon.colcon_core.shell:Creating package script '/ros2/install/interfaces/share/interfaces/package.zsh'
[0.787s] Level 1:colcon.colcon_core.environment:create_file_with_runtime_dependencies(/ros2/install/interfaces/share/colcon-core/packages/interfaces)
[0.787s] INFO:colcon.colcon_ros.task.ament_cmake.build:Building ROS package in '/ros2/src/vehicle_status' with build type 'ament_cmake'
[0.787s] INFO:colcon.colcon_cmake.task.cmake.build:Building CMake package in '/ros2/src/vehicle_status'
[0.787s] INFO:colcon.colcon_core.shell:Skip shell extension 'powershell' for command environment: Not usable outside of PowerShell
[0.787s] DEBUG:colcon.colcon_core.shell:Skip shell extension 'dsv' for command environment
[0.793s] INFO:colcon.colcon_ros.task.ament_python.build:Building ROS package in '/ros2/src/vehicle_status_py' with build type 'ament_python'
[0.793s] Level 1:colcon.colcon_core.shell:create_environment_hook('vehicle_status_py', 'ament_prefix_path')
[0.793s] INFO:colcon.colcon_core.shell:Creating environment hook '/ros2/install/vehicle_status_py/share/vehicle_status_py/hook/ament_prefix_path.ps1'
[0.794s] INFO:colcon.colcon_core.shell:Creating environment descriptor '/ros2/install/vehicle_status_py/share/vehicle_status_py/hook/ament_prefix_path.dsv'
[0.795s] INFO:colcon.colcon_core.shell:Creating environment hook '/ros2/install/vehicle_status_py/share/vehicle_status_py/hook/ament_prefix_path.sh'
[0.796s] INFO:colcon.colcon_core.shell:Skip shell extension 'powershell' for command environment: Not usable outside of PowerShell
[0.796s] DEBUG:colcon.colcon_core.shell:Skip shell extension 'dsv' for command environment
[0.806s] DEBUG:colcon.colcon_core.event_handler.log_command:Invoking command in '/ros2/build/vehicle_status': CMAKE_PREFIX_PATH=/ros2/install/interfaces:/ros2/install/imu:/ros2/install/vehicle_status:/ros2/install/talker_listener:/ros2/install/vehicle_status_py:/ros2/install/talker_listener_py:/opt/ros/humble /usr/bin/cmake --build /ros2/build/vehicle_status -- -j12 -l12
[1.024s] INFO:colcon.colcon_core.task.python.build:Building Python package in '/ros2/src/vehicle_status_py'
[1.024s] INFO:colcon.colcon_core.shell:Skip shell extension 'powershell' for command environment: Not usable outside of PowerShell
[1.024s] DEBUG:colcon.colcon_core.shell:Skip shell extension 'dsv' for command environment
[1.032s] DEBUG:colcon.colcon_core.event_handler.log_command:Invoking command in '/ros2/src/imu_py': PYTHONPATH=/ros2/build/imu_py/prefix_override:/usr/lib/python3/dist-packages/colcon_core/task/python/colcon_distutils_commands:/ros2/install/imu_py/lib/python3.10/site-packages:${PYTHONPATH} /usr/bin/python3 -W ignore:setup.py install is deprecated -W ignore:easy_install command is deprecated setup.py egg_info --egg-base ../../build/imu_py build --build-base /ros2/build/imu_py/build install --record /ros2/build/imu_py/install.log --single-version-externally-managed install_data
[1.033s] DEBUG:colcon.colcon_core.event_handler.log_command:Invoking command in '/ros2/src/talker_listener_py': PYTHONPATH=/ros2/build/talker_listener_py/prefix_override:/usr/lib/python3/dist-packages/colcon_core/task/python/colcon_distutils_commands:/ros2/install/talker_listener_py/lib/python3.10/site-packages:${PYTHONPATH} /usr/bin/python3 -W ignore:setup.py install is deprecated -W ignore:easy_install command is deprecated setup.py egg_info --egg-base ../../build/talker_listener_py build --build-base /ros2/build/talker_listener_py/build install --record /ros2/build/talker_listener_py/install.log --single-version-externally-managed install_data
[1.033s] DEBUG:colcon.colcon_core.event_handler.log_command:Invoked command in '/ros2/build/vehicle_status' returned '0': CMAKE_PREFIX_PATH=/ros2/install/interfaces:/ros2/install/imu:/ros2/install/vehicle_status:/ros2/install/talker_listener:/ros2/install/vehicle_status_py:/ros2/install/talker_listener_py:/opt/ros/humble /usr/bin/cmake --build /ros2/build/vehicle_status -- -j12 -l12
[1.033s] DEBUG:colcon.colcon_core.event_handler.log_command:Invoking command in '/ros2/build/vehicle_status': CMAKE_PREFIX_PATH=/ros2/install/interfaces:/ros2/install/imu:/ros2/install/vehicle_status:/ros2/install/talker_listener:/ros2/install/vehicle_status_py:/ros2/install/talker_listener_py:/opt/ros/humble /usr/bin/cmake --install /ros2/build/vehicle_status
[1.043s] Level 1:colcon.colcon_core.environment:create_environment_scripts_only(vehicle_status)
[1.043s] DEBUG:colcon.colcon_core.event_handler.log_command:Invoked command in '/ros2/build/vehicle_status' returned '0': CMAKE_PREFIX_PATH=/ros2/install/interfaces:/ros2/install/imu:/ros2/install/vehicle_status:/ros2/install/talker_listener:/ros2/install/vehicle_status_py:/ros2/install/talker_listener_py:/opt/ros/humble /usr/bin/cmake --install /ros2/build/vehicle_status
[1.044s] Level 1:colcon.colcon_core.environment:checking '/ros2/install/vehicle_status' for CMake module files
[1.045s] Level 1:colcon.colcon_core.environment:checking '/ros2/install/vehicle_status' for CMake config files
[1.045s] Level 1:colcon.colcon_core.shell:create_environment_hook('vehicle_status', 'cmake_prefix_path')
[1.045s] INFO:colcon.colcon_core.shell:Creating environment hook '/ros2/install/vehicle_status/share/vehicle_status/hook/cmake_prefix_path.ps1'
[1.046s] INFO:colcon.colcon_core.shell:Creating environment descriptor '/ros2/install/vehicle_status/share/vehicle_status/hook/cmake_prefix_path.dsv'
[1.046s] INFO:colcon.colcon_core.shell:Creating environment hook '/ros2/install/vehicle_status/share/vehicle_status/hook/cmake_prefix_path.sh'
[1.047s] Level 1:colcon.colcon_core.environment:checking '/ros2/install/vehicle_status/lib'
[1.047s] Level 1:colcon.colcon_core.environment:checking '/ros2/install/vehicle_status/bin'
[1.047s] Level 1:colcon.colcon_core.environment:checking '/ros2/install/vehicle_status/lib/pkgconfig/vehicle_status.pc'
[1.048s] Level 1:colcon.colcon_core.environment:checking '/ros2/install/vehicle_status/lib/python3.10/site-packages'
[1.048s] Level 1:colcon.colcon_core.environment:checking '/ros2/install/vehicle_status/bin'
[1.049s] INFO:colcon.colcon_core.shell:Creating package script '/ros2/install/vehicle_status/share/vehicle_status/package.ps1'
[1.050s] INFO:colcon.colcon_core.shell:Creating package descriptor '/ros2/install/vehicle_status/share/vehicle_status/package.dsv'
[1.050s] INFO:colcon.colcon_core.shell:Creating package script '/ros2/install/vehicle_status/share/vehicle_status/package.sh'
[1.051s] INFO:colcon.colcon_core.shell:Creating package script '/ros2/install/vehicle_status/share/vehicle_status/package.bash'
[1.051s] INFO:colcon.colcon_core.shell:Creating package script '/ros2/install/vehicle_status/share/vehicle_status/package.zsh'
[1.052s] Level 1:colcon.colcon_core.environment:create_file_with_runtime_dependencies(/ros2/install/vehicle_status/share/colcon-core/packages/vehicle_status)
[1.052s] Level 1:colcon.colcon_core.environment:create_environment_scripts_only(vehicle_status)
[1.053s] Level 1:colcon.colcon_core.environment:checking '/ros2/install/vehicle_status' for CMake module files
[1.053s] Level 1:colcon.colcon_core.environment:checking '/ros2/install/vehicle_status' for CMake config files
[1.054s] Level 1:colcon.colcon_core.shell:create_environment_hook('vehicle_status', 'cmake_prefix_path')
[1.054s] INFO:colcon.colcon_core.shell:Creating environment hook '/ros2/install/vehicle_status/share/vehicle_status/hook/cmake_prefix_path.ps1'
[1.055s] INFO:colcon.colcon_core.shell:Creating environment descriptor '/ros2/install/vehicle_status/share/vehicle_status/hook/cmake_prefix_path.dsv'
[1.055s] INFO:colcon.colcon_core.shell:Creating environment hook '/ros2/install/vehicle_status/share/vehicle_status/hook/cmake_prefix_path.sh'
[1.056s] Level 1:colcon.colcon_core.environment:checking '/ros2/install/vehicle_status/lib'
[1.056s] Level 1:colcon.colcon_core.environment:checking '/ros2/install/vehicle_status/bin'
[1.056s] Level 1:colcon.colcon_core.environment:checking '/ros2/install/vehicle_status/lib/pkgconfig/vehicle_status.pc'
[1.057s] Level 1:colcon.colcon_core.environment:checking '/ros2/install/vehicle_status/lib/python3.10/site-packages'
[1.057s] Level 1:colcon.colcon_core.environment:checking '/ros2/install/vehicle_status/bin'
[1.058s] INFO:colcon.colcon_core.shell:Creating package script '/ros2/install/vehicle_status/share/vehicle_status/package.ps1'
[1.058s] INFO:colcon.colcon_core.shell:Creating package descriptor '/ros2/install/vehicle_status/share/vehicle_status/package.dsv'
[1.059s] INFO:colcon.colcon_core.shell:Creating package script '/ros2/install/vehicle_status/share/vehicle_status/package.sh'
[1.060s] INFO:colcon.colcon_core.shell:Creating package script '/ros2/install/vehicle_status/share/vehicle_status/package.bash'
[1.060s] INFO:colcon.colcon_core.shell:Creating package script '/ros2/install/vehicle_status/share/vehicle_status/package.zsh'
[1.061s] Level 1:colcon.colcon_core.environment:create_file_with_runtime_dependencies(/ros2/install/vehicle_status/share/colcon-core/packages/vehicle_status)
[1.267s] Level 1:colcon.colcon_core.environment:checking '/ros2/install/talker_listener_py' for CMake module files
[1.268s] DEBUG:colcon.colcon_core.event_handler.log_command:Invoked command in '/ros2/src/talker_listener_py' returned '0': PYTHONPATH=/ros2/build/talker_listener_py/prefix_override:/usr/lib/python3/dist-packages/colcon_core/task/python/colcon_distutils_commands:/ros2/install/talker_listener_py/lib/python3.10/site-packages:${PYTHONPATH} /usr/bin/python3 -W ignore:setup.py install is deprecated -W ignore:easy_install command is deprecated setup.py egg_info --egg-base ../../build/talker_listener_py build --build-base /ros2/build/talker_listener_py/build install --record /ros2/build/talker_listener_py/install.log --single-version-externally-managed install_data
[1.268s] Level 1:colcon.colcon_core.environment:checking '/ros2/install/talker_listener_py' for CMake config files
[1.269s] Level 1:colcon.colcon_core.environment:checking '/ros2/install/talker_listener_py/lib'
[1.269s] Level 1:colcon.colcon_core.environment:checking '/ros2/install/talker_listener_py/bin'
[1.269s] Level 1:colcon.colcon_core.environment:checking '/ros2/install/talker_listener_py/lib/pkgconfig/talker_listener_py.pc'
[1.270s] Level 1:colcon.colcon_core.environment:checking '/ros2/install/talker_listener_py/lib/python3.10/site-packages'
[1.270s] Level 1:colcon.colcon_core.shell:create_environment_hook('talker_listener_py', 'pythonpath')
[1.270s] INFO:colcon.colcon_core.shell:Creating environment hook '/ros2/install/talker_listener_py/share/talker_listener_py/hook/pythonpath.ps1'
[1.271s] INFO:colcon.colcon_core.shell:Creating environment descriptor '/ros2/install/talker_listener_py/share/talker_listener_py/hook/pythonpath.dsv'
[1.272s] INFO:colcon.colcon_core.shell:Creating environment hook '/ros2/install/talker_listener_py/share/talker_listener_py/hook/pythonpath.sh'
[1.273s] Level 1:colcon.colcon_core.environment:checking '/ros2/install/talker_listener_py/bin'
[1.273s] Level 1:colcon.colcon_core.environment:create_environment_scripts_only(talker_listener_py)
[1.274s] INFO:colcon.colcon_core.shell:Creating package script '/ros2/install/talker_listener_py/share/talker_listener_py/package.ps1'
[1.275s] INFO:colcon.colcon_core.shell:Creating package descriptor '/ros2/install/talker_listener_py/share/talker_listener_py/package.dsv'
[1.275s] INFO:colcon.colcon_core.shell:Creating package script '/ros2/install/talker_listener_py/share/talker_listener_py/package.sh'
[1.276s] INFO:colcon.colcon_core.shell:Creating package script '/ros2/install/talker_listener_py/share/talker_listener_py/package.bash'
[1.276s] INFO:colcon.colcon_core.shell:Creating package script '/ros2/install/talker_listener_py/share/talker_listener_py/package.zsh'
[1.277s] Level 1:colcon.colcon_core.environment:create_file_with_runtime_dependencies(/ros2/install/talker_listener_py/share/colcon-core/packages/talker_listener_py)
[1.281s] Level 1:colcon.colcon_core.environment:checking '/ros2/install/imu_py' for CMake module files
[1.281s] DEBUG:colcon.colcon_core.event_handler.log_command:Invoked command in '/ros2/src/imu_py' returned '0': PYTHONPATH=/ros2/build/imu_py/prefix_override:/usr/lib/python3/dist-packages/colcon_core/task/python/colcon_distutils_commands:/ros2/install/imu_py/lib/python3.10/site-packages:${PYTHONPATH} /usr/bin/python3 -W ignore:setup.py install is deprecated -W ignore:easy_install command is deprecated setup.py egg_info --egg-base ../../build/imu_py build --build-base /ros2/build/imu_py/build install --record /ros2/build/imu_py/install.log --single-version-externally-managed install_data
[1.281s] Level 1:colcon.colcon_core.environment:checking '/ros2/install/imu_py' for CMake config files
[1.282s] Level 1:colcon.colcon_core.environment:checking '/ros2/install/imu_py/lib'
[1.282s] Level 1:colcon.colcon_core.environment:checking '/ros2/install/imu_py/bin'
[1.282s] Level 1:colcon.colcon_core.environment:checking '/ros2/install/imu_py/lib/pkgconfig/imu_py.pc'
[1.282s] Level 1:colcon.colcon_core.environment:checking '/ros2/install/imu_py/lib/python3.10/site-packages'
[1.282s] Level 1:colcon.colcon_core.shell:create_environment_hook('imu_py', 'pythonpath')
[1.283s] INFO:colcon.colcon_core.shell:Creating environment hook '/ros2/install/imu_py/share/imu_py/hook/pythonpath.ps1'
[1.283s] INFO:colcon.colcon_core.shell:Creating environment descriptor '/ros2/install/imu_py/share/imu_py/hook/pythonpath.dsv'
[1.283s] INFO:colcon.colcon_core.shell:Creating environment hook '/ros2/install/imu_py/share/imu_py/hook/pythonpath.sh'
[1.284s] Level 1:colcon.colcon_core.environment:checking '/ros2/install/imu_py/bin'
[1.284s] Level 1:colcon.colcon_core.environment:create_environment_scripts_only(imu_py)
[1.284s] INFO:colcon.colcon_core.shell:Creating package script '/ros2/install/imu_py/share/imu_py/package.ps1'
[1.285s] INFO:colcon.colcon_core.shell:Creating package descriptor '/ros2/install/imu_py/share/imu_py/package.dsv'
[1.285s] INFO:colcon.colcon_core.shell:Creating package script '/ros2/install/imu_py/share/imu_py/package.sh'
[1.286s] INFO:colcon.colcon_core.shell:Creating package script '/ros2/install/imu_py/share/imu_py/package.bash'
[1.286s] INFO:colcon.colcon_core.shell:Creating package script '/ros2/install/imu_py/share/imu_py/package.zsh'
[1.286s] Level 1:colcon.colcon_core.environment:create_file_with_runtime_dependencies(/ros2/install/imu_py/share/colcon-core/packages/imu_py)
[1.299s] DEBUG:colcon.colcon_core.event_handler.log_command:Invoking command in '/ros2/src/vehicle_status_py': CMAKE_PREFIX_PATH=/ros2/install/interfaces:/ros2/install/imu:/ros2/install/vehicle_status:/ros2/install/talker_listener PYTHONPATH=/ros2/build/vehicle_status_py/prefix_override:/usr/lib/python3/dist-packages/colcon_core/task/python/colcon_distutils_commands:/ros2/install/vehicle_status_py/lib/python3.10/site-packages:${PYTHONPATH} /usr/bin/python3 -W ignore:setup.py install is deprecated -W ignore:easy_install command is deprecated setup.py egg_info --egg-base ../../build/vehicle_status_py build --build-base /ros2/build/vehicle_status_py/build install --record /ros2/build/vehicle_status_py/install.log --single-version-externally-managed install_data
[1.509s] Level 1:colcon.colcon_core.environment:checking '/ros2/install/vehicle_status_py' for CMake module files
[1.509s] DEBUG:colcon.colcon_core.event_handler.log_command:Invoked command in '/ros2/src/vehicle_status_py' returned '0': CMAKE_PREFIX_PATH=/ros2/install/interfaces:/ros2/install/imu:/ros2/install/vehicle_status:/ros2/install/talker_listener PYTHONPATH=/ros2/build/vehicle_status_py/prefix_override:/usr/lib/python3/dist-packages/colcon_core/task/python/colcon_distutils_commands:/ros2/install/vehicle_status_py/lib/python3.10/site-packages:${PYTHONPATH} /usr/bin/python3 -W ignore:setup.py install is deprecated -W ignore:easy_install command is deprecated setup.py egg_info --egg-base ../../build/vehicle_status_py build --build-base /ros2/build/vehicle_status_py/build install --record /ros2/build/vehicle_status_py/install.log --single-version-externally-managed install_data
[1.509s] Level 1:colcon.colcon_core.environment:checking '/ros2/install/vehicle_status_py' for CMake config files
[1.510s] Level 1:colcon.colcon_core.environment:checking '/ros2/install/vehicle_status_py/lib'
[1.510s] Level 1:colcon.colcon_core.environment:checking '/ros2/install/vehicle_status_py/bin'
[1.510s] Level 1:colcon.colcon_core.environment:checking '/ros2/install/vehicle_status_py/lib/pkgconfig/vehicle_status_py.pc'
[1.510s] Level 1:colcon.colcon_core.environment:checking '/ros2/install/vehicle_status_py/lib/python3.10/site-packages'
[1.510s] Level 1:colcon.colcon_core.shell:create_environment_hook('vehicle_status_py', 'pythonpath')
[1.511s] INFO:colcon.colcon_core.shell:Creating environment hook '/ros2/install/vehicle_status_py/share/vehicle_status_py/hook/pythonpath.ps1'
[1.511s] INFO:colcon.colcon_core.shell:Creating environment descriptor '/ros2/install/vehicle_status_py/share/vehicle_status_py/hook/pythonpath.dsv'
[1.511s] INFO:colcon.colcon_core.shell:Creating environment hook '/ros2/install/vehicle_status_py/share/vehicle_status_py/hook/pythonpath.sh'
[1.512s] Level 1:colcon.colcon_core.environment:checking '/ros2/install/vehicle_status_py/bin'
[1.512s] Level 1:colcon.colcon_core.environment:create_environment_scripts_only(vehicle_status_py)
[1.512s] INFO:colcon.colcon_core.shell:Creating package script '/ros2/install/vehicle_status_py/share/vehicle_status_py/package.ps1'
[1.513s] INFO:colcon.colcon_core.shell:Creating package descriptor '/ros2/install/vehicle_status_py/share/vehicle_status_py/package.dsv'
[1.513s] INFO:colcon.colcon_core.shell:Creating package script '/ros2/install/vehicle_status_py/share/vehicle_status_py/package.sh'
[1.513s] INFO:colcon.colcon_core.shell:Creating package script '/ros2/install/vehicle_status_py/share/vehicle_status_py/package.bash'
[1.514s] INFO:colcon.colcon_core.shell:Creating package script '/ros2/install/vehicle_status_py/share/vehicle_status_py/package.zsh'
[1.514s] Level 1:colcon.colcon_core.environment:create_file_with_runtime_dependencies(/ros2/install/vehicle_status_py/share/colcon-core/packages/vehicle_status_py)
[1.514s] DEBUG:colcon.colcon_parallel_executor.executor.parallel:closing loop
[1.515s] DEBUG:colcon.colcon_parallel_executor.executor.parallel:loop closed
[1.515s] DEBUG:colcon.colcon_parallel_executor.executor.parallel:run_until_complete finished with '0'
[1.515s] DEBUG:colcon.colcon_core.event_reactor:joining thread
[1.520s] INFO:colcon.colcon_core.plugin_system:Skipping extension 'colcon_notification.desktop_notification.notify_send': Could not find 'notify-send'
[1.520s] INFO:colcon.colcon_core.plugin_system:Skipping extension 'colcon_notification.desktop_notification.terminal_notifier': Not used on non-Darwin systems
[1.520s] INFO:colcon.colcon_core.plugin_system:Skipping extension 'colcon_notification.desktop_notification.win32': Not used on non-Windows systems
[1.520s] INFO:colcon.colcon_notification.desktop_notification:Sending desktop notification using 'notify2'
[1.520s] DEBUG:colcon.colcon_notification.desktop_notification.notify2:Failed to initialize notify2: org.freedesktop.DBus.Error.NotSupported: Unable to autolaunch a dbus-daemon without a $DISPLAY for X11
[1.520s] DEBUG:colcon.colcon_core.event_reactor:joined thread
[1.520s] INFO:colcon.colcon_core.shell:Creating prefix script '/ros2/install/local_setup.ps1'
[1.521s] INFO:colcon.colcon_core.shell:Creating prefix util module '/ros2/install/_local_setup_util_ps1.py'
[1.522s] INFO:colcon.colcon_core.shell:Creating prefix chain script '/ros2/install/setup.ps1'
[1.524s] INFO:colcon.colcon_core.shell:Creating prefix script '/ros2/install/local_setup.sh'
[1.524s] INFO:colcon.colcon_core.shell:Creating prefix util module '/ros2/install/_local_setup_util_sh.py'
[1.525s] INFO:colcon.colcon_core.shell:Creating prefix chain script '/ros2/install/setup.sh'
[1.526s] INFO:colcon.colcon_core.shell:Creating prefix script '/ros2/install/local_setup.bash'
[1.526s] INFO:colcon.colcon_core.shell:Creating prefix chain script '/ros2/install/setup.bash'
[1.528s] INFO:colcon.colcon_core.shell:Creating prefix script '/ros2/install/local_setup.zsh'
[1.529s] INFO:colcon.colcon_core.shell:Creating prefix chain script '/ros2/install/setup.zsh'
