[0.000000] (-) TimerEvent: {}
[0.000100] (imu) JobQueued: {'identifier': 'imu', 'dependencies': OrderedDict()}
[0.000124] (imu_py) JobQueued: {'identifier': 'imu_py', 'dependencies': OrderedDict()}
[0.000142] (interfaces) JobQueued: {'identifier': 'interfaces', 'dependencies': OrderedDict()}
[0.000156] (talker_listener) JobQueued: {'identifier': 'talker_listener', 'dependencies': OrderedDict()}
[0.000169] (talker_listener_py) JobQueued: {'identifier': 'talker_listener_py', 'dependencies': OrderedDict()}
[0.000181] (vehicle_status) JobQueued: {'identifier': 'vehicle_status', 'dependencies': OrderedDict([('interfaces', '/home/will/Will/RANCS/RANCS-introduction/ros2/install/interfaces')])}
[0.000198] (vehicle_status_py) JobQueued: {'identifier': 'vehicle_status_py', 'dependencies': OrderedDict([('interfaces', '/home/will/Will/RANCS/RANCS-introduction/ros2/install/interfaces')])}
[0.000213] (interfaces) JobStarted: {'identifier': 'interfaces'}
[0.007076] (imu) JobStarted: {'identifier': 'imu'}
[0.011154] (imu_py) JobStarted: {'identifier': 'imu_py'}
[0.018363] (talker_listener) JobStarted: {'identifier': 'talker_listener'}
[0.021552] (talker_listener_py) JobStarted: {'identifier': 'talker_listener_py'}
[0.029636] (interfaces) JobProgress: {'identifier': 'interfaces', 'progress': 'cmake'}
[0.030389] (interfaces) JobProgress: {'identifier': 'interfaces', 'progress': 'build'}
[0.031365] (interfaces) Command: {'cmd': ['/usr/bin/cmake', '--build', '/home/will/Will/RANCS/RANCS-introduction/ros2/build/interfaces', '--', '-j12', '-l12'], 'cwd': '/home/will/Will/RANCS/RANCS-introduction/ros2/build/interfaces', 'env': OrderedDict([('MAIL', '/var/spool/mail/will'), ('HYPRLAND_CMD', 'Hyprland --watchdog-fd 4'), ('USER', 'will'), ('HYPRLAND_INSTANCE_SIGNATURE', '521ece463c4a9d3d128670688a34756805a4328f_1779540798_1184533170'), ('STARSHIP_SHELL', 'bash'), ('HOSTNAME', 'archlinux'), ('XDG_SESSION_TYPE', 'wayland'), ('XCURSOR_SIZE', '24'), ('XDG_CACHE_HOME', '/home/will/.cache'), ('SHLVL', '4'), ('LD_LIBRARY_PATH', '/opt/ros/humble/lib/x86_64-linux-gnu:/opt/ros/humble/lib'), ('MOTD_SHOWN', 'pam'), ('HOME', '/home/will'), ('TERMINFO', '/usr/lib/kitty/terminfo'), ('MOZ_ENABLE_WAYLAND', '1'), ('OLDPWD', '/home/will'), ('DESKTOP_SESSION', 'hyprland'), ('NVM_BIN', '/home/will/.nvm/versions/node/v24.14.0/bin'), ('KITTY_INSTALLATION_DIR', '/usr/lib/kitty'), ('NVM_INC', '/home/will/.nvm/versions/node/v24.14.0/include/node'), ('ROS_PYTHON_VERSION', '3'), ('PS1', '[\\u@\\h \\W]\\$'), ('KITTY_PID', '1049296'), ('DISTROBOX_ENTER_PATH', '/usr/bin/distrobox-enter'), ('XDG_STATE_HOME', '/home/will/.local/state'), ('DBUS_SESSION_BUS_ADDRESS', 'unix:path=/run/user/1000/bus'), ('COLORTERM', 'truecolor'), ('container', 'podman'), ('NVM_DIR', '/home/will/.nvm'), ('DEBUGINFOD_URLS', 'https://debuginfod.archlinux.org'), ('WAYLAND_DISPLAY', 'wayland-1'), ('ROS_DISTRO', 'humble'), ('GTK_IM_MODULE', 'fcitx'), ('LOGNAME', 'will'), ('_', '/usr/bin/colcon'), ('ROS_VERSION', '2'), ('TERMINFO_DIRS', '/usr/share/terminfo:/run/host/usr/share/terminfo'), ('TERM', 'xterm-kitty'), ('XDG_SESSION_ID', '3'), ('ROS_LOCALHOST_ONLY', '0'), ('HL_INITIAL_WORKSPACE_TOKEN', '8fd082a6-51bf-4ab7-9242-81711322afb1'), ('PATH', '/opt/ros/humble/bin:/home/will/.local/bin:/home/will/.opencode/bin:/home/will/.local/bin:/home/will/.opencode/bin:/home/will/.nvm/versions/node/v24.14.0/bin:/usr/local/bin:/usr/bin:/var/lib/flatpak/exports/bin:/usr/lib/jvm/default/bin:/usr/bin/site_perl:/usr/bin/vendor_perl:/usr/bin/core_perl:/usr/local/sbin:/usr/sbin:/usr/local/bin:/usr/bin:/sbin:/bin:/usr/local/sbin:/usr/sbin:/sbin:/bin'), ('XDG_RUNTIME_DIR', '/run/user/1000'), ('DISPLAY', ':0'), ('HYPRCURSOR_SIZE', '24'), ('LANG', 'en_US.UTF-8'), ('XDG_CURRENT_DESKTOP', 'Hyprland'), ('XDG_DATA_HOME', '/home/will/.local/share'), ('XDG_CONFIG_HOME', '/home/will/.config'), ('XMODIFIERS', '@im=fcitx'), ('XDG_SESSION_DESKTOP', 'Hyprland'), ('AMENT_PREFIX_PATH', '/opt/ros/humble'), ('SHELL', '/usr/bin/bash'), ('KITTY_WINDOW_ID', '1'), ('QT_IM_MODULE', 'fcitx'), ('PWD', '/home/will/Will/RANCS/RANCS-introduction/ros2/build/interfaces'), ('CONTAINER_ID', 'ros2'), ('LC_ALL', 'C.UTF-8'), ('XDG_CONFIG_DIRS', '/etc/xdg'), ('XDG_BACKEND', 'wayland'), ('NVM_CD_FLAGS', ''), ('XDG_DATA_DIRS', '/home/will/.local/share/flatpak/exports/share:/var/lib/flatpak/exports/share:/usr/local/share:/usr/share'), ('STARSHIP_SESSION_KEY', '3062721191839391'), ('PYTHONPATH', '/opt/ros/humble/lib/python3.10/site-packages:/opt/ros/humble/local/lib/python3.10/dist-packages'), ('COLCON', '1'), ('CMAKE_PREFIX_PATH', '/opt/ros/humble')]), 'shell': False}
[0.034339] (imu) JobProgress: {'identifier': 'imu', 'progress': 'cmake'}
[0.035168] (imu) JobProgress: {'identifier': 'imu', 'progress': 'build'}
[0.035648] (imu) Command: {'cmd': ['/usr/bin/cmake', '--build', '/home/will/Will/RANCS/RANCS-introduction/ros2/build/imu', '--', '-j12', '-l12'], 'cwd': '/home/will/Will/RANCS/RANCS-introduction/ros2/build/imu', 'env': OrderedDict([('MAIL', '/var/spool/mail/will'), ('HYPRLAND_CMD', 'Hyprland --watchdog-fd 4'), ('USER', 'will'), ('HYPRLAND_INSTANCE_SIGNATURE', '521ece463c4a9d3d128670688a34756805a4328f_1779540798_1184533170'), ('STARSHIP_SHELL', 'bash'), ('HOSTNAME', 'archlinux'), ('XDG_SESSION_TYPE', 'wayland'), ('XCURSOR_SIZE', '24'), ('XDG_CACHE_HOME', '/home/will/.cache'), ('SHLVL', '4'), ('LD_LIBRARY_PATH', '/opt/ros/humble/lib/x86_64-linux-gnu:/opt/ros/humble/lib'), ('MOTD_SHOWN', 'pam'), ('HOME', '/home/will'), ('TERMINFO', '/usr/lib/kitty/terminfo'), ('MOZ_ENABLE_WAYLAND', '1'), ('OLDPWD', '/home/will'), ('DESKTOP_SESSION', 'hyprland'), ('NVM_BIN', '/home/will/.nvm/versions/node/v24.14.0/bin'), ('KITTY_INSTALLATION_DIR', '/usr/lib/kitty'), ('NVM_INC', '/home/will/.nvm/versions/node/v24.14.0/include/node'), ('ROS_PYTHON_VERSION', '3'), ('PS1', '[\\u@\\h \\W]\\$'), ('KITTY_PID', '1049296'), ('DISTROBOX_ENTER_PATH', '/usr/bin/distrobox-enter'), ('XDG_STATE_HOME', '/home/will/.local/state'), ('DBUS_SESSION_BUS_ADDRESS', 'unix:path=/run/user/1000/bus'), ('COLORTERM', 'truecolor'), ('container', 'podman'), ('NVM_DIR', '/home/will/.nvm'), ('DEBUGINFOD_URLS', 'https://debuginfod.archlinux.org'), ('WAYLAND_DISPLAY', 'wayland-1'), ('ROS_DISTRO', 'humble'), ('GTK_IM_MODULE', 'fcitx'), ('LOGNAME', 'will'), ('_', '/usr/bin/colcon'), ('ROS_VERSION', '2'), ('TERMINFO_DIRS', '/usr/share/terminfo:/run/host/usr/share/terminfo'), ('TERM', 'xterm-kitty'), ('XDG_SESSION_ID', '3'), ('ROS_LOCALHOST_ONLY', '0'), ('HL_INITIAL_WORKSPACE_TOKEN', '8fd082a6-51bf-4ab7-9242-81711322afb1'), ('PATH', '/opt/ros/humble/bin:/home/will/.local/bin:/home/will/.opencode/bin:/home/will/.local/bin:/home/will/.opencode/bin:/home/will/.nvm/versions/node/v24.14.0/bin:/usr/local/bin:/usr/bin:/var/lib/flatpak/exports/bin:/usr/lib/jvm/default/bin:/usr/bin/site_perl:/usr/bin/vendor_perl:/usr/bin/core_perl:/usr/local/sbin:/usr/sbin:/usr/local/bin:/usr/bin:/sbin:/bin:/usr/local/sbin:/usr/sbin:/sbin:/bin'), ('XDG_RUNTIME_DIR', '/run/user/1000'), ('DISPLAY', ':0'), ('HYPRCURSOR_SIZE', '24'), ('LANG', 'en_US.UTF-8'), ('XDG_CURRENT_DESKTOP', 'Hyprland'), ('XDG_DATA_HOME', '/home/will/.local/share'), ('XDG_CONFIG_HOME', '/home/will/.config'), ('XMODIFIERS', '@im=fcitx'), ('XDG_SESSION_DESKTOP', 'Hyprland'), ('AMENT_PREFIX_PATH', '/opt/ros/humble'), ('SHELL', '/usr/bin/bash'), ('KITTY_WINDOW_ID', '1'), ('QT_IM_MODULE', 'fcitx'), ('PWD', '/home/will/Will/RANCS/RANCS-introduction/ros2/build/imu'), ('CONTAINER_ID', 'ros2'), ('LC_ALL', 'C.UTF-8'), ('XDG_CONFIG_DIRS', '/etc/xdg'), ('XDG_BACKEND', 'wayland'), ('NVM_CD_FLAGS', ''), ('XDG_DATA_DIRS', '/home/will/.local/share/flatpak/exports/share:/var/lib/flatpak/exports/share:/usr/local/share:/usr/share'), ('STARSHIP_SESSION_KEY', '3062721191839391'), ('PYTHONPATH', '/opt/ros/humble/lib/python3.10/site-packages:/opt/ros/humble/local/lib/python3.10/dist-packages'), ('COLCON', '1'), ('CMAKE_PREFIX_PATH', '/opt/ros/humble')]), 'shell': False}
[0.099275] (-) TimerEvent: {}
[0.199693] (-) TimerEvent: {}
[0.299973] (-) TimerEvent: {}
[0.321518] (talker_listener) JobProgress: {'identifier': 'talker_listener', 'progress': 'cmake'}
[0.322722] (talker_listener) JobProgress: {'identifier': 'talker_listener', 'progress': 'build'}
[0.322876] (talker_listener) Command: {'cmd': ['/usr/bin/cmake', '--build', '/home/will/Will/RANCS/RANCS-introduction/ros2/build/talker_listener', '--', '-j12', '-l12'], 'cwd': '/home/will/Will/RANCS/RANCS-introduction/ros2/build/talker_listener', 'env': OrderedDict([('MAIL', '/var/spool/mail/will'), ('HYPRLAND_CMD', 'Hyprland --watchdog-fd 4'), ('USER', 'will'), ('HYPRLAND_INSTANCE_SIGNATURE', '521ece463c4a9d3d128670688a34756805a4328f_1779540798_1184533170'), ('STARSHIP_SHELL', 'bash'), ('HOSTNAME', 'archlinux'), ('XDG_SESSION_TYPE', 'wayland'), ('XCURSOR_SIZE', '24'), ('XDG_CACHE_HOME', '/home/will/.cache'), ('SHLVL', '4'), ('LD_LIBRARY_PATH', '/opt/ros/humble/lib/x86_64-linux-gnu:/opt/ros/humble/lib'), ('MOTD_SHOWN', 'pam'), ('HOME', '/home/will'), ('TERMINFO', '/usr/lib/kitty/terminfo'), ('MOZ_ENABLE_WAYLAND', '1'), ('OLDPWD', '/home/will'), ('DESKTOP_SESSION', 'hyprland'), ('NVM_BIN', '/home/will/.nvm/versions/node/v24.14.0/bin'), ('KITTY_INSTALLATION_DIR', '/usr/lib/kitty'), ('NVM_INC', '/home/will/.nvm/versions/node/v24.14.0/include/node'), ('ROS_PYTHON_VERSION', '3'), ('PS1', '[\\u@\\h \\W]\\$'), ('KITTY_PID', '1049296'), ('DISTROBOX_ENTER_PATH', '/usr/bin/distrobox-enter'), ('XDG_STATE_HOME', '/home/will/.local/state'), ('DBUS_SESSION_BUS_ADDRESS', 'unix:path=/run/user/1000/bus'), ('COLORTERM', 'truecolor'), ('container', 'podman'), ('NVM_DIR', '/home/will/.nvm'), ('DEBUGINFOD_URLS', 'https://debuginfod.archlinux.org'), ('WAYLAND_DISPLAY', 'wayland-1'), ('ROS_DISTRO', 'humble'), ('GTK_IM_MODULE', 'fcitx'), ('LOGNAME', 'will'), ('_', '/usr/bin/colcon'), ('ROS_VERSION', '2'), ('TERMINFO_DIRS', '/usr/share/terminfo:/run/host/usr/share/terminfo'), ('TERM', 'xterm-kitty'), ('XDG_SESSION_ID', '3'), ('ROS_LOCALHOST_ONLY', '0'), ('HL_INITIAL_WORKSPACE_TOKEN', '8fd082a6-51bf-4ab7-9242-81711322afb1'), ('PATH', '/opt/ros/humble/bin:/home/will/.local/bin:/home/will/.opencode/bin:/home/will/.local/bin:/home/will/.opencode/bin:/home/will/.nvm/versions/node/v24.14.0/bin:/usr/local/bin:/usr/bin:/var/lib/flatpak/exports/bin:/usr/lib/jvm/default/bin:/usr/bin/site_perl:/usr/bin/vendor_perl:/usr/bin/core_perl:/usr/local/sbin:/usr/sbin:/usr/local/bin:/usr/bin:/sbin:/bin:/usr/local/sbin:/usr/sbin:/sbin:/bin'), ('XDG_RUNTIME_DIR', '/run/user/1000'), ('DISPLAY', ':0'), ('HYPRCURSOR_SIZE', '24'), ('LANG', 'en_US.UTF-8'), ('XDG_CURRENT_DESKTOP', 'Hyprland'), ('XDG_DATA_HOME', '/home/will/.local/share'), ('XDG_CONFIG_HOME', '/home/will/.config'), ('XMODIFIERS', '@im=fcitx'), ('XDG_SESSION_DESKTOP', 'Hyprland'), ('AMENT_PREFIX_PATH', '/opt/ros/humble'), ('SHELL', '/usr/bin/bash'), ('KITTY_WINDOW_ID', '1'), ('QT_IM_MODULE', 'fcitx'), ('PWD', '/home/will/Will/RANCS/RANCS-introduction/ros2/build/talker_listener'), ('CONTAINER_ID', 'ros2'), ('LC_ALL', 'C.UTF-8'), ('XDG_CONFIG_DIRS', '/etc/xdg'), ('XDG_BACKEND', 'wayland'), ('NVM_CD_FLAGS', ''), ('XDG_DATA_DIRS', '/home/will/.local/share/flatpak/exports/share:/var/lib/flatpak/exports/share:/usr/local/share:/usr/share'), ('STARSHIP_SESSION_KEY', '3062721191839391'), ('PYTHONPATH', '/opt/ros/humble/lib/python3.10/site-packages:/opt/ros/humble/local/lib/python3.10/dist-packages'), ('COLCON', '1'), ('CMAKE_PREFIX_PATH', '/opt/ros/humble')]), 'shell': False}
[0.327276] (interfaces) StdoutLine: {'line': b'\x1b[35m\x1b[1mConsolidate compiler generated dependencies of target interfaces__rosidl_generator_c\x1b[0m\n'}
[0.327694] (interfaces) StdoutLine: {'line': b'[ 12%] Built target interfaces__cpp\n'}
[0.327979] (interfaces) StdoutLine: {'line': b'[ 15%] Built target interfaces__rs\n'}
[0.328354] (interfaces) StdoutLine: {'line': b'[ 15%] Built target interfaces__rosidl_generator_c\n'}
[0.328464] (interfaces) StdoutLine: {'line': b'\x1b[35m\x1b[1mConsolidate compiler generated dependencies of target interfaces__rosidl_typesupport_fastrtps_c\x1b[0m\n'}
[0.329276] (interfaces) StdoutLine: {'line': b'[ 15%] Built target ament_cmake_python_copy_interfaces\n'}
[0.329611] (interfaces) StdoutLine: {'line': b'\x1b[35m\x1b[1mConsolidate compiler generated dependencies of target interfaces__rosidl_typesupport_c\x1b[0m\n'}
[0.330160] (interfaces) StdoutLine: {'line': b'\x1b[35m\x1b[1mConsolidate compiler generated dependencies of target interfaces__rosidl_typesupport_introspection_c\x1b[0m\n'}
[0.330525] (interfaces) StdoutLine: {'line': b'\x1b[35m\x1b[1mConsolidate compiler generated dependencies of target interfaces__rosidl_typesupport_fastrtps_cpp\x1b[0m\n'}
[0.330929] (interfaces) StdoutLine: {'line': b'\x1b[35m\x1b[1mConsolidate compiler generated dependencies of target interfaces__rosidl_typesupport_cpp\x1b[0m\n'}
[0.331339] (interfaces) StdoutLine: {'line': b'\x1b[35m\x1b[1mConsolidate compiler generated dependencies of target interfaces__rosidl_typesupport_introspection_cpp\x1b[0m\n'}
[0.331881] (interfaces) StdoutLine: {'line': b'[ 25%] Built target interfaces__rosidl_typesupport_c\n'}
[0.332068] (interfaces) StdoutLine: {'line': b'[ 40%] Built target interfaces__rosidl_typesupport_introspection_c\n'}
[0.332610] (interfaces) StdoutLine: {'line': b'[ 43%] Built target interfaces__rosidl_typesupport_fastrtps_c\n'}
[0.333127] (interfaces) StdoutLine: {'line': b'[ 53%] Built target interfaces__rosidl_typesupport_fastrtps_cpp\n'}
[0.333356] (interfaces) StdoutLine: {'line': b'[ 62%] Built target interfaces__rosidl_typesupport_cpp\n'}
[0.333424] (interfaces) StdoutLine: {'line': b'[ 71%] Built target interfaces__rosidl_typesupport_introspection_cpp\n'}
[0.333484] (interfaces) StdoutLine: {'line': b'[ 71%] Built target interfaces\n'}
[0.333541] (interfaces) StdoutLine: {'line': b'[ 75%] Built target interfaces__py\n'}
[0.333597] (interfaces) StdoutLine: {'line': b'\x1b[35m\x1b[1mConsolidate compiler generated dependencies of target interfaces__rosidl_generator_py\x1b[0m\n'}
[0.333690] (interfaces) StdoutLine: {'line': b'[ 81%] Built target interfaces__rosidl_generator_py\n'}
[0.334339] (interfaces) StdoutLine: {'line': b'\x1b[35m\x1b[1mConsolidate compiler generated dependencies of target interfaces__rosidl_typesupport_fastrtps_c__pyext\x1b[0m\n'}
[0.334511] (interfaces) StdoutLine: {'line': b'\x1b[35m\x1b[1mConsolidate compiler generated dependencies of target interfaces__rosidl_typesupport_c__pyext\x1b[0m\n'}
[0.334613] (interfaces) StdoutLine: {'line': b'\x1b[35m\x1b[1mConsolidate compiler generated dependencies of target interfaces__rosidl_typesupport_introspection_c__pyext\x1b[0m\n'}
[0.334775] (interfaces) StdoutLine: {'line': b'[100%] Built target interfaces__rosidl_typesupport_c__pyext\n'}
[0.334878] (interfaces) StdoutLine: {'line': b'[100%] Built target interfaces__rosidl_typesupport_introspection_c__pyext\n'}
[0.334976] (interfaces) StdoutLine: {'line': b'[100%] Built target interfaces__rosidl_typesupport_fastrtps_c__pyext\n'}
[0.335070] (imu) StdoutLine: {'line': b'\x1b[35m\x1b[1mConsolidate compiler generated dependencies of target imu_publisher\x1b[0m\n'}
[0.335212] (imu) StdoutLine: {'line': b'\x1b[35m\x1b[1mConsolidate compiler generated dependencies of target imu_subscriber\x1b[0m\n'}
[0.335308] (imu) StdoutLine: {'line': b'[ 50%] Built target imu_publisher\n'}
[0.335415] (imu) StdoutLine: {'line': b'[100%] Built target imu_subscriber\n'}
[0.344372] (interfaces) StdoutLine: {'line': b'running egg_info\n'}
[0.345687] (interfaces) StdoutLine: {'line': b'writing interfaces.egg-info/PKG-INFO\n'}
[0.345979] (interfaces) StdoutLine: {'line': b'writing dependency_links to interfaces.egg-info/dependency_links.txt\n'}
[0.346363] (interfaces) StdoutLine: {'line': b'writing top-level names to interfaces.egg-info/top_level.txt\n'}
[0.349249] (interfaces) StdoutLine: {'line': b"reading manifest file 'interfaces.egg-info/SOURCES.txt'\n"}
[0.349676] (interfaces) StdoutLine: {'line': b"writing manifest file 'interfaces.egg-info/SOURCES.txt'\n"}
[0.389177] (talker_listener) StdoutLine: {'line': b'\x1b[35m\x1b[1mConsolidate compiler generated dependencies of target talker\x1b[0m\n'}
[0.389600] (talker_listener) StdoutLine: {'line': b'\x1b[35m\x1b[1mConsolidate compiler generated dependencies of target listener\x1b[0m\n'}
[0.400149] (-) TimerEvent: {}
[0.413619] (interfaces) StdoutLine: {'line': b'[100%] Built target ament_cmake_python_build_interfaces_egg\n'}
[0.414208] (talker_listener) StdoutLine: {'line': b'[100%] Built target listener\n'}
[0.414442] (talker_listener) StdoutLine: {'line': b'[100%] Built target talker\n'}
[0.500268] (-) TimerEvent: {}
[0.593515] (imu) CommandEnded: {'returncode': 0}
[0.594910] (imu) JobProgress: {'identifier': 'imu', 'progress': 'install'}
[0.600410] (-) TimerEvent: {}
[0.602670] (imu) Command: {'cmd': ['/usr/bin/cmake', '--install', '/home/will/Will/RANCS/RANCS-introduction/ros2/build/imu'], 'cwd': '/home/will/Will/RANCS/RANCS-introduction/ros2/build/imu', 'env': OrderedDict([('MAIL', '/var/spool/mail/will'), ('HYPRLAND_CMD', 'Hyprland --watchdog-fd 4'), ('USER', 'will'), ('HYPRLAND_INSTANCE_SIGNATURE', '521ece463c4a9d3d128670688a34756805a4328f_1779540798_1184533170'), ('STARSHIP_SHELL', 'bash'), ('HOSTNAME', 'archlinux'), ('XDG_SESSION_TYPE', 'wayland'), ('XCURSOR_SIZE', '24'), ('XDG_CACHE_HOME', '/home/will/.cache'), ('SHLVL', '4'), ('LD_LIBRARY_PATH', '/opt/ros/humble/lib/x86_64-linux-gnu:/opt/ros/humble/lib'), ('MOTD_SHOWN', 'pam'), ('HOME', '/home/will'), ('TERMINFO', '/usr/lib/kitty/terminfo'), ('MOZ_ENABLE_WAYLAND', '1'), ('OLDPWD', '/home/will'), ('DESKTOP_SESSION', 'hyprland'), ('NVM_BIN', '/home/will/.nvm/versions/node/v24.14.0/bin'), ('KITTY_INSTALLATION_DIR', '/usr/lib/kitty'), ('NVM_INC', '/home/will/.nvm/versions/node/v24.14.0/include/node'), ('ROS_PYTHON_VERSION', '3'), ('PS1', '[\\u@\\h \\W]\\$'), ('KITTY_PID', '1049296'), ('DISTROBOX_ENTER_PATH', '/usr/bin/distrobox-enter'), ('XDG_STATE_HOME', '/home/will/.local/state'), ('DBUS_SESSION_BUS_ADDRESS', 'unix:path=/run/user/1000/bus'), ('COLORTERM', 'truecolor'), ('container', 'podman'), ('NVM_DIR', '/home/will/.nvm'), ('DEBUGINFOD_URLS', 'https://debuginfod.archlinux.org'), ('WAYLAND_DISPLAY', 'wayland-1'), ('ROS_DISTRO', 'humble'), ('GTK_IM_MODULE', 'fcitx'), ('LOGNAME', 'will'), ('_', '/usr/bin/colcon'), ('ROS_VERSION', '2'), ('TERMINFO_DIRS', '/usr/share/terminfo:/run/host/usr/share/terminfo'), ('TERM', 'xterm-kitty'), ('XDG_SESSION_ID', '3'), ('ROS_LOCALHOST_ONLY', '0'), ('HL_INITIAL_WORKSPACE_TOKEN', '8fd082a6-51bf-4ab7-9242-81711322afb1'), ('PATH', '/opt/ros/humble/bin:/home/will/.local/bin:/home/will/.opencode/bin:/home/will/.local/bin:/home/will/.opencode/bin:/home/will/.nvm/versions/node/v24.14.0/bin:/usr/local/bin:/usr/bin:/var/lib/flatpak/exports/bin:/usr/lib/jvm/default/bin:/usr/bin/site_perl:/usr/bin/vendor_perl:/usr/bin/core_perl:/usr/local/sbin:/usr/sbin:/usr/local/bin:/usr/bin:/sbin:/bin:/usr/local/sbin:/usr/sbin:/sbin:/bin'), ('XDG_RUNTIME_DIR', '/run/user/1000'), ('DISPLAY', ':0'), ('HYPRCURSOR_SIZE', '24'), ('LANG', 'en_US.UTF-8'), ('XDG_CURRENT_DESKTOP', 'Hyprland'), ('XDG_DATA_HOME', '/home/will/.local/share'), ('XDG_CONFIG_HOME', '/home/will/.config'), ('XMODIFIERS', '@im=fcitx'), ('XDG_SESSION_DESKTOP', 'Hyprland'), ('AMENT_PREFIX_PATH', '/opt/ros/humble'), ('SHELL', '/usr/bin/bash'), ('KITTY_WINDOW_ID', '1'), ('QT_IM_MODULE', 'fcitx'), ('PWD', '/home/will/Will/RANCS/RANCS-introduction/ros2/build/imu'), ('CONTAINER_ID', 'ros2'), ('LC_ALL', 'C.UTF-8'), ('XDG_CONFIG_DIRS', '/etc/xdg'), ('XDG_BACKEND', 'wayland'), ('NVM_CD_FLAGS', ''), ('XDG_DATA_DIRS', '/home/will/.local/share/flatpak/exports/share:/var/lib/flatpak/exports/share:/usr/local/share:/usr/share'), ('STARSHIP_SESSION_KEY', '3062721191839391'), ('PYTHONPATH', '/opt/ros/humble/lib/python3.10/site-packages:/opt/ros/humble/local/lib/python3.10/dist-packages'), ('COLCON', '1'), ('CMAKE_PREFIX_PATH', '/opt/ros/humble')]), 'shell': False}
[0.610071] (interfaces) CommandEnded: {'returncode': 0}
[0.611307] (interfaces) JobProgress: {'identifier': 'interfaces', 'progress': 'install'}
[0.611647] (interfaces) Command: {'cmd': ['/usr/bin/cmake', '--install', '/home/will/Will/RANCS/RANCS-introduction/ros2/build/interfaces'], 'cwd': '/home/will/Will/RANCS/RANCS-introduction/ros2/build/interfaces', 'env': OrderedDict([('MAIL', '/var/spool/mail/will'), ('HYPRLAND_CMD', 'Hyprland --watchdog-fd 4'), ('USER', 'will'), ('HYPRLAND_INSTANCE_SIGNATURE', '521ece463c4a9d3d128670688a34756805a4328f_1779540798_1184533170'), ('STARSHIP_SHELL', 'bash'), ('HOSTNAME', 'archlinux'), ('XDG_SESSION_TYPE', 'wayland'), ('XCURSOR_SIZE', '24'), ('XDG_CACHE_HOME', '/home/will/.cache'), ('SHLVL', '4'), ('LD_LIBRARY_PATH', '/opt/ros/humble/lib/x86_64-linux-gnu:/opt/ros/humble/lib'), ('MOTD_SHOWN', 'pam'), ('HOME', '/home/will'), ('TERMINFO', '/usr/lib/kitty/terminfo'), ('MOZ_ENABLE_WAYLAND', '1'), ('OLDPWD', '/home/will'), ('DESKTOP_SESSION', 'hyprland'), ('NVM_BIN', '/home/will/.nvm/versions/node/v24.14.0/bin'), ('KITTY_INSTALLATION_DIR', '/usr/lib/kitty'), ('NVM_INC', '/home/will/.nvm/versions/node/v24.14.0/include/node'), ('ROS_PYTHON_VERSION', '3'), ('PS1', '[\\u@\\h \\W]\\$'), ('KITTY_PID', '1049296'), ('DISTROBOX_ENTER_PATH', '/usr/bin/distrobox-enter'), ('XDG_STATE_HOME', '/home/will/.local/state'), ('DBUS_SESSION_BUS_ADDRESS', 'unix:path=/run/user/1000/bus'), ('COLORTERM', 'truecolor'), ('container', 'podman'), ('NVM_DIR', '/home/will/.nvm'), ('DEBUGINFOD_URLS', 'https://debuginfod.archlinux.org'), ('WAYLAND_DISPLAY', 'wayland-1'), ('ROS_DISTRO', 'humble'), ('GTK_IM_MODULE', 'fcitx'), ('LOGNAME', 'will'), ('_', '/usr/bin/colcon'), ('ROS_VERSION', '2'), ('TERMINFO_DIRS', '/usr/share/terminfo:/run/host/usr/share/terminfo'), ('TERM', 'xterm-kitty'), ('XDG_SESSION_ID', '3'), ('ROS_LOCALHOST_ONLY', '0'), ('HL_INITIAL_WORKSPACE_TOKEN', '8fd082a6-51bf-4ab7-9242-81711322afb1'), ('PATH', '/opt/ros/humble/bin:/home/will/.local/bin:/home/will/.opencode/bin:/home/will/.local/bin:/home/will/.opencode/bin:/home/will/.nvm/versions/node/v24.14.0/bin:/usr/local/bin:/usr/bin:/var/lib/flatpak/exports/bin:/usr/lib/jvm/default/bin:/usr/bin/site_perl:/usr/bin/vendor_perl:/usr/bin/core_perl:/usr/local/sbin:/usr/sbin:/usr/local/bin:/usr/bin:/sbin:/bin:/usr/local/sbin:/usr/sbin:/sbin:/bin'), ('XDG_RUNTIME_DIR', '/run/user/1000'), ('DISPLAY', ':0'), ('HYPRCURSOR_SIZE', '24'), ('LANG', 'en_US.UTF-8'), ('XDG_CURRENT_DESKTOP', 'Hyprland'), ('XDG_DATA_HOME', '/home/will/.local/share'), ('XDG_CONFIG_HOME', '/home/will/.config'), ('XMODIFIERS', '@im=fcitx'), ('XDG_SESSION_DESKTOP', 'Hyprland'), ('AMENT_PREFIX_PATH', '/opt/ros/humble'), ('SHELL', '/usr/bin/bash'), ('KITTY_WINDOW_ID', '1'), ('QT_IM_MODULE', 'fcitx'), ('PWD', '/home/will/Will/RANCS/RANCS-introduction/ros2/build/interfaces'), ('CONTAINER_ID', 'ros2'), ('LC_ALL', 'C.UTF-8'), ('XDG_CONFIG_DIRS', '/etc/xdg'), ('XDG_BACKEND', 'wayland'), ('NVM_CD_FLAGS', ''), ('XDG_DATA_DIRS', '/home/will/.local/share/flatpak/exports/share:/var/lib/flatpak/exports/share:/usr/local/share:/usr/share'), ('STARSHIP_SESSION_KEY', '3062721191839391'), ('PYTHONPATH', '/opt/ros/humble/lib/python3.10/site-packages:/opt/ros/humble/local/lib/python3.10/dist-packages'), ('COLCON', '1'), ('CMAKE_PREFIX_PATH', '/opt/ros/humble')]), 'shell': False}
[0.613049] (imu) StdoutLine: {'line': b'-- Install configuration: ""\n'}
[0.614194] (imu) StdoutLine: {'line': b'-- Up-to-date: /home/will/Will/RANCS/RANCS-introduction/ros2/install/imu/lib/imu/imu_publisher\n'}
[0.614428] (imu) StdoutLine: {'line': b'-- Up-to-date: /home/will/Will/RANCS/RANCS-introduction/ros2/install/imu/lib/imu/imu_subscriber\n'}
[0.614544] (talker_listener) CommandEnded: {'returncode': 0}
[0.615236] (imu) StdoutLine: {'line': b'-- Up-to-date: /home/will/Will/RANCS/RANCS-introduction/ros2/install/imu/share/ament_index/resource_index/package_run_dependencies/imu\n'}
[0.615429] (imu) StdoutLine: {'line': b'-- Up-to-date: /home/will/Will/RANCS/RANCS-introduction/ros2/install/imu/share/ament_index/resource_index/parent_prefix_path/imu\n'}
[0.615534] (imu) StdoutLine: {'line': b'-- Up-to-date: /home/will/Will/RANCS/RANCS-introduction/ros2/install/imu/share/imu/environment/ament_prefix_path.sh\n'}
[0.615632] (imu) StdoutLine: {'line': b'-- Up-to-date: /home/will/Will/RANCS/RANCS-introduction/ros2/install/imu/share/imu/environment/ament_prefix_path.dsv\n'}
[0.615814] (imu) StdoutLine: {'line': b'-- Up-to-date: /home/will/Will/RANCS/RANCS-introduction/ros2/install/imu/share/imu/environment/path.sh\n'}
[0.615910] (imu) StdoutLine: {'line': b'-- Up-to-date: /home/will/Will/RANCS/RANCS-introduction/ros2/install/imu/share/imu/environment/path.dsv\n'}
[0.616018] (imu) StdoutLine: {'line': b'-- Up-to-date: /home/will/Will/RANCS/RANCS-introduction/ros2/install/imu/share/imu/local_setup.bash\n'}
[0.616142] (imu) StdoutLine: {'line': b'-- Up-to-date: /home/will/Will/RANCS/RANCS-introduction/ros2/install/imu/share/imu/local_setup.sh\n'}
[0.616281] (imu) StdoutLine: {'line': b'-- Up-to-date: /home/will/Will/RANCS/RANCS-introduction/ros2/install/imu/share/imu/local_setup.zsh\n'}
[0.616384] (imu) StdoutLine: {'line': b'-- Up-to-date: /home/will/Will/RANCS/RANCS-introduction/ros2/install/imu/share/imu/local_setup.dsv\n'}
[0.616499] (imu) StdoutLine: {'line': b'-- Installing: /home/will/Will/RANCS/RANCS-introduction/ros2/install/imu/share/imu/package.dsv\n'}
[0.616605] (imu) StdoutLine: {'line': b'-- Up-to-date: /home/will/Will/RANCS/RANCS-introduction/ros2/install/imu/share/ament_index/resource_index/packages/imu\n'}
[0.617237] (imu) StdoutLine: {'line': b'-- Up-to-date: /home/will/Will/RANCS/RANCS-introduction/ros2/install/imu/share/imu/cmake/imuConfig.cmake\n'}
[0.617370] (imu) StdoutLine: {'line': b'-- Up-to-date: /home/will/Will/RANCS/RANCS-introduction/ros2/install/imu/share/imu/cmake/imuConfig-version.cmake\n'}
[0.617594] (imu) StdoutLine: {'line': b'-- Up-to-date: /home/will/Will/RANCS/RANCS-introduction/ros2/install/imu/share/imu/package.xml\n'}
[0.618374] (talker_listener) JobProgress: {'identifier': 'talker_listener', 'progress': 'install'}
[0.619082] (talker_listener) Command: {'cmd': ['/usr/bin/cmake', '--install', '/home/will/Will/RANCS/RANCS-introduction/ros2/build/talker_listener'], 'cwd': '/home/will/Will/RANCS/RANCS-introduction/ros2/build/talker_listener', 'env': OrderedDict([('MAIL', '/var/spool/mail/will'), ('HYPRLAND_CMD', 'Hyprland --watchdog-fd 4'), ('USER', 'will'), ('HYPRLAND_INSTANCE_SIGNATURE', '521ece463c4a9d3d128670688a34756805a4328f_1779540798_1184533170'), ('STARSHIP_SHELL', 'bash'), ('HOSTNAME', 'archlinux'), ('XDG_SESSION_TYPE', 'wayland'), ('XCURSOR_SIZE', '24'), ('XDG_CACHE_HOME', '/home/will/.cache'), ('SHLVL', '4'), ('LD_LIBRARY_PATH', '/opt/ros/humble/lib/x86_64-linux-gnu:/opt/ros/humble/lib'), ('MOTD_SHOWN', 'pam'), ('HOME', '/home/will'), ('TERMINFO', '/usr/lib/kitty/terminfo'), ('MOZ_ENABLE_WAYLAND', '1'), ('OLDPWD', '/home/will'), ('DESKTOP_SESSION', 'hyprland'), ('NVM_BIN', '/home/will/.nvm/versions/node/v24.14.0/bin'), ('KITTY_INSTALLATION_DIR', '/usr/lib/kitty'), ('NVM_INC', '/home/will/.nvm/versions/node/v24.14.0/include/node'), ('ROS_PYTHON_VERSION', '3'), ('PS1', '[\\u@\\h \\W]\\$'), ('KITTY_PID', '1049296'), ('DISTROBOX_ENTER_PATH', '/usr/bin/distrobox-enter'), ('XDG_STATE_HOME', '/home/will/.local/state'), ('DBUS_SESSION_BUS_ADDRESS', 'unix:path=/run/user/1000/bus'), ('COLORTERM', 'truecolor'), ('container', 'podman'), ('NVM_DIR', '/home/will/.nvm'), ('DEBUGINFOD_URLS', 'https://debuginfod.archlinux.org'), ('WAYLAND_DISPLAY', 'wayland-1'), ('ROS_DISTRO', 'humble'), ('GTK_IM_MODULE', 'fcitx'), ('LOGNAME', 'will'), ('_', '/usr/bin/colcon'), ('ROS_VERSION', '2'), ('TERMINFO_DIRS', '/usr/share/terminfo:/run/host/usr/share/terminfo'), ('TERM', 'xterm-kitty'), ('XDG_SESSION_ID', '3'), ('ROS_LOCALHOST_ONLY', '0'), ('HL_INITIAL_WORKSPACE_TOKEN', '8fd082a6-51bf-4ab7-9242-81711322afb1'), ('PATH', '/opt/ros/humble/bin:/home/will/.local/bin:/home/will/.opencode/bin:/home/will/.local/bin:/home/will/.opencode/bin:/home/will/.nvm/versions/node/v24.14.0/bin:/usr/local/bin:/usr/bin:/var/lib/flatpak/exports/bin:/usr/lib/jvm/default/bin:/usr/bin/site_perl:/usr/bin/vendor_perl:/usr/bin/core_perl:/usr/local/sbin:/usr/sbin:/usr/local/bin:/usr/bin:/sbin:/bin:/usr/local/sbin:/usr/sbin:/sbin:/bin'), ('XDG_RUNTIME_DIR', '/run/user/1000'), ('DISPLAY', ':0'), ('HYPRCURSOR_SIZE', '24'), ('LANG', 'en_US.UTF-8'), ('XDG_CURRENT_DESKTOP', 'Hyprland'), ('XDG_DATA_HOME', '/home/will/.local/share'), ('XDG_CONFIG_HOME', '/home/will/.config'), ('XMODIFIERS', '@im=fcitx'), ('XDG_SESSION_DESKTOP', 'Hyprland'), ('AMENT_PREFIX_PATH', '/opt/ros/humble'), ('SHELL', '/usr/bin/bash'), ('KITTY_WINDOW_ID', '1'), ('QT_IM_MODULE', 'fcitx'), ('PWD', '/home/will/Will/RANCS/RANCS-introduction/ros2/build/talker_listener'), ('CONTAINER_ID', 'ros2'), ('LC_ALL', 'C.UTF-8'), ('XDG_CONFIG_DIRS', '/etc/xdg'), ('XDG_BACKEND', 'wayland'), ('NVM_CD_FLAGS', ''), ('XDG_DATA_DIRS', '/home/will/.local/share/flatpak/exports/share:/var/lib/flatpak/exports/share:/usr/local/share:/usr/share'), ('STARSHIP_SESSION_KEY', '3062721191839391'), ('PYTHONPATH', '/opt/ros/humble/lib/python3.10/site-packages:/opt/ros/humble/local/lib/python3.10/dist-packages'), ('COLCON', '1'), ('CMAKE_PREFIX_PATH', '/opt/ros/humble')]), 'shell': False}
[0.624298] (interfaces) StdoutLine: {'line': b'-- Install configuration: ""\n'}
[0.625136] (interfaces) StdoutLine: {'line': b'-- Up-to-date: /home/will/Will/RANCS/RANCS-introduction/ros2/install/interfaces/share/ament_index/resource_index/rosidl_interfaces/interfaces\n'}
[0.625435] (interfaces) StdoutLine: {'line': b'-- Up-to-date: /home/will/Will/RANCS/RANCS-introduction/ros2/install/interfaces/include/interfaces/interfaces\n'}
[0.627000] (interfaces) StdoutLine: {'line': b'-- Up-to-date: /home/will/Will/RANCS/RANCS-introduction/ros2/install/interfaces/include/interfaces/interfaces/msg\n'}
[0.627185] (interfaces) StdoutLine: {'line': b'-- Up-to-date: /home/will/Will/RANCS/RANCS-introduction/ros2/install/interfaces/include/interfaces/interfaces/msg/detail\n'}
[0.627697] (interfaces) StdoutLine: {'line': b'-- Up-to-date: /home/will/Will/RANCS/RANCS-introduction/ros2/install/interfaces/include/interfaces/interfaces/msg/detail/vehicle_status__functions.h\n'}
[0.627969] (interfaces) StdoutLine: {'line': b'-- Up-to-date: /home/will/Will/RANCS/RANCS-introduction/ros2/install/interfaces/include/interfaces/interfaces/msg/detail/vehicle_status__type_support.h\n'}
[0.628186] (interfaces) StdoutLine: {'line': b'-- Up-to-date: /home/will/Will/RANCS/RANCS-introduction/ros2/install/interfaces/include/interfaces/interfaces/msg/detail/vehicle_status__functions.c\n'}
[0.628363] (interfaces) StdoutLine: {'line': b'-- Up-to-date: /home/will/Will/RANCS/RANCS-introduction/ros2/install/interfaces/include/interfaces/interfaces/msg/detail/vehicle_status__struct.h\n'}
[0.628473] (interfaces) StdoutLine: {'line': b'-- Up-to-date: /home/will/Will/RANCS/RANCS-introduction/ros2/install/interfaces/include/interfaces/interfaces/msg/rosidl_generator_c__visibility_control.h\n'}
[0.628583] (interfaces) StdoutLine: {'line': b'-- Up-to-date: /home/will/Will/RANCS/RANCS-introduction/ros2/install/interfaces/include/interfaces/interfaces/msg/vehicle_status.h\n'}
[0.628708] (interfaces) StdoutLine: {'line': b'-- Up-to-date: /home/will/Will/RANCS/RANCS-introduction/ros2/install/interfaces/share/interfaces/environment/library_path.sh\n'}
[0.628842] (interfaces) StdoutLine: {'line': b'-- Up-to-date: /home/will/Will/RANCS/RANCS-introduction/ros2/install/interfaces/share/interfaces/environment/library_path.dsv\n'}
[0.628951] (interfaces) StdoutLine: {'line': b'-- Up-to-date: /home/will/Will/RANCS/RANCS-introduction/ros2/install/interfaces/lib/libinterfaces__rosidl_generator_c.so\n'}
[0.629406] (imu) CommandEnded: {'returncode': 0}
[0.631396] (interfaces) StdoutLine: {'line': b'-- Up-to-date: /home/will/Will/RANCS/RANCS-introduction/ros2/install/interfaces/include/interfaces/interfaces\n'}
[0.631853] (interfaces) StdoutLine: {'line': b'-- Up-to-date: /home/will/Will/RANCS/RANCS-introduction/ros2/install/interfaces/include/interfaces/interfaces/msg\n'}
[0.632984] (interfaces) StdoutLine: {'line': b'-- Up-to-date: /home/will/Will/RANCS/RANCS-introduction/ros2/install/interfaces/include/interfaces/interfaces/msg/detail\n'}
[0.633119] (interfaces) StdoutLine: {'line': b'-- Up-to-date: /home/will/Will/RANCS/RANCS-introduction/ros2/install/interfaces/include/interfaces/interfaces/msg/detail/vehicle_status__rosidl_typesupport_fastrtps_c.h\n'}
[0.633233] (interfaces) StdoutLine: {'line': b'-- Up-to-date: /home/will/Will/RANCS/RANCS-introduction/ros2/install/interfaces/include/interfaces/interfaces/msg/rosidl_typesupport_fastrtps_c__visibility_control.h\n'}
[0.633351] (interfaces) StdoutLine: {'line': b'-- Up-to-date: /home/will/Will/RANCS/RANCS-introduction/ros2/install/interfaces/lib/libinterfaces__rosidl_typesupport_fastrtps_c.so\n'}
[0.633448] (interfaces) StdoutLine: {'line': b'-- Up-to-date: /home/will/Will/RANCS/RANCS-introduction/ros2/install/interfaces/include/interfaces/interfaces\n'}
[0.633550] (interfaces) StdoutLine: {'line': b'-- Up-to-date: /home/will/Will/RANCS/RANCS-introduction/ros2/install/interfaces/include/interfaces/interfaces/msg\n'}
[0.633693] (interfaces) StdoutLine: {'line': b'-- Up-to-date: /home/will/Will/RANCS/RANCS-introduction/ros2/install/interfaces/include/interfaces/interfaces/msg/detail\n'}
[0.634112] (interfaces) StdoutLine: {'line': b'-- Up-to-date: /home/will/Will/RANCS/RANCS-introduction/ros2/install/interfaces/include/interfaces/interfaces/msg/detail/vehicle_status__type_support.c\n'}
[0.634222] (interfaces) StdoutLine: {'line': b'-- Up-to-date: /home/will/Will/RANCS/RANCS-introduction/ros2/install/interfaces/include/interfaces/interfaces/msg/detail/vehicle_status__rosidl_typesupport_introspection_c.h\n'}
[0.634334] (interfaces) StdoutLine: {'line': b'-- Up-to-date: /home/will/Will/RANCS/RANCS-introduction/ros2/install/interfaces/include/interfaces/interfaces/msg/rosidl_typesupport_introspection_c__visibility_control.h\n'}
[0.634474] (interfaces) StdoutLine: {'line': b'-- Up-to-date: /home/will/Will/RANCS/RANCS-introduction/ros2/install/interfaces/lib/libinterfaces__rosidl_typesupport_introspection_c.so\n'}
[0.634604] (interfaces) StdoutLine: {'line': b'-- Up-to-date: /home/will/Will/RANCS/RANCS-introduction/ros2/install/interfaces/lib/libinterfaces__rosidl_typesupport_c.so\n'}
[0.635103] (interfaces) StdoutLine: {'line': b'-- Up-to-date: /home/will/Will/RANCS/RANCS-introduction/ros2/install/interfaces/include/interfaces/interfaces\n'}
[0.635216] (interfaces) StdoutLine: {'line': b'-- Up-to-date: /home/will/Will/RANCS/RANCS-introduction/ros2/install/interfaces/include/interfaces/interfaces/msg\n'}
[0.635317] (interfaces) StdoutLine: {'line': b'-- Up-to-date: /home/will/Will/RANCS/RANCS-introduction/ros2/install/interfaces/include/interfaces/interfaces/msg/detail\n'}
[0.635415] (interfaces) StdoutLine: {'line': b'-- Up-to-date: /home/will/Will/RANCS/RANCS-introduction/ros2/install/interfaces/include/interfaces/interfaces/msg/detail/vehicle_status__traits.hpp\n'}
[0.635514] (interfaces) StdoutLine: {'line': b'-- Up-to-date: /home/will/Will/RANCS/RANCS-introduction/ros2/install/interfaces/include/interfaces/interfaces/msg/detail/vehicle_status__type_support.hpp\n'}
[0.635621] (interfaces) StdoutLine: {'line': b'-- Up-to-date: /home/will/Will/RANCS/RANCS-introduction/ros2/install/interfaces/include/interfaces/interfaces/msg/detail/vehicle_status__builder.hpp\n'}
[0.635757] (interfaces) StdoutLine: {'line': b'-- Up-to-date: /home/will/Will/RANCS/RANCS-introduction/ros2/install/interfaces/include/interfaces/interfaces/msg/detail/vehicle_status__struct.hpp\n'}
[0.635861] (interfaces) StdoutLine: {'line': b'-- Up-to-date: /home/will/Will/RANCS/RANCS-introduction/ros2/install/interfaces/include/interfaces/interfaces/msg/rosidl_generator_cpp__visibility_control.hpp\n'}
[0.635961] (interfaces) StdoutLine: {'line': b'-- Up-to-date: /home/will/Will/RANCS/RANCS-introduction/ros2/install/interfaces/include/interfaces/interfaces/msg/vehicle_status.hpp\n'}
[0.636064] (interfaces) StdoutLine: {'line': b'-- Up-to-date: /home/will/Will/RANCS/RANCS-introduction/ros2/install/interfaces/include/interfaces/interfaces\n'}
[0.636164] (interfaces) StdoutLine: {'line': b'-- Up-to-date: /home/will/Will/RANCS/RANCS-introduction/ros2/install/interfaces/include/interfaces/interfaces/msg\n'}
[0.636261] (interfaces) StdoutLine: {'line': b'-- Up-to-date: /home/will/Will/RANCS/RANCS-introduction/ros2/install/interfaces/include/interfaces/interfaces/msg/rosidl_typesupport_fastrtps_cpp__visibility_control.h\n'}
[0.636358] (interfaces) StdoutLine: {'line': b'-- Up-to-date: /home/will/Will/RANCS/RANCS-introduction/ros2/install/interfaces/include/interfaces/interfaces/msg/detail\n'}
[0.636481] (interfaces) StdoutLine: {'line': b'-- Up-to-date: /home/will/Will/RANCS/RANCS-introduction/ros2/install/interfaces/include/interfaces/interfaces/msg/detail/dds_fastrtps\n'}
[0.636931] (interfaces) StdoutLine: {'line': b'-- Up-to-date: /home/will/Will/RANCS/RANCS-introduction/ros2/install/interfaces/include/interfaces/interfaces/msg/detail/vehicle_status__rosidl_typesupport_fastrtps_cpp.hpp\n'}
[0.637073] (interfaces) StdoutLine: {'line': b'-- Up-to-date: /home/will/Will/RANCS/RANCS-introduction/ros2/install/interfaces/lib/libinterfaces__rosidl_typesupport_fastrtps_cpp.so\n'}
[0.637272] (interfaces) StdoutLine: {'line': b'-- Up-to-date: /home/will/Will/RANCS/RANCS-introduction/ros2/install/interfaces/include/interfaces/interfaces\n'}
[0.637396] (interfaces) StdoutLine: {'line': b'-- Up-to-date: /home/will/Will/RANCS/RANCS-introduction/ros2/install/interfaces/include/interfaces/interfaces/msg\n'}
[0.637505] (interfaces) StdoutLine: {'line': b'-- Up-to-date: /home/will/Will/RANCS/RANCS-introduction/ros2/install/interfaces/include/interfaces/interfaces/msg/detail\n'}
[0.637610] (interfaces) StdoutLine: {'line': b'-- Up-to-date: /home/will/Will/RANCS/RANCS-introduction/ros2/install/interfaces/include/interfaces/interfaces/msg/detail/vehicle_status__rosidl_typesupport_introspection_cpp.hpp\n'}
[0.637831] (interfaces) StdoutLine: {'line': b'-- Up-to-date: /home/will/Will/RANCS/RANCS-introduction/ros2/install/interfaces/include/interfaces/interfaces/msg/detail/vehicle_status__type_support.cpp\n'}
[0.637946] (interfaces) StdoutLine: {'line': b'-- Up-to-date: /home/will/Will/RANCS/RANCS-introduction/ros2/install/interfaces/lib/libinterfaces__rosidl_typesupport_introspection_cpp.so\n'}
[0.638058] (interfaces) StdoutLine: {'line': b'-- Up-to-date: /home/will/Will/RANCS/RANCS-introduction/ros2/install/interfaces/lib/libinterfaces__rosidl_typesupport_cpp.so\n'}
[0.638164] (interfaces) StdoutLine: {'line': b'-- Up-to-date: /home/will/Will/RANCS/RANCS-introduction/ros2/install/interfaces/share/interfaces/environment/pythonpath.sh\n'}
[0.638272] (interfaces) StdoutLine: {'line': b'-- Up-to-date: /home/will/Will/RANCS/RANCS-introduction/ros2/install/interfaces/share/interfaces/environment/pythonpath.dsv\n'}
[0.638379] (interfaces) StdoutLine: {'line': b'-- Up-to-date: /home/will/Will/RANCS/RANCS-introduction/ros2/install/interfaces/local/lib/python3.10/dist-packages/interfaces-0.0.0-py3.10.egg-info\n'}
[0.638487] (interfaces) StdoutLine: {'line': b'-- Installing: /home/will/Will/RANCS/RANCS-introduction/ros2/install/interfaces/local/lib/python3.10/dist-packages/interfaces-0.0.0-py3.10.egg-info/PKG-INFO\n'}
[0.638593] (interfaces) StdoutLine: {'line': b'-- Installing: /home/will/Will/RANCS/RANCS-introduction/ros2/install/interfaces/local/lib/python3.10/dist-packages/interfaces-0.0.0-py3.10.egg-info/dependency_links.txt\n'}
[0.638796] (interfaces) StdoutLine: {'line': b'-- Installing: /home/will/Will/RANCS/RANCS-introduction/ros2/install/interfaces/local/lib/python3.10/dist-packages/interfaces-0.0.0-py3.10.egg-info/SOURCES.txt\n'}
[0.638914] (interfaces) StdoutLine: {'line': b'-- Installing: /home/will/Will/RANCS/RANCS-introduction/ros2/install/interfaces/local/lib/python3.10/dist-packages/interfaces-0.0.0-py3.10.egg-info/top_level.txt\n'}
[0.639037] (talker_listener) StdoutLine: {'line': b'-- Install configuration: ""\n'}
[0.639465] (interfaces) StdoutLine: {'line': b'-- Up-to-date: /home/will/Will/RANCS/RANCS-introduction/ros2/install/interfaces/local/lib/python3.10/dist-packages/interfaces\n'}
[0.639632] (interfaces) StdoutLine: {'line': b'-- Up-to-date: /home/will/Will/RANCS/RANCS-introduction/ros2/install/interfaces/local/lib/python3.10/dist-packages/interfaces/interfaces_s__rosidl_typesupport_introspection_c.cpython-310-x86_64-linux-gnu.so\n'}
[0.640298] (interfaces) StdoutLine: {'line': b'-- Up-to-date: /home/will/Will/RANCS/RANCS-introduction/ros2/install/interfaces/local/lib/python3.10/dist-packages/interfaces/_interfaces_s.ep.rosidl_typesupport_introspection_c.c\n'}
[0.640719] (interfaces) StdoutLine: {'line': b'-- Up-to-date: /home/will/Will/RANCS/RANCS-introduction/ros2/install/interfaces/local/lib/python3.10/dist-packages/interfaces/__init__.py\n'}
[0.640991] (interfaces) StdoutLine: {'line': b'-- Up-to-date: /home/will/Will/RANCS/RANCS-introduction/ros2/install/interfaces/local/lib/python3.10/dist-packages/interfaces/msg\n'}
[0.641270] (interfaces) StdoutLine: {'line': b'-- Up-to-date: /home/will/Will/RANCS/RANCS-introduction/ros2/install/interfaces/local/lib/python3.10/dist-packages/interfaces/msg/_vehicle_status_s.c\n'}
[0.641384] (interfaces) StdoutLine: {'line': b'-- Up-to-date: /home/will/Will/RANCS/RANCS-introduction/ros2/install/interfaces/local/lib/python3.10/dist-packages/interfaces/msg/__init__.py\n'}
[0.641509] (interfaces) StdoutLine: {'line': b'-- Up-to-date: /home/will/Will/RANCS/RANCS-introduction/ros2/install/interfaces/local/lib/python3.10/dist-packages/interfaces/msg/_vehicle_status.py\n'}
[0.641775] (interfaces) StdoutLine: {'line': b'-- Up-to-date: /home/will/Will/RANCS/RANCS-introduction/ros2/install/interfaces/local/lib/python3.10/dist-packages/interfaces/interfaces_s__rosidl_typesupport_fastrtps_c.cpython-310-x86_64-linux-gnu.so\n'}
[0.642146] (interfaces) StdoutLine: {'line': b'-- Up-to-date: /home/will/Will/RANCS/RANCS-introduction/ros2/install/interfaces/local/lib/python3.10/dist-packages/interfaces/interfaces_s__rosidl_typesupport_c.cpython-310-x86_64-linux-gnu.so\n'}
[0.642275] (interfaces) StdoutLine: {'line': b'-- Up-to-date: /home/will/Will/RANCS/RANCS-introduction/ros2/install/interfaces/local/lib/python3.10/dist-packages/interfaces/_interfaces_s.ep.rosidl_typesupport_c.c\n'}
[0.642378] (interfaces) StdoutLine: {'line': b'-- Up-to-date: /home/will/Will/RANCS/RANCS-introduction/ros2/install/interfaces/local/lib/python3.10/dist-packages/interfaces/_interfaces_s.ep.rosidl_typesupport_fastrtps_c.c\n'}
[0.642475] (interfaces) StdoutLine: {'line': b'-- Up-to-date: /home/will/Will/RANCS/RANCS-introduction/ros2/install/interfaces/local/lib/python3.10/dist-packages/interfaces/libinterfaces__rosidl_generator_py.so\n'}
[0.642619] (talker_listener) StdoutLine: {'line': b'-- Up-to-date: /home/will/Will/RANCS/RANCS-introduction/ros2/install/talker_listener/lib/talker_listener/talker\n'}
[0.643349] (talker_listener) StdoutLine: {'line': b'-- Up-to-date: /home/will/Will/RANCS/RANCS-introduction/ros2/install/talker_listener/lib/talker_listener/listener\n'}
[0.643482] (talker_listener) StdoutLine: {'line': b'-- Up-to-date: /home/will/Will/RANCS/RANCS-introduction/ros2/install/talker_listener/share/ament_index/resource_index/package_run_dependencies/talker_listener\n'}
[0.643589] (talker_listener) StdoutLine: {'line': b'-- Up-to-date: /home/will/Will/RANCS/RANCS-introduction/ros2/install/talker_listener/share/ament_index/resource_index/parent_prefix_path/talker_listener\n'}
[0.643844] (talker_listener) StdoutLine: {'line': b'-- Up-to-date: /home/will/Will/RANCS/RANCS-introduction/ros2/install/talker_listener/share/talker_listener/environment/ament_prefix_path.sh\n'}
[0.644190] (talker_listener) StdoutLine: {'line': b'-- Up-to-date: /home/will/Will/RANCS/RANCS-introduction/ros2/install/talker_listener/share/talker_listener/environment/ament_prefix_path.dsv\n'}
[0.644392] (talker_listener) StdoutLine: {'line': b'-- Up-to-date: /home/will/Will/RANCS/RANCS-introduction/ros2/install/talker_listener/share/talker_listener/environment/path.sh\n'}
[0.644497] (talker_listener) StdoutLine: {'line': b'-- Up-to-date: /home/will/Will/RANCS/RANCS-introduction/ros2/install/talker_listener/share/talker_listener/environment/path.dsv\n'}
[0.644595] (talker_listener) StdoutLine: {'line': b'-- Up-to-date: /home/will/Will/RANCS/RANCS-introduction/ros2/install/talker_listener/share/talker_listener/local_setup.bash\n'}
[0.644754] (talker_listener) StdoutLine: {'line': b'-- Up-to-date: /home/will/Will/RANCS/RANCS-introduction/ros2/install/talker_listener/share/talker_listener/local_setup.sh\n'}
[0.644855] (talker_listener) StdoutLine: {'line': b'-- Up-to-date: /home/will/Will/RANCS/RANCS-introduction/ros2/install/talker_listener/share/talker_listener/local_setup.zsh\n'}
[0.644959] (talker_listener) StdoutLine: {'line': b'-- Up-to-date: /home/will/Will/RANCS/RANCS-introduction/ros2/install/talker_listener/share/talker_listener/local_setup.dsv\n'}
[0.645057] (talker_listener) StdoutLine: {'line': b'-- Installing: /home/will/Will/RANCS/RANCS-introduction/ros2/install/talker_listener/share/talker_listener/package.dsv\n'}
[0.645155] (talker_listener) StdoutLine: {'line': b'-- Up-to-date: /home/will/Will/RANCS/RANCS-introduction/ros2/install/talker_listener/share/ament_index/resource_index/packages/talker_listener\n'}
[0.645268] (talker_listener) StdoutLine: {'line': b'-- Up-to-date: /home/will/Will/RANCS/RANCS-introduction/ros2/install/talker_listener/share/talker_listener/cmake/talker_listenerConfig.cmake\n'}
[0.645372] (talker_listener) StdoutLine: {'line': b'-- Up-to-date: /home/will/Will/RANCS/RANCS-introduction/ros2/install/talker_listener/share/talker_listener/cmake/talker_listenerConfig-version.cmake\n'}
[0.645479] (talker_listener) StdoutLine: {'line': b'-- Up-to-date: /home/will/Will/RANCS/RANCS-introduction/ros2/install/talker_listener/share/talker_listener/package.xml\n'}
[0.673969] (imu) JobEnded: {'identifier': 'imu', 'rc': 0}
[0.677566] (talker_listener) CommandEnded: {'returncode': 0}
[0.686531] (interfaces) StdoutLine: {'line': b"Listing '/home/will/Will/RANCS/RANCS-introduction/ros2/install/interfaces/local/lib/python3.10/dist-packages/interfaces'...\n"}
[0.686759] (interfaces) StdoutLine: {'line': b"Listing '/home/will/Will/RANCS/RANCS-introduction/ros2/install/interfaces/local/lib/python3.10/dist-packages/interfaces/msg'...\n"}
[0.695203] (interfaces) StdoutLine: {'line': b'-- Up-to-date: /home/will/Will/RANCS/RANCS-introduction/ros2/install/interfaces/local/lib/python3.10/dist-packages/interfaces/interfaces_s__rosidl_typesupport_fastrtps_c.cpython-310-x86_64-linux-gnu.so\n'}
[0.696260] (interfaces) StdoutLine: {'line': b'-- Up-to-date: /home/will/Will/RANCS/RANCS-introduction/ros2/install/interfaces/local/lib/python3.10/dist-packages/interfaces/interfaces_s__rosidl_typesupport_introspection_c.cpython-310-x86_64-linux-gnu.so\n'}
[0.696500] (interfaces) StdoutLine: {'line': b'-- Up-to-date: /home/will/Will/RANCS/RANCS-introduction/ros2/install/interfaces/local/lib/python3.10/dist-packages/interfaces/interfaces_s__rosidl_typesupport_c.cpython-310-x86_64-linux-gnu.so\n'}
[0.696900] (interfaces) StdoutLine: {'line': b'-- Up-to-date: /home/will/Will/RANCS/RANCS-introduction/ros2/install/interfaces/lib/libinterfaces__rosidl_generator_py.so\n'}
[0.697636] (interfaces) StdoutLine: {'line': b'-- Up-to-date: /home/will/Will/RANCS/RANCS-introduction/ros2/install/interfaces/share/ament_index/resource_index/rust_packages/interfaces\n'}
[0.698974] (interfaces) StdoutLine: {'line': b'-- Up-to-date: /home/will/Will/RANCS/RANCS-introduction/ros2/install/interfaces/share/interfaces/rust\n'}
[0.699247] (interfaces) StdoutLine: {'line': b'-- Up-to-date: /home/will/Will/RANCS/RANCS-introduction/ros2/install/interfaces/share/interfaces/rust/Cargo.toml\n'}
[0.699421] (interfaces) StdoutLine: {'line': b'-- Up-to-date: /home/will/Will/RANCS/RANCS-introduction/ros2/install/interfaces/share/interfaces/rust/src\n'}
[0.699541] (interfaces) StdoutLine: {'line': b'-- Up-to-date: /home/will/Will/RANCS/RANCS-introduction/ros2/install/interfaces/share/interfaces/rust/src/lib.rs\n'}
[0.699643] (interfaces) StdoutLine: {'line': b'-- Up-to-date: /home/will/Will/RANCS/RANCS-introduction/ros2/install/interfaces/share/interfaces/rust/src/msg\n'}
[0.700103] (interfaces) StdoutLine: {'line': b'-- Up-to-date: /home/will/Will/RANCS/RANCS-introduction/ros2/install/interfaces/share/interfaces/rust/src/msg/rmw.rs\n'}
[0.700232] (interfaces) StdoutLine: {'line': b'-- Up-to-date: /home/will/Will/RANCS/RANCS-introduction/ros2/install/interfaces/share/interfaces/rust/src/msg.rs\n'}
[0.700401] (interfaces) StdoutLine: {'line': b'-- Up-to-date: /home/will/Will/RANCS/RANCS-introduction/ros2/install/interfaces/share/interfaces/rust/build.rs\n'}
[0.700522] (-) TimerEvent: {}
[0.701027] (interfaces) StdoutLine: {'line': b'-- Up-to-date: /home/will/Will/RANCS/RANCS-introduction/ros2/install/interfaces/share/interfaces/msg/VehicleStatus.idl\n'}
[0.701374] (interfaces) StdoutLine: {'line': b'-- Up-to-date: /home/will/Will/RANCS/RANCS-introduction/ros2/install/interfaces/share/interfaces/msg/VehicleStatus.msg\n'}
[0.701559] (interfaces) StdoutLine: {'line': b'-- Up-to-date: /home/will/Will/RANCS/RANCS-introduction/ros2/install/interfaces/share/ament_index/resource_index/package_run_dependencies/interfaces\n'}
[0.701685] (interfaces) StdoutLine: {'line': b'-- Up-to-date: /home/will/Will/RANCS/RANCS-introduction/ros2/install/interfaces/share/ament_index/resource_index/parent_prefix_path/interfaces\n'}
[0.701867] (interfaces) StdoutLine: {'line': b'-- Up-to-date: /home/will/Will/RANCS/RANCS-introduction/ros2/install/interfaces/share/interfaces/environment/ament_prefix_path.sh\n'}
[0.701971] (interfaces) StdoutLine: {'line': b'-- Up-to-date: /home/will/Will/RANCS/RANCS-introduction/ros2/install/interfaces/share/interfaces/environment/ament_prefix_path.dsv\n'}
[0.702082] (interfaces) StdoutLine: {'line': b'-- Up-to-date: /home/will/Will/RANCS/RANCS-introduction/ros2/install/interfaces/share/interfaces/environment/path.sh\n'}
[0.702377] (interfaces) StdoutLine: {'line': b'-- Up-to-date: /home/will/Will/RANCS/RANCS-introduction/ros2/install/interfaces/share/interfaces/environment/path.dsv\n'}
[0.702494] (interfaces) StdoutLine: {'line': b'-- Up-to-date: /home/will/Will/RANCS/RANCS-introduction/ros2/install/interfaces/share/interfaces/local_setup.bash\n'}
[0.702592] (interfaces) StdoutLine: {'line': b'-- Up-to-date: /home/will/Will/RANCS/RANCS-introduction/ros2/install/interfaces/share/interfaces/local_setup.sh\n'}
[0.702742] (interfaces) StdoutLine: {'line': b'-- Up-to-date: /home/will/Will/RANCS/RANCS-introduction/ros2/install/interfaces/share/interfaces/local_setup.zsh\n'}
[0.703042] (interfaces) StdoutLine: {'line': b'-- Up-to-date: /home/will/Will/RANCS/RANCS-introduction/ros2/install/interfaces/share/interfaces/local_setup.dsv\n'}
[0.703147] (interfaces) StdoutLine: {'line': b'-- Installing: /home/will/Will/RANCS/RANCS-introduction/ros2/install/interfaces/share/interfaces/package.dsv\n'}
[0.703249] (interfaces) StdoutLine: {'line': b'-- Up-to-date: /home/will/Will/RANCS/RANCS-introduction/ros2/install/interfaces/share/ament_index/resource_index/packages/interfaces\n'}
[0.703349] (interfaces) StdoutLine: {'line': b'-- Up-to-date: /home/will/Will/RANCS/RANCS-introduction/ros2/install/interfaces/share/interfaces/cmake/export_interfaces__rosidl_generator_cExport.cmake\n'}
[0.703452] (interfaces) StdoutLine: {'line': b'-- Up-to-date: /home/will/Will/RANCS/RANCS-introduction/ros2/install/interfaces/share/interfaces/cmake/export_interfaces__rosidl_generator_cExport-noconfig.cmake\n'}
[0.703595] (interfaces) StdoutLine: {'line': b'-- Up-to-date: /home/will/Will/RANCS/RANCS-introduction/ros2/install/interfaces/share/interfaces/cmake/export_interfaces__rosidl_typesupport_fastrtps_cExport.cmake\n'}
[0.703746] (interfaces) StdoutLine: {'line': b'-- Up-to-date: /home/will/Will/RANCS/RANCS-introduction/ros2/install/interfaces/share/interfaces/cmake/export_interfaces__rosidl_typesupport_fastrtps_cExport-noconfig.cmake\n'}
[0.703964] (interfaces) StdoutLine: {'line': b'-- Up-to-date: /home/will/Will/RANCS/RANCS-introduction/ros2/install/interfaces/share/interfaces/cmake/interfaces__rosidl_typesupport_introspection_cExport.cmake\n'}
[0.704099] (interfaces) StdoutLine: {'line': b'-- Up-to-date: /home/will/Will/RANCS/RANCS-introduction/ros2/install/interfaces/share/interfaces/cmake/interfaces__rosidl_typesupport_introspection_cExport-noconfig.cmake\n'}
[0.704210] (interfaces) StdoutLine: {'line': b'-- Up-to-date: /home/will/Will/RANCS/RANCS-introduction/ros2/install/interfaces/share/interfaces/cmake/interfaces__rosidl_typesupport_cExport.cmake\n'}
[0.704397] (interfaces) StdoutLine: {'line': b'-- Up-to-date: /home/will/Will/RANCS/RANCS-introduction/ros2/install/interfaces/share/interfaces/cmake/interfaces__rosidl_typesupport_cExport-noconfig.cmake\n'}
[0.704670] (interfaces) StdoutLine: {'line': b'-- Up-to-date: /home/will/Will/RANCS/RANCS-introduction/ros2/install/interfaces/share/interfaces/cmake/export_interfaces__rosidl_generator_cppExport.cmake\n'}
[0.706034] (interfaces) StdoutLine: {'line': b'-- Up-to-date: /home/will/Will/RANCS/RANCS-introduction/ros2/install/interfaces/share/interfaces/cmake/export_interfaces__rosidl_typesupport_fastrtps_cppExport.cmake\n'}
[0.706981] (interfaces) StdoutLine: {'line': b'-- Up-to-date: /home/will/Will/RANCS/RANCS-introduction/ros2/install/interfaces/share/interfaces/cmake/export_interfaces__rosidl_typesupport_fastrtps_cppExport-noconfig.cmake\n'}
[0.707818] (interfaces) StdoutLine: {'line': b'-- Up-to-date: /home/will/Will/RANCS/RANCS-introduction/ros2/install/interfaces/share/interfaces/cmake/interfaces__rosidl_typesupport_introspection_cppExport.cmake\n'}
[0.708112] (interfaces) StdoutLine: {'line': b'-- Up-to-date: /home/will/Will/RANCS/RANCS-introduction/ros2/install/interfaces/share/interfaces/cmake/interfaces__rosidl_typesupport_introspection_cppExport-noconfig.cmake\n'}
[0.708245] (interfaces) StdoutLine: {'line': b'-- Up-to-date: /home/will/Will/RANCS/RANCS-introduction/ros2/install/interfaces/share/interfaces/cmake/interfaces__rosidl_typesupport_cppExport.cmake\n'}
[0.708473] (interfaces) StdoutLine: {'line': b'-- Up-to-date: /home/will/Will/RANCS/RANCS-introduction/ros2/install/interfaces/share/interfaces/cmake/interfaces__rosidl_typesupport_cppExport-noconfig.cmake\n'}
[0.708642] (interfaces) StdoutLine: {'line': b'-- Up-to-date: /home/will/Will/RANCS/RANCS-introduction/ros2/install/interfaces/share/interfaces/cmake/export_interfaces__rosidl_generator_pyExport.cmake\n'}
[0.709037] (interfaces) StdoutLine: {'line': b'-- Up-to-date: /home/will/Will/RANCS/RANCS-introduction/ros2/install/interfaces/share/interfaces/cmake/export_interfaces__rosidl_generator_pyExport-noconfig.cmake\n'}
[0.709162] (interfaces) StdoutLine: {'line': b'-- Up-to-date: /home/will/Will/RANCS/RANCS-introduction/ros2/install/interfaces/share/interfaces/cmake/rosidl_cmake-extras.cmake\n'}
[0.709293] (interfaces) StdoutLine: {'line': b'-- Up-to-date: /home/will/Will/RANCS/RANCS-introduction/ros2/install/interfaces/share/interfaces/cmake/ament_cmake_export_include_directories-extras.cmake\n'}
[0.709417] (interfaces) StdoutLine: {'line': b'-- Up-to-date: /home/will/Will/RANCS/RANCS-introduction/ros2/install/interfaces/share/interfaces/cmake/ament_cmake_export_libraries-extras.cmake\n'}
[0.709697] (interfaces) StdoutLine: {'line': b'-- Up-to-date: /home/will/Will/RANCS/RANCS-introduction/ros2/install/interfaces/share/interfaces/cmake/ament_cmake_export_targets-extras.cmake\n'}
[0.710079] (interfaces) StdoutLine: {'line': b'-- Up-to-date: /home/will/Will/RANCS/RANCS-introduction/ros2/install/interfaces/share/interfaces/cmake/rosidl_cmake_export_typesupport_targets-extras.cmake\n'}
[0.710226] (interfaces) StdoutLine: {'line': b'-- Up-to-date: /home/will/Will/RANCS/RANCS-introduction/ros2/install/interfaces/share/interfaces/cmake/ament_cmake_export_dependencies-extras.cmake\n'}
[0.710335] (interfaces) StdoutLine: {'line': b'-- Up-to-date: /home/will/Will/RANCS/RANCS-introduction/ros2/install/interfaces/share/interfaces/cmake/rosidl_cmake_export_typesupport_libraries-extras.cmake\n'}
[0.710437] (interfaces) StdoutLine: {'line': b'-- Up-to-date: /home/will/Will/RANCS/RANCS-introduction/ros2/install/interfaces/share/interfaces/cmake/interfacesConfig.cmake\n'}
[0.710553] (interfaces) StdoutLine: {'line': b'-- Up-to-date: /home/will/Will/RANCS/RANCS-introduction/ros2/install/interfaces/share/interfaces/cmake/interfacesConfig-version.cmake\n'}
[0.710718] (interfaces) StdoutLine: {'line': b'-- Up-to-date: /home/will/Will/RANCS/RANCS-introduction/ros2/install/interfaces/share/interfaces/package.xml\n'}
[0.710912] (talker_listener) JobEnded: {'identifier': 'talker_listener', 'rc': 0}
[0.711796] (interfaces) CommandEnded: {'returncode': 0}
[0.734312] (interfaces) JobEnded: {'identifier': 'interfaces', 'rc': 0}
[0.735248] (vehicle_status) JobStarted: {'identifier': 'vehicle_status'}
[0.736969] (vehicle_status_py) JobStarted: {'identifier': 'vehicle_status_py'}
[0.745107] (vehicle_status) JobProgress: {'identifier': 'vehicle_status', 'progress': 'cmake'}
[0.745941] (vehicle_status) JobProgress: {'identifier': 'vehicle_status', 'progress': 'build'}
[0.746285] (vehicle_status) Command: {'cmd': ['/usr/bin/cmake', '--build', '/home/will/Will/RANCS/RANCS-introduction/ros2/build/vehicle_status', '--', '-j12', '-l12'], 'cwd': '/home/will/Will/RANCS/RANCS-introduction/ros2/build/vehicle_status', 'env': OrderedDict([('MAIL', '/var/spool/mail/will'), ('HYPRLAND_CMD', 'Hyprland --watchdog-fd 4'), ('USER', 'will'), ('HYPRLAND_INSTANCE_SIGNATURE', '521ece463c4a9d3d128670688a34756805a4328f_1779540798_1184533170'), ('STARSHIP_SHELL', 'bash'), ('HOSTNAME', 'archlinux'), ('XDG_SESSION_TYPE', 'wayland'), ('XCURSOR_SIZE', '24'), ('XDG_CACHE_HOME', '/home/will/.cache'), ('SHLVL', '4'), ('LD_LIBRARY_PATH', '/home/will/Will/RANCS/RANCS-introduction/ros2/install/interfaces/lib:/opt/ros/humble/lib/x86_64-linux-gnu:/opt/ros/humble/lib'), ('MOTD_SHOWN', 'pam'), ('HOME', '/home/will'), ('TERMINFO', '/usr/lib/kitty/terminfo'), ('MOZ_ENABLE_WAYLAND', '1'), ('OLDPWD', '/home/will'), ('DESKTOP_SESSION', 'hyprland'), ('NVM_BIN', '/home/will/.nvm/versions/node/v24.14.0/bin'), ('KITTY_INSTALLATION_DIR', '/usr/lib/kitty'), ('NVM_INC', '/home/will/.nvm/versions/node/v24.14.0/include/node'), ('ROS_PYTHON_VERSION', '3'), ('PS1', '[\\u@\\h \\W]\\$'), ('KITTY_PID', '1049296'), ('DISTROBOX_ENTER_PATH', '/usr/bin/distrobox-enter'), ('XDG_STATE_HOME', '/home/will/.local/state'), ('DBUS_SESSION_BUS_ADDRESS', 'unix:path=/run/user/1000/bus'), ('COLORTERM', 'truecolor'), ('container', 'podman'), ('NVM_DIR', '/home/will/.nvm'), ('DEBUGINFOD_URLS', 'https://debuginfod.archlinux.org'), ('WAYLAND_DISPLAY', 'wayland-1'), ('ROS_DISTRO', 'humble'), ('GTK_IM_MODULE', 'fcitx'), ('LOGNAME', 'will'), ('_', '/usr/bin/colcon'), ('ROS_VERSION', '2'), ('TERMINFO_DIRS', '/usr/share/terminfo:/run/host/usr/share/terminfo'), ('TERM', 'xterm-kitty'), ('XDG_SESSION_ID', '3'), ('ROS_LOCALHOST_ONLY', '0'), ('HL_INITIAL_WORKSPACE_TOKEN', '8fd082a6-51bf-4ab7-9242-81711322afb1'), ('PATH', '/opt/ros/humble/bin:/home/will/.local/bin:/home/will/.opencode/bin:/home/will/.local/bin:/home/will/.opencode/bin:/home/will/.nvm/versions/node/v24.14.0/bin:/usr/local/bin:/usr/bin:/var/lib/flatpak/exports/bin:/usr/lib/jvm/default/bin:/usr/bin/site_perl:/usr/bin/vendor_perl:/usr/bin/core_perl:/usr/local/sbin:/usr/sbin:/usr/local/bin:/usr/bin:/sbin:/bin:/usr/local/sbin:/usr/sbin:/sbin:/bin'), ('XDG_RUNTIME_DIR', '/run/user/1000'), ('DISPLAY', ':0'), ('HYPRCURSOR_SIZE', '24'), ('LANG', 'en_US.UTF-8'), ('XDG_CURRENT_DESKTOP', 'Hyprland'), ('XDG_DATA_HOME', '/home/will/.local/share'), ('XDG_CONFIG_HOME', '/home/will/.config'), ('XMODIFIERS', '@im=fcitx'), ('XDG_SESSION_DESKTOP', 'Hyprland'), ('AMENT_PREFIX_PATH', '/home/will/Will/RANCS/RANCS-introduction/ros2/install/interfaces:/opt/ros/humble'), ('SHELL', '/usr/bin/bash'), ('KITTY_WINDOW_ID', '1'), ('QT_IM_MODULE', 'fcitx'), ('PWD', '/home/will/Will/RANCS/RANCS-introduction/ros2/build/vehicle_status'), ('CONTAINER_ID', 'ros2'), ('LC_ALL', 'C.UTF-8'), ('XDG_CONFIG_DIRS', '/etc/xdg'), ('XDG_BACKEND', 'wayland'), ('NVM_CD_FLAGS', ''), ('XDG_DATA_DIRS', '/home/will/.local/share/flatpak/exports/share:/var/lib/flatpak/exports/share:/usr/local/share:/usr/share'), ('STARSHIP_SESSION_KEY', '3062721191839391'), ('PYTHONPATH', '/home/will/Will/RANCS/RANCS-introduction/ros2/install/interfaces/local/lib/python3.10/dist-packages:/opt/ros/humble/lib/python3.10/site-packages:/opt/ros/humble/local/lib/python3.10/dist-packages'), ('COLCON', '1'), ('CMAKE_PREFIX_PATH', '/home/will/Will/RANCS/RANCS-introduction/ros2/install/interfaces:/opt/ros/humble')]), 'shell': False}
[0.798892] (vehicle_status) StdoutLine: {'line': b'\x1b[35m\x1b[1mConsolidate compiler generated dependencies of target vehicle_status_publisher\x1b[0m\n'}
[0.799106] (vehicle_status) StdoutLine: {'line': b'\x1b[35m\x1b[1mConsolidate compiler generated dependencies of target vehicle_status_subscriber\x1b[0m\n'}
[0.800601] (-) TimerEvent: {}
[0.819631] (vehicle_status) StdoutLine: {'line': b'[ 50%] Built target vehicle_status_publisher\n'}
[0.819989] (vehicle_status) StdoutLine: {'line': b'[100%] Built target vehicle_status_subscriber\n'}
[0.900707] (-) TimerEvent: {}
[1.001019] (-) TimerEvent: {}
[1.009816] (imu_py) Command: {'cmd': ['/usr/bin/python3', '-W', 'ignore:setup.py install is deprecated', '-W', 'ignore:easy_install command is deprecated', 'setup.py', 'egg_info', '--egg-base', '../../build/imu_py', 'build', '--build-base', '/home/will/Will/RANCS/RANCS-introduction/ros2/build/imu_py/build', 'install', '--record', '/home/will/Will/RANCS/RANCS-introduction/ros2/build/imu_py/install.log', '--single-version-externally-managed', 'install_data'], 'cwd': '/home/will/Will/RANCS/RANCS-introduction/ros2/src/imu_py', 'env': {'MAIL': '/var/spool/mail/will', 'HYPRLAND_CMD': 'Hyprland --watchdog-fd 4', 'USER': 'will', 'HYPRLAND_INSTANCE_SIGNATURE': '521ece463c4a9d3d128670688a34756805a4328f_1779540798_1184533170', 'STARSHIP_SHELL': 'bash', 'HOSTNAME': 'archlinux', 'XDG_SESSION_TYPE': 'wayland', 'XCURSOR_SIZE': '24', 'XDG_CACHE_HOME': '/home/will/.cache', 'SHLVL': '4', 'LD_LIBRARY_PATH': '/opt/ros/humble/lib/x86_64-linux-gnu:/opt/ros/humble/lib', 'MOTD_SHOWN': 'pam', 'HOME': '/home/will', 'TERMINFO': '/usr/lib/kitty/terminfo', 'MOZ_ENABLE_WAYLAND': '1', 'OLDPWD': '/home/will', 'DESKTOP_SESSION': 'hyprland', 'NVM_BIN': '/home/will/.nvm/versions/node/v24.14.0/bin', 'KITTY_INSTALLATION_DIR': '/usr/lib/kitty', 'NVM_INC': '/home/will/.nvm/versions/node/v24.14.0/include/node', 'ROS_PYTHON_VERSION': '3', 'PS1': '[\\u@\\h \\W]\\$', 'KITTY_PID': '1049296', 'DISTROBOX_ENTER_PATH': '/usr/bin/distrobox-enter', 'XDG_STATE_HOME': '/home/will/.local/state', 'DBUS_SESSION_BUS_ADDRESS': 'unix:path=/run/user/1000/bus', 'COLORTERM': 'truecolor', 'container': 'podman', 'NVM_DIR': '/home/will/.nvm', 'DEBUGINFOD_URLS': 'https://debuginfod.archlinux.org', 'WAYLAND_DISPLAY': 'wayland-1', 'ROS_DISTRO': 'humble', 'GTK_IM_MODULE': 'fcitx', 'LOGNAME': 'will', '_': '/usr/bin/colcon', 'ROS_VERSION': '2', 'TERMINFO_DIRS': '/usr/share/terminfo:/run/host/usr/share/terminfo', 'TERM': 'xterm-kitty', 'XDG_SESSION_ID': '3', 'ROS_LOCALHOST_ONLY': '0', 'HL_INITIAL_WORKSPACE_TOKEN': '8fd082a6-51bf-4ab7-9242-81711322afb1', 'PATH': '/opt/ros/humble/bin:/home/will/.local/bin:/home/will/.opencode/bin:/home/will/.local/bin:/home/will/.opencode/bin:/home/will/.nvm/versions/node/v24.14.0/bin:/usr/local/bin:/usr/bin:/var/lib/flatpak/exports/bin:/usr/lib/jvm/default/bin:/usr/bin/site_perl:/usr/bin/vendor_perl:/usr/bin/core_perl:/usr/local/sbin:/usr/sbin:/usr/local/bin:/usr/bin:/sbin:/bin:/usr/local/sbin:/usr/sbin:/sbin:/bin', 'XDG_RUNTIME_DIR': '/run/user/1000', 'DISPLAY': ':0', 'HYPRCURSOR_SIZE': '24', 'LANG': 'en_US.UTF-8', 'XDG_CURRENT_DESKTOP': 'Hyprland', 'XDG_DATA_HOME': '/home/will/.local/share', 'XDG_CONFIG_HOME': '/home/will/.config', 'XMODIFIERS': '@im=fcitx', 'XDG_SESSION_DESKTOP': 'Hyprland', 'AMENT_PREFIX_PATH': '/opt/ros/humble', 'SHELL': '/usr/bin/bash', 'KITTY_WINDOW_ID': '1', 'QT_IM_MODULE': 'fcitx', 'PWD': '/home/will/Will/RANCS/RANCS-introduction/ros2/build/imu_py', 'CONTAINER_ID': 'ros2', 'LC_ALL': 'C.UTF-8', 'XDG_CONFIG_DIRS': '/etc/xdg', 'XDG_BACKEND': 'wayland', 'NVM_CD_FLAGS': '', 'XDG_DATA_DIRS': '/home/will/.local/share/flatpak/exports/share:/var/lib/flatpak/exports/share:/usr/local/share:/usr/share', 'STARSHIP_SESSION_KEY': '3062721191839391', 'PYTHONPATH': '/home/will/Will/RANCS/RANCS-introduction/ros2/build/imu_py/prefix_override:/usr/lib/python3/dist-packages/colcon_core/task/python/colcon_distutils_commands:/home/will/Will/RANCS/RANCS-introduction/ros2/install/imu_py/lib/python3.10/site-packages:/opt/ros/humble/lib/python3.10/site-packages:/opt/ros/humble/local/lib/python3.10/dist-packages', 'COLCON': '1'}, 'shell': False}
[1.013488] (talker_listener_py) Command: {'cmd': ['/usr/bin/python3', '-W', 'ignore:setup.py install is deprecated', '-W', 'ignore:easy_install command is deprecated', 'setup.py', 'egg_info', '--egg-base', '../../build/talker_listener_py', 'build', '--build-base', '/home/will/Will/RANCS/RANCS-introduction/ros2/build/talker_listener_py/build', 'install', '--record', '/home/will/Will/RANCS/RANCS-introduction/ros2/build/talker_listener_py/install.log', '--single-version-externally-managed', 'install_data'], 'cwd': '/home/will/Will/RANCS/RANCS-introduction/ros2/src/talker_listener_py', 'env': {'MAIL': '/var/spool/mail/will', 'HYPRLAND_CMD': 'Hyprland --watchdog-fd 4', 'USER': 'will', 'HYPRLAND_INSTANCE_SIGNATURE': '521ece463c4a9d3d128670688a34756805a4328f_1779540798_1184533170', 'STARSHIP_SHELL': 'bash', 'HOSTNAME': 'archlinux', 'XDG_SESSION_TYPE': 'wayland', 'XCURSOR_SIZE': '24', 'XDG_CACHE_HOME': '/home/will/.cache', 'SHLVL': '4', 'LD_LIBRARY_PATH': '/opt/ros/humble/lib/x86_64-linux-gnu:/opt/ros/humble/lib', 'MOTD_SHOWN': 'pam', 'HOME': '/home/will', 'TERMINFO': '/usr/lib/kitty/terminfo', 'MOZ_ENABLE_WAYLAND': '1', 'OLDPWD': '/home/will', 'DESKTOP_SESSION': 'hyprland', 'NVM_BIN': '/home/will/.nvm/versions/node/v24.14.0/bin', 'KITTY_INSTALLATION_DIR': '/usr/lib/kitty', 'NVM_INC': '/home/will/.nvm/versions/node/v24.14.0/include/node', 'ROS_PYTHON_VERSION': '3', 'PS1': '[\\u@\\h \\W]\\$', 'KITTY_PID': '1049296', 'DISTROBOX_ENTER_PATH': '/usr/bin/distrobox-enter', 'XDG_STATE_HOME': '/home/will/.local/state', 'DBUS_SESSION_BUS_ADDRESS': 'unix:path=/run/user/1000/bus', 'COLORTERM': 'truecolor', 'container': 'podman', 'NVM_DIR': '/home/will/.nvm', 'DEBUGINFOD_URLS': 'https://debuginfod.archlinux.org', 'WAYLAND_DISPLAY': 'wayland-1', 'ROS_DISTRO': 'humble', 'GTK_IM_MODULE': 'fcitx', 'LOGNAME': 'will', '_': '/usr/bin/colcon', 'ROS_VERSION': '2', 'TERMINFO_DIRS': '/usr/share/terminfo:/run/host/usr/share/terminfo', 'TERM': 'xterm-kitty', 'XDG_SESSION_ID': '3', 'ROS_LOCALHOST_ONLY': '0', 'HL_INITIAL_WORKSPACE_TOKEN': '8fd082a6-51bf-4ab7-9242-81711322afb1', 'PATH': '/opt/ros/humble/bin:/home/will/.local/bin:/home/will/.opencode/bin:/home/will/.local/bin:/home/will/.opencode/bin:/home/will/.nvm/versions/node/v24.14.0/bin:/usr/local/bin:/usr/bin:/var/lib/flatpak/exports/bin:/usr/lib/jvm/default/bin:/usr/bin/site_perl:/usr/bin/vendor_perl:/usr/bin/core_perl:/usr/local/sbin:/usr/sbin:/usr/local/bin:/usr/bin:/sbin:/bin:/usr/local/sbin:/usr/sbin:/sbin:/bin', 'XDG_RUNTIME_DIR': '/run/user/1000', 'DISPLAY': ':0', 'HYPRCURSOR_SIZE': '24', 'LANG': 'en_US.UTF-8', 'XDG_CURRENT_DESKTOP': 'Hyprland', 'XDG_DATA_HOME': '/home/will/.local/share', 'XDG_CONFIG_HOME': '/home/will/.config', 'XMODIFIERS': '@im=fcitx', 'XDG_SESSION_DESKTOP': 'Hyprland', 'AMENT_PREFIX_PATH': '/opt/ros/humble', 'SHELL': '/usr/bin/bash', 'KITTY_WINDOW_ID': '1', 'QT_IM_MODULE': 'fcitx', 'PWD': '/home/will/Will/RANCS/RANCS-introduction/ros2/build/talker_listener_py', 'CONTAINER_ID': 'ros2', 'LC_ALL': 'C.UTF-8', 'XDG_CONFIG_DIRS': '/etc/xdg', 'XDG_BACKEND': 'wayland', 'NVM_CD_FLAGS': '', 'XDG_DATA_DIRS': '/home/will/.local/share/flatpak/exports/share:/var/lib/flatpak/exports/share:/usr/local/share:/usr/share', 'STARSHIP_SESSION_KEY': '3062721191839391', 'PYTHONPATH': '/home/will/Will/RANCS/RANCS-introduction/ros2/build/talker_listener_py/prefix_override:/usr/lib/python3/dist-packages/colcon_core/task/python/colcon_distutils_commands:/home/will/Will/RANCS/RANCS-introduction/ros2/install/talker_listener_py/lib/python3.10/site-packages:/opt/ros/humble/lib/python3.10/site-packages:/opt/ros/humble/local/lib/python3.10/dist-packages', 'COLCON': '1'}, 'shell': False}
[1.015713] (vehicle_status) CommandEnded: {'returncode': 0}
[1.016819] (vehicle_status) JobProgress: {'identifier': 'vehicle_status', 'progress': 'install'}
[1.017540] (vehicle_status) Command: {'cmd': ['/usr/bin/cmake', '--install', '/home/will/Will/RANCS/RANCS-introduction/ros2/build/vehicle_status'], 'cwd': '/home/will/Will/RANCS/RANCS-introduction/ros2/build/vehicle_status', 'env': OrderedDict([('MAIL', '/var/spool/mail/will'), ('HYPRLAND_CMD', 'Hyprland --watchdog-fd 4'), ('USER', 'will'), ('HYPRLAND_INSTANCE_SIGNATURE', '521ece463c4a9d3d128670688a34756805a4328f_1779540798_1184533170'), ('STARSHIP_SHELL', 'bash'), ('HOSTNAME', 'archlinux'), ('XDG_SESSION_TYPE', 'wayland'), ('XCURSOR_SIZE', '24'), ('XDG_CACHE_HOME', '/home/will/.cache'), ('SHLVL', '4'), ('LD_LIBRARY_PATH', '/home/will/Will/RANCS/RANCS-introduction/ros2/install/interfaces/lib:/opt/ros/humble/lib/x86_64-linux-gnu:/opt/ros/humble/lib'), ('MOTD_SHOWN', 'pam'), ('HOME', '/home/will'), ('TERMINFO', '/usr/lib/kitty/terminfo'), ('MOZ_ENABLE_WAYLAND', '1'), ('OLDPWD', '/home/will'), ('DESKTOP_SESSION', 'hyprland'), ('NVM_BIN', '/home/will/.nvm/versions/node/v24.14.0/bin'), ('KITTY_INSTALLATION_DIR', '/usr/lib/kitty'), ('NVM_INC', '/home/will/.nvm/versions/node/v24.14.0/include/node'), ('ROS_PYTHON_VERSION', '3'), ('PS1', '[\\u@\\h \\W]\\$'), ('KITTY_PID', '1049296'), ('DISTROBOX_ENTER_PATH', '/usr/bin/distrobox-enter'), ('XDG_STATE_HOME', '/home/will/.local/state'), ('DBUS_SESSION_BUS_ADDRESS', 'unix:path=/run/user/1000/bus'), ('COLORTERM', 'truecolor'), ('container', 'podman'), ('NVM_DIR', '/home/will/.nvm'), ('DEBUGINFOD_URLS', 'https://debuginfod.archlinux.org'), ('WAYLAND_DISPLAY', 'wayland-1'), ('ROS_DISTRO', 'humble'), ('GTK_IM_MODULE', 'fcitx'), ('LOGNAME', 'will'), ('_', '/usr/bin/colcon'), ('ROS_VERSION', '2'), ('TERMINFO_DIRS', '/usr/share/terminfo:/run/host/usr/share/terminfo'), ('TERM', 'xterm-kitty'), ('XDG_SESSION_ID', '3'), ('ROS_LOCALHOST_ONLY', '0'), ('HL_INITIAL_WORKSPACE_TOKEN', '8fd082a6-51bf-4ab7-9242-81711322afb1'), ('PATH', '/opt/ros/humble/bin:/home/will/.local/bin:/home/will/.opencode/bin:/home/will/.local/bin:/home/will/.opencode/bin:/home/will/.nvm/versions/node/v24.14.0/bin:/usr/local/bin:/usr/bin:/var/lib/flatpak/exports/bin:/usr/lib/jvm/default/bin:/usr/bin/site_perl:/usr/bin/vendor_perl:/usr/bin/core_perl:/usr/local/sbin:/usr/sbin:/usr/local/bin:/usr/bin:/sbin:/bin:/usr/local/sbin:/usr/sbin:/sbin:/bin'), ('XDG_RUNTIME_DIR', '/run/user/1000'), ('DISPLAY', ':0'), ('HYPRCURSOR_SIZE', '24'), ('LANG', 'en_US.UTF-8'), ('XDG_CURRENT_DESKTOP', 'Hyprland'), ('XDG_DATA_HOME', '/home/will/.local/share'), ('XDG_CONFIG_HOME', '/home/will/.config'), ('XMODIFIERS', '@im=fcitx'), ('XDG_SESSION_DESKTOP', 'Hyprland'), ('AMENT_PREFIX_PATH', '/home/will/Will/RANCS/RANCS-introduction/ros2/install/interfaces:/opt/ros/humble'), ('SHELL', '/usr/bin/bash'), ('KITTY_WINDOW_ID', '1'), ('QT_IM_MODULE', 'fcitx'), ('PWD', '/home/will/Will/RANCS/RANCS-introduction/ros2/build/vehicle_status'), ('CONTAINER_ID', 'ros2'), ('LC_ALL', 'C.UTF-8'), ('XDG_CONFIG_DIRS', '/etc/xdg'), ('XDG_BACKEND', 'wayland'), ('NVM_CD_FLAGS', ''), ('XDG_DATA_DIRS', '/home/will/.local/share/flatpak/exports/share:/var/lib/flatpak/exports/share:/usr/local/share:/usr/share'), ('STARSHIP_SESSION_KEY', '3062721191839391'), ('PYTHONPATH', '/home/will/Will/RANCS/RANCS-introduction/ros2/install/interfaces/local/lib/python3.10/dist-packages:/opt/ros/humble/lib/python3.10/site-packages:/opt/ros/humble/local/lib/python3.10/dist-packages'), ('COLCON', '1'), ('CMAKE_PREFIX_PATH', '/home/will/Will/RANCS/RANCS-introduction/ros2/install/interfaces:/opt/ros/humble')]), 'shell': False}
[1.028620] (vehicle_status) StdoutLine: {'line': b'-- Install configuration: ""\n'}
[1.028945] (vehicle_status) StdoutLine: {'line': b'-- Up-to-date: /home/will/Will/RANCS/RANCS-introduction/ros2/install/vehicle_status/lib/vehicle_status/vehicle_status_publisher\n'}
[1.029317] (vehicle_status) StdoutLine: {'line': b'-- Up-to-date: /home/will/Will/RANCS/RANCS-introduction/ros2/install/vehicle_status/lib/vehicle_status/vehicle_status_subscriber\n'}
[1.029552] (vehicle_status) StdoutLine: {'line': b'-- Up-to-date: /home/will/Will/RANCS/RANCS-introduction/ros2/install/vehicle_status/share/ament_index/resource_index/package_run_dependencies/vehicle_status\n'}
[1.029811] (vehicle_status) StdoutLine: {'line': b'-- Up-to-date: /home/will/Will/RANCS/RANCS-introduction/ros2/install/vehicle_status/share/ament_index/resource_index/parent_prefix_path/vehicle_status\n'}
[1.030145] (vehicle_status) StdoutLine: {'line': b'-- Up-to-date: /home/will/Will/RANCS/RANCS-introduction/ros2/install/vehicle_status/share/vehicle_status/environment/ament_prefix_path.sh\n'}
[1.030361] (vehicle_status) StdoutLine: {'line': b'-- Up-to-date: /home/will/Will/RANCS/RANCS-introduction/ros2/install/vehicle_status/share/vehicle_status/environment/ament_prefix_path.dsv\n'}
[1.030545] (vehicle_status) StdoutLine: {'line': b'-- Up-to-date: /home/will/Will/RANCS/RANCS-introduction/ros2/install/vehicle_status/share/vehicle_status/environment/path.sh\n'}
[1.030889] (vehicle_status) StdoutLine: {'line': b'-- Up-to-date: /home/will/Will/RANCS/RANCS-introduction/ros2/install/vehicle_status/share/vehicle_status/environment/path.dsv\n'}
[1.031108] (vehicle_status) StdoutLine: {'line': b'-- Up-to-date: /home/will/Will/RANCS/RANCS-introduction/ros2/install/vehicle_status/share/vehicle_status/local_setup.bash\n'}
[1.031239] (vehicle_status) StdoutLine: {'line': b'-- Up-to-date: /home/will/Will/RANCS/RANCS-introduction/ros2/install/vehicle_status/share/vehicle_status/local_setup.sh\n'}
[1.031364] (vehicle_status) StdoutLine: {'line': b'-- Up-to-date: /home/will/Will/RANCS/RANCS-introduction/ros2/install/vehicle_status/share/vehicle_status/local_setup.zsh\n'}
[1.031471] (vehicle_status) StdoutLine: {'line': b'-- Up-to-date: /home/will/Will/RANCS/RANCS-introduction/ros2/install/vehicle_status/share/vehicle_status/local_setup.dsv\n'}
[1.031666] (vehicle_status) StdoutLine: {'line': b'-- Installing: /home/will/Will/RANCS/RANCS-introduction/ros2/install/vehicle_status/share/vehicle_status/package.dsv\n'}
[1.031765] (vehicle_status) StdoutLine: {'line': b'-- Up-to-date: /home/will/Will/RANCS/RANCS-introduction/ros2/install/vehicle_status/share/ament_index/resource_index/packages/vehicle_status\n'}
[1.031829] (vehicle_status) StdoutLine: {'line': b'-- Up-to-date: /home/will/Will/RANCS/RANCS-introduction/ros2/install/vehicle_status/share/vehicle_status/cmake/vehicle_statusConfig.cmake\n'}
[1.031885] (vehicle_status) StdoutLine: {'line': b'-- Up-to-date: /home/will/Will/RANCS/RANCS-introduction/ros2/install/vehicle_status/share/vehicle_status/cmake/vehicle_statusConfig-version.cmake\n'}
[1.031940] (vehicle_status) StdoutLine: {'line': b'-- Up-to-date: /home/will/Will/RANCS/RANCS-introduction/ros2/install/vehicle_status/share/vehicle_status/package.xml\n'}
[1.032793] (vehicle_status) CommandEnded: {'returncode': 0}
[1.048937] (vehicle_status) JobEnded: {'identifier': 'vehicle_status', 'rc': 0}
[1.101117] (-) TimerEvent: {}
[1.201368] (-) TimerEvent: {}
[1.229073] (talker_listener_py) StdoutLine: {'line': b'running egg_info\n'}
[1.229446] (imu_py) StdoutLine: {'line': b'running egg_info\n'}
[1.230587] (talker_listener_py) StdoutLine: {'line': b'writing ../../build/talker_listener_py/talker_listener_py.egg-info/PKG-INFO\n'}
[1.231142] (imu_py) StdoutLine: {'line': b'writing ../../build/imu_py/imu_py.egg-info/PKG-INFO\n'}
[1.231397] (talker_listener_py) StdoutLine: {'line': b'writing dependency_links to ../../build/talker_listener_py/talker_listener_py.egg-info/dependency_links.txt\n'}
[1.231623] (imu_py) StdoutLine: {'line': b'writing dependency_links to ../../build/imu_py/imu_py.egg-info/dependency_links.txt\n'}
[1.231827] (imu_py) StdoutLine: {'line': b'writing entry points to ../../build/imu_py/imu_py.egg-info/entry_points.txt\n'}
[1.231951] (imu_py) StdoutLine: {'line': b'writing requirements to ../../build/imu_py/imu_py.egg-info/requires.txt\n'}
[1.232068] (imu_py) StdoutLine: {'line': b'writing top-level names to ../../build/imu_py/imu_py.egg-info/top_level.txt\n'}
[1.232235] (talker_listener_py) StdoutLine: {'line': b'writing entry points to ../../build/talker_listener_py/talker_listener_py.egg-info/entry_points.txt\n'}
[1.232370] (talker_listener_py) StdoutLine: {'line': b'writing requirements to ../../build/talker_listener_py/talker_listener_py.egg-info/requires.txt\n'}
[1.232458] (talker_listener_py) StdoutLine: {'line': b'writing top-level names to ../../build/talker_listener_py/talker_listener_py.egg-info/top_level.txt\n'}
[1.233260] (talker_listener_py) StdoutLine: {'line': b"reading manifest file '../../build/talker_listener_py/talker_listener_py.egg-info/SOURCES.txt'\n"}
[1.233845] (imu_py) StdoutLine: {'line': b"reading manifest file '../../build/imu_py/imu_py.egg-info/SOURCES.txt'\n"}
[1.234246] (talker_listener_py) StdoutLine: {'line': b"writing manifest file '../../build/talker_listener_py/talker_listener_py.egg-info/SOURCES.txt'\n"}
[1.234399] (talker_listener_py) StdoutLine: {'line': b'running build\n'}
[1.234495] (talker_listener_py) StdoutLine: {'line': b'running build_py\n'}
[1.234617] (talker_listener_py) StdoutLine: {'line': b'running install\n'}
[1.234794] (imu_py) StdoutLine: {'line': b"writing manifest file '../../build/imu_py/imu_py.egg-info/SOURCES.txt'\n"}
[1.234871] (imu_py) StdoutLine: {'line': b'running build\n'}
[1.234970] (imu_py) StdoutLine: {'line': b'running build_py\n'}
[1.235181] (imu_py) StdoutLine: {'line': b'running install\n'}
[1.235336] (talker_listener_py) StdoutLine: {'line': b'running install_lib\n'}
[1.235472] (imu_py) StdoutLine: {'line': b'running install_lib\n'}
[1.235920] (talker_listener_py) StdoutLine: {'line': b'running install_data\n'}
[1.236058] (talker_listener_py) StdoutLine: {'line': b'running install_egg_info\n'}
[1.236560] (imu_py) StdoutLine: {'line': b'running install_data\n'}
[1.236772] (imu_py) StdoutLine: {'line': b'running install_egg_info\n'}
[1.237734] (talker_listener_py) StdoutLine: {'line': b"removing '/home/will/Will/RANCS/RANCS-introduction/ros2/install/talker_listener_py/lib/python3.10/site-packages/talker_listener_py-0.0.0-py3.10.egg-info' (and everything under it)\n"}
[1.237989] (talker_listener_py) StdoutLine: {'line': b'Copying ../../build/talker_listener_py/talker_listener_py.egg-info to /home/will/Will/RANCS/RANCS-introduction/ros2/install/talker_listener_py/lib/python3.10/site-packages/talker_listener_py-0.0.0-py3.10.egg-info\n'}
[1.238403] (imu_py) StdoutLine: {'line': b"removing '/home/will/Will/RANCS/RANCS-introduction/ros2/install/imu_py/lib/python3.10/site-packages/imu_py-0.0.0-py3.10.egg-info' (and everything under it)\n"}
[1.238614] (imu_py) StdoutLine: {'line': b'Copying ../../build/imu_py/imu_py.egg-info to /home/will/Will/RANCS/RANCS-introduction/ros2/install/imu_py/lib/python3.10/site-packages/imu_py-0.0.0-py3.10.egg-info\n'}
[1.238752] (talker_listener_py) StdoutLine: {'line': b'running install_scripts\n'}
[1.239579] (imu_py) StdoutLine: {'line': b'running install_scripts\n'}
[1.267698] (imu_py) StdoutLine: {'line': b'Installing imu_publisher script to /home/will/Will/RANCS/RANCS-introduction/ros2/install/imu_py/lib/imu_py\n'}
[1.268028] (imu_py) StdoutLine: {'line': b'Installing imu_subscriber script to /home/will/Will/RANCS/RANCS-introduction/ros2/install/imu_py/lib/imu_py\n'}
[1.268123] (talker_listener_py) StdoutLine: {'line': b'Installing listener script to /home/will/Will/RANCS/RANCS-introduction/ros2/install/talker_listener_py/lib/talker_listener_py\n'}
[1.268198] (talker_listener_py) StdoutLine: {'line': b'Installing talker script to /home/will/Will/RANCS/RANCS-introduction/ros2/install/talker_listener_py/lib/talker_listener_py\n'}
[1.268309] (talker_listener_py) StdoutLine: {'line': b"writing list of installed files to '/home/will/Will/RANCS/RANCS-introduction/ros2/build/talker_listener_py/install.log'\n"}
[1.268434] (imu_py) StdoutLine: {'line': b"writing list of installed files to '/home/will/Will/RANCS/RANCS-introduction/ros2/build/imu_py/install.log'\n"}
[1.301500] (-) TimerEvent: {}
[1.329429] (talker_listener_py) CommandEnded: {'returncode': 0}
[1.337822] (talker_listener_py) JobEnded: {'identifier': 'talker_listener_py', 'rc': 0}
[1.338633] (imu_py) CommandEnded: {'returncode': 0}
[1.348306] (imu_py) JobEnded: {'identifier': 'imu_py', 'rc': 0}
[1.369795] (vehicle_status_py) Command: {'cmd': ['/usr/bin/python3', '-W', 'ignore:setup.py install is deprecated', '-W', 'ignore:easy_install command is deprecated', 'setup.py', 'egg_info', '--egg-base', '../../build/vehicle_status_py', 'build', '--build-base', '/home/will/Will/RANCS/RANCS-introduction/ros2/build/vehicle_status_py/build', 'install', '--record', '/home/will/Will/RANCS/RANCS-introduction/ros2/build/vehicle_status_py/install.log', '--single-version-externally-managed', 'install_data'], 'cwd': '/home/will/Will/RANCS/RANCS-introduction/ros2/src/vehicle_status_py', 'env': {'MAIL': '/var/spool/mail/will', 'HYPRLAND_CMD': 'Hyprland --watchdog-fd 4', 'USER': 'will', 'HYPRLAND_INSTANCE_SIGNATURE': '521ece463c4a9d3d128670688a34756805a4328f_1779540798_1184533170', 'STARSHIP_SHELL': 'bash', 'HOSTNAME': 'archlinux', 'XDG_SESSION_TYPE': 'wayland', 'XCURSOR_SIZE': '24', 'XDG_CACHE_HOME': '/home/will/.cache', 'SHLVL': '4', 'LD_LIBRARY_PATH': '/home/will/Will/RANCS/RANCS-introduction/ros2/install/interfaces/lib:/opt/ros/humble/lib/x86_64-linux-gnu:/opt/ros/humble/lib', 'MOTD_SHOWN': 'pam', 'HOME': '/home/will', 'TERMINFO': '/usr/lib/kitty/terminfo', 'MOZ_ENABLE_WAYLAND': '1', 'OLDPWD': '/home/will', 'DESKTOP_SESSION': 'hyprland', 'NVM_BIN': '/home/will/.nvm/versions/node/v24.14.0/bin', 'KITTY_INSTALLATION_DIR': '/usr/lib/kitty', 'NVM_INC': '/home/will/.nvm/versions/node/v24.14.0/include/node', 'ROS_PYTHON_VERSION': '3', 'PS1': '[\\u@\\h \\W]\\$', 'KITTY_PID': '1049296', 'DISTROBOX_ENTER_PATH': '/usr/bin/distrobox-enter', 'XDG_STATE_HOME': '/home/will/.local/state', 'DBUS_SESSION_BUS_ADDRESS': 'unix:path=/run/user/1000/bus', 'COLORTERM': 'truecolor', 'container': 'podman', 'NVM_DIR': '/home/will/.nvm', 'DEBUGINFOD_URLS': 'https://debuginfod.archlinux.org', 'WAYLAND_DISPLAY': 'wayland-1', 'ROS_DISTRO': 'humble', 'GTK_IM_MODULE': 'fcitx', 'LOGNAME': 'will', '_': '/usr/bin/colcon', 'ROS_VERSION': '2', 'TERMINFO_DIRS': '/usr/share/terminfo:/run/host/usr/share/terminfo', 'TERM': 'xterm-kitty', 'XDG_SESSION_ID': '3', 'ROS_LOCALHOST_ONLY': '0', 'HL_INITIAL_WORKSPACE_TOKEN': '8fd082a6-51bf-4ab7-9242-81711322afb1', 'PATH': '/opt/ros/humble/bin:/home/will/.local/bin:/home/will/.opencode/bin:/home/will/.local/bin:/home/will/.opencode/bin:/home/will/.nvm/versions/node/v24.14.0/bin:/usr/local/bin:/usr/bin:/var/lib/flatpak/exports/bin:/usr/lib/jvm/default/bin:/usr/bin/site_perl:/usr/bin/vendor_perl:/usr/bin/core_perl:/usr/local/sbin:/usr/sbin:/usr/local/bin:/usr/bin:/sbin:/bin:/usr/local/sbin:/usr/sbin:/sbin:/bin', 'XDG_RUNTIME_DIR': '/run/user/1000', 'DISPLAY': ':0', 'HYPRCURSOR_SIZE': '24', 'LANG': 'en_US.UTF-8', 'XDG_CURRENT_DESKTOP': 'Hyprland', 'XDG_DATA_HOME': '/home/will/.local/share', 'XDG_CONFIG_HOME': '/home/will/.config', 'XMODIFIERS': '@im=fcitx', 'XDG_SESSION_DESKTOP': 'Hyprland', 'AMENT_PREFIX_PATH': '/home/will/Will/RANCS/RANCS-introduction/ros2/install/interfaces:/opt/ros/humble', 'SHELL': '/usr/bin/bash', 'KITTY_WINDOW_ID': '1', 'QT_IM_MODULE': 'fcitx', 'PWD': '/home/will/Will/RANCS/RANCS-introduction/ros2/build/vehicle_status_py', 'CONTAINER_ID': 'ros2', 'LC_ALL': 'C.UTF-8', 'XDG_CONFIG_DIRS': '/etc/xdg', 'XDG_BACKEND': 'wayland', 'NVM_CD_FLAGS': '', 'XDG_DATA_DIRS': '/home/will/.local/share/flatpak/exports/share:/var/lib/flatpak/exports/share:/usr/local/share:/usr/share', 'STARSHIP_SESSION_KEY': '3062721191839391', 'PYTHONPATH': '/home/will/Will/RANCS/RANCS-introduction/ros2/build/vehicle_status_py/prefix_override:/usr/lib/python3/dist-packages/colcon_core/task/python/colcon_distutils_commands:/home/will/Will/RANCS/RANCS-introduction/ros2/install/vehicle_status_py/lib/python3.10/site-packages:/home/will/Will/RANCS/RANCS-introduction/ros2/install/interfaces/local/lib/python3.10/dist-packages:/opt/ros/humble/lib/python3.10/site-packages:/opt/ros/humble/local/lib/python3.10/dist-packages', 'COLCON': '1', 'CMAKE_PREFIX_PATH': '/home/will/Will/RANCS/RANCS-introduction/ros2/install/interfaces'}, 'shell': False}
[1.401632] (-) TimerEvent: {}
[1.501997] (-) TimerEvent: {}
[1.562611] (vehicle_status_py) StdoutLine: {'line': b'running egg_info\n'}
[1.563714] (vehicle_status_py) StdoutLine: {'line': b'writing ../../build/vehicle_status_py/vehicle_status_py.egg-info/PKG-INFO\n'}
[1.563908] (vehicle_status_py) StdoutLine: {'line': b'writing dependency_links to ../../build/vehicle_status_py/vehicle_status_py.egg-info/dependency_links.txt\n'}
[1.564114] (vehicle_status_py) StdoutLine: {'line': b'writing entry points to ../../build/vehicle_status_py/vehicle_status_py.egg-info/entry_points.txt\n'}
[1.564205] (vehicle_status_py) StdoutLine: {'line': b'writing requirements to ../../build/vehicle_status_py/vehicle_status_py.egg-info/requires.txt\n'}
[1.564296] (vehicle_status_py) StdoutLine: {'line': b'writing top-level names to ../../build/vehicle_status_py/vehicle_status_py.egg-info/top_level.txt\n'}
[1.565591] (vehicle_status_py) StdoutLine: {'line': b"reading manifest file '../../build/vehicle_status_py/vehicle_status_py.egg-info/SOURCES.txt'\n"}
[1.566562] (vehicle_status_py) StdoutLine: {'line': b"writing manifest file '../../build/vehicle_status_py/vehicle_status_py.egg-info/SOURCES.txt'\n"}
[1.566668] (vehicle_status_py) StdoutLine: {'line': b'running build\n'}
[1.566726] (vehicle_status_py) StdoutLine: {'line': b'running build_py\n'}
[1.566961] (vehicle_status_py) StdoutLine: {'line': b'running install\n'}
[1.567221] (vehicle_status_py) StdoutLine: {'line': b'running install_lib\n'}
[1.568219] (vehicle_status_py) StdoutLine: {'line': b'running install_data\n'}
[1.568382] (vehicle_status_py) StdoutLine: {'line': b'running install_egg_info\n'}
[1.569763] (vehicle_status_py) StdoutLine: {'line': b"removing '/home/will/Will/RANCS/RANCS-introduction/ros2/install/vehicle_status_py/lib/python3.10/site-packages/vehicle_status_py-0.0.0-py3.10.egg-info' (and everything under it)\n"}
[1.569996] (vehicle_status_py) StdoutLine: {'line': b'Copying ../../build/vehicle_status_py/vehicle_status_py.egg-info to /home/will/Will/RANCS/RANCS-introduction/ros2/install/vehicle_status_py/lib/python3.10/site-packages/vehicle_status_py-0.0.0-py3.10.egg-info\n'}
[1.570669] (vehicle_status_py) StdoutLine: {'line': b'running install_scripts\n'}
[1.591194] (vehicle_status_py) StdoutLine: {'line': b'Installing vehicle_status_publisher script to /home/will/Will/RANCS/RANCS-introduction/ros2/install/vehicle_status_py/lib/vehicle_status_py\n'}
[1.591461] (vehicle_status_py) StdoutLine: {'line': b'Installing vehicle_status_subscriber script to /home/will/Will/RANCS/RANCS-introduction/ros2/install/vehicle_status_py/lib/vehicle_status_py\n'}
[1.591600] (vehicle_status_py) StdoutLine: {'line': b"writing list of installed files to '/home/will/Will/RANCS/RANCS-introduction/ros2/build/vehicle_status_py/install.log'\n"}
[1.602131] (-) TimerEvent: {}
[1.618518] (vehicle_status_py) CommandEnded: {'returncode': 0}
[1.624834] (vehicle_status_py) JobEnded: {'identifier': 'vehicle_status_py', 'rc': 0}
[1.625620] (-) EventReactorShutdown: {}
