[0.107s] DEBUG:colcon:Command line arguments: ['/usr/bin/colcon', 'build']
[0.107s] DEBUG:colcon:Parsed command line arguments: Namespace(log_base=None, log_level=None, verb_name='build', build_base='build', install_base='install', merge_install=False, symlink_install=False, test_result_base=None, continue_on_error=False, executor='parallel', parallel_workers=12, event_handlers=None, ignore_user_meta=False, metas=['./colcon.meta'], base_paths=['.'], packages_ignore=None, packages_ignore_regex=None, paths=None, packages_up_to=None, packages_up_to_regex=None, packages_above=None, packages_above_and_dependencies=None, packages_above_depth=None, packages_select_by_dep=None, packages_skip_by_dep=None, packages_skip_up_to=None, packages_select_build_failed=False, packages_skip_build_finished=False, packages_select_test_failures=False, packages_skip_test_passed=False, packages_select=None, packages_skip=None, packages_select_regex=None, packages_skip_regex=None, packages_start=None, packages_end=None, cmake_args=None, cmake_target=None, cmake_target_skip_unavailable=False, cmake_clean_cache=False, cmake_clean_first=False, cmake_force_configure=False, ament_cmake_args=None, catkin_cmake_args=None, catkin_skip_building_tests=False, mixin_files=None, mixin=None, verb_parser=<colcon_mixin.mixin.mixin_argument.MixinArgumentDecorator object at 0x7ff1a9b12470>, verb_extension=<colcon_core.verb.build.BuildVerb object at 0x7ff1a9b11db0>, main=<bound method BuildVerb.main of <colcon_core.verb.build.BuildVerb object at 0x7ff1a9b11db0>>, mixin_verb=('build',))
[0.222s] Level 1:colcon.colcon_core.package_discovery:discover_packages(colcon_meta) check parameters
[0.222s] Level 1:colcon.colcon_core.package_discovery:discover_packages(recursive) check parameters
[0.223s] Level 1:colcon.colcon_core.package_discovery:discover_packages(ignore) check parameters
[0.223s] Level 1:colcon.colcon_core.package_discovery:discover_packages(path) check parameters
[0.223s] Level 1:colcon.colcon_core.package_discovery:discover_packages(colcon_meta) discover
[0.223s] Level 1:colcon.colcon_core.package_discovery:discover_packages(recursive) discover
[0.223s] INFO:colcon.colcon_core.package_discovery:Crawling recursively for packages in '/home/will/Will/RANCS/RANCS-introduction/ros2'
[0.223s] Level 1:colcon.colcon_core.package_identification:_identify(.) by extensions ['ignore', 'ignore_ament_install']
[0.223s] Level 1:colcon.colcon_core.package_identification:_identify(.) by extension 'ignore'
[0.223s] Level 1:colcon.colcon_core.package_identification:_identify(.) by extension 'ignore_ament_install'
[0.223s] Level 1:colcon.colcon_core.package_identification:_identify(.) by extensions ['colcon_pkg']
[0.223s] Level 1:colcon.colcon_core.package_identification:_identify(.) by extension 'colcon_pkg'
[0.223s] Level 1:colcon.colcon_core.package_identification:_identify(.) by extensions ['colcon_meta']
[0.223s] Level 1:colcon.colcon_core.package_identification:_identify(.) by extension 'colcon_meta'
[0.223s] Level 1:colcon.colcon_core.package_identification:_identify(.) by extensions ['ros']
[0.223s] Level 1:colcon.colcon_core.package_identification:_identify(.) by extension 'ros'
[0.235s] Level 1:colcon.colcon_core.package_identification:_identify(.) by extensions ['cmake', 'python']
[0.235s] Level 1:colcon.colcon_core.package_identification:_identify(.) by extension 'cmake'
[0.235s] Level 1:colcon.colcon_core.package_identification:_identify(.) by extension 'python'
[0.235s] Level 1:colcon.colcon_core.package_identification:_identify(.) by extensions ['python_setup_py']
[0.235s] Level 1:colcon.colcon_core.package_identification:_identify(.) by extension 'python_setup_py'
[0.235s] Level 1:colcon.colcon_core.package_identification:_identify(build) by extensions ['ignore', 'ignore_ament_install']
[0.235s] Level 1:colcon.colcon_core.package_identification:_identify(build) by extension 'ignore'
[0.235s] Level 1:colcon.colcon_core.package_identification:_identify(build) ignored
[0.235s] Level 1:colcon.colcon_core.package_identification:_identify(install) by extensions ['ignore', 'ignore_ament_install']
[0.235s] Level 1:colcon.colcon_core.package_identification:_identify(install) by extension 'ignore'
[0.235s] Level 1:colcon.colcon_core.package_identification:_identify(install) ignored
[0.236s] Level 1:colcon.colcon_core.package_identification:_identify(log) by extensions ['ignore', 'ignore_ament_install']
[0.236s] Level 1:colcon.colcon_core.package_identification:_identify(log) by extension 'ignore'
[0.236s] Level 1:colcon.colcon_core.package_identification:_identify(log) ignored
[0.236s] Level 1:colcon.colcon_core.package_identification:_identify(src) by extensions ['ignore', 'ignore_ament_install']
[0.236s] Level 1:colcon.colcon_core.package_identification:_identify(src) by extension 'ignore'
[0.236s] Level 1:colcon.colcon_core.package_identification:_identify(src) by extension 'ignore_ament_install'
[0.236s] Level 1:colcon.colcon_core.package_identification:_identify(src) by extensions ['colcon_pkg']
[0.236s] Level 1:colcon.colcon_core.package_identification:_identify(src) by extension 'colcon_pkg'
[0.236s] Level 1:colcon.colcon_core.package_identification:_identify(src) by extensions ['colcon_meta']
[0.236s] Level 1:colcon.colcon_core.package_identification:_identify(src) by extension 'colcon_meta'
[0.236s] Level 1:colcon.colcon_core.package_identification:_identify(src) by extensions ['ros']
[0.236s] Level 1:colcon.colcon_core.package_identification:_identify(src) by extension 'ros'
[0.236s] Level 1:colcon.colcon_core.package_identification:_identify(src) by extensions ['cmake', 'python']
[0.236s] Level 1:colcon.colcon_core.package_identification:_identify(src) by extension 'cmake'
[0.236s] Level 1:colcon.colcon_core.package_identification:_identify(src) by extension 'python'
[0.236s] Level 1:colcon.colcon_core.package_identification:_identify(src) by extensions ['python_setup_py']
[0.236s] Level 1:colcon.colcon_core.package_identification:_identify(src) by extension 'python_setup_py'
[0.237s] Level 1:colcon.colcon_core.package_identification:_identify(src/imu) by extensions ['ignore', 'ignore_ament_install']
[0.237s] Level 1:colcon.colcon_core.package_identification:_identify(src/imu) by extension 'ignore'
[0.237s] Level 1:colcon.colcon_core.package_identification:_identify(src/imu) by extension 'ignore_ament_install'
[0.237s] Level 1:colcon.colcon_core.package_identification:_identify(src/imu) by extensions ['colcon_pkg']
[0.237s] Level 1:colcon.colcon_core.package_identification:_identify(src/imu) by extension 'colcon_pkg'
[0.237s] Level 1:colcon.colcon_core.package_identification:_identify(src/imu) by extensions ['colcon_meta']
[0.237s] Level 1:colcon.colcon_core.package_identification:_identify(src/imu) by extension 'colcon_meta'
[0.237s] Level 1:colcon.colcon_core.package_identification:_identify(src/imu) by extensions ['ros']
[0.237s] Level 1:colcon.colcon_core.package_identification:_identify(src/imu) by extension 'ros'
[0.239s] DEBUG:colcon.colcon_core.package_identification:Package 'src/imu' with type 'ros.ament_cmake' and name 'imu'
[0.239s] Level 1:colcon.colcon_core.package_identification:_identify(src/imu_py) by extensions ['ignore', 'ignore_ament_install']
[0.239s] Level 1:colcon.colcon_core.package_identification:_identify(src/imu_py) by extension 'ignore'
[0.239s] Level 1:colcon.colcon_core.package_identification:_identify(src/imu_py) by extension 'ignore_ament_install'
[0.239s] Level 1:colcon.colcon_core.package_identification:_identify(src/imu_py) by extensions ['colcon_pkg']
[0.240s] Level 1:colcon.colcon_core.package_identification:_identify(src/imu_py) by extension 'colcon_pkg'
[0.240s] Level 1:colcon.colcon_core.package_identification:_identify(src/imu_py) by extensions ['colcon_meta']
[0.240s] Level 1:colcon.colcon_core.package_identification:_identify(src/imu_py) by extension 'colcon_meta'
[0.240s] Level 1:colcon.colcon_core.package_identification:_identify(src/imu_py) by extensions ['ros']
[0.240s] Level 1:colcon.colcon_core.package_identification:_identify(src/imu_py) by extension 'ros'
[0.240s] DEBUG:colcon.colcon_core.package_identification:Package 'src/imu_py' with type 'ros.ament_python' and name 'imu_py'
[0.240s] Level 1:colcon.colcon_core.package_identification:_identify(src/interfaces) by extensions ['ignore', 'ignore_ament_install']
[0.240s] Level 1:colcon.colcon_core.package_identification:_identify(src/interfaces) by extension 'ignore'
[0.240s] Level 1:colcon.colcon_core.package_identification:_identify(src/interfaces) by extension 'ignore_ament_install'
[0.240s] Level 1:colcon.colcon_core.package_identification:_identify(src/interfaces) by extensions ['colcon_pkg']
[0.241s] Level 1:colcon.colcon_core.package_identification:_identify(src/interfaces) by extension 'colcon_pkg'
[0.241s] Level 1:colcon.colcon_core.package_identification:_identify(src/interfaces) by extensions ['colcon_meta']
[0.241s] Level 1:colcon.colcon_core.package_identification:_identify(src/interfaces) by extension 'colcon_meta'
[0.241s] Level 1:colcon.colcon_core.package_identification:_identify(src/interfaces) by extensions ['ros']
[0.241s] Level 1:colcon.colcon_core.package_identification:_identify(src/interfaces) by extension 'ros'
[0.241s] DEBUG:colcon.colcon_core.package_identification:Package 'src/interfaces' with type 'ros.ament_cmake' and name 'interfaces'
[0.241s] Level 1:colcon.colcon_core.package_identification:_identify(src/talker_listener) by extensions ['ignore', 'ignore_ament_install']
[0.241s] Level 1:colcon.colcon_core.package_identification:_identify(src/talker_listener) by extension 'ignore'
[0.241s] Level 1:colcon.colcon_core.package_identification:_identify(src/talker_listener) by extension 'ignore_ament_install'
[0.241s] Level 1:colcon.colcon_core.package_identification:_identify(src/talker_listener) by extensions ['colcon_pkg']
[0.241s] Level 1:colcon.colcon_core.package_identification:_identify(src/talker_listener) by extension 'colcon_pkg'
[0.241s] Level 1:colcon.colcon_core.package_identification:_identify(src/talker_listener) by extensions ['colcon_meta']
[0.241s] Level 1:colcon.colcon_core.package_identification:_identify(src/talker_listener) by extension 'colcon_meta'
[0.242s] Level 1:colcon.colcon_core.package_identification:_identify(src/talker_listener) by extensions ['ros']
[0.242s] Level 1:colcon.colcon_core.package_identification:_identify(src/talker_listener) by extension 'ros'
[0.242s] DEBUG:colcon.colcon_core.package_identification:Package 'src/talker_listener' with type 'ros.ament_cmake' and name 'talker_listener'
[0.242s] Level 1:colcon.colcon_core.package_identification:_identify(src/talker_listener_py) by extensions ['ignore', 'ignore_ament_install']
[0.242s] Level 1:colcon.colcon_core.package_identification:_identify(src/talker_listener_py) by extension 'ignore'
[0.242s] Level 1:colcon.colcon_core.package_identification:_identify(src/talker_listener_py) by extension 'ignore_ament_install'
[0.242s] Level 1:colcon.colcon_core.package_identification:_identify(src/talker_listener_py) by extensions ['colcon_pkg']
[0.242s] Level 1:colcon.colcon_core.package_identification:_identify(src/talker_listener_py) by extension 'colcon_pkg'
[0.242s] Level 1:colcon.colcon_core.package_identification:_identify(src/talker_listener_py) by extensions ['colcon_meta']
[0.242s] Level 1:colcon.colcon_core.package_identification:_identify(src/talker_listener_py) by extension 'colcon_meta'
[0.242s] Level 1:colcon.colcon_core.package_identification:_identify(src/talker_listener_py) by extensions ['ros']
[0.242s] Level 1:colcon.colcon_core.package_identification:_identify(src/talker_listener_py) by extension 'ros'
[0.243s] DEBUG:colcon.colcon_core.package_identification:Package 'src/talker_listener_py' with type 'ros.ament_python' and name 'talker_listener_py'
[0.243s] Level 1:colcon.colcon_core.package_identification:_identify(src/vehicle_status) by extensions ['ignore', 'ignore_ament_install']
[0.243s] Level 1:colcon.colcon_core.package_identification:_identify(src/vehicle_status) by extension 'ignore'
[0.243s] Level 1:colcon.colcon_core.package_identification:_identify(src/vehicle_status) by extension 'ignore_ament_install'
[0.243s] Level 1:colcon.colcon_core.package_identification:_identify(src/vehicle_status) by extensions ['colcon_pkg']
[0.243s] Level 1:colcon.colcon_core.package_identification:_identify(src/vehicle_status) by extension 'colcon_pkg'
[0.243s] Level 1:colcon.colcon_core.package_identification:_identify(src/vehicle_status) by extensions ['colcon_meta']
[0.243s] Level 1:colcon.colcon_core.package_identification:_identify(src/vehicle_status) by extension 'colcon_meta'
[0.243s] Level 1:colcon.colcon_core.package_identification:_identify(src/vehicle_status) by extensions ['ros']
[0.243s] Level 1:colcon.colcon_core.package_identification:_identify(src/vehicle_status) by extension 'ros'
[0.244s] DEBUG:colcon.colcon_core.package_identification:Package 'src/vehicle_status' with type 'ros.ament_cmake' and name 'vehicle_status'
[0.244s] Level 1:colcon.colcon_core.package_identification:_identify(src/vehicle_status_py) by extensions ['ignore', 'ignore_ament_install']
[0.244s] Level 1:colcon.colcon_core.package_identification:_identify(src/vehicle_status_py) by extension 'ignore'
[0.244s] Level 1:colcon.colcon_core.package_identification:_identify(src/vehicle_status_py) by extension 'ignore_ament_install'
[0.244s] Level 1:colcon.colcon_core.package_identification:_identify(src/vehicle_status_py) by extensions ['colcon_pkg']
[0.244s] Level 1:colcon.colcon_core.package_identification:_identify(src/vehicle_status_py) by extension 'colcon_pkg'
[0.244s] Level 1:colcon.colcon_core.package_identification:_identify(src/vehicle_status_py) by extensions ['colcon_meta']
[0.244s] Level 1:colcon.colcon_core.package_identification:_identify(src/vehicle_status_py) by extension 'colcon_meta'
[0.244s] Level 1:colcon.colcon_core.package_identification:_identify(src/vehicle_status_py) by extensions ['ros']
[0.244s] Level 1:colcon.colcon_core.package_identification:_identify(src/vehicle_status_py) by extension 'ros'
[0.245s] DEBUG:colcon.colcon_core.package_identification:Package 'src/vehicle_status_py' with type 'ros.ament_python' and name 'vehicle_status_py'
[0.245s] Level 1:colcon.colcon_core.package_discovery:discover_packages(recursive) using defaults
[0.245s] Level 1:colcon.colcon_core.package_discovery:discover_packages(ignore) discover
[0.245s] Level 1:colcon.colcon_core.package_discovery:discover_packages(ignore) using defaults
[0.245s] Level 1:colcon.colcon_core.package_discovery:discover_packages(path) discover
[0.245s] Level 1:colcon.colcon_core.package_discovery:discover_packages(path) using defaults
[0.267s] Level 5:colcon.colcon_core.verb:set package 'imu' build argument 'cmake_args' from command line to 'None'
[0.267s] Level 5:colcon.colcon_core.verb:set package 'imu' build argument 'cmake_target' from command line to 'None'
[0.267s] Level 5:colcon.colcon_core.verb:set package 'imu' build argument 'cmake_target_skip_unavailable' from command line to 'False'
[0.268s] Level 5:colcon.colcon_core.verb:set package 'imu' build argument 'cmake_clean_cache' from command line to 'False'
[0.268s] Level 5:colcon.colcon_core.verb:set package 'imu' build argument 'cmake_clean_first' from command line to 'False'
[0.268s] Level 5:colcon.colcon_core.verb:set package 'imu' build argument 'cmake_force_configure' from command line to 'False'
[0.268s] Level 5:colcon.colcon_core.verb:set package 'imu' build argument 'ament_cmake_args' from command line to 'None'
[0.268s] Level 5:colcon.colcon_core.verb:set package 'imu' build argument 'catkin_cmake_args' from command line to 'None'
[0.268s] Level 5:colcon.colcon_core.verb:set package 'imu' build argument 'catkin_skip_building_tests' from command line to 'False'
[0.268s] DEBUG:colcon.colcon_core.verb:Building package 'imu' with the following arguments: {'ament_cmake_args': None, 'build_base': '/home/will/Will/RANCS/RANCS-introduction/ros2/build/imu', 'catkin_cmake_args': None, 'catkin_skip_building_tests': False, 'cmake_args': None, 'cmake_clean_cache': False, 'cmake_clean_first': False, 'cmake_force_configure': False, 'cmake_target': None, 'cmake_target_skip_unavailable': False, 'install_base': '/home/will/Will/RANCS/RANCS-introduction/ros2/install/imu', 'merge_install': False, 'path': '/home/will/Will/RANCS/RANCS-introduction/ros2/src/imu', 'symlink_install': False, 'test_result_base': None}
[0.268s] Level 5:colcon.colcon_core.verb:set package 'imu_py' build argument 'cmake_args' from command line to 'None'
[0.268s] Level 5:colcon.colcon_core.verb:set package 'imu_py' build argument 'cmake_target' from command line to 'None'
[0.268s] Level 5:colcon.colcon_core.verb:set package 'imu_py' build argument 'cmake_target_skip_unavailable' from command line to 'False'
[0.268s] Level 5:colcon.colcon_core.verb:set package 'imu_py' build argument 'cmake_clean_cache' from command line to 'False'
[0.268s] Level 5:colcon.colcon_core.verb:set package 'imu_py' build argument 'cmake_clean_first' from command line to 'False'
[0.268s] Level 5:colcon.colcon_core.verb:set package 'imu_py' build argument 'cmake_force_configure' from command line to 'False'
[0.268s] Level 5:colcon.colcon_core.verb:set package 'imu_py' build argument 'ament_cmake_args' from command line to 'None'
[0.268s] Level 5:colcon.colcon_core.verb:set package 'imu_py' build argument 'catkin_cmake_args' from command line to 'None'
[0.268s] Level 5:colcon.colcon_core.verb:set package 'imu_py' build argument 'catkin_skip_building_tests' from command line to 'False'
[0.268s] DEBUG:colcon.colcon_core.verb:Building package 'imu_py' with the following arguments: {'ament_cmake_args': None, 'build_base': '/home/will/Will/RANCS/RANCS-introduction/ros2/build/imu_py', 'catkin_cmake_args': None, 'catkin_skip_building_tests': False, 'cmake_args': None, 'cmake_clean_cache': False, 'cmake_clean_first': False, 'cmake_force_configure': False, 'cmake_target': None, 'cmake_target_skip_unavailable': False, 'install_base': '/home/will/Will/RANCS/RANCS-introduction/ros2/install/imu_py', 'merge_install': False, 'path': '/home/will/Will/RANCS/RANCS-introduction/ros2/src/imu_py', 'symlink_install': False, 'test_result_base': None}
[0.269s] Level 5:colcon.colcon_core.verb:set package 'interfaces' build argument 'cmake_args' from command line to 'None'
[0.269s] Level 5:colcon.colcon_core.verb:set package 'interfaces' build argument 'cmake_target' from command line to 'None'
[0.269s] Level 5:colcon.colcon_core.verb:set package 'interfaces' build argument 'cmake_target_skip_unavailable' from command line to 'False'
[0.269s] Level 5:colcon.colcon_core.verb:set package 'interfaces' build argument 'cmake_clean_cache' from command line to 'False'
[0.269s] Level 5:colcon.colcon_core.verb:set package 'interfaces' build argument 'cmake_clean_first' from command line to 'False'
[0.269s] Level 5:colcon.colcon_core.verb:set package 'interfaces' build argument 'cmake_force_configure' from command line to 'False'
[0.269s] Level 5:colcon.colcon_core.verb:set package 'interfaces' build argument 'ament_cmake_args' from command line to 'None'
[0.269s] Level 5:colcon.colcon_core.verb:set package 'interfaces' build argument 'catkin_cmake_args' from command line to 'None'
[0.269s] Level 5:colcon.colcon_core.verb:set package 'interfaces' build argument 'catkin_skip_building_tests' from command line to 'False'
[0.269s] DEBUG:colcon.colcon_core.verb:Building package 'interfaces' with the following arguments: {'ament_cmake_args': None, 'build_base': '/home/will/Will/RANCS/RANCS-introduction/ros2/build/interfaces', 'catkin_cmake_args': None, 'catkin_skip_building_tests': False, 'cmake_args': None, 'cmake_clean_cache': False, 'cmake_clean_first': False, 'cmake_force_configure': False, 'cmake_target': None, 'cmake_target_skip_unavailable': False, 'install_base': '/home/will/Will/RANCS/RANCS-introduction/ros2/install/interfaces', 'merge_install': False, 'path': '/home/will/Will/RANCS/RANCS-introduction/ros2/src/interfaces', 'symlink_install': False, 'test_result_base': None}
[0.269s] Level 5:colcon.colcon_core.verb:set package 'talker_listener' build argument 'cmake_args' from command line to 'None'
[0.269s] Level 5:colcon.colcon_core.verb:set package 'talker_listener' build argument 'cmake_target' from command line to 'None'
[0.270s] Level 5:colcon.colcon_core.verb:set package 'talker_listener' build argument 'cmake_target_skip_unavailable' from command line to 'False'
[0.270s] Level 5:colcon.colcon_core.verb:set package 'talker_listener' build argument 'cmake_clean_cache' from command line to 'False'
[0.270s] Level 5:colcon.colcon_core.verb:set package 'talker_listener' build argument 'cmake_clean_first' from command line to 'False'
[0.270s] Level 5:colcon.colcon_core.verb:set package 'talker_listener' build argument 'cmake_force_configure' from command line to 'False'
[0.270s] Level 5:colcon.colcon_core.verb:set package 'talker_listener' build argument 'ament_cmake_args' from command line to 'None'
[0.270s] Level 5:colcon.colcon_core.verb:set package 'talker_listener' build argument 'catkin_cmake_args' from command line to 'None'
[0.270s] Level 5:colcon.colcon_core.verb:set package 'talker_listener' build argument 'catkin_skip_building_tests' from command line to 'False'
[0.270s] DEBUG:colcon.colcon_core.verb:Building package 'talker_listener' with the following arguments: {'ament_cmake_args': None, 'build_base': '/home/will/Will/RANCS/RANCS-introduction/ros2/build/talker_listener', 'catkin_cmake_args': None, 'catkin_skip_building_tests': False, 'cmake_args': None, 'cmake_clean_cache': False, 'cmake_clean_first': False, 'cmake_force_configure': False, 'cmake_target': None, 'cmake_target_skip_unavailable': False, 'install_base': '/home/will/Will/RANCS/RANCS-introduction/ros2/install/talker_listener', 'merge_install': False, 'path': '/home/will/Will/RANCS/RANCS-introduction/ros2/src/talker_listener', 'symlink_install': False, 'test_result_base': None}
[0.270s] Level 5:colcon.colcon_core.verb:set package 'talker_listener_py' build argument 'cmake_args' from command line to 'None'
[0.270s] Level 5:colcon.colcon_core.verb:set package 'talker_listener_py' build argument 'cmake_target' from command line to 'None'
[0.270s] Level 5:colcon.colcon_core.verb:set package 'talker_listener_py' build argument 'cmake_target_skip_unavailable' from command line to 'False'
[0.270s] Level 5:colcon.colcon_core.verb:set package 'talker_listener_py' build argument 'cmake_clean_cache' from command line to 'False'
[0.270s] Level 5:colcon.colcon_core.verb:set package 'talker_listener_py' build argument 'cmake_clean_first' from command line to 'False'
[0.270s] Level 5:colcon.colcon_core.verb:set package 'talker_listener_py' build argument 'cmake_force_configure' from command line to 'False'
[0.270s] Level 5:colcon.colcon_core.verb:set package 'talker_listener_py' build argument 'ament_cmake_args' from command line to 'None'
[0.270s] Level 5:colcon.colcon_core.verb:set package 'talker_listener_py' build argument 'catkin_cmake_args' from command line to 'None'
[0.270s] Level 5:colcon.colcon_core.verb:set package 'talker_listener_py' build argument 'catkin_skip_building_tests' from command line to 'False'
[0.270s] DEBUG:colcon.colcon_core.verb:Building package 'talker_listener_py' with the following arguments: {'ament_cmake_args': None, 'build_base': '/home/will/Will/RANCS/RANCS-introduction/ros2/build/talker_listener_py', 'catkin_cmake_args': None, 'catkin_skip_building_tests': False, 'cmake_args': None, 'cmake_clean_cache': False, 'cmake_clean_first': False, 'cmake_force_configure': False, 'cmake_target': None, 'cmake_target_skip_unavailable': False, 'install_base': '/home/will/Will/RANCS/RANCS-introduction/ros2/install/talker_listener_py', 'merge_install': False, 'path': '/home/will/Will/RANCS/RANCS-introduction/ros2/src/talker_listener_py', 'symlink_install': False, 'test_result_base': None}
[0.270s] Level 5:colcon.colcon_core.verb:set package 'vehicle_status' build argument 'cmake_args' from command line to 'None'
[0.271s] Level 5:colcon.colcon_core.verb:set package 'vehicle_status' build argument 'cmake_target' from command line to 'None'
[0.271s] Level 5:colcon.colcon_core.verb:set package 'vehicle_status' build argument 'cmake_target_skip_unavailable' from command line to 'False'
[0.271s] Level 5:colcon.colcon_core.verb:set package 'vehicle_status' build argument 'cmake_clean_cache' from command line to 'False'
[0.271s] Level 5:colcon.colcon_core.verb:set package 'vehicle_status' build argument 'cmake_clean_first' from command line to 'False'
[0.271s] Level 5:colcon.colcon_core.verb:set package 'vehicle_status' build argument 'cmake_force_configure' from command line to 'False'
[0.271s] Level 5:colcon.colcon_core.verb:set package 'vehicle_status' build argument 'ament_cmake_args' from command line to 'None'
[0.271s] Level 5:colcon.colcon_core.verb:set package 'vehicle_status' build argument 'catkin_cmake_args' from command line to 'None'
[0.271s] Level 5:colcon.colcon_core.verb:set package 'vehicle_status' build argument 'catkin_skip_building_tests' from command line to 'False'
[0.271s] DEBUG:colcon.colcon_core.verb:Building package 'vehicle_status' with the following arguments: {'ament_cmake_args': None, 'build_base': '/home/will/Will/RANCS/RANCS-introduction/ros2/build/vehicle_status', 'catkin_cmake_args': None, 'catkin_skip_building_tests': False, 'cmake_args': None, 'cmake_clean_cache': False, 'cmake_clean_first': False, 'cmake_force_configure': False, 'cmake_target': None, 'cmake_target_skip_unavailable': False, 'install_base': '/home/will/Will/RANCS/RANCS-introduction/ros2/install/vehicle_status', 'merge_install': False, 'path': '/home/will/Will/RANCS/RANCS-introduction/ros2/src/vehicle_status', 'symlink_install': False, 'test_result_base': None}
[0.271s] Level 5:colcon.colcon_core.verb:set package 'vehicle_status_py' build argument 'cmake_args' from command line to 'None'
[0.271s] Level 5:colcon.colcon_core.verb:set package 'vehicle_status_py' build argument 'cmake_target' from command line to 'None'
[0.271s] Level 5:colcon.colcon_core.verb:set package 'vehicle_status_py' build argument 'cmake_target_skip_unavailable' from command line to 'False'
[0.271s] Level 5:colcon.colcon_core.verb:set package 'vehicle_status_py' build argument 'cmake_clean_cache' from command line to 'False'
[0.271s] Level 5:colcon.colcon_core.verb:set package 'vehicle_status_py' build argument 'cmake_clean_first' from command line to 'False'
[0.271s] Level 5:colcon.colcon_core.verb:set package 'vehicle_status_py' build argument 'cmake_force_configure' from command line to 'False'
[0.271s] Level 5:colcon.colcon_core.verb:set package 'vehicle_status_py' build argument 'ament_cmake_args' from command line to 'None'
[0.271s] Level 5:colcon.colcon_core.verb:set package 'vehicle_status_py' build argument 'catkin_cmake_args' from command line to 'None'
[0.271s] Level 5:colcon.colcon_core.verb:set package 'vehicle_status_py' build argument 'catkin_skip_building_tests' from command line to 'False'
[0.271s] DEBUG:colcon.colcon_core.verb:Building package 'vehicle_status_py' with the following arguments: {'ament_cmake_args': None, 'build_base': '/home/will/Will/RANCS/RANCS-introduction/ros2/build/vehicle_status_py', 'catkin_cmake_args': None, 'catkin_skip_building_tests': False, 'cmake_args': None, 'cmake_clean_cache': False, 'cmake_clean_first': False, 'cmake_force_configure': False, 'cmake_target': None, 'cmake_target_skip_unavailable': False, 'install_base': '/home/will/Will/RANCS/RANCS-introduction/ros2/install/vehicle_status_py', 'merge_install': False, 'path': '/home/will/Will/RANCS/RANCS-introduction/ros2/src/vehicle_status_py', 'symlink_install': False, 'test_result_base': None}
[0.271s] INFO:colcon.colcon_core.executor:Executing jobs using 'parallel' executor
[0.272s] DEBUG:colcon.colcon_parallel_executor.executor.parallel:run_until_complete
[0.273s] INFO:colcon.colcon_ros.task.ament_cmake.build:Building ROS package in '/home/will/Will/RANCS/RANCS-introduction/ros2/src/interfaces' with build type 'ament_cmake'
[0.273s] INFO:colcon.colcon_cmake.task.cmake.build:Building CMake package in '/home/will/Will/RANCS/RANCS-introduction/ros2/src/interfaces'
[0.275s] INFO:colcon.colcon_core.plugin_system:Skipping extension 'colcon_core.shell.bat': Not used on non-Windows systems
[0.275s] INFO:colcon.colcon_core.shell:Skip shell extension 'powershell' for command environment: Not usable outside of PowerShell
[0.275s] DEBUG:colcon.colcon_core.shell:Skip shell extension 'dsv' for command environment
[0.279s] INFO:colcon.colcon_ros.task.ament_cmake.build:Building ROS package in '/home/will/Will/RANCS/RANCS-introduction/ros2/src/imu' with build type 'ament_cmake'
[0.279s] INFO:colcon.colcon_cmake.task.cmake.build:Building CMake package in '/home/will/Will/RANCS/RANCS-introduction/ros2/src/imu'
[0.279s] INFO:colcon.colcon_core.shell:Skip shell extension 'powershell' for command environment: Not usable outside of PowerShell
[0.280s] DEBUG:colcon.colcon_core.shell:Skip shell extension 'dsv' for command environment
[0.283s] INFO:colcon.colcon_ros.task.ament_python.build:Building ROS package in '/home/will/Will/RANCS/RANCS-introduction/ros2/src/imu_py' with build type 'ament_python'
[0.283s] Level 1:colcon.colcon_core.shell:create_environment_hook('imu_py', 'ament_prefix_path')
[0.284s] INFO:colcon.colcon_core.shell:Creating environment hook '/home/will/Will/RANCS/RANCS-introduction/ros2/install/imu_py/share/imu_py/hook/ament_prefix_path.ps1'
[0.285s] INFO:colcon.colcon_core.shell:Creating environment descriptor '/home/will/Will/RANCS/RANCS-introduction/ros2/install/imu_py/share/imu_py/hook/ament_prefix_path.dsv'
[0.286s] INFO:colcon.colcon_core.shell:Creating environment hook '/home/will/Will/RANCS/RANCS-introduction/ros2/install/imu_py/share/imu_py/hook/ament_prefix_path.sh'
[0.287s] INFO:colcon.colcon_core.shell:Skip shell extension 'powershell' for command environment: Not usable outside of PowerShell
[0.287s] DEBUG:colcon.colcon_core.shell:Skip shell extension 'dsv' for command environment
[0.290s] INFO:colcon.colcon_ros.task.ament_cmake.build:Building ROS package in '/home/will/Will/RANCS/RANCS-introduction/ros2/src/talker_listener' with build type 'ament_cmake'
[0.291s] INFO:colcon.colcon_cmake.task.cmake.build:Building CMake package in '/home/will/Will/RANCS/RANCS-introduction/ros2/src/talker_listener'
[0.291s] INFO:colcon.colcon_core.shell:Skip shell extension 'powershell' for command environment: Not usable outside of PowerShell
[0.291s] DEBUG:colcon.colcon_core.shell:Skip shell extension 'dsv' for command environment
[0.294s] INFO:colcon.colcon_ros.task.ament_python.build:Building ROS package in '/home/will/Will/RANCS/RANCS-introduction/ros2/src/talker_listener_py' with build type 'ament_python'
[0.294s] Level 1:colcon.colcon_core.shell:create_environment_hook('talker_listener_py', 'ament_prefix_path')
[0.294s] INFO:colcon.colcon_core.shell:Creating environment hook '/home/will/Will/RANCS/RANCS-introduction/ros2/install/talker_listener_py/share/talker_listener_py/hook/ament_prefix_path.ps1'
[0.295s] INFO:colcon.colcon_core.shell:Creating environment descriptor '/home/will/Will/RANCS/RANCS-introduction/ros2/install/talker_listener_py/share/talker_listener_py/hook/ament_prefix_path.dsv'
[0.296s] INFO:colcon.colcon_core.shell:Creating environment hook '/home/will/Will/RANCS/RANCS-introduction/ros2/install/talker_listener_py/share/talker_listener_py/hook/ament_prefix_path.sh'
[0.298s] INFO:colcon.colcon_core.shell:Skip shell extension 'powershell' for command environment: Not usable outside of PowerShell
[0.298s] DEBUG:colcon.colcon_core.shell:Skip shell extension 'dsv' for command environment
[0.307s] DEBUG:colcon.colcon_core.event_handler.log_command:Invoking command in '/home/will/Will/RANCS/RANCS-introduction/ros2/build/interfaces': CMAKE_PREFIX_PATH=/opt/ros/humble DEBUGINFOD_URLS=https://debuginfod.archlinux.org PS1=[\u@\h \W]\$ /usr/bin/cmake --build /home/will/Will/RANCS/RANCS-introduction/ros2/build/interfaces -- -j12 -l12
[0.310s] DEBUG:colcon.colcon_core.event_handler.log_command:Invoking command in '/home/will/Will/RANCS/RANCS-introduction/ros2/build/imu': CMAKE_PREFIX_PATH=/opt/ros/humble DEBUGINFOD_URLS=https://debuginfod.archlinux.org PS1=[\u@\h \W]\$ /usr/bin/cmake --build /home/will/Will/RANCS/RANCS-introduction/ros2/build/imu -- -j12 -l12
[0.592s] INFO:colcon.colcon_core.task.python.build:Building Python package in '/home/will/Will/RANCS/RANCS-introduction/ros2/src/imu_py'
[0.592s] INFO:colcon.colcon_core.shell:Skip shell extension 'powershell' for command environment: Not usable outside of PowerShell
[0.592s] DEBUG:colcon.colcon_core.shell:Skip shell extension 'dsv' for command environment
[0.600s] DEBUG:colcon.colcon_core.event_handler.log_command:Invoking command in '/home/will/Will/RANCS/RANCS-introduction/ros2/build/talker_listener': CMAKE_PREFIX_PATH=/opt/ros/humble DEBUGINFOD_URLS=https://debuginfod.archlinux.org PS1=[\u@\h \W]\$ /usr/bin/cmake --build /home/will/Will/RANCS/RANCS-introduction/ros2/build/talker_listener -- -j12 -l12
[0.861s] INFO:colcon.colcon_core.task.python.build:Building Python package in '/home/will/Will/RANCS/RANCS-introduction/ros2/src/talker_listener_py'
[0.862s] INFO:colcon.colcon_core.shell:Skip shell extension 'powershell' for command environment: Not usable outside of PowerShell
[0.862s] DEBUG:colcon.colcon_core.shell:Skip shell extension 'dsv' for command environment
[0.867s] DEBUG:colcon.colcon_core.event_handler.log_command:Invoked command in '/home/will/Will/RANCS/RANCS-introduction/ros2/build/imu' returned '0': CMAKE_PREFIX_PATH=/opt/ros/humble DEBUGINFOD_URLS=https://debuginfod.archlinux.org PS1=[\u@\h \W]\$ /usr/bin/cmake --build /home/will/Will/RANCS/RANCS-introduction/ros2/build/imu -- -j12 -l12
[0.876s] DEBUG:colcon.colcon_core.event_handler.log_command:Invoking command in '/home/will/Will/RANCS/RANCS-introduction/ros2/build/imu': CMAKE_PREFIX_PATH=/opt/ros/humble DEBUGINFOD_URLS=https://debuginfod.archlinux.org PS1=[\u@\h \W]\$ /usr/bin/cmake --install /home/will/Will/RANCS/RANCS-introduction/ros2/build/imu
[0.883s] DEBUG:colcon.colcon_core.event_handler.log_command:Invoked command in '/home/will/Will/RANCS/RANCS-introduction/ros2/build/interfaces' returned '0': CMAKE_PREFIX_PATH=/opt/ros/humble DEBUGINFOD_URLS=https://debuginfod.archlinux.org PS1=[\u@\h \W]\$ /usr/bin/cmake --build /home/will/Will/RANCS/RANCS-introduction/ros2/build/interfaces -- -j12 -l12
[0.885s] DEBUG:colcon.colcon_core.event_handler.log_command:Invoking command in '/home/will/Will/RANCS/RANCS-introduction/ros2/build/interfaces': CMAKE_PREFIX_PATH=/opt/ros/humble DEBUGINFOD_URLS=https://debuginfod.archlinux.org PS1=[\u@\h \W]\$ /usr/bin/cmake --install /home/will/Will/RANCS/RANCS-introduction/ros2/build/interfaces
[0.888s] DEBUG:colcon.colcon_core.event_handler.log_command:Invoked command in '/home/will/Will/RANCS/RANCS-introduction/ros2/build/talker_listener' returned '0': CMAKE_PREFIX_PATH=/opt/ros/humble DEBUGINFOD_URLS=https://debuginfod.archlinux.org PS1=[\u@\h \W]\$ /usr/bin/cmake --build /home/will/Will/RANCS/RANCS-introduction/ros2/build/talker_listener -- -j12 -l12
[0.893s] DEBUG:colcon.colcon_core.event_handler.log_command:Invoking command in '/home/will/Will/RANCS/RANCS-introduction/ros2/build/talker_listener': CMAKE_PREFIX_PATH=/opt/ros/humble DEBUGINFOD_URLS=https://debuginfod.archlinux.org PS1=[\u@\h \W]\$ /usr/bin/cmake --install /home/will/Will/RANCS/RANCS-introduction/ros2/build/talker_listener
[0.899s] Level 1:colcon.colcon_core.environment:create_environment_scripts_only(imu)
[0.904s] DEBUG:colcon.colcon_core.event_handler.log_command:Invoked command in '/home/will/Will/RANCS/RANCS-introduction/ros2/build/imu' returned '0': CMAKE_PREFIX_PATH=/opt/ros/humble DEBUGINFOD_URLS=https://debuginfod.archlinux.org PS1=[\u@\h \W]\$ /usr/bin/cmake --install /home/will/Will/RANCS/RANCS-introduction/ros2/build/imu
[0.920s] Level 1:colcon.colcon_core.environment:checking '/home/will/Will/RANCS/RANCS-introduction/ros2/install/imu' for CMake module files
[0.921s] Level 1:colcon.colcon_core.environment:checking '/home/will/Will/RANCS/RANCS-introduction/ros2/install/imu' for CMake config files
[0.921s] Level 1:colcon.colcon_core.shell:create_environment_hook('imu', 'cmake_prefix_path')
[0.922s] INFO:colcon.colcon_core.shell:Creating environment hook '/home/will/Will/RANCS/RANCS-introduction/ros2/install/imu/share/imu/hook/cmake_prefix_path.ps1'
[0.923s] INFO:colcon.colcon_core.shell:Creating environment descriptor '/home/will/Will/RANCS/RANCS-introduction/ros2/install/imu/share/imu/hook/cmake_prefix_path.dsv'
[0.923s] INFO:colcon.colcon_core.shell:Creating environment hook '/home/will/Will/RANCS/RANCS-introduction/ros2/install/imu/share/imu/hook/cmake_prefix_path.sh'
[0.924s] Level 1:colcon.colcon_core.environment:checking '/home/will/Will/RANCS/RANCS-introduction/ros2/install/imu/lib'
[0.924s] Level 1:colcon.colcon_core.environment:checking '/home/will/Will/RANCS/RANCS-introduction/ros2/install/imu/bin'
[0.925s] Level 1:colcon.colcon_core.environment:checking '/home/will/Will/RANCS/RANCS-introduction/ros2/install/imu/lib/pkgconfig/imu.pc'
[0.925s] Level 1:colcon.colcon_core.environment:checking '/home/will/Will/RANCS/RANCS-introduction/ros2/install/imu/lib/python3.10/site-packages'
[0.925s] Level 1:colcon.colcon_core.environment:checking '/home/will/Will/RANCS/RANCS-introduction/ros2/install/imu/bin'
[0.926s] INFO:colcon.colcon_core.shell:Creating package script '/home/will/Will/RANCS/RANCS-introduction/ros2/install/imu/share/imu/package.ps1'
[0.928s] INFO:colcon.colcon_core.shell:Creating package descriptor '/home/will/Will/RANCS/RANCS-introduction/ros2/install/imu/share/imu/package.dsv'
[0.929s] INFO:colcon.colcon_core.shell:Creating package script '/home/will/Will/RANCS/RANCS-introduction/ros2/install/imu/share/imu/package.sh'
[0.931s] INFO:colcon.colcon_core.shell:Creating package script '/home/will/Will/RANCS/RANCS-introduction/ros2/install/imu/share/imu/package.bash'
[0.933s] INFO:colcon.colcon_core.shell:Creating package script '/home/will/Will/RANCS/RANCS-introduction/ros2/install/imu/share/imu/package.zsh'
[0.934s] Level 1:colcon.colcon_core.environment:create_file_with_runtime_dependencies(/home/will/Will/RANCS/RANCS-introduction/ros2/install/imu/share/colcon-core/packages/imu)
[0.935s] Level 1:colcon.colcon_core.environment:create_environment_scripts_only(imu)
[0.936s] Level 1:colcon.colcon_core.environment:checking '/home/will/Will/RANCS/RANCS-introduction/ros2/install/imu' for CMake module files
[0.937s] Level 1:colcon.colcon_core.environment:checking '/home/will/Will/RANCS/RANCS-introduction/ros2/install/imu' for CMake config files
[0.937s] Level 1:colcon.colcon_core.shell:create_environment_hook('imu', 'cmake_prefix_path')
[0.938s] INFO:colcon.colcon_core.shell:Creating environment hook '/home/will/Will/RANCS/RANCS-introduction/ros2/install/imu/share/imu/hook/cmake_prefix_path.ps1'
[0.939s] INFO:colcon.colcon_core.shell:Creating environment descriptor '/home/will/Will/RANCS/RANCS-introduction/ros2/install/imu/share/imu/hook/cmake_prefix_path.dsv'
[0.940s] INFO:colcon.colcon_core.shell:Creating environment hook '/home/will/Will/RANCS/RANCS-introduction/ros2/install/imu/share/imu/hook/cmake_prefix_path.sh'
[0.940s] Level 1:colcon.colcon_core.environment:checking '/home/will/Will/RANCS/RANCS-introduction/ros2/install/imu/lib'
[0.940s] Level 1:colcon.colcon_core.environment:checking '/home/will/Will/RANCS/RANCS-introduction/ros2/install/imu/bin'
[0.941s] Level 1:colcon.colcon_core.environment:checking '/home/will/Will/RANCS/RANCS-introduction/ros2/install/imu/lib/pkgconfig/imu.pc'
[0.941s] Level 1:colcon.colcon_core.environment:checking '/home/will/Will/RANCS/RANCS-introduction/ros2/install/imu/lib/python3.10/site-packages'
[0.942s] Level 1:colcon.colcon_core.environment:checking '/home/will/Will/RANCS/RANCS-introduction/ros2/install/imu/bin'
[0.942s] INFO:colcon.colcon_core.shell:Creating package script '/home/will/Will/RANCS/RANCS-introduction/ros2/install/imu/share/imu/package.ps1'
[0.943s] INFO:colcon.colcon_core.shell:Creating package descriptor '/home/will/Will/RANCS/RANCS-introduction/ros2/install/imu/share/imu/package.dsv'
[0.944s] INFO:colcon.colcon_core.shell:Creating package script '/home/will/Will/RANCS/RANCS-introduction/ros2/install/imu/share/imu/package.sh'
[0.944s] INFO:colcon.colcon_core.shell:Creating package script '/home/will/Will/RANCS/RANCS-introduction/ros2/install/imu/share/imu/package.bash'
[0.945s] INFO:colcon.colcon_core.shell:Creating package script '/home/will/Will/RANCS/RANCS-introduction/ros2/install/imu/share/imu/package.zsh'
[0.946s] Level 1:colcon.colcon_core.environment:create_file_with_runtime_dependencies(/home/will/Will/RANCS/RANCS-introduction/ros2/install/imu/share/colcon-core/packages/imu)
[0.949s] Level 1:colcon.colcon_core.environment:create_environment_scripts_only(talker_listener)
[0.949s] Level 1:colcon.colcon_core.environment:checking '/home/will/Will/RANCS/RANCS-introduction/ros2/install/talker_listener' for CMake module files
[0.951s] DEBUG:colcon.colcon_core.event_handler.log_command:Invoked command in '/home/will/Will/RANCS/RANCS-introduction/ros2/build/talker_listener' returned '0': CMAKE_PREFIX_PATH=/opt/ros/humble DEBUGINFOD_URLS=https://debuginfod.archlinux.org PS1=[\u@\h \W]\$ /usr/bin/cmake --install /home/will/Will/RANCS/RANCS-introduction/ros2/build/talker_listener
[0.952s] Level 1:colcon.colcon_core.environment:checking '/home/will/Will/RANCS/RANCS-introduction/ros2/install/talker_listener' for CMake config files
[0.952s] Level 1:colcon.colcon_core.shell:create_environment_hook('talker_listener', 'cmake_prefix_path')
[0.952s] INFO:colcon.colcon_core.shell:Creating environment hook '/home/will/Will/RANCS/RANCS-introduction/ros2/install/talker_listener/share/talker_listener/hook/cmake_prefix_path.ps1'
[0.954s] INFO:colcon.colcon_core.shell:Creating environment descriptor '/home/will/Will/RANCS/RANCS-introduction/ros2/install/talker_listener/share/talker_listener/hook/cmake_prefix_path.dsv'
[0.955s] INFO:colcon.colcon_core.shell:Creating environment hook '/home/will/Will/RANCS/RANCS-introduction/ros2/install/talker_listener/share/talker_listener/hook/cmake_prefix_path.sh'
[0.956s] Level 1:colcon.colcon_core.environment:checking '/home/will/Will/RANCS/RANCS-introduction/ros2/install/talker_listener/lib'
[0.956s] Level 1:colcon.colcon_core.environment:checking '/home/will/Will/RANCS/RANCS-introduction/ros2/install/talker_listener/bin'
[0.956s] Level 1:colcon.colcon_core.environment:checking '/home/will/Will/RANCS/RANCS-introduction/ros2/install/talker_listener/lib/pkgconfig/talker_listener.pc'
[0.956s] Level 1:colcon.colcon_core.environment:checking '/home/will/Will/RANCS/RANCS-introduction/ros2/install/talker_listener/lib/python3.10/site-packages'
[0.957s] Level 1:colcon.colcon_core.environment:checking '/home/will/Will/RANCS/RANCS-introduction/ros2/install/talker_listener/bin'
[0.957s] INFO:colcon.colcon_core.shell:Creating package script '/home/will/Will/RANCS/RANCS-introduction/ros2/install/talker_listener/share/talker_listener/package.ps1'
[0.958s] INFO:colcon.colcon_core.shell:Creating package descriptor '/home/will/Will/RANCS/RANCS-introduction/ros2/install/talker_listener/share/talker_listener/package.dsv'
[0.958s] INFO:colcon.colcon_core.shell:Creating package script '/home/will/Will/RANCS/RANCS-introduction/ros2/install/talker_listener/share/talker_listener/package.sh'
[0.959s] INFO:colcon.colcon_core.shell:Creating package script '/home/will/Will/RANCS/RANCS-introduction/ros2/install/talker_listener/share/talker_listener/package.bash'
[0.959s] INFO:colcon.colcon_core.shell:Creating package script '/home/will/Will/RANCS/RANCS-introduction/ros2/install/talker_listener/share/talker_listener/package.zsh'
[0.960s] Level 1:colcon.colcon_core.environment:create_file_with_runtime_dependencies(/home/will/Will/RANCS/RANCS-introduction/ros2/install/talker_listener/share/colcon-core/packages/talker_listener)
[0.960s] Level 1:colcon.colcon_core.environment:create_environment_scripts_only(talker_listener)
[0.960s] Level 1:colcon.colcon_core.environment:checking '/home/will/Will/RANCS/RANCS-introduction/ros2/install/talker_listener' for CMake module files
[0.961s] Level 1:colcon.colcon_core.environment:checking '/home/will/Will/RANCS/RANCS-introduction/ros2/install/talker_listener' for CMake config files
[0.961s] Level 1:colcon.colcon_core.shell:create_environment_hook('talker_listener', 'cmake_prefix_path')
[0.961s] INFO:colcon.colcon_core.shell:Creating environment hook '/home/will/Will/RANCS/RANCS-introduction/ros2/install/talker_listener/share/talker_listener/hook/cmake_prefix_path.ps1'
[0.962s] INFO:colcon.colcon_core.shell:Creating environment descriptor '/home/will/Will/RANCS/RANCS-introduction/ros2/install/talker_listener/share/talker_listener/hook/cmake_prefix_path.dsv'
[0.963s] INFO:colcon.colcon_core.shell:Creating environment hook '/home/will/Will/RANCS/RANCS-introduction/ros2/install/talker_listener/share/talker_listener/hook/cmake_prefix_path.sh'
[0.965s] Level 1:colcon.colcon_core.environment:checking '/home/will/Will/RANCS/RANCS-introduction/ros2/install/talker_listener/lib'
[0.965s] Level 1:colcon.colcon_core.environment:checking '/home/will/Will/RANCS/RANCS-introduction/ros2/install/talker_listener/bin'
[0.965s] Level 1:colcon.colcon_core.environment:checking '/home/will/Will/RANCS/RANCS-introduction/ros2/install/talker_listener/lib/pkgconfig/talker_listener.pc'
[0.966s] Level 1:colcon.colcon_core.environment:checking '/home/will/Will/RANCS/RANCS-introduction/ros2/install/talker_listener/lib/python3.10/site-packages'
[0.966s] Level 1:colcon.colcon_core.environment:checking '/home/will/Will/RANCS/RANCS-introduction/ros2/install/talker_listener/bin'
[0.966s] INFO:colcon.colcon_core.shell:Creating package script '/home/will/Will/RANCS/RANCS-introduction/ros2/install/talker_listener/share/talker_listener/package.ps1'
[0.968s] INFO:colcon.colcon_core.shell:Creating package descriptor '/home/will/Will/RANCS/RANCS-introduction/ros2/install/talker_listener/share/talker_listener/package.dsv'
[0.970s] INFO:colcon.colcon_core.shell:Creating package script '/home/will/Will/RANCS/RANCS-introduction/ros2/install/talker_listener/share/talker_listener/package.sh'
[0.973s] INFO:colcon.colcon_core.shell:Creating package script '/home/will/Will/RANCS/RANCS-introduction/ros2/install/talker_listener/share/talker_listener/package.bash'
[0.975s] INFO:colcon.colcon_core.shell:Creating package script '/home/will/Will/RANCS/RANCS-introduction/ros2/install/talker_listener/share/talker_listener/package.zsh'
[0.977s] Level 1:colcon.colcon_core.environment:create_file_with_runtime_dependencies(/home/will/Will/RANCS/RANCS-introduction/ros2/install/talker_listener/share/colcon-core/packages/talker_listener)
[0.978s] Level 1:colcon.colcon_core.environment:create_environment_scripts_only(interfaces)
[0.979s] Level 1:colcon.colcon_core.environment:checking '/home/will/Will/RANCS/RANCS-introduction/ros2/install/interfaces' for CMake module files
[0.983s] Level 1:colcon.colcon_core.environment:checking '/home/will/Will/RANCS/RANCS-introduction/ros2/install/interfaces' for CMake config files
[0.985s] DEBUG:colcon.colcon_core.event_handler.log_command:Invoked command in '/home/will/Will/RANCS/RANCS-introduction/ros2/build/interfaces' returned '0': CMAKE_PREFIX_PATH=/opt/ros/humble DEBUGINFOD_URLS=https://debuginfod.archlinux.org PS1=[\u@\h \W]\$ /usr/bin/cmake --install /home/will/Will/RANCS/RANCS-introduction/ros2/build/interfaces
[0.985s] Level 1:colcon.colcon_core.shell:create_environment_hook('interfaces', 'cmake_prefix_path')
[0.986s] INFO:colcon.colcon_core.shell:Creating environment hook '/home/will/Will/RANCS/RANCS-introduction/ros2/install/interfaces/share/interfaces/hook/cmake_prefix_path.ps1'
[0.987s] INFO:colcon.colcon_core.shell:Creating environment descriptor '/home/will/Will/RANCS/RANCS-introduction/ros2/install/interfaces/share/interfaces/hook/cmake_prefix_path.dsv'
[0.988s] INFO:colcon.colcon_core.shell:Creating environment hook '/home/will/Will/RANCS/RANCS-introduction/ros2/install/interfaces/share/interfaces/hook/cmake_prefix_path.sh'
[0.989s] Level 1:colcon.colcon_core.environment:checking '/home/will/Will/RANCS/RANCS-introduction/ros2/install/interfaces/lib'
[0.989s] Level 1:colcon.colcon_core.shell:create_environment_hook('interfaces', 'ld_library_path_lib')
[0.989s] INFO:colcon.colcon_core.shell:Creating environment hook '/home/will/Will/RANCS/RANCS-introduction/ros2/install/interfaces/share/interfaces/hook/ld_library_path_lib.ps1'
[0.990s] INFO:colcon.colcon_core.shell:Creating environment descriptor '/home/will/Will/RANCS/RANCS-introduction/ros2/install/interfaces/share/interfaces/hook/ld_library_path_lib.dsv'
[0.990s] INFO:colcon.colcon_core.shell:Creating environment hook '/home/will/Will/RANCS/RANCS-introduction/ros2/install/interfaces/share/interfaces/hook/ld_library_path_lib.sh'
[0.990s] Level 1:colcon.colcon_core.environment:checking '/home/will/Will/RANCS/RANCS-introduction/ros2/install/interfaces/bin'
[0.991s] Level 1:colcon.colcon_core.environment:checking '/home/will/Will/RANCS/RANCS-introduction/ros2/install/interfaces/lib/pkgconfig/interfaces.pc'
[0.991s] Level 1:colcon.colcon_core.environment:checking '/home/will/Will/RANCS/RANCS-introduction/ros2/install/interfaces/lib/python3.10/site-packages'
[0.991s] Level 1:colcon.colcon_core.environment:checking '/home/will/Will/RANCS/RANCS-introduction/ros2/install/interfaces/bin'
[0.992s] INFO:colcon.colcon_core.shell:Creating package script '/home/will/Will/RANCS/RANCS-introduction/ros2/install/interfaces/share/interfaces/package.ps1'
[0.992s] INFO:colcon.colcon_core.shell:Creating package descriptor '/home/will/Will/RANCS/RANCS-introduction/ros2/install/interfaces/share/interfaces/package.dsv'
[0.993s] INFO:colcon.colcon_core.shell:Creating package script '/home/will/Will/RANCS/RANCS-introduction/ros2/install/interfaces/share/interfaces/package.sh'
[0.993s] INFO:colcon.colcon_core.shell:Creating package script '/home/will/Will/RANCS/RANCS-introduction/ros2/install/interfaces/share/interfaces/package.bash'
[0.993s] INFO:colcon.colcon_core.shell:Creating package script '/home/will/Will/RANCS/RANCS-introduction/ros2/install/interfaces/share/interfaces/package.zsh'
[0.994s] Level 1:colcon.colcon_core.environment:create_file_with_runtime_dependencies(/home/will/Will/RANCS/RANCS-introduction/ros2/install/interfaces/share/colcon-core/packages/interfaces)
[0.994s] Level 1:colcon.colcon_core.environment:create_environment_scripts_only(interfaces)
[0.994s] Level 1:colcon.colcon_core.environment:checking '/home/will/Will/RANCS/RANCS-introduction/ros2/install/interfaces' for CMake module files
[0.995s] Level 1:colcon.colcon_core.environment:checking '/home/will/Will/RANCS/RANCS-introduction/ros2/install/interfaces' for CMake config files
[0.995s] Level 1:colcon.colcon_core.shell:create_environment_hook('interfaces', 'cmake_prefix_path')
[0.996s] INFO:colcon.colcon_core.shell:Creating environment hook '/home/will/Will/RANCS/RANCS-introduction/ros2/install/interfaces/share/interfaces/hook/cmake_prefix_path.ps1'
[0.997s] INFO:colcon.colcon_core.shell:Creating environment descriptor '/home/will/Will/RANCS/RANCS-introduction/ros2/install/interfaces/share/interfaces/hook/cmake_prefix_path.dsv'
[0.998s] INFO:colcon.colcon_core.shell:Creating environment hook '/home/will/Will/RANCS/RANCS-introduction/ros2/install/interfaces/share/interfaces/hook/cmake_prefix_path.sh'
[0.999s] Level 1:colcon.colcon_core.environment:checking '/home/will/Will/RANCS/RANCS-introduction/ros2/install/interfaces/lib'
[0.999s] Level 1:colcon.colcon_core.shell:create_environment_hook('interfaces', 'ld_library_path_lib')
[1.000s] INFO:colcon.colcon_core.shell:Creating environment hook '/home/will/Will/RANCS/RANCS-introduction/ros2/install/interfaces/share/interfaces/hook/ld_library_path_lib.ps1'
[1.000s] INFO:colcon.colcon_core.shell:Creating environment descriptor '/home/will/Will/RANCS/RANCS-introduction/ros2/install/interfaces/share/interfaces/hook/ld_library_path_lib.dsv'
[1.001s] INFO:colcon.colcon_core.shell:Creating environment hook '/home/will/Will/RANCS/RANCS-introduction/ros2/install/interfaces/share/interfaces/hook/ld_library_path_lib.sh'
[1.001s] Level 1:colcon.colcon_core.environment:checking '/home/will/Will/RANCS/RANCS-introduction/ros2/install/interfaces/bin'
[1.001s] Level 1:colcon.colcon_core.environment:checking '/home/will/Will/RANCS/RANCS-introduction/ros2/install/interfaces/lib/pkgconfig/interfaces.pc'
[1.001s] Level 1:colcon.colcon_core.environment:checking '/home/will/Will/RANCS/RANCS-introduction/ros2/install/interfaces/lib/python3.10/site-packages'
[1.002s] Level 1:colcon.colcon_core.environment:checking '/home/will/Will/RANCS/RANCS-introduction/ros2/install/interfaces/bin'
[1.002s] INFO:colcon.colcon_core.shell:Creating package script '/home/will/Will/RANCS/RANCS-introduction/ros2/install/interfaces/share/interfaces/package.ps1'
[1.004s] INFO:colcon.colcon_core.shell:Creating package descriptor '/home/will/Will/RANCS/RANCS-introduction/ros2/install/interfaces/share/interfaces/package.dsv'
[1.004s] INFO:colcon.colcon_core.shell:Creating package script '/home/will/Will/RANCS/RANCS-introduction/ros2/install/interfaces/share/interfaces/package.sh'
[1.005s] INFO:colcon.colcon_core.shell:Creating package script '/home/will/Will/RANCS/RANCS-introduction/ros2/install/interfaces/share/interfaces/package.bash'
[1.006s] INFO:colcon.colcon_core.shell:Creating package script '/home/will/Will/RANCS/RANCS-introduction/ros2/install/interfaces/share/interfaces/package.zsh'
[1.006s] Level 1:colcon.colcon_core.environment:create_file_with_runtime_dependencies(/home/will/Will/RANCS/RANCS-introduction/ros2/install/interfaces/share/colcon-core/packages/interfaces)
[1.006s] INFO:colcon.colcon_ros.task.ament_cmake.build:Building ROS package in '/home/will/Will/RANCS/RANCS-introduction/ros2/src/vehicle_status' with build type 'ament_cmake'
[1.007s] INFO:colcon.colcon_cmake.task.cmake.build:Building CMake package in '/home/will/Will/RANCS/RANCS-introduction/ros2/src/vehicle_status'
[1.007s] INFO:colcon.colcon_core.shell:Skip shell extension 'powershell' for command environment: Not usable outside of PowerShell
[1.007s] DEBUG:colcon.colcon_core.shell:Skip shell extension 'dsv' for command environment
[1.010s] INFO:colcon.colcon_ros.task.ament_python.build:Building ROS package in '/home/will/Will/RANCS/RANCS-introduction/ros2/src/vehicle_status_py' with build type 'ament_python'
[1.010s] Level 1:colcon.colcon_core.shell:create_environment_hook('vehicle_status_py', 'ament_prefix_path')
[1.010s] INFO:colcon.colcon_core.shell:Creating environment hook '/home/will/Will/RANCS/RANCS-introduction/ros2/install/vehicle_status_py/share/vehicle_status_py/hook/ament_prefix_path.ps1'
[1.011s] INFO:colcon.colcon_core.shell:Creating environment descriptor '/home/will/Will/RANCS/RANCS-introduction/ros2/install/vehicle_status_py/share/vehicle_status_py/hook/ament_prefix_path.dsv'
[1.011s] INFO:colcon.colcon_core.shell:Creating environment hook '/home/will/Will/RANCS/RANCS-introduction/ros2/install/vehicle_status_py/share/vehicle_status_py/hook/ament_prefix_path.sh'
[1.012s] INFO:colcon.colcon_core.shell:Skip shell extension 'powershell' for command environment: Not usable outside of PowerShell
[1.012s] DEBUG:colcon.colcon_core.shell:Skip shell extension 'dsv' for command environment
[1.023s] DEBUG:colcon.colcon_core.event_handler.log_command:Invoking command in '/home/will/Will/RANCS/RANCS-introduction/ros2/build/vehicle_status': AMENT_PREFIX_PATH=/home/will/Will/RANCS/RANCS-introduction/ros2/install/interfaces:${AMENT_PREFIX_PATH} CMAKE_PREFIX_PATH=/home/will/Will/RANCS/RANCS-introduction/ros2/install/interfaces:/opt/ros/humble DEBUGINFOD_URLS=https://debuginfod.archlinux.org LD_LIBRARY_PATH=/home/will/Will/RANCS/RANCS-introduction/ros2/install/interfaces/lib:${LD_LIBRARY_PATH} PS1=[\u@\h \W]\$ PYTHONPATH=/home/will/Will/RANCS/RANCS-introduction/ros2/install/interfaces/local/lib/python3.10/dist-packages:${PYTHONPATH} /usr/bin/cmake --build /home/will/Will/RANCS/RANCS-introduction/ros2/build/vehicle_status -- -j12 -l12
[1.277s] INFO:colcon.colcon_core.task.python.build:Building Python package in '/home/will/Will/RANCS/RANCS-introduction/ros2/src/vehicle_status_py'
[1.277s] INFO:colcon.colcon_core.shell:Skip shell extension 'powershell' for command environment: Not usable outside of PowerShell
[1.277s] DEBUG:colcon.colcon_core.shell:Skip shell extension 'dsv' for command environment
[1.286s] DEBUG:colcon.colcon_core.event_handler.log_command:Invoking command in '/home/will/Will/RANCS/RANCS-introduction/ros2/src/imu_py': DEBUGINFOD_URLS=https://debuginfod.archlinux.org PS1=[\u@\h \W]\$ PYTHONPATH=/home/will/Will/RANCS/RANCS-introduction/ros2/build/imu_py/prefix_override:/usr/lib/python3/dist-packages/colcon_core/task/python/colcon_distutils_commands:/home/will/Will/RANCS/RANCS-introduction/ros2/install/imu_py/lib/python3.10/site-packages:${PYTHONPATH} /usr/bin/python3 -W ignore:setup.py install is deprecated -W ignore:easy_install command is deprecated setup.py egg_info --egg-base ../../build/imu_py build --build-base /home/will/Will/RANCS/RANCS-introduction/ros2/build/imu_py/build install --record /home/will/Will/RANCS/RANCS-introduction/ros2/build/imu_py/install.log --single-version-externally-managed install_data
[1.288s] DEBUG:colcon.colcon_core.event_handler.log_command:Invoking command in '/home/will/Will/RANCS/RANCS-introduction/ros2/src/talker_listener_py': DEBUGINFOD_URLS=https://debuginfod.archlinux.org PS1=[\u@\h \W]\$ PYTHONPATH=/home/will/Will/RANCS/RANCS-introduction/ros2/build/talker_listener_py/prefix_override:/usr/lib/python3/dist-packages/colcon_core/task/python/colcon_distutils_commands:/home/will/Will/RANCS/RANCS-introduction/ros2/install/talker_listener_py/lib/python3.10/site-packages:${PYTHONPATH} /usr/bin/python3 -W ignore:setup.py install is deprecated -W ignore:easy_install command is deprecated setup.py egg_info --egg-base ../../build/talker_listener_py build --build-base /home/will/Will/RANCS/RANCS-introduction/ros2/build/talker_listener_py/build install --record /home/will/Will/RANCS/RANCS-introduction/ros2/build/talker_listener_py/install.log --single-version-externally-managed install_data
[1.289s] DEBUG:colcon.colcon_core.event_handler.log_command:Invoked command in '/home/will/Will/RANCS/RANCS-introduction/ros2/build/vehicle_status' returned '0': AMENT_PREFIX_PATH=/home/will/Will/RANCS/RANCS-introduction/ros2/install/interfaces:${AMENT_PREFIX_PATH} CMAKE_PREFIX_PATH=/home/will/Will/RANCS/RANCS-introduction/ros2/install/interfaces:/opt/ros/humble DEBUGINFOD_URLS=https://debuginfod.archlinux.org LD_LIBRARY_PATH=/home/will/Will/RANCS/RANCS-introduction/ros2/install/interfaces/lib:${LD_LIBRARY_PATH} PS1=[\u@\h \W]\$ PYTHONPATH=/home/will/Will/RANCS/RANCS-introduction/ros2/install/interfaces/local/lib/python3.10/dist-packages:${PYTHONPATH} /usr/bin/cmake --build /home/will/Will/RANCS/RANCS-introduction/ros2/build/vehicle_status -- -j12 -l12
[1.291s] DEBUG:colcon.colcon_core.event_handler.log_command:Invoking command in '/home/will/Will/RANCS/RANCS-introduction/ros2/build/vehicle_status': AMENT_PREFIX_PATH=/home/will/Will/RANCS/RANCS-introduction/ros2/install/interfaces:${AMENT_PREFIX_PATH} CMAKE_PREFIX_PATH=/home/will/Will/RANCS/RANCS-introduction/ros2/install/interfaces:/opt/ros/humble DEBUGINFOD_URLS=https://debuginfod.archlinux.org LD_LIBRARY_PATH=/home/will/Will/RANCS/RANCS-introduction/ros2/install/interfaces/lib:${LD_LIBRARY_PATH} PS1=[\u@\h \W]\$ PYTHONPATH=/home/will/Will/RANCS/RANCS-introduction/ros2/install/interfaces/local/lib/python3.10/dist-packages:${PYTHONPATH} /usr/bin/cmake --install /home/will/Will/RANCS/RANCS-introduction/ros2/build/vehicle_status
[1.306s] Level 1:colcon.colcon_core.environment:create_environment_scripts_only(vehicle_status)
[1.306s] DEBUG:colcon.colcon_core.event_handler.log_command:Invoked command in '/home/will/Will/RANCS/RANCS-introduction/ros2/build/vehicle_status' returned '0': AMENT_PREFIX_PATH=/home/will/Will/RANCS/RANCS-introduction/ros2/install/interfaces:${AMENT_PREFIX_PATH} CMAKE_PREFIX_PATH=/home/will/Will/RANCS/RANCS-introduction/ros2/install/interfaces:/opt/ros/humble DEBUGINFOD_URLS=https://debuginfod.archlinux.org LD_LIBRARY_PATH=/home/will/Will/RANCS/RANCS-introduction/ros2/install/interfaces/lib:${LD_LIBRARY_PATH} PS1=[\u@\h \W]\$ PYTHONPATH=/home/will/Will/RANCS/RANCS-introduction/ros2/install/interfaces/local/lib/python3.10/dist-packages:${PYTHONPATH} /usr/bin/cmake --install /home/will/Will/RANCS/RANCS-introduction/ros2/build/vehicle_status
[1.306s] Level 1:colcon.colcon_core.environment:checking '/home/will/Will/RANCS/RANCS-introduction/ros2/install/vehicle_status' for CMake module files
[1.307s] Level 1:colcon.colcon_core.environment:checking '/home/will/Will/RANCS/RANCS-introduction/ros2/install/vehicle_status' for CMake config files
[1.307s] Level 1:colcon.colcon_core.shell:create_environment_hook('vehicle_status', 'cmake_prefix_path')
[1.307s] INFO:colcon.colcon_core.shell:Creating environment hook '/home/will/Will/RANCS/RANCS-introduction/ros2/install/vehicle_status/share/vehicle_status/hook/cmake_prefix_path.ps1'
[1.308s] INFO:colcon.colcon_core.shell:Creating environment descriptor '/home/will/Will/RANCS/RANCS-introduction/ros2/install/vehicle_status/share/vehicle_status/hook/cmake_prefix_path.dsv'
[1.308s] INFO:colcon.colcon_core.shell:Creating environment hook '/home/will/Will/RANCS/RANCS-introduction/ros2/install/vehicle_status/share/vehicle_status/hook/cmake_prefix_path.sh'
[1.308s] Level 1:colcon.colcon_core.environment:checking '/home/will/Will/RANCS/RANCS-introduction/ros2/install/vehicle_status/lib'
[1.309s] Level 1:colcon.colcon_core.environment:checking '/home/will/Will/RANCS/RANCS-introduction/ros2/install/vehicle_status/bin'
[1.309s] Level 1:colcon.colcon_core.environment:checking '/home/will/Will/RANCS/RANCS-introduction/ros2/install/vehicle_status/lib/pkgconfig/vehicle_status.pc'
[1.309s] Level 1:colcon.colcon_core.environment:checking '/home/will/Will/RANCS/RANCS-introduction/ros2/install/vehicle_status/lib/python3.10/site-packages'
[1.309s] Level 1:colcon.colcon_core.environment:checking '/home/will/Will/RANCS/RANCS-introduction/ros2/install/vehicle_status/bin'
[1.309s] INFO:colcon.colcon_core.shell:Creating package script '/home/will/Will/RANCS/RANCS-introduction/ros2/install/vehicle_status/share/vehicle_status/package.ps1'
[1.310s] INFO:colcon.colcon_core.shell:Creating package descriptor '/home/will/Will/RANCS/RANCS-introduction/ros2/install/vehicle_status/share/vehicle_status/package.dsv'
[1.310s] INFO:colcon.colcon_core.shell:Creating package script '/home/will/Will/RANCS/RANCS-introduction/ros2/install/vehicle_status/share/vehicle_status/package.sh'
[1.311s] INFO:colcon.colcon_core.shell:Creating package script '/home/will/Will/RANCS/RANCS-introduction/ros2/install/vehicle_status/share/vehicle_status/package.bash'
[1.311s] INFO:colcon.colcon_core.shell:Creating package script '/home/will/Will/RANCS/RANCS-introduction/ros2/install/vehicle_status/share/vehicle_status/package.zsh'
[1.311s] Level 1:colcon.colcon_core.environment:create_file_with_runtime_dependencies(/home/will/Will/RANCS/RANCS-introduction/ros2/install/vehicle_status/share/colcon-core/packages/vehicle_status)
[1.312s] Level 1:colcon.colcon_core.environment:create_environment_scripts_only(vehicle_status)
[1.313s] Level 1:colcon.colcon_core.environment:checking '/home/will/Will/RANCS/RANCS-introduction/ros2/install/vehicle_status' for CMake module files
[1.314s] Level 1:colcon.colcon_core.environment:checking '/home/will/Will/RANCS/RANCS-introduction/ros2/install/vehicle_status' for CMake config files
[1.314s] Level 1:colcon.colcon_core.shell:create_environment_hook('vehicle_status', 'cmake_prefix_path')
[1.315s] INFO:colcon.colcon_core.shell:Creating environment hook '/home/will/Will/RANCS/RANCS-introduction/ros2/install/vehicle_status/share/vehicle_status/hook/cmake_prefix_path.ps1'
[1.315s] INFO:colcon.colcon_core.shell:Creating environment descriptor '/home/will/Will/RANCS/RANCS-introduction/ros2/install/vehicle_status/share/vehicle_status/hook/cmake_prefix_path.dsv'
[1.316s] INFO:colcon.colcon_core.shell:Creating environment hook '/home/will/Will/RANCS/RANCS-introduction/ros2/install/vehicle_status/share/vehicle_status/hook/cmake_prefix_path.sh'
[1.316s] Level 1:colcon.colcon_core.environment:checking '/home/will/Will/RANCS/RANCS-introduction/ros2/install/vehicle_status/lib'
[1.316s] Level 1:colcon.colcon_core.environment:checking '/home/will/Will/RANCS/RANCS-introduction/ros2/install/vehicle_status/bin'
[1.317s] Level 1:colcon.colcon_core.environment:checking '/home/will/Will/RANCS/RANCS-introduction/ros2/install/vehicle_status/lib/pkgconfig/vehicle_status.pc'
[1.317s] Level 1:colcon.colcon_core.environment:checking '/home/will/Will/RANCS/RANCS-introduction/ros2/install/vehicle_status/lib/python3.10/site-packages'
[1.317s] Level 1:colcon.colcon_core.environment:checking '/home/will/Will/RANCS/RANCS-introduction/ros2/install/vehicle_status/bin'
[1.318s] INFO:colcon.colcon_core.shell:Creating package script '/home/will/Will/RANCS/RANCS-introduction/ros2/install/vehicle_status/share/vehicle_status/package.ps1'
[1.319s] INFO:colcon.colcon_core.shell:Creating package descriptor '/home/will/Will/RANCS/RANCS-introduction/ros2/install/vehicle_status/share/vehicle_status/package.dsv'
[1.319s] INFO:colcon.colcon_core.shell:Creating package script '/home/will/Will/RANCS/RANCS-introduction/ros2/install/vehicle_status/share/vehicle_status/package.sh'
[1.321s] INFO:colcon.colcon_core.shell:Creating package script '/home/will/Will/RANCS/RANCS-introduction/ros2/install/vehicle_status/share/vehicle_status/package.bash'
[1.321s] INFO:colcon.colcon_core.shell:Creating package script '/home/will/Will/RANCS/RANCS-introduction/ros2/install/vehicle_status/share/vehicle_status/package.zsh'
[1.321s] Level 1:colcon.colcon_core.environment:create_file_with_runtime_dependencies(/home/will/Will/RANCS/RANCS-introduction/ros2/install/vehicle_status/share/colcon-core/packages/vehicle_status)
[1.602s] Level 1:colcon.colcon_core.environment:checking '/home/will/Will/RANCS/RANCS-introduction/ros2/install/talker_listener_py' for CMake module files
[1.602s] Level 1:colcon.colcon_core.environment:checking '/home/will/Will/RANCS/RANCS-introduction/ros2/install/talker_listener_py' for CMake config files
[1.603s] DEBUG:colcon.colcon_core.event_handler.log_command:Invoked command in '/home/will/Will/RANCS/RANCS-introduction/ros2/src/talker_listener_py' returned '0': DEBUGINFOD_URLS=https://debuginfod.archlinux.org PS1=[\u@\h \W]\$ PYTHONPATH=/home/will/Will/RANCS/RANCS-introduction/ros2/build/talker_listener_py/prefix_override:/usr/lib/python3/dist-packages/colcon_core/task/python/colcon_distutils_commands:/home/will/Will/RANCS/RANCS-introduction/ros2/install/talker_listener_py/lib/python3.10/site-packages:${PYTHONPATH} /usr/bin/python3 -W ignore:setup.py install is deprecated -W ignore:easy_install command is deprecated setup.py egg_info --egg-base ../../build/talker_listener_py build --build-base /home/will/Will/RANCS/RANCS-introduction/ros2/build/talker_listener_py/build install --record /home/will/Will/RANCS/RANCS-introduction/ros2/build/talker_listener_py/install.log --single-version-externally-managed install_data
[1.603s] Level 1:colcon.colcon_core.environment:checking '/home/will/Will/RANCS/RANCS-introduction/ros2/install/talker_listener_py/lib'
[1.604s] Level 1:colcon.colcon_core.environment:checking '/home/will/Will/RANCS/RANCS-introduction/ros2/install/talker_listener_py/bin'
[1.604s] Level 1:colcon.colcon_core.environment:checking '/home/will/Will/RANCS/RANCS-introduction/ros2/install/talker_listener_py/lib/pkgconfig/talker_listener_py.pc'
[1.604s] Level 1:colcon.colcon_core.environment:checking '/home/will/Will/RANCS/RANCS-introduction/ros2/install/talker_listener_py/lib/python3.10/site-packages'
[1.604s] Level 1:colcon.colcon_core.shell:create_environment_hook('talker_listener_py', 'pythonpath')
[1.605s] INFO:colcon.colcon_core.shell:Creating environment hook '/home/will/Will/RANCS/RANCS-introduction/ros2/install/talker_listener_py/share/talker_listener_py/hook/pythonpath.ps1'
[1.606s] INFO:colcon.colcon_core.shell:Creating environment descriptor '/home/will/Will/RANCS/RANCS-introduction/ros2/install/talker_listener_py/share/talker_listener_py/hook/pythonpath.dsv'
[1.606s] INFO:colcon.colcon_core.shell:Creating environment hook '/home/will/Will/RANCS/RANCS-introduction/ros2/install/talker_listener_py/share/talker_listener_py/hook/pythonpath.sh'
[1.607s] Level 1:colcon.colcon_core.environment:checking '/home/will/Will/RANCS/RANCS-introduction/ros2/install/talker_listener_py/bin'
[1.607s] Level 1:colcon.colcon_core.environment:create_environment_scripts_only(talker_listener_py)
[1.607s] INFO:colcon.colcon_core.shell:Creating package script '/home/will/Will/RANCS/RANCS-introduction/ros2/install/talker_listener_py/share/talker_listener_py/package.ps1'
[1.608s] INFO:colcon.colcon_core.shell:Creating package descriptor '/home/will/Will/RANCS/RANCS-introduction/ros2/install/talker_listener_py/share/talker_listener_py/package.dsv'
[1.608s] INFO:colcon.colcon_core.shell:Creating package script '/home/will/Will/RANCS/RANCS-introduction/ros2/install/talker_listener_py/share/talker_listener_py/package.sh'
[1.609s] INFO:colcon.colcon_core.shell:Creating package script '/home/will/Will/RANCS/RANCS-introduction/ros2/install/talker_listener_py/share/talker_listener_py/package.bash'
[1.609s] INFO:colcon.colcon_core.shell:Creating package script '/home/will/Will/RANCS/RANCS-introduction/ros2/install/talker_listener_py/share/talker_listener_py/package.zsh'
[1.609s] Level 1:colcon.colcon_core.environment:create_file_with_runtime_dependencies(/home/will/Will/RANCS/RANCS-introduction/ros2/install/talker_listener_py/share/colcon-core/packages/talker_listener_py)
[1.610s] Level 1:colcon.colcon_core.environment:checking '/home/will/Will/RANCS/RANCS-introduction/ros2/install/imu_py' for CMake module files
[1.611s] Level 1:colcon.colcon_core.environment:checking '/home/will/Will/RANCS/RANCS-introduction/ros2/install/imu_py' for CMake config files
[1.612s] DEBUG:colcon.colcon_core.event_handler.log_command:Invoked command in '/home/will/Will/RANCS/RANCS-introduction/ros2/src/imu_py' returned '0': DEBUGINFOD_URLS=https://debuginfod.archlinux.org PS1=[\u@\h \W]\$ PYTHONPATH=/home/will/Will/RANCS/RANCS-introduction/ros2/build/imu_py/prefix_override:/usr/lib/python3/dist-packages/colcon_core/task/python/colcon_distutils_commands:/home/will/Will/RANCS/RANCS-introduction/ros2/install/imu_py/lib/python3.10/site-packages:${PYTHONPATH} /usr/bin/python3 -W ignore:setup.py install is deprecated -W ignore:easy_install command is deprecated setup.py egg_info --egg-base ../../build/imu_py build --build-base /home/will/Will/RANCS/RANCS-introduction/ros2/build/imu_py/build install --record /home/will/Will/RANCS/RANCS-introduction/ros2/build/imu_py/install.log --single-version-externally-managed install_data
[1.613s] Level 1:colcon.colcon_core.environment:checking '/home/will/Will/RANCS/RANCS-introduction/ros2/install/imu_py/lib'
[1.614s] Level 1:colcon.colcon_core.environment:checking '/home/will/Will/RANCS/RANCS-introduction/ros2/install/imu_py/bin'
[1.614s] Level 1:colcon.colcon_core.environment:checking '/home/will/Will/RANCS/RANCS-introduction/ros2/install/imu_py/lib/pkgconfig/imu_py.pc'
[1.614s] Level 1:colcon.colcon_core.environment:checking '/home/will/Will/RANCS/RANCS-introduction/ros2/install/imu_py/lib/python3.10/site-packages'
[1.614s] Level 1:colcon.colcon_core.shell:create_environment_hook('imu_py', 'pythonpath')
[1.615s] INFO:colcon.colcon_core.shell:Creating environment hook '/home/will/Will/RANCS/RANCS-introduction/ros2/install/imu_py/share/imu_py/hook/pythonpath.ps1'
[1.615s] INFO:colcon.colcon_core.shell:Creating environment descriptor '/home/will/Will/RANCS/RANCS-introduction/ros2/install/imu_py/share/imu_py/hook/pythonpath.dsv'
[1.616s] INFO:colcon.colcon_core.shell:Creating environment hook '/home/will/Will/RANCS/RANCS-introduction/ros2/install/imu_py/share/imu_py/hook/pythonpath.sh'
[1.616s] Level 1:colcon.colcon_core.environment:checking '/home/will/Will/RANCS/RANCS-introduction/ros2/install/imu_py/bin'
[1.617s] Level 1:colcon.colcon_core.environment:create_environment_scripts_only(imu_py)
[1.617s] INFO:colcon.colcon_core.shell:Creating package script '/home/will/Will/RANCS/RANCS-introduction/ros2/install/imu_py/share/imu_py/package.ps1'
[1.618s] INFO:colcon.colcon_core.shell:Creating package descriptor '/home/will/Will/RANCS/RANCS-introduction/ros2/install/imu_py/share/imu_py/package.dsv'
[1.618s] INFO:colcon.colcon_core.shell:Creating package script '/home/will/Will/RANCS/RANCS-introduction/ros2/install/imu_py/share/imu_py/package.sh'
[1.619s] INFO:colcon.colcon_core.shell:Creating package script '/home/will/Will/RANCS/RANCS-introduction/ros2/install/imu_py/share/imu_py/package.bash'
[1.620s] INFO:colcon.colcon_core.shell:Creating package script '/home/will/Will/RANCS/RANCS-introduction/ros2/install/imu_py/share/imu_py/package.zsh'
[1.620s] Level 1:colcon.colcon_core.environment:create_file_with_runtime_dependencies(/home/will/Will/RANCS/RANCS-introduction/ros2/install/imu_py/share/colcon-core/packages/imu_py)
[1.643s] DEBUG:colcon.colcon_core.event_handler.log_command:Invoking command in '/home/will/Will/RANCS/RANCS-introduction/ros2/src/vehicle_status_py': AMENT_PREFIX_PATH=/home/will/Will/RANCS/RANCS-introduction/ros2/install/interfaces:${AMENT_PREFIX_PATH} CMAKE_PREFIX_PATH=/home/will/Will/RANCS/RANCS-introduction/ros2/install/interfaces DEBUGINFOD_URLS=https://debuginfod.archlinux.org LD_LIBRARY_PATH=/home/will/Will/RANCS/RANCS-introduction/ros2/install/interfaces/lib:${LD_LIBRARY_PATH} PS1=[\u@\h \W]\$ PYTHONPATH=/home/will/Will/RANCS/RANCS-introduction/ros2/build/vehicle_status_py/prefix_override:/usr/lib/python3/dist-packages/colcon_core/task/python/colcon_distutils_commands:/home/will/Will/RANCS/RANCS-introduction/ros2/install/vehicle_status_py/lib/python3.10/site-packages:/home/will/Will/RANCS/RANCS-introduction/ros2/install/interfaces/local/lib/python3.10/dist-packages:${PYTHONPATH} /usr/bin/python3 -W ignore:setup.py install is deprecated -W ignore:easy_install command is deprecated setup.py egg_info --egg-base ../../build/vehicle_status_py build --build-base /home/will/Will/RANCS/RANCS-introduction/ros2/build/vehicle_status_py/build install --record /home/will/Will/RANCS/RANCS-introduction/ros2/build/vehicle_status_py/install.log --single-version-externally-managed install_data
[1.891s] Level 1:colcon.colcon_core.environment:checking '/home/will/Will/RANCS/RANCS-introduction/ros2/install/vehicle_status_py' for CMake module files
[1.892s] DEBUG:colcon.colcon_core.event_handler.log_command:Invoked command in '/home/will/Will/RANCS/RANCS-introduction/ros2/src/vehicle_status_py' returned '0': AMENT_PREFIX_PATH=/home/will/Will/RANCS/RANCS-introduction/ros2/install/interfaces:${AMENT_PREFIX_PATH} CMAKE_PREFIX_PATH=/home/will/Will/RANCS/RANCS-introduction/ros2/install/interfaces DEBUGINFOD_URLS=https://debuginfod.archlinux.org LD_LIBRARY_PATH=/home/will/Will/RANCS/RANCS-introduction/ros2/install/interfaces/lib:${LD_LIBRARY_PATH} PS1=[\u@\h \W]\$ PYTHONPATH=/home/will/Will/RANCS/RANCS-introduction/ros2/build/vehicle_status_py/prefix_override:/usr/lib/python3/dist-packages/colcon_core/task/python/colcon_distutils_commands:/home/will/Will/RANCS/RANCS-introduction/ros2/install/vehicle_status_py/lib/python3.10/site-packages:/home/will/Will/RANCS/RANCS-introduction/ros2/install/interfaces/local/lib/python3.10/dist-packages:${PYTHONPATH} /usr/bin/python3 -W ignore:setup.py install is deprecated -W ignore:easy_install command is deprecated setup.py egg_info --egg-base ../../build/vehicle_status_py build --build-base /home/will/Will/RANCS/RANCS-introduction/ros2/build/vehicle_status_py/build install --record /home/will/Will/RANCS/RANCS-introduction/ros2/build/vehicle_status_py/install.log --single-version-externally-managed install_data
[1.892s] Level 1:colcon.colcon_core.environment:checking '/home/will/Will/RANCS/RANCS-introduction/ros2/install/vehicle_status_py' for CMake config files
[1.892s] Level 1:colcon.colcon_core.environment:checking '/home/will/Will/RANCS/RANCS-introduction/ros2/install/vehicle_status_py/lib'
[1.892s] Level 1:colcon.colcon_core.environment:checking '/home/will/Will/RANCS/RANCS-introduction/ros2/install/vehicle_status_py/bin'
[1.892s] Level 1:colcon.colcon_core.environment:checking '/home/will/Will/RANCS/RANCS-introduction/ros2/install/vehicle_status_py/lib/pkgconfig/vehicle_status_py.pc'
[1.893s] Level 1:colcon.colcon_core.environment:checking '/home/will/Will/RANCS/RANCS-introduction/ros2/install/vehicle_status_py/lib/python3.10/site-packages'
[1.893s] Level 1:colcon.colcon_core.shell:create_environment_hook('vehicle_status_py', 'pythonpath')
[1.893s] INFO:colcon.colcon_core.shell:Creating environment hook '/home/will/Will/RANCS/RANCS-introduction/ros2/install/vehicle_status_py/share/vehicle_status_py/hook/pythonpath.ps1'
[1.893s] INFO:colcon.colcon_core.shell:Creating environment descriptor '/home/will/Will/RANCS/RANCS-introduction/ros2/install/vehicle_status_py/share/vehicle_status_py/hook/pythonpath.dsv'
[1.894s] INFO:colcon.colcon_core.shell:Creating environment hook '/home/will/Will/RANCS/RANCS-introduction/ros2/install/vehicle_status_py/share/vehicle_status_py/hook/pythonpath.sh'
[1.894s] Level 1:colcon.colcon_core.environment:checking '/home/will/Will/RANCS/RANCS-introduction/ros2/install/vehicle_status_py/bin'
[1.894s] Level 1:colcon.colcon_core.environment:create_environment_scripts_only(vehicle_status_py)
[1.895s] INFO:colcon.colcon_core.shell:Creating package script '/home/will/Will/RANCS/RANCS-introduction/ros2/install/vehicle_status_py/share/vehicle_status_py/package.ps1'
[1.895s] INFO:colcon.colcon_core.shell:Creating package descriptor '/home/will/Will/RANCS/RANCS-introduction/ros2/install/vehicle_status_py/share/vehicle_status_py/package.dsv'
[1.896s] INFO:colcon.colcon_core.shell:Creating package script '/home/will/Will/RANCS/RANCS-introduction/ros2/install/vehicle_status_py/share/vehicle_status_py/package.sh'
[1.896s] INFO:colcon.colcon_core.shell:Creating package script '/home/will/Will/RANCS/RANCS-introduction/ros2/install/vehicle_status_py/share/vehicle_status_py/package.bash'
[1.897s] INFO:colcon.colcon_core.shell:Creating package script '/home/will/Will/RANCS/RANCS-introduction/ros2/install/vehicle_status_py/share/vehicle_status_py/package.zsh'
[1.897s] Level 1:colcon.colcon_core.environment:create_file_with_runtime_dependencies(/home/will/Will/RANCS/RANCS-introduction/ros2/install/vehicle_status_py/share/colcon-core/packages/vehicle_status_py)
[1.898s] DEBUG:colcon.colcon_parallel_executor.executor.parallel:closing loop
[1.898s] DEBUG:colcon.colcon_parallel_executor.executor.parallel:loop closed
[1.898s] DEBUG:colcon.colcon_parallel_executor.executor.parallel:run_until_complete finished with '0'
[1.898s] DEBUG:colcon.colcon_core.event_reactor:joining thread
[1.905s] INFO:colcon.colcon_core.plugin_system:Skipping extension 'colcon_notification.desktop_notification.notify_send': Could not find 'notify-send'
[1.905s] INFO:colcon.colcon_core.plugin_system:Skipping extension 'colcon_notification.desktop_notification.terminal_notifier': Not used on non-Darwin systems
[1.905s] INFO:colcon.colcon_core.plugin_system:Skipping extension 'colcon_notification.desktop_notification.win32': Not used on non-Windows systems
[1.905s] INFO:colcon.colcon_notification.desktop_notification:Sending desktop notification using 'notify2'
[1.906s] DEBUG:colcon.colcon_core.event_reactor:joined thread
[1.907s] INFO:colcon.colcon_core.shell:Creating prefix script '/home/will/Will/RANCS/RANCS-introduction/ros2/install/local_setup.ps1'
[1.909s] INFO:colcon.colcon_core.shell:Creating prefix util module '/home/will/Will/RANCS/RANCS-introduction/ros2/install/_local_setup_util_ps1.py'
[1.911s] INFO:colcon.colcon_core.shell:Creating prefix chain script '/home/will/Will/RANCS/RANCS-introduction/ros2/install/setup.ps1'
[1.913s] INFO:colcon.colcon_core.shell:Creating prefix script '/home/will/Will/RANCS/RANCS-introduction/ros2/install/local_setup.sh'
[1.914s] INFO:colcon.colcon_core.shell:Creating prefix util module '/home/will/Will/RANCS/RANCS-introduction/ros2/install/_local_setup_util_sh.py'
[1.914s] INFO:colcon.colcon_core.shell:Creating prefix chain script '/home/will/Will/RANCS/RANCS-introduction/ros2/install/setup.sh'
[1.915s] INFO:colcon.colcon_core.shell:Creating prefix script '/home/will/Will/RANCS/RANCS-introduction/ros2/install/local_setup.bash'
[1.916s] INFO:colcon.colcon_core.shell:Creating prefix chain script '/home/will/Will/RANCS/RANCS-introduction/ros2/install/setup.bash'
[1.916s] INFO:colcon.colcon_core.shell:Creating prefix script '/home/will/Will/RANCS/RANCS-introduction/ros2/install/local_setup.zsh'
[1.917s] INFO:colcon.colcon_core.shell:Creating prefix chain script '/home/will/Will/RANCS/RANCS-introduction/ros2/install/setup.zsh'
