[0.019s] Invoking command in '/ros2/build/imu': CMAKE_PREFIX_PATH=${CMAKE_PREFIX_PATH}:/ros2/install/vehicle_status_py:/ros2/install/talker_listener_py:/opt/ros/humble /usr/bin/cmake /ros2/src/imu -DCMAKE_INSTALL_PREFIX=/ros2/install/imu
[0.088s] -- The C compiler identification is GNU 11.4.0
[0.145s] -- The CXX compiler identification is GNU 11.4.0
[0.151s] -- Detecting C compiler ABI info
[0.209s] -- Detecting C compiler ABI info - done
[0.216s] -- Check for working C compiler: /usr/bin/cc - skipped
[0.217s] -- Detecting C compile features
[0.217s] -- Detecting C compile features - done
[0.220s] -- Detecting CXX compiler ABI info
[0.295s] -- Detecting CXX compiler ABI info - done
[0.304s] -- Check for working CXX compiler: /usr/bin/c++ - skipped
[0.305s] -- Detecting CXX compile features
[0.305s] -- Detecting CXX compile features - done
[0.309s] -- Found ament_cmake: 1.3.14 (/opt/ros/humble/share/ament_cmake/cmake)
[0.444s] -- Found Python3: /usr/bin/python3 (found version "3.10.12") found components: Interpreter 
[0.538s] -- Found rclcpp: 16.0.19 (/opt/ros/humble/share/rclcpp/cmake)
[0.573s] -- Found rosidl_generator_c: 3.1.8 (/opt/ros/humble/share/rosidl_generator_c/cmake)
[0.578s] -- Found rosidl_adapter: 3.1.8 (/opt/ros/humble/share/rosidl_adapter/cmake)
[0.586s] -- Found rosidl_generator_cpp: 3.1.8 (/opt/ros/humble/share/rosidl_generator_cpp/cmake)
[0.599s] -- Using all available rosidl_typesupport_c: rosidl_typesupport_fastrtps_c;rosidl_typesupport_introspection_c
[0.616s] -- Using all available rosidl_typesupport_cpp: rosidl_typesupport_fastrtps_cpp;rosidl_typesupport_introspection_cpp
[0.661s] -- Found rmw_implementation_cmake: 6.1.2 (/opt/ros/humble/share/rmw_implementation_cmake/cmake)
[0.664s] -- Found rmw_fastrtps_cpp: 6.2.10 (/opt/ros/humble/share/rmw_fastrtps_cpp/cmake)
[0.734s] -- Found OpenSSL: /usr/lib/x86_64-linux-gnu/libcrypto.so (found version "3.0.2")  
[0.749s] -- Found FastRTPS: /opt/ros/humble/include  
[0.774s] -- Using RMW implementation 'rmw_fastrtps_cpp' as default
[0.782s] -- Looking for pthread.h
[0.847s] -- Looking for pthread.h - found
[0.847s] -- Performing Test CMAKE_HAVE_LIBC_PTHREAD
[0.912s] -- Performing Test CMAKE_HAVE_LIBC_PTHREAD - Success
[0.913s] -- Found Threads: TRUE  
[0.962s] -- Found sensor_msgs: 4.9.1 (/opt/ros/humble/share/sensor_msgs/cmake)
[0.997s] [31mCMake Error at CMakeLists.txt:13 (add_executeable):
[0.997s]   Unknown CMake command "add_executeable".
[0.997s] 
[0.997s] [0m
[0.997s] -- Configuring incomplete, errors occurred!
[0.997s] See also "/ros2/build/imu/CMakeFiles/CMakeOutput.log".
[1.004s] Invoked command in '/ros2/build/imu' returned '1': CMAKE_PREFIX_PATH=${CMAKE_PREFIX_PATH}:/ros2/install/vehicle_status_py:/ros2/install/talker_listener_py:/opt/ros/humble /usr/bin/cmake /ros2/src/imu -DCMAKE_INSTALL_PREFIX=/ros2/install/imu
