-- Found ament_cmake: 1.3.14 (/opt/ros/humble/share/ament_cmake/cmake)
-- Found rclcpp: 16.0.19 (/opt/ros/humble/share/rclcpp/cmake)
-- Found rosidl_generator_c: 3.1.8 (/opt/ros/humble/share/rosidl_generator_c/cmake)
-- Found rosidl_adapter: 3.1.8 (/opt/ros/humble/share/rosidl_adapter/cmake)
-- Found rosidl_generator_cpp: 3.1.8 (/opt/ros/humble/share/rosidl_generator_cpp/cmake)
-- Using all available rosidl_typesupport_c: rosidl_typesupport_fastrtps_c;rosidl_typesupport_introspection_c
-- Using all available rosidl_typesupport_cpp: rosidl_typesupport_fastrtps_cpp;rosidl_typesupport_introspection_cpp
-- Found rmw_implementation_cmake: 6.1.2 (/opt/ros/humble/share/rmw_implementation_cmake/cmake)
-- Found rmw_fastrtps_cpp: 6.2.10 (/opt/ros/humble/share/rmw_fastrtps_cpp/cmake)
-- Using RMW implementation 'rmw_fastrtps_cpp' as default
-- Found ament_lint_auto: 0.12.15 (/opt/ros/humble/share/ament_lint_auto/cmake)
-- Added test 'cppcheck' to perform static code analysis on C / C++ code
-- Configured cppcheck include dirs: 
-- Configured cppcheck exclude dirs and/or files: 
-- Added test 'lint_cmake' to check CMake code style
-- Added test 'uncrustify' to check C / C++ code style
-- Configured uncrustify additional arguments: 
-- Added test 'xmllint' to check XML markup files
-- Configuring done
-- Generating done
-- Build files have been written to: /ros2/build/talker_listener
[35m[1mConsolidate compiler generated dependencies of target listener[0m
[35m[1mConsolidate compiler generated dependencies of target talker[0m
[100%] Built target listener
[100%] Built target talker
-- Install configuration: ""
-- Up-to-date: /ros2/install/talker_listener/lib/talker_listener/talker
-- Up-to-date: /ros2/install/talker_listener/lib/talker_listener/listener
-- Up-to-date: /ros2/install/talker_listener/share/ament_index/resource_index/package_run_dependencies/talker_listener
-- Installing: /ros2/install/talker_listener/share/ament_index/resource_index/parent_prefix_path/talker_listener
-- Up-to-date: /ros2/install/talker_listener/share/talker_listener/environment/ament_prefix_path.sh
-- Installing: /ros2/install/talker_listener/share/talker_listener/environment/ament_prefix_path.dsv
-- Up-to-date: /ros2/install/talker_listener/share/talker_listener/environment/path.sh
-- Installing: /ros2/install/talker_listener/share/talker_listener/environment/path.dsv
-- Up-to-date: /ros2/install/talker_listener/share/talker_listener/local_setup.bash
-- Up-to-date: /ros2/install/talker_listener/share/talker_listener/local_setup.sh
-- Up-to-date: /ros2/install/talker_listener/share/talker_listener/local_setup.zsh
-- Installing: /ros2/install/talker_listener/share/talker_listener/local_setup.dsv
-- Installing: /ros2/install/talker_listener/share/talker_listener/package.dsv
-- Up-to-date: /ros2/install/talker_listener/share/ament_index/resource_index/packages/talker_listener
-- Up-to-date: /ros2/install/talker_listener/share/talker_listener/cmake/talker_listenerConfig.cmake
-- Up-to-date: /ros2/install/talker_listener/share/talker_listener/cmake/talker_listenerConfig-version.cmake
-- Up-to-date: /ros2/install/talker_listener/share/talker_listener/package.xml
