[0.016s] Invoking command in '/ros2/build/talker_listener': CMAKE_PREFIX_PATH=${CMAKE_PREFIX_PATH}:/ros2/install/talker_listener_py:/opt/ros/humble /usr/bin/cmake --build /ros2/build/talker_listener -- -j12 -l12
[0.038s] -- Found ament_cmake: 1.3.14 (/opt/ros/humble/share/ament_cmake/cmake)
[0.157s] -- Found rclcpp: 16.0.19 (/opt/ros/humble/share/rclcpp/cmake)
[0.182s] -- Found rosidl_generator_c: 3.1.8 (/opt/ros/humble/share/rosidl_generator_c/cmake)
[0.184s] -- Found rosidl_adapter: 3.1.8 (/opt/ros/humble/share/rosidl_adapter/cmake)
[0.191s] -- Found rosidl_generator_cpp: 3.1.8 (/opt/ros/humble/share/rosidl_generator_cpp/cmake)
[0.207s] -- Using all available rosidl_typesupport_c: rosidl_typesupport_fastrtps_c;rosidl_typesupport_introspection_c
[0.223s] -- Using all available rosidl_typesupport_cpp: rosidl_typesupport_fastrtps_cpp;rosidl_typesupport_introspection_cpp
[0.255s] -- Found rmw_implementation_cmake: 6.1.2 (/opt/ros/humble/share/rmw_implementation_cmake/cmake)
[0.256s] -- Found rmw_fastrtps_cpp: 6.2.10 (/opt/ros/humble/share/rmw_fastrtps_cpp/cmake)
[0.325s] -- Using RMW implementation 'rmw_fastrtps_cpp' as default
[0.374s] -- Found ament_lint_auto: 0.12.15 (/opt/ros/humble/share/ament_lint_auto/cmake)
[0.435s] -- Added test 'cppcheck' to perform static code analysis on C / C++ code
[0.435s] -- Configured cppcheck include dirs: 
[0.435s] -- Configured cppcheck exclude dirs and/or files: 
[0.436s] -- Added test 'lint_cmake' to check CMake code style
[0.437s] -- Added test 'uncrustify' to check C / C++ code style
[0.437s] -- Configured uncrustify additional arguments: 
[0.437s] -- Added test 'xmllint' to check XML markup files
[0.438s] -- Configuring done
[0.448s] -- Generating done
[0.453s] -- Build files have been written to: /ros2/build/talker_listener
[0.475s] [35m[1mConsolidate compiler generated dependencies of target listener[0m
[0.475s] [35m[1mConsolidate compiler generated dependencies of target talker[0m
[0.489s] [100%] Built target listener
[0.489s] [100%] Built target talker
[0.499s] Invoked command in '/ros2/build/talker_listener' returned '0': CMAKE_PREFIX_PATH=${CMAKE_PREFIX_PATH}:/ros2/install/talker_listener_py:/opt/ros/humble /usr/bin/cmake --build /ros2/build/talker_listener -- -j12 -l12
[0.508s] Invoking command in '/ros2/build/talker_listener': CMAKE_PREFIX_PATH=${CMAKE_PREFIX_PATH}:/ros2/install/talker_listener_py:/opt/ros/humble /usr/bin/cmake --install /ros2/build/talker_listener
[0.514s] -- Install configuration: ""
[0.514s] -- Up-to-date: /ros2/install/talker_listener/lib/talker_listener/talker
[0.514s] -- Up-to-date: /ros2/install/talker_listener/lib/talker_listener/listener
[0.515s] -- Up-to-date: /ros2/install/talker_listener/share/ament_index/resource_index/package_run_dependencies/talker_listener
[0.515s] -- Installing: /ros2/install/talker_listener/share/ament_index/resource_index/parent_prefix_path/talker_listener
[0.515s] -- Up-to-date: /ros2/install/talker_listener/share/talker_listener/environment/ament_prefix_path.sh
[0.515s] -- Installing: /ros2/install/talker_listener/share/talker_listener/environment/ament_prefix_path.dsv
[0.515s] -- Up-to-date: /ros2/install/talker_listener/share/talker_listener/environment/path.sh
[0.515s] -- Installing: /ros2/install/talker_listener/share/talker_listener/environment/path.dsv
[0.515s] -- Up-to-date: /ros2/install/talker_listener/share/talker_listener/local_setup.bash
[0.516s] -- Up-to-date: /ros2/install/talker_listener/share/talker_listener/local_setup.sh
[0.516s] -- Up-to-date: /ros2/install/talker_listener/share/talker_listener/local_setup.zsh
[0.516s] -- Installing: /ros2/install/talker_listener/share/talker_listener/local_setup.dsv
[0.516s] -- Installing: /ros2/install/talker_listener/share/talker_listener/package.dsv
[0.516s] -- Up-to-date: /ros2/install/talker_listener/share/ament_index/resource_index/packages/talker_listener
[0.516s] -- Up-to-date: /ros2/install/talker_listener/share/talker_listener/cmake/talker_listenerConfig.cmake
[0.516s] -- Up-to-date: /ros2/install/talker_listener/share/talker_listener/cmake/talker_listenerConfig-version.cmake
[0.516s] -- Up-to-date: /ros2/install/talker_listener/share/talker_listener/package.xml
[0.518s] Invoked command in '/ros2/build/talker_listener' returned '0': CMAKE_PREFIX_PATH=${CMAKE_PREFIX_PATH}:/ros2/install/talker_listener_py:/opt/ros/humble /usr/bin/cmake --install /ros2/build/talker_listener
