[0.104s] DEBUG:colcon:Command line arguments: ['/usr/bin/colcon', 'build']
[0.104s] DEBUG:colcon:Parsed command line arguments: Namespace(log_base=None, log_level=None, verb_name='build', build_base='build', install_base='install', merge_install=False, symlink_install=False, test_result_base=None, continue_on_error=False, executor='parallel', parallel_workers=12, event_handlers=None, ignore_user_meta=False, metas=['./colcon.meta'], base_paths=['.'], packages_ignore=None, packages_ignore_regex=None, paths=None, packages_up_to=None, packages_up_to_regex=None, packages_above=None, packages_above_and_dependencies=None, packages_above_depth=None, packages_select_by_dep=None, packages_skip_by_dep=None, packages_skip_up_to=None, packages_select_build_failed=False, packages_skip_build_finished=False, packages_select_test_failures=False, packages_skip_test_passed=False, packages_select=None, packages_skip=None, packages_select_regex=None, packages_skip_regex=None, packages_start=None, packages_end=None, cmake_args=None, cmake_target=None, cmake_target_skip_unavailable=False, cmake_clean_cache=False, cmake_clean_first=False, cmake_force_configure=False, ament_cmake_args=None, catkin_cmake_args=None, catkin_skip_building_tests=False, mixin_files=None, mixin=None, verb_parser=<colcon_mixin.mixin.mixin_argument.MixinArgumentDecorator object at 0x7fb934b85c00>, verb_extension=<colcon_core.verb.build.BuildVerb object at 0x7fb934b85540>, main=<bound method BuildVerb.main of <colcon_core.verb.build.BuildVerb object at 0x7fb934b85540>>, mixin_verb=('build',))
[0.204s] Level 1:colcon.colcon_core.package_discovery:discover_packages(colcon_meta) check parameters
[0.205s] INFO:colcon.colcon_metadata.package_discovery.colcon_meta:Using configuration from '/root/.colcon/metadata/default/Gazebo.meta'
[0.205s] INFO:colcon.colcon_metadata.package_discovery.colcon_meta:Using configuration from '/root/.colcon/metadata/default/fastdds.meta'
[0.205s] INFO:colcon.colcon_metadata.package_discovery.colcon_meta:Using configuration from '/root/.colcon/metadata/default/fastrtps.meta'
[0.205s] Level 1:colcon.colcon_core.package_discovery:discover_packages(recursive) check parameters
[0.205s] Level 1:colcon.colcon_core.package_discovery:discover_packages(ignore) check parameters
[0.206s] Level 1:colcon.colcon_core.package_discovery:discover_packages(path) check parameters
[0.206s] Level 1:colcon.colcon_core.package_discovery:discover_packages(colcon_meta) discover
[0.206s] Level 1:colcon.colcon_core.package_discovery:discover_packages(recursive) discover
[0.206s] INFO:colcon.colcon_core.package_discovery:Crawling recursively for packages in '/ros2'
[0.206s] Level 1:colcon.colcon_core.package_identification:_identify(.) by extensions ['ignore', 'ignore_ament_install']
[0.206s] Level 1:colcon.colcon_core.package_identification:_identify(.) by extension 'ignore'
[0.206s] Level 1:colcon.colcon_core.package_identification:_identify(.) by extension 'ignore_ament_install'
[0.206s] Level 1:colcon.colcon_core.package_identification:_identify(.) by extensions ['colcon_pkg']
[0.206s] Level 1:colcon.colcon_core.package_identification:_identify(.) by extension 'colcon_pkg'
[0.206s] Level 1:colcon.colcon_core.package_identification:_identify(.) by extensions ['colcon_meta']
[0.206s] Level 1:colcon.colcon_core.package_identification:_identify(.) by extension 'colcon_meta'
[0.206s] Level 1:colcon.colcon_core.package_identification:_identify(.) by extensions ['ros']
[0.206s] Level 1:colcon.colcon_core.package_identification:_identify(.) by extension 'ros'
[0.216s] Level 1:colcon.colcon_core.package_identification:_identify(.) by extensions ['cmake', 'python']
[0.216s] Level 1:colcon.colcon_core.package_identification:_identify(.) by extension 'cmake'
[0.216s] Level 1:colcon.colcon_core.package_identification:_identify(.) by extension 'python'
[0.216s] Level 1:colcon.colcon_core.package_identification:_identify(.) by extensions ['python_setup_py']
[0.216s] Level 1:colcon.colcon_core.package_identification:_identify(.) by extension 'python_setup_py'
[0.216s] Level 1:colcon.colcon_core.package_identification:_identify(build) by extensions ['ignore', 'ignore_ament_install']
[0.216s] Level 1:colcon.colcon_core.package_identification:_identify(build) by extension 'ignore'
[0.216s] Level 1:colcon.colcon_core.package_identification:_identify(build) ignored
[0.216s] Level 1:colcon.colcon_core.package_identification:_identify(install) by extensions ['ignore', 'ignore_ament_install']
[0.216s] Level 1:colcon.colcon_core.package_identification:_identify(install) by extension 'ignore'
[0.216s] Level 1:colcon.colcon_core.package_identification:_identify(install) ignored
[0.217s] Level 1:colcon.colcon_core.package_identification:_identify(log) by extensions ['ignore', 'ignore_ament_install']
[0.217s] Level 1:colcon.colcon_core.package_identification:_identify(log) by extension 'ignore'
[0.217s] Level 1:colcon.colcon_core.package_identification:_identify(log) ignored
[0.217s] Level 1:colcon.colcon_core.package_identification:_identify(src) by extensions ['ignore', 'ignore_ament_install']
[0.217s] Level 1:colcon.colcon_core.package_identification:_identify(src) by extension 'ignore'
[0.217s] Level 1:colcon.colcon_core.package_identification:_identify(src) by extension 'ignore_ament_install'
[0.217s] Level 1:colcon.colcon_core.package_identification:_identify(src) by extensions ['colcon_pkg']
[0.217s] Level 1:colcon.colcon_core.package_identification:_identify(src) by extension 'colcon_pkg'
[0.217s] Level 1:colcon.colcon_core.package_identification:_identify(src) by extensions ['colcon_meta']
[0.217s] Level 1:colcon.colcon_core.package_identification:_identify(src) by extension 'colcon_meta'
[0.217s] Level 1:colcon.colcon_core.package_identification:_identify(src) by extensions ['ros']
[0.217s] Level 1:colcon.colcon_core.package_identification:_identify(src) by extension 'ros'
[0.217s] Level 1:colcon.colcon_core.package_identification:_identify(src) by extensions ['cmake', 'python']
[0.217s] Level 1:colcon.colcon_core.package_identification:_identify(src) by extension 'cmake'
[0.217s] Level 1:colcon.colcon_core.package_identification:_identify(src) by extension 'python'
[0.217s] Level 1:colcon.colcon_core.package_identification:_identify(src) by extensions ['python_setup_py']
[0.217s] Level 1:colcon.colcon_core.package_identification:_identify(src) by extension 'python_setup_py'
[0.217s] Level 1:colcon.colcon_core.package_identification:_identify(src/interfaces) by extensions ['ignore', 'ignore_ament_install']
[0.217s] Level 1:colcon.colcon_core.package_identification:_identify(src/interfaces) by extension 'ignore'
[0.217s] Level 1:colcon.colcon_core.package_identification:_identify(src/interfaces) by extension 'ignore_ament_install'
[0.217s] Level 1:colcon.colcon_core.package_identification:_identify(src/interfaces) by extensions ['colcon_pkg']
[0.217s] Level 1:colcon.colcon_core.package_identification:_identify(src/interfaces) by extension 'colcon_pkg'
[0.218s] Level 1:colcon.colcon_core.package_identification:_identify(src/interfaces) by extensions ['colcon_meta']
[0.218s] Level 1:colcon.colcon_core.package_identification:_identify(src/interfaces) by extension 'colcon_meta'
[0.218s] Level 1:colcon.colcon_core.package_identification:_identify(src/interfaces) by extensions ['ros']
[0.218s] Level 1:colcon.colcon_core.package_identification:_identify(src/interfaces) by extension 'ros'
[0.220s] DEBUG:colcon.colcon_core.package_identification:Package 'src/interfaces' with type 'ros.ament_cmake' and name 'interfaces'
[0.220s] Level 1:colcon.colcon_core.package_identification:_identify(src/talker_listener) by extensions ['ignore', 'ignore_ament_install']
[0.220s] Level 1:colcon.colcon_core.package_identification:_identify(src/talker_listener) by extension 'ignore'
[0.220s] Level 1:colcon.colcon_core.package_identification:_identify(src/talker_listener) by extension 'ignore_ament_install'
[0.220s] Level 1:colcon.colcon_core.package_identification:_identify(src/talker_listener) by extensions ['colcon_pkg']
[0.220s] Level 1:colcon.colcon_core.package_identification:_identify(src/talker_listener) by extension 'colcon_pkg'
[0.220s] Level 1:colcon.colcon_core.package_identification:_identify(src/talker_listener) by extensions ['colcon_meta']
[0.220s] Level 1:colcon.colcon_core.package_identification:_identify(src/talker_listener) by extension 'colcon_meta'
[0.220s] Level 1:colcon.colcon_core.package_identification:_identify(src/talker_listener) by extensions ['ros']
[0.220s] Level 1:colcon.colcon_core.package_identification:_identify(src/talker_listener) by extension 'ros'
[0.220s] DEBUG:colcon.colcon_core.package_identification:Package 'src/talker_listener' with type 'ros.ament_cmake' and name 'talker_listener'
[0.221s] Level 1:colcon.colcon_core.package_identification:_identify(src/talker_listener_py) by extensions ['ignore', 'ignore_ament_install']
[0.221s] Level 1:colcon.colcon_core.package_identification:_identify(src/talker_listener_py) by extension 'ignore'
[0.221s] Level 1:colcon.colcon_core.package_identification:_identify(src/talker_listener_py) by extension 'ignore_ament_install'
[0.221s] Level 1:colcon.colcon_core.package_identification:_identify(src/talker_listener_py) by extensions ['colcon_pkg']
[0.221s] Level 1:colcon.colcon_core.package_identification:_identify(src/talker_listener_py) by extension 'colcon_pkg'
[0.221s] Level 1:colcon.colcon_core.package_identification:_identify(src/talker_listener_py) by extensions ['colcon_meta']
[0.221s] Level 1:colcon.colcon_core.package_identification:_identify(src/talker_listener_py) by extension 'colcon_meta'
[0.221s] Level 1:colcon.colcon_core.package_identification:_identify(src/talker_listener_py) by extensions ['ros']
[0.221s] Level 1:colcon.colcon_core.package_identification:_identify(src/talker_listener_py) by extension 'ros'
[0.221s] DEBUG:colcon.colcon_core.package_identification:Package 'src/talker_listener_py' with type 'ros.ament_python' and name 'talker_listener_py'
[0.221s] Level 1:colcon.colcon_core.package_discovery:discover_packages(recursive) using defaults
[0.221s] Level 1:colcon.colcon_core.package_discovery:discover_packages(ignore) discover
[0.222s] Level 1:colcon.colcon_core.package_discovery:discover_packages(ignore) using defaults
[0.222s] Level 1:colcon.colcon_core.package_discovery:discover_packages(path) discover
[0.222s] Level 1:colcon.colcon_core.package_discovery:discover_packages(path) using defaults
[0.239s] Level 5:colcon.colcon_core.verb:set package 'interfaces' build argument 'cmake_args' from command line to 'None'
[0.239s] Level 5:colcon.colcon_core.verb:set package 'interfaces' build argument 'cmake_target' from command line to 'None'
[0.239s] Level 5:colcon.colcon_core.verb:set package 'interfaces' build argument 'cmake_target_skip_unavailable' from command line to 'False'
[0.239s] Level 5:colcon.colcon_core.verb:set package 'interfaces' build argument 'cmake_clean_cache' from command line to 'False'
[0.239s] Level 5:colcon.colcon_core.verb:set package 'interfaces' build argument 'cmake_clean_first' from command line to 'False'
[0.239s] Level 5:colcon.colcon_core.verb:set package 'interfaces' build argument 'cmake_force_configure' from command line to 'False'
[0.239s] Level 5:colcon.colcon_core.verb:set package 'interfaces' build argument 'ament_cmake_args' from command line to 'None'
[0.239s] Level 5:colcon.colcon_core.verb:set package 'interfaces' build argument 'catkin_cmake_args' from command line to 'None'
[0.239s] Level 5:colcon.colcon_core.verb:set package 'interfaces' build argument 'catkin_skip_building_tests' from command line to 'False'
[0.239s] DEBUG:colcon.colcon_core.verb:Building package 'interfaces' with the following arguments: {'ament_cmake_args': None, 'build_base': '/ros2/build/interfaces', 'catkin_cmake_args': None, 'catkin_skip_building_tests': False, 'cmake_args': None, 'cmake_clean_cache': False, 'cmake_clean_first': False, 'cmake_force_configure': False, 'cmake_target': None, 'cmake_target_skip_unavailable': False, 'install_base': '/ros2/install/interfaces', 'merge_install': False, 'path': '/ros2/src/interfaces', 'symlink_install': False, 'test_result_base': None}
[0.240s] Level 5:colcon.colcon_core.verb:set package 'talker_listener' build argument 'cmake_args' from command line to 'None'
[0.240s] Level 5:colcon.colcon_core.verb:set package 'talker_listener' build argument 'cmake_target' from command line to 'None'
[0.240s] Level 5:colcon.colcon_core.verb:set package 'talker_listener' build argument 'cmake_target_skip_unavailable' from command line to 'False'
[0.240s] Level 5:colcon.colcon_core.verb:set package 'talker_listener' build argument 'cmake_clean_cache' from command line to 'False'
[0.240s] Level 5:colcon.colcon_core.verb:set package 'talker_listener' build argument 'cmake_clean_first' from command line to 'False'
[0.240s] Level 5:colcon.colcon_core.verb:set package 'talker_listener' build argument 'cmake_force_configure' from command line to 'False'
[0.240s] Level 5:colcon.colcon_core.verb:set package 'talker_listener' build argument 'ament_cmake_args' from command line to 'None'
[0.240s] Level 5:colcon.colcon_core.verb:set package 'talker_listener' build argument 'catkin_cmake_args' from command line to 'None'
[0.240s] Level 5:colcon.colcon_core.verb:set package 'talker_listener' build argument 'catkin_skip_building_tests' from command line to 'False'
[0.240s] DEBUG:colcon.colcon_core.verb:Building package 'talker_listener' with the following arguments: {'ament_cmake_args': None, 'build_base': '/ros2/build/talker_listener', 'catkin_cmake_args': None, 'catkin_skip_building_tests': False, 'cmake_args': None, 'cmake_clean_cache': False, 'cmake_clean_first': False, 'cmake_force_configure': False, 'cmake_target': None, 'cmake_target_skip_unavailable': False, 'install_base': '/ros2/install/talker_listener', 'merge_install': False, 'path': '/ros2/src/talker_listener', 'symlink_install': False, 'test_result_base': None}
[0.240s] Level 5:colcon.colcon_core.verb:set package 'talker_listener_py' build argument 'cmake_args' from command line to 'None'
[0.240s] Level 5:colcon.colcon_core.verb:set package 'talker_listener_py' build argument 'cmake_target' from command line to 'None'
[0.240s] Level 5:colcon.colcon_core.verb:set package 'talker_listener_py' build argument 'cmake_target_skip_unavailable' from command line to 'False'
[0.240s] Level 5:colcon.colcon_core.verb:set package 'talker_listener_py' build argument 'cmake_clean_cache' from command line to 'False'
[0.240s] Level 5:colcon.colcon_core.verb:set package 'talker_listener_py' build argument 'cmake_clean_first' from command line to 'False'
[0.240s] Level 5:colcon.colcon_core.verb:set package 'talker_listener_py' build argument 'cmake_force_configure' from command line to 'False'
[0.240s] Level 5:colcon.colcon_core.verb:set package 'talker_listener_py' build argument 'ament_cmake_args' from command line to 'None'
[0.240s] Level 5:colcon.colcon_core.verb:set package 'talker_listener_py' build argument 'catkin_cmake_args' from command line to 'None'
[0.240s] Level 5:colcon.colcon_core.verb:set package 'talker_listener_py' build argument 'catkin_skip_building_tests' from command line to 'False'
[0.240s] DEBUG:colcon.colcon_core.verb:Building package 'talker_listener_py' with the following arguments: {'ament_cmake_args': None, 'build_base': '/ros2/build/talker_listener_py', 'catkin_cmake_args': None, 'catkin_skip_building_tests': False, 'cmake_args': None, 'cmake_clean_cache': False, 'cmake_clean_first': False, 'cmake_force_configure': False, 'cmake_target': None, 'cmake_target_skip_unavailable': False, 'install_base': '/ros2/install/talker_listener_py', 'merge_install': False, 'path': '/ros2/src/talker_listener_py', 'symlink_install': False, 'test_result_base': None}
[0.240s] INFO:colcon.colcon_core.executor:Executing jobs using 'parallel' executor
[0.241s] DEBUG:colcon.colcon_parallel_executor.executor.parallel:run_until_complete
[0.241s] INFO:colcon.colcon_ros.task.ament_cmake.build:Building ROS package in '/ros2/src/interfaces' with build type 'ament_cmake'
[0.241s] INFO:colcon.colcon_cmake.task.cmake.build:Building CMake package in '/ros2/src/interfaces'
[0.243s] INFO:colcon.colcon_core.plugin_system:Skipping extension 'colcon_core.shell.bat': Not used on non-Windows systems
[0.244s] INFO:colcon.colcon_core.shell:Skip shell extension 'powershell' for command environment: Not usable outside of PowerShell
[0.244s] DEBUG:colcon.colcon_core.shell:Skip shell extension 'dsv' for command environment
[0.247s] INFO:colcon.colcon_ros.task.ament_cmake.build:Building ROS package in '/ros2/src/talker_listener' with build type 'ament_cmake'
[0.247s] INFO:colcon.colcon_cmake.task.cmake.build:Building CMake package in '/ros2/src/talker_listener'
[0.248s] INFO:colcon.colcon_core.shell:Skip shell extension 'powershell' for command environment: Not usable outside of PowerShell
[0.248s] DEBUG:colcon.colcon_core.shell:Skip shell extension 'dsv' for command environment
[0.251s] INFO:colcon.colcon_ros.task.ament_python.build:Building ROS package in '/ros2/src/talker_listener_py' with build type 'ament_python'
[0.251s] Level 1:colcon.colcon_core.shell:create_environment_hook('talker_listener_py', 'ament_prefix_path')
[0.251s] INFO:colcon.colcon_core.shell:Creating environment hook '/ros2/install/talker_listener_py/share/talker_listener_py/hook/ament_prefix_path.ps1'
[0.252s] INFO:colcon.colcon_core.shell:Creating environment descriptor '/ros2/install/talker_listener_py/share/talker_listener_py/hook/ament_prefix_path.dsv'
[0.252s] INFO:colcon.colcon_core.shell:Creating environment hook '/ros2/install/talker_listener_py/share/talker_listener_py/hook/ament_prefix_path.sh'
[0.253s] INFO:colcon.colcon_core.shell:Skip shell extension 'powershell' for command environment: Not usable outside of PowerShell
[0.253s] DEBUG:colcon.colcon_core.shell:Skip shell extension 'dsv' for command environment
[0.258s] DEBUG:colcon.colcon_core.event_handler.log_command:Invoking command in '/ros2/build/interfaces': CMAKE_PREFIX_PATH=${CMAKE_PREFIX_PATH}:/ros2/install/talker_listener_py:/opt/ros/humble /usr/bin/cmake /ros2/src/interfaces -DCMAKE_INSTALL_PREFIX=/ros2/install/interfaces
[0.264s] DEBUG:colcon.colcon_core.event_handler.log_command:Invoking command in '/ros2/build/talker_listener': CMAKE_PREFIX_PATH=${CMAKE_PREFIX_PATH}:/ros2/install/talker_listener_py:/opt/ros/humble /usr/bin/cmake --build /ros2/build/talker_listener -- -j12 -l12
[0.463s] INFO:colcon.colcon_core.task.python.build:Building Python package in '/ros2/src/talker_listener_py'
[0.464s] INFO:colcon.colcon_core.shell:Skip shell extension 'powershell' for command environment: Not usable outside of PowerShell
[0.464s] DEBUG:colcon.colcon_core.shell:Skip shell extension 'dsv' for command environment
[0.720s] DEBUG:colcon.colcon_core.event_handler.log_command:Invoking command in '/ros2/src/talker_listener_py': PYTHONPATH=/ros2/build/talker_listener_py/prefix_override:/usr/lib/python3/dist-packages/colcon_core/task/python/colcon_distutils_commands:/ros2/install/talker_listener_py/lib/python3.10/site-packages:${PYTHONPATH} /usr/bin/python3 -W ignore:setup.py install is deprecated -W ignore:easy_install command is deprecated setup.py egg_info --egg-base ../../build/talker_listener_py build --build-base /ros2/build/talker_listener_py/build install --record /ros2/build/talker_listener_py/install.log --single-version-externally-managed install_data
[0.747s] DEBUG:colcon.colcon_core.event_handler.log_command:Invoked command in '/ros2/build/talker_listener' returned '0': CMAKE_PREFIX_PATH=${CMAKE_PREFIX_PATH}:/ros2/install/talker_listener_py:/opt/ros/humble /usr/bin/cmake --build /ros2/build/talker_listener -- -j12 -l12
[0.756s] DEBUG:colcon.colcon_core.event_handler.log_command:Invoking command in '/ros2/build/talker_listener': CMAKE_PREFIX_PATH=${CMAKE_PREFIX_PATH}:/ros2/install/talker_listener_py:/opt/ros/humble /usr/bin/cmake --install /ros2/build/talker_listener
[0.765s] Level 1:colcon.colcon_core.environment:create_environment_scripts_only(talker_listener)
[0.766s] DEBUG:colcon.colcon_core.event_handler.log_command:Invoked command in '/ros2/build/talker_listener' returned '0': CMAKE_PREFIX_PATH=${CMAKE_PREFIX_PATH}:/ros2/install/talker_listener_py:/opt/ros/humble /usr/bin/cmake --install /ros2/build/talker_listener
[0.768s] Level 1:colcon.colcon_core.environment:checking '/ros2/install/talker_listener' for CMake module files
[0.768s] Level 1:colcon.colcon_core.environment:checking '/ros2/install/talker_listener' for CMake config files
[0.768s] Level 1:colcon.colcon_core.shell:create_environment_hook('talker_listener', 'cmake_prefix_path')
[0.768s] INFO:colcon.colcon_core.shell:Creating environment hook '/ros2/install/talker_listener/share/talker_listener/hook/cmake_prefix_path.ps1'
[0.769s] INFO:colcon.colcon_core.shell:Creating environment descriptor '/ros2/install/talker_listener/share/talker_listener/hook/cmake_prefix_path.dsv'
[0.769s] INFO:colcon.colcon_core.shell:Creating environment hook '/ros2/install/talker_listener/share/talker_listener/hook/cmake_prefix_path.sh'
[0.770s] Level 1:colcon.colcon_core.environment:checking '/ros2/install/talker_listener/lib'
[0.770s] Level 1:colcon.colcon_core.environment:checking '/ros2/install/talker_listener/bin'
[0.770s] Level 1:colcon.colcon_core.environment:checking '/ros2/install/talker_listener/lib/pkgconfig/talker_listener.pc'
[0.770s] Level 1:colcon.colcon_core.environment:checking '/ros2/install/talker_listener/lib/python3.10/site-packages'
[0.770s] Level 1:colcon.colcon_core.environment:checking '/ros2/install/talker_listener/bin'
[0.771s] INFO:colcon.colcon_core.shell:Creating package script '/ros2/install/talker_listener/share/talker_listener/package.ps1'
[0.772s] INFO:colcon.colcon_core.shell:Creating package descriptor '/ros2/install/talker_listener/share/talker_listener/package.dsv'
[0.772s] INFO:colcon.colcon_core.shell:Creating package script '/ros2/install/talker_listener/share/talker_listener/package.sh'
[0.773s] INFO:colcon.colcon_core.shell:Creating package script '/ros2/install/talker_listener/share/talker_listener/package.bash'
[0.774s] INFO:colcon.colcon_core.shell:Creating package script '/ros2/install/talker_listener/share/talker_listener/package.zsh'
[0.774s] Level 1:colcon.colcon_core.environment:create_file_with_runtime_dependencies(/ros2/install/talker_listener/share/colcon-core/packages/talker_listener)
[0.775s] Level 1:colcon.colcon_core.environment:create_environment_scripts_only(talker_listener)
[0.775s] Level 1:colcon.colcon_core.environment:checking '/ros2/install/talker_listener' for CMake module files
[0.775s] Level 1:colcon.colcon_core.environment:checking '/ros2/install/talker_listener' for CMake config files
[0.776s] Level 1:colcon.colcon_core.shell:create_environment_hook('talker_listener', 'cmake_prefix_path')
[0.776s] INFO:colcon.colcon_core.shell:Creating environment hook '/ros2/install/talker_listener/share/talker_listener/hook/cmake_prefix_path.ps1'
[0.776s] INFO:colcon.colcon_core.shell:Creating environment descriptor '/ros2/install/talker_listener/share/talker_listener/hook/cmake_prefix_path.dsv'
[0.776s] INFO:colcon.colcon_core.shell:Creating environment hook '/ros2/install/talker_listener/share/talker_listener/hook/cmake_prefix_path.sh'
[0.777s] Level 1:colcon.colcon_core.environment:checking '/ros2/install/talker_listener/lib'
[0.777s] Level 1:colcon.colcon_core.environment:checking '/ros2/install/talker_listener/bin'
[0.777s] Level 1:colcon.colcon_core.environment:checking '/ros2/install/talker_listener/lib/pkgconfig/talker_listener.pc'
[0.777s] Level 1:colcon.colcon_core.environment:checking '/ros2/install/talker_listener/lib/python3.10/site-packages'
[0.778s] Level 1:colcon.colcon_core.environment:checking '/ros2/install/talker_listener/bin'
[0.778s] INFO:colcon.colcon_core.shell:Creating package script '/ros2/install/talker_listener/share/talker_listener/package.ps1'
[0.779s] INFO:colcon.colcon_core.shell:Creating package descriptor '/ros2/install/talker_listener/share/talker_listener/package.dsv'
[0.779s] INFO:colcon.colcon_core.shell:Creating package script '/ros2/install/talker_listener/share/talker_listener/package.sh'
[0.779s] INFO:colcon.colcon_core.shell:Creating package script '/ros2/install/talker_listener/share/talker_listener/package.bash'
[0.780s] INFO:colcon.colcon_core.shell:Creating package script '/ros2/install/talker_listener/share/talker_listener/package.zsh'
[0.780s] Level 1:colcon.colcon_core.environment:create_file_with_runtime_dependencies(/ros2/install/talker_listener/share/colcon-core/packages/talker_listener)
[0.819s] DEBUG:colcon.colcon_core.event_handler.log_command:Invoked command in '/ros2/build/interfaces' returned '1': CMAKE_PREFIX_PATH=${CMAKE_PREFIX_PATH}:/ros2/install/talker_listener_py:/opt/ros/humble /usr/bin/cmake /ros2/src/interfaces -DCMAKE_INSTALL_PREFIX=/ros2/install/interfaces
[0.829s] Level 1:colcon.colcon_core.environment:create_environment_scripts_only(interfaces)
[0.829s] Level 1:colcon.colcon_core.environment:checking '/ros2/install/interfaces' for CMake module files
[0.829s] Level 1:colcon.colcon_core.environment:checking '/ros2/install/interfaces' for CMake config files
[0.829s] Level 1:colcon.colcon_core.environment:checking '/ros2/install/interfaces/bin'
[0.829s] Level 1:colcon.colcon_core.environment:checking '/ros2/install/interfaces/lib/pkgconfig/interfaces.pc'
[0.830s] Level 1:colcon.colcon_core.environment:checking '/ros2/install/interfaces/lib/python3.10/site-packages'
[0.830s] Level 1:colcon.colcon_core.environment:checking '/ros2/install/interfaces/bin'
[0.830s] INFO:colcon.colcon_core.shell:Creating package script '/ros2/install/interfaces/share/interfaces/package.ps1'
[0.831s] INFO:colcon.colcon_core.shell:Creating package descriptor '/ros2/install/interfaces/share/interfaces/package.dsv'
[0.831s] INFO:colcon.colcon_core.shell:Creating package script '/ros2/install/interfaces/share/interfaces/package.sh'
[0.832s] INFO:colcon.colcon_core.shell:Creating package script '/ros2/install/interfaces/share/interfaces/package.bash'
[0.832s] INFO:colcon.colcon_core.shell:Creating package script '/ros2/install/interfaces/share/interfaces/package.zsh'
[0.832s] Level 1:colcon.colcon_core.environment:create_file_with_runtime_dependencies(/ros2/install/interfaces/share/colcon-core/packages/interfaces)
[0.967s] DEBUG:colcon.colcon_parallel_executor.executor.parallel:closing loop
[0.967s] DEBUG:colcon.colcon_parallel_executor.executor.parallel:loop closed
[0.967s] DEBUG:colcon.colcon_parallel_executor.executor.parallel:run_until_complete finished with '1'
[0.967s] DEBUG:colcon.colcon_core.event_reactor:joining thread
[0.972s] INFO:colcon.colcon_core.plugin_system:Skipping extension 'colcon_notification.desktop_notification.notify_send': Could not find 'notify-send'
[0.972s] INFO:colcon.colcon_core.plugin_system:Skipping extension 'colcon_notification.desktop_notification.terminal_notifier': Not used on non-Darwin systems
[0.972s] INFO:colcon.colcon_core.plugin_system:Skipping extension 'colcon_notification.desktop_notification.win32': Not used on non-Windows systems
[0.972s] INFO:colcon.colcon_notification.desktop_notification:Sending desktop notification using 'notify2'
[0.972s] DEBUG:colcon.colcon_notification.desktop_notification.notify2:Failed to initialize notify2: org.freedesktop.DBus.Error.NotSupported: Unable to autolaunch a dbus-daemon without a $DISPLAY for X11
[0.972s] DEBUG:colcon.colcon_core.event_reactor:joined thread
[0.972s] INFO:colcon.colcon_core.shell:Creating prefix script '/ros2/install/local_setup.ps1'
[0.973s] INFO:colcon.colcon_core.shell:Creating prefix util module '/ros2/install/_local_setup_util_ps1.py'
[0.975s] INFO:colcon.colcon_core.shell:Creating prefix chain script '/ros2/install/setup.ps1'
[0.976s] INFO:colcon.colcon_core.shell:Creating prefix script '/ros2/install/local_setup.sh'
[0.976s] INFO:colcon.colcon_core.shell:Creating prefix util module '/ros2/install/_local_setup_util_sh.py'
[0.977s] INFO:colcon.colcon_core.shell:Creating prefix chain script '/ros2/install/setup.sh'
[0.978s] INFO:colcon.colcon_core.shell:Creating prefix script '/ros2/install/local_setup.bash'
[0.978s] INFO:colcon.colcon_core.shell:Creating prefix chain script '/ros2/install/setup.bash'
[0.979s] INFO:colcon.colcon_core.shell:Creating prefix script '/ros2/install/local_setup.zsh'
[0.979s] INFO:colcon.colcon_core.shell:Creating prefix chain script '/ros2/install/setup.zsh'
