[0.016s] Invoking command in '/ros2/build/interfaces': CMAKE_PREFIX_PATH=${CMAKE_PREFIX_PATH}:/ros2/install/talker_listener_py:/opt/ros/humble /usr/bin/cmake /ros2/src/interfaces -DCMAKE_INSTALL_PREFIX=/ros2/install/interfaces
[0.068s] -- The C compiler identification is GNU 11.4.0
[0.127s] -- The CXX compiler identification is GNU 11.4.0
[0.134s] -- Detecting C compiler ABI info
[0.197s] -- Detecting C compiler ABI info - done
[0.211s] -- Check for working C compiler: /usr/bin/cc - skipped
[0.211s] -- Detecting C compile features
[0.211s] -- Detecting C compile features - done
[0.216s] -- Detecting CXX compiler ABI info
[0.285s] -- Detecting CXX compiler ABI info - done
[0.292s] -- Check for working CXX compiler: /usr/bin/c++ - skipped
[0.292s] -- Detecting CXX compile features
[0.292s] -- Detecting CXX compile features - done
[0.294s] -- Found ament_cmake: 1.3.14 (/opt/ros/humble/share/ament_cmake/cmake)
[0.411s] -- Found Python3: /usr/bin/python3 (found version "3.10.12") found components: Interpreter 
[0.493s] -- Found rosidl_default_generators: 1.2.1 (/opt/ros/humble/share/rosidl_default_generators/cmake)
[0.495s] -- Using all available rosidl_typesupport_c: rosidl_typesupport_fastrtps_c;rosidl_typesupport_introspection_c
[0.501s] -- Found rosidl_adapter: 3.1.8 (/opt/ros/humble/share/rosidl_adapter/cmake)
[0.537s] -- Using all available rosidl_typesupport_cpp: rosidl_typesupport_fastrtps_cpp;rosidl_typesupport_introspection_cpp
[0.572s] [31mCMake Error at /opt/ros/humble/share/rosidl_cmake/cmake/rosidl_generate_interfaces.cmake:93 (message):
[0.573s]   rosidl_generate_interfaces() the passed file 'msg/VehicleStatu.msg' doesn't
[0.573s]   exist relative to the CMAKE_CURRENT_SOURCE_DIR '/ros2/src/interfaces'
[0.573s] Call Stack (most recent call first):
[0.573s]   CMakeLists.txt:12 (rosidl_generate_interfaces)
[0.573s] 
[0.573s] [0m
[0.573s] -- Configuring incomplete, errors occurred!
[0.573s] See also "/ros2/build/interfaces/CMakeFiles/CMakeOutput.log".
[0.577s] Invoked command in '/ros2/build/interfaces' returned '1': CMAKE_PREFIX_PATH=${CMAKE_PREFIX_PATH}:/ros2/install/talker_listener_py:/opt/ros/humble /usr/bin/cmake /ros2/src/interfaces -DCMAKE_INSTALL_PREFIX=/ros2/install/interfaces
