[0.261s] Invoking command in '/home/will/Will/RANCS/RANCS-introduction/ros2/build/talker_listener': CMAKE_PREFIX_PATH=/opt/ros/humble DEBUGINFOD_URLS=https://debuginfod.archlinux.org PS1=[\u@\h \W]\$ /usr/bin/cmake /home/will/Will/RANCS/RANCS-introduction/ros2/src/talker_listener -DCMAKE_INSTALL_PREFIX=/home/will/Will/RANCS/RANCS-introduction/ros2/install/talker_listener
[0.323s] -- The C compiler identification is GNU 11.4.0
[0.393s] -- The CXX compiler identification is GNU 11.4.0
[0.405s] -- Detecting C compiler ABI info
[0.489s] -- Detecting C compiler ABI info - done
[0.500s] -- Check for working C compiler: /usr/bin/cc - skipped
[0.501s] -- Detecting C compile features
[0.501s] -- Detecting C compile features - done
[0.504s] -- Detecting CXX compiler ABI info
[0.624s] -- Detecting CXX compiler ABI info - done
[0.639s] -- Check for working CXX compiler: /usr/bin/c++ - skipped
[0.640s] -- Detecting CXX compile features
[0.641s] -- Detecting CXX compile features - done
[0.647s] -- Found ament_cmake: 1.3.14 (/opt/ros/humble/share/ament_cmake/cmake)
[0.820s] -- Found Python3: /usr/bin/python3 (found version "3.10.12") found components: Interpreter 
[0.971s] -- Found rclcpp: 16.0.19 (/opt/ros/humble/share/rclcpp/cmake)
[1.041s] -- Found rosidl_generator_c: 3.1.8 (/opt/ros/humble/share/rosidl_generator_c/cmake)
[1.050s] -- Found rosidl_adapter: 3.1.8 (/opt/ros/humble/share/rosidl_adapter/cmake)
[1.071s] -- Found rosidl_generator_cpp: 3.1.8 (/opt/ros/humble/share/rosidl_generator_cpp/cmake)
[1.094s] -- Using all available rosidl_typesupport_c: rosidl_typesupport_fastrtps_c;rosidl_typesupport_introspection_c
[1.116s] -- Using all available rosidl_typesupport_cpp: rosidl_typesupport_fastrtps_cpp;rosidl_typesupport_introspection_cpp
[1.172s] -- Found rmw_implementation_cmake: 6.1.2 (/opt/ros/humble/share/rmw_implementation_cmake/cmake)
[1.176s] -- Found rmw_fastrtps_cpp: 6.2.10 (/opt/ros/humble/share/rmw_fastrtps_cpp/cmake)
[1.304s] -- Found OpenSSL: /usr/lib/x86_64-linux-gnu/libcrypto.so (found version "3.0.2")  
[1.340s] -- Found FastRTPS: /opt/ros/humble/include  
[1.387s] -- Using RMW implementation 'rmw_fastrtps_cpp' as default
[1.399s] -- Looking for pthread.h
[1.483s] -- Looking for pthread.h - found
[1.483s] -- Performing Test CMAKE_HAVE_LIBC_PTHREAD
[1.565s] -- Performing Test CMAKE_HAVE_LIBC_PTHREAD - Success
[1.566s] -- Found Threads: TRUE  
[1.663s] -- Found ament_lint_auto: 0.12.15 (/opt/ros/humble/share/ament_lint_auto/cmake)
[1.770s] -- Added test 'cppcheck' to perform static code analysis on C / C++ code
[1.770s] -- Configured cppcheck include dirs: 
[1.770s] -- Configured cppcheck exclude dirs and/or files: 
[1.772s] -- Added test 'lint_cmake' to check CMake code style
[1.774s] -- Added test 'uncrustify' to check C / C++ code style
[1.775s] -- Configured uncrustify additional arguments: 
[1.776s] -- Added test 'xmllint' to check XML markup files
[1.778s] -- Configuring done
[1.803s] -- Generating done
[1.809s] -- Build files have been written to: /home/will/Will/RANCS/RANCS-introduction/ros2/build/talker_listener
[1.819s] Invoked command in '/home/will/Will/RANCS/RANCS-introduction/ros2/build/talker_listener' returned '0': CMAKE_PREFIX_PATH=/opt/ros/humble DEBUGINFOD_URLS=https://debuginfod.archlinux.org PS1=[\u@\h \W]\$ /usr/bin/cmake /home/will/Will/RANCS/RANCS-introduction/ros2/src/talker_listener -DCMAKE_INSTALL_PREFIX=/home/will/Will/RANCS/RANCS-introduction/ros2/install/talker_listener
[1.821s] Invoking command in '/home/will/Will/RANCS/RANCS-introduction/ros2/build/talker_listener': CMAKE_PREFIX_PATH=/opt/ros/humble DEBUGINFOD_URLS=https://debuginfod.archlinux.org PS1=[\u@\h \W]\$ /usr/bin/cmake --build /home/will/Will/RANCS/RANCS-introduction/ros2/build/talker_listener -- -j12 -l12
[1.879s] [ 25%] [32mBuilding CXX object CMakeFiles/listener.dir/src/listener.cpp.o[0m
[1.879s] [ 50%] [32mBuilding CXX object CMakeFiles/talker.dir/src/talker.cpp.o[0m
[9.828s] [ 75%] [32m[1mLinking CXX executable talker[0m
[10.161s] [ 75%] Built target talker
[15.198s] [100%] [32m[1mLinking CXX executable listener[0m
[15.743s] [100%] Built target listener
[15.755s] Invoked command in '/home/will/Will/RANCS/RANCS-introduction/ros2/build/talker_listener' returned '0': CMAKE_PREFIX_PATH=/opt/ros/humble DEBUGINFOD_URLS=https://debuginfod.archlinux.org PS1=[\u@\h \W]\$ /usr/bin/cmake --build /home/will/Will/RANCS/RANCS-introduction/ros2/build/talker_listener -- -j12 -l12
[15.758s] Invoking command in '/home/will/Will/RANCS/RANCS-introduction/ros2/build/talker_listener': CMAKE_PREFIX_PATH=/opt/ros/humble DEBUGINFOD_URLS=https://debuginfod.archlinux.org PS1=[\u@\h \W]\$ /usr/bin/cmake --install /home/will/Will/RANCS/RANCS-introduction/ros2/build/talker_listener
[15.765s] -- Install configuration: ""
[15.765s] -- Installing: /home/will/Will/RANCS/RANCS-introduction/ros2/install/talker_listener/lib/talker_listener/talker
[15.766s] -- Set runtime path of "/home/will/Will/RANCS/RANCS-introduction/ros2/install/talker_listener/lib/talker_listener/talker" to ""
[15.766s] -- Installing: /home/will/Will/RANCS/RANCS-introduction/ros2/install/talker_listener/lib/talker_listener/listener
[15.769s] -- Set runtime path of "/home/will/Will/RANCS/RANCS-introduction/ros2/install/talker_listener/lib/talker_listener/listener" to ""
[15.769s] -- Installing: /home/will/Will/RANCS/RANCS-introduction/ros2/install/talker_listener/share/ament_index/resource_index/package_run_dependencies/talker_listener
[15.769s] -- Installing: /home/will/Will/RANCS/RANCS-introduction/ros2/install/talker_listener/share/ament_index/resource_index/parent_prefix_path/talker_listener
[15.769s] -- Installing: /home/will/Will/RANCS/RANCS-introduction/ros2/install/talker_listener/share/talker_listener/environment/ament_prefix_path.sh
[15.769s] -- Installing: /home/will/Will/RANCS/RANCS-introduction/ros2/install/talker_listener/share/talker_listener/environment/ament_prefix_path.dsv
[15.769s] -- Installing: /home/will/Will/RANCS/RANCS-introduction/ros2/install/talker_listener/share/talker_listener/environment/path.sh
[15.770s] -- Installing: /home/will/Will/RANCS/RANCS-introduction/ros2/install/talker_listener/share/talker_listener/environment/path.dsv
[15.770s] -- Installing: /home/will/Will/RANCS/RANCS-introduction/ros2/install/talker_listener/share/talker_listener/local_setup.bash
[15.770s] -- Installing: /home/will/Will/RANCS/RANCS-introduction/ros2/install/talker_listener/share/talker_listener/local_setup.sh
[15.770s] -- Installing: /home/will/Will/RANCS/RANCS-introduction/ros2/install/talker_listener/share/talker_listener/local_setup.zsh
[15.770s] -- Installing: /home/will/Will/RANCS/RANCS-introduction/ros2/install/talker_listener/share/talker_listener/local_setup.dsv
[15.770s] -- Installing: /home/will/Will/RANCS/RANCS-introduction/ros2/install/talker_listener/share/talker_listener/package.dsv
[15.770s] -- Installing: /home/will/Will/RANCS/RANCS-introduction/ros2/install/talker_listener/share/ament_index/resource_index/packages/talker_listener
[15.770s] -- Installing: /home/will/Will/RANCS/RANCS-introduction/ros2/install/talker_listener/share/talker_listener/cmake/talker_listenerConfig.cmake
[15.770s] -- Installing: /home/will/Will/RANCS/RANCS-introduction/ros2/install/talker_listener/share/talker_listener/cmake/talker_listenerConfig-version.cmake
[15.771s] -- Installing: /home/will/Will/RANCS/RANCS-introduction/ros2/install/talker_listener/share/talker_listener/package.xml
[15.773s] Invoked command in '/home/will/Will/RANCS/RANCS-introduction/ros2/build/talker_listener' returned '0': CMAKE_PREFIX_PATH=/opt/ros/humble DEBUGINFOD_URLS=https://debuginfod.archlinux.org PS1=[\u@\h \W]\$ /usr/bin/cmake --install /home/will/Will/RANCS/RANCS-introduction/ros2/build/talker_listener
