[0.021s] Invoking command in '/home/will/Will/RANCS/RANCS-introduction/ros2/build/vehicle_status': CMAKE_PREFIX_PATH=/home/will/Will/RANCS/RANCS-introduction/ros2/install/interfaces:/home/will/Will/RANCS/RANCS-introduction/ros2/install/vehicle_status:/home/will/Will/RANCS/RANCS-introduction/ros2/install/talker_listener:/home/will/Will/RANCS/RANCS-introduction/ros2/install/imu:/home/will/Will/RANCS/RANCS-introduction/ros2/install/vehicle_status_py:/home/will/Will/RANCS/RANCS-introduction/ros2/install/talker_listener_py:/home/will/Will/RANCS/RANCS-introduction/ros2/install/imu_py:/opt/ros/humble DEBUGINFOD_URLS=https://debuginfod.archlinux.org PS1=[\u@\h \W]\$ /usr/bin/cmake --build /home/will/Will/RANCS/RANCS-introduction/ros2/build/vehicle_status -- -j12 -l12
[0.096s] [100%] Built target vehicle_status_subscriber
[0.096s] [100%] Built target vehicle_status_publisher
[0.331s] Invoked command in '/home/will/Will/RANCS/RANCS-introduction/ros2/build/vehicle_status' returned '0': CMAKE_PREFIX_PATH=/home/will/Will/RANCS/RANCS-introduction/ros2/install/interfaces:/home/will/Will/RANCS/RANCS-introduction/ros2/install/vehicle_status:/home/will/Will/RANCS/RANCS-introduction/ros2/install/talker_listener:/home/will/Will/RANCS/RANCS-introduction/ros2/install/imu:/home/will/Will/RANCS/RANCS-introduction/ros2/install/vehicle_status_py:/home/will/Will/RANCS/RANCS-introduction/ros2/install/talker_listener_py:/home/will/Will/RANCS/RANCS-introduction/ros2/install/imu_py:/opt/ros/humble DEBUGINFOD_URLS=https://debuginfod.archlinux.org PS1=[\u@\h \W]\$ /usr/bin/cmake --build /home/will/Will/RANCS/RANCS-introduction/ros2/build/vehicle_status -- -j12 -l12
[0.332s] Invoking command in '/home/will/Will/RANCS/RANCS-introduction/ros2/build/vehicle_status': CMAKE_PREFIX_PATH=/home/will/Will/RANCS/RANCS-introduction/ros2/install/interfaces:/home/will/Will/RANCS/RANCS-introduction/ros2/install/vehicle_status:/home/will/Will/RANCS/RANCS-introduction/ros2/install/talker_listener:/home/will/Will/RANCS/RANCS-introduction/ros2/install/imu:/home/will/Will/RANCS/RANCS-introduction/ros2/install/vehicle_status_py:/home/will/Will/RANCS/RANCS-introduction/ros2/install/talker_listener_py:/home/will/Will/RANCS/RANCS-introduction/ros2/install/imu_py:/opt/ros/humble DEBUGINFOD_URLS=https://debuginfod.archlinux.org PS1=[\u@\h \W]\$ /usr/bin/cmake --install /home/will/Will/RANCS/RANCS-introduction/ros2/build/vehicle_status
[0.340s] -- Install configuration: ""
[0.340s] -- Up-to-date: /home/will/Will/RANCS/RANCS-introduction/ros2/install/vehicle_status/lib/vehicle_status/vehicle_status_publisher
[0.340s] -- Up-to-date: /home/will/Will/RANCS/RANCS-introduction/ros2/install/vehicle_status/lib/vehicle_status/vehicle_status_subscriber
[0.340s] -- Up-to-date: /home/will/Will/RANCS/RANCS-introduction/ros2/install/vehicle_status/share/ament_index/resource_index/package_run_dependencies/vehicle_status
[0.340s] -- Up-to-date: /home/will/Will/RANCS/RANCS-introduction/ros2/install/vehicle_status/share/ament_index/resource_index/parent_prefix_path/vehicle_status
[0.340s] -- Up-to-date: /home/will/Will/RANCS/RANCS-introduction/ros2/install/vehicle_status/share/vehicle_status/environment/ament_prefix_path.sh
[0.340s] -- Up-to-date: /home/will/Will/RANCS/RANCS-introduction/ros2/install/vehicle_status/share/vehicle_status/environment/ament_prefix_path.dsv
[0.340s] -- Up-to-date: /home/will/Will/RANCS/RANCS-introduction/ros2/install/vehicle_status/share/vehicle_status/environment/path.sh
[0.341s] -- Up-to-date: /home/will/Will/RANCS/RANCS-introduction/ros2/install/vehicle_status/share/vehicle_status/environment/path.dsv
[0.341s] -- Up-to-date: /home/will/Will/RANCS/RANCS-introduction/ros2/install/vehicle_status/share/vehicle_status/local_setup.bash
[0.341s] -- Up-to-date: /home/will/Will/RANCS/RANCS-introduction/ros2/install/vehicle_status/share/vehicle_status/local_setup.sh
[0.341s] -- Up-to-date: /home/will/Will/RANCS/RANCS-introduction/ros2/install/vehicle_status/share/vehicle_status/local_setup.zsh
[0.341s] -- Up-to-date: /home/will/Will/RANCS/RANCS-introduction/ros2/install/vehicle_status/share/vehicle_status/local_setup.dsv
[0.341s] -- Installing: /home/will/Will/RANCS/RANCS-introduction/ros2/install/vehicle_status/share/vehicle_status/package.dsv
[0.341s] -- Up-to-date: /home/will/Will/RANCS/RANCS-introduction/ros2/install/vehicle_status/share/ament_index/resource_index/packages/vehicle_status
[0.341s] -- Up-to-date: /home/will/Will/RANCS/RANCS-introduction/ros2/install/vehicle_status/share/vehicle_status/cmake/vehicle_statusConfig.cmake
[0.341s] -- Up-to-date: /home/will/Will/RANCS/RANCS-introduction/ros2/install/vehicle_status/share/vehicle_status/cmake/vehicle_statusConfig-version.cmake
[0.341s] -- Up-to-date: /home/will/Will/RANCS/RANCS-introduction/ros2/install/vehicle_status/share/vehicle_status/package.xml
[0.344s] Invoked command in '/home/will/Will/RANCS/RANCS-introduction/ros2/build/vehicle_status' returned '0': CMAKE_PREFIX_PATH=/home/will/Will/RANCS/RANCS-introduction/ros2/install/interfaces:/home/will/Will/RANCS/RANCS-introduction/ros2/install/vehicle_status:/home/will/Will/RANCS/RANCS-introduction/ros2/install/talker_listener:/home/will/Will/RANCS/RANCS-introduction/ros2/install/imu:/home/will/Will/RANCS/RANCS-introduction/ros2/install/vehicle_status_py:/home/will/Will/RANCS/RANCS-introduction/ros2/install/talker_listener_py:/home/will/Will/RANCS/RANCS-introduction/ros2/install/imu_py:/opt/ros/humble DEBUGINFOD_URLS=https://debuginfod.archlinux.org PS1=[\u@\h \W]\$ /usr/bin/cmake --install /home/will/Will/RANCS/RANCS-introduction/ros2/build/vehicle_status
