[0.030s] Invoking command in '/home/will/Will/RANCS/RANCS-introduction/ros2/build/interfaces': CMAKE_PREFIX_PATH=/opt/ros/humble DEBUGINFOD_URLS=https://debuginfod.archlinux.org PS1=[\u@\h \W]\$ /usr/bin/cmake /home/will/Will/RANCS/RANCS-introduction/ros2/src/interfaces -DCMAKE_INSTALL_PREFIX=/home/will/Will/RANCS/RANCS-introduction/ros2/install/interfaces
[0.280s] -- The C compiler identification is GNU 11.4.0
[0.280s] -- The CXX compiler identification is GNU 11.4.0
[0.280s] -- Detecting C compiler ABI info
[0.280s] -- Detecting C compiler ABI info - done
[0.280s] -- Check for working C compiler: /usr/bin/cc - skipped
[0.280s] -- Detecting C compile features
[0.280s] -- Detecting C compile features - done
[0.281s] -- Detecting CXX compiler ABI info
[0.361s] -- Detecting CXX compiler ABI info - done
[0.369s] -- Check for working CXX compiler: /usr/bin/c++ - skipped
[0.369s] -- Detecting CXX compile features
[0.370s] -- Detecting CXX compile features - done
[0.374s] -- Found ament_cmake: 1.3.14 (/opt/ros/humble/share/ament_cmake/cmake)
[0.546s] -- Found Python3: /usr/bin/python3 (found version "3.10.12") found components: Interpreter 
[0.700s] -- Found rosidl_default_generators: 1.2.1 (/opt/ros/humble/share/rosidl_default_generators/cmake)
[0.704s] -- Using all available rosidl_typesupport_c: rosidl_typesupport_fastrtps_c;rosidl_typesupport_introspection_c
[0.718s] -- Found rosidl_adapter: 3.1.8 (/opt/ros/humble/share/rosidl_adapter/cmake)
[0.775s] -- Using all available rosidl_typesupport_cpp: rosidl_typesupport_fastrtps_cpp;rosidl_typesupport_introspection_cpp
[1.156s] -- Found ament_cmake_ros: 0.10.0 (/opt/ros/humble/share/ament_cmake_ros/cmake)
[1.402s] -- Using all available rosidl_typesupport_c: rosidl_typesupport_fastrtps_c;rosidl_typesupport_introspection_c
[1.660s] -- Using all available rosidl_typesupport_cpp: rosidl_typesupport_fastrtps_cpp;rosidl_typesupport_introspection_cpp
[1.681s] -- Found PythonInterp: /usr/bin/python3 (found suitable version "3.10.12", minimum required is "3.6") 
[1.683s] -- Found python_cmake_module: 0.10.0 (/opt/ros/humble/share/python_cmake_module/cmake)
[1.706s] -- Found PythonLibs: /usr/lib/x86_64-linux-gnu/libpython3.10.so (found suitable version "3.10.12", minimum required is "3.5") 
[1.706s] -- Using PYTHON_EXECUTABLE: /usr/bin/python3
[1.707s] -- Using PYTHON_INCLUDE_DIRS: /usr/include/python3.10
[1.707s] -- Using PYTHON_LIBRARIES: /usr/lib/x86_64-linux-gnu/libpython3.10.so
[1.730s] -- Found PythonExtra: .so  
[1.821s] -- Found ament_lint_auto: 0.12.15 (/opt/ros/humble/share/ament_lint_auto/cmake)
[1.848s] -- Added test 'lint_cmake' to check CMake code style
[1.850s] -- Added test 'xmllint' to check XML markup files
[1.852s] -- Configuring done
[1.888s] -- Generating done
[1.903s] -- Build files have been written to: /home/will/Will/RANCS/RANCS-introduction/ros2/build/interfaces
[1.919s] Invoked command in '/home/will/Will/RANCS/RANCS-introduction/ros2/build/interfaces' returned '0': CMAKE_PREFIX_PATH=/opt/ros/humble DEBUGINFOD_URLS=https://debuginfod.archlinux.org PS1=[\u@\h \W]\$ /usr/bin/cmake /home/will/Will/RANCS/RANCS-introduction/ros2/src/interfaces -DCMAKE_INSTALL_PREFIX=/home/will/Will/RANCS/RANCS-introduction/ros2/install/interfaces
[1.921s] Invoking command in '/home/will/Will/RANCS/RANCS-introduction/ros2/build/interfaces': CMAKE_PREFIX_PATH=/opt/ros/humble DEBUGINFOD_URLS=https://debuginfod.archlinux.org PS1=[\u@\h \W]\$ /usr/bin/cmake --build /home/will/Will/RANCS/RANCS-introduction/ros2/build/interfaces -- -j12 -l12
[1.965s] [  3%] [34m[1mGenerating C code for ROS interfaces[0m
[1.978s] [  6%] [34m[1mGenerating C++ code for ROS interfaces[0m
[1.985s] [  9%] [34m[1mGenerating Rust code for ROS interfaces[0m
[1.987s] [  9%] Built target ament_cmake_python_copy_interfaces
[2.369s] [  9%] Built target interfaces__cpp
[2.389s] [ 12%] [34m[1mGenerating C++ type support dispatch for ROS interfaces[0m
[2.393s] [ 15%] [34m[1mGenerating C++ introspection for ROS interfaces[0m
[2.394s] [ 18%] [34m[1mGenerating C++ type support for eProsima Fast-RTPS[0m
[2.417s] running egg_info
[2.418s] creating interfaces.egg-info
[2.418s] writing interfaces.egg-info/PKG-INFO
[2.419s] writing dependency_links to interfaces.egg-info/dependency_links.txt
[2.420s] writing top-level names to interfaces.egg-info/top_level.txt
[2.420s] writing manifest file 'interfaces.egg-info/SOURCES.txt'
[2.427s] reading manifest file 'interfaces.egg-info/SOURCES.txt'
[2.429s] writing manifest file 'interfaces.egg-info/SOURCES.txt'
[2.560s] [ 18%] Built target ament_cmake_python_build_interfaces_egg
[2.638s] [ 18%] Built target interfaces__rs
[2.678s] [ 21%] [32mBuilding C object CMakeFiles/interfaces__rosidl_generator_c.dir/rosidl_generator_c/interfaces/msg/detail/vehicle_status__functions.c.o[0m
[2.754s] [ 25%] [32m[1mLinking C shared library libinterfaces__rosidl_generator_c.so[0m
[2.826s] [ 25%] Built target interfaces__rosidl_generator_c
[2.845s] [ 28%] [34m[1mGenerating C type support dispatch for ROS interfaces[0m
[2.848s] [ 31%] [34m[1mGenerating C type support for eProsima Fast-RTPS[0m
[2.850s] [ 34%] [34m[1mGenerating C introspection for ROS interfaces[0m
[3.069s] [ 37%] [32mBuilding CXX object CMakeFiles/interfaces__rosidl_typesupport_fastrtps_cpp.dir/rosidl_typesupport_fastrtps_cpp/interfaces/msg/detail/dds_fastrtps/vehicle_status__type_support.cpp.o[0m
[3.071s] [ 40%] [32mBuilding CXX object CMakeFiles/interfaces__rosidl_typesupport_cpp.dir/rosidl_typesupport_cpp/interfaces/msg/vehicle_status__type_support.cpp.o[0m
[3.126s] [ 43%] [32mBuilding CXX object CMakeFiles/interfaces__rosidl_typesupport_introspection_cpp.dir/rosidl_typesupport_introspection_cpp/interfaces/msg/detail/vehicle_status__type_support.cpp.o[0m
[3.477s] [ 46%] [32mBuilding CXX object CMakeFiles/interfaces__rosidl_typesupport_c.dir/rosidl_typesupport_c/interfaces/msg/vehicle_status__type_support.cpp.o[0m
[3.556s] [ 50%] [32m[1mLinking CXX shared library libinterfaces__rosidl_typesupport_c.so[0m
[3.603s] [ 53%] [32mBuilding C object CMakeFiles/interfaces__rosidl_typesupport_introspection_c.dir/rosidl_typesupport_introspection_c/interfaces/msg/detail/vehicle_status__type_support.c.o[0m
[3.619s] [ 56%] [32mBuilding CXX object CMakeFiles/interfaces__rosidl_typesupport_fastrtps_c.dir/rosidl_typesupport_fastrtps_c/interfaces/msg/detail/vehicle_status__type_support_c.cpp.o[0m
[3.656s] [ 56%] Built target interfaces__rosidl_typesupport_c
[3.686s] [ 59%] [32m[1mLinking C shared library libinterfaces__rosidl_typesupport_introspection_c.so[0m
[3.757s] [ 59%] Built target interfaces__rosidl_typesupport_introspection_c
[3.764s] [ 62%] [32m[1mLinking CXX shared library libinterfaces__rosidl_typesupport_cpp.so[0m
[3.833s] [ 62%] Built target interfaces__rosidl_typesupport_cpp
[3.950s] [ 65%] [32m[1mLinking CXX shared library libinterfaces__rosidl_typesupport_fastrtps_cpp.so[0m
[3.985s] [ 68%] [32m[1mLinking CXX shared library libinterfaces__rosidl_typesupport_introspection_cpp.so[0m
[4.066s] [ 68%] Built target interfaces__rosidl_typesupport_introspection_cpp
[4.117s] [ 68%] Built target interfaces__rosidl_typesupport_fastrtps_cpp
[4.272s] [ 71%] [32m[1mLinking CXX shared library libinterfaces__rosidl_typesupport_fastrtps_c.so[0m
[4.415s] [ 71%] Built target interfaces__rosidl_typesupport_fastrtps_c
[4.444s] [ 71%] Built target interfaces
[4.477s] [ 75%] [34m[1mGenerating Python code for ROS interfaces[0m
[4.950s] [ 75%] Built target interfaces__py
[4.976s] [ 78%] [32mBuilding C object CMakeFiles/interfaces__rosidl_generator_py.dir/rosidl_generator_py/interfaces/msg/_vehicle_status_s.c.o[0m
[5.117s] [ 81%] [32m[1mLinking C shared library rosidl_generator_py/interfaces/libinterfaces__rosidl_generator_py.so[0m
[5.176s] [ 81%] Built target interfaces__rosidl_generator_py
[5.202s] [ 87%] [32mBuilding C object CMakeFiles/interfaces__rosidl_typesupport_c__pyext.dir/rosidl_generator_py/interfaces/_interfaces_s.ep.rosidl_typesupport_c.c.o[0m
[5.202s] [ 87%] [32mBuilding C object CMakeFiles/interfaces__rosidl_typesupport_introspection_c__pyext.dir/rosidl_generator_py/interfaces/_interfaces_s.ep.rosidl_typesupport_introspection_c.c.o[0m
[5.218s] [ 90%] [32mBuilding C object CMakeFiles/interfaces__rosidl_typesupport_fastrtps_c__pyext.dir/rosidl_generator_py/interfaces/_interfaces_s.ep.rosidl_typesupport_fastrtps_c.c.o[0m
[5.388s] [ 93%] [32m[1mLinking C shared library rosidl_generator_py/interfaces/interfaces_s__rosidl_typesupport_fastrtps_c.cpython-310-x86_64-linux-gnu.so[0m
[5.409s] [100%] [32m[1mLinking C shared library rosidl_generator_py/interfaces/interfaces_s__rosidl_typesupport_introspection_c.cpython-310-x86_64-linux-gnu.so[0m
[5.409s] [100%] [32m[1mLinking C shared library rosidl_generator_py/interfaces/interfaces_s__rosidl_typesupport_c.cpython-310-x86_64-linux-gnu.so[0m
[5.452s] [100%] Built target interfaces__rosidl_typesupport_fastrtps_c__pyext
[5.470s] [100%] Built target interfaces__rosidl_typesupport_c__pyext
[5.470s] [100%] Built target interfaces__rosidl_typesupport_introspection_c__pyext
[5.486s] Invoked command in '/home/will/Will/RANCS/RANCS-introduction/ros2/build/interfaces' returned '0': CMAKE_PREFIX_PATH=/opt/ros/humble DEBUGINFOD_URLS=https://debuginfod.archlinux.org PS1=[\u@\h \W]\$ /usr/bin/cmake --build /home/will/Will/RANCS/RANCS-introduction/ros2/build/interfaces -- -j12 -l12
[5.500s] Invoking command in '/home/will/Will/RANCS/RANCS-introduction/ros2/build/interfaces': CMAKE_PREFIX_PATH=/opt/ros/humble DEBUGINFOD_URLS=https://debuginfod.archlinux.org PS1=[\u@\h \W]\$ /usr/bin/cmake --install /home/will/Will/RANCS/RANCS-introduction/ros2/build/interfaces
[5.510s] -- Install configuration: ""
[5.511s] -- Installing: /home/will/Will/RANCS/RANCS-introduction/ros2/install/interfaces/share/ament_index/resource_index/rosidl_interfaces/interfaces
[5.511s] -- Installing: /home/will/Will/RANCS/RANCS-introduction/ros2/install/interfaces/include/interfaces/interfaces
[5.511s] -- Installing: /home/will/Will/RANCS/RANCS-introduction/ros2/install/interfaces/include/interfaces/interfaces/msg
[5.511s] -- Installing: /home/will/Will/RANCS/RANCS-introduction/ros2/install/interfaces/include/interfaces/interfaces/msg/detail
[5.511s] -- Installing: /home/will/Will/RANCS/RANCS-introduction/ros2/install/interfaces/include/interfaces/interfaces/msg/detail/vehicle_status__functions.h
[5.511s] -- Installing: /home/will/Will/RANCS/RANCS-introduction/ros2/install/interfaces/include/interfaces/interfaces/msg/detail/vehicle_status__type_support.h
[5.511s] -- Installing: /home/will/Will/RANCS/RANCS-introduction/ros2/install/interfaces/include/interfaces/interfaces/msg/detail/vehicle_status__functions.c
[5.511s] -- Installing: /home/will/Will/RANCS/RANCS-introduction/ros2/install/interfaces/include/interfaces/interfaces/msg/detail/vehicle_status__struct.h
[5.512s] -- Installing: /home/will/Will/RANCS/RANCS-introduction/ros2/install/interfaces/include/interfaces/interfaces/msg/rosidl_generator_c__visibility_control.h
[5.512s] -- Installing: /home/will/Will/RANCS/RANCS-introduction/ros2/install/interfaces/include/interfaces/interfaces/msg/vehicle_status.h
[5.512s] -- Installing: /home/will/Will/RANCS/RANCS-introduction/ros2/install/interfaces/share/interfaces/environment/library_path.sh
[5.513s] -- Installing: /home/will/Will/RANCS/RANCS-introduction/ros2/install/interfaces/share/interfaces/environment/library_path.dsv
[5.513s] -- Installing: /home/will/Will/RANCS/RANCS-introduction/ros2/install/interfaces/lib/libinterfaces__rosidl_generator_c.so
[5.513s] -- Set runtime path of "/home/will/Will/RANCS/RANCS-introduction/ros2/install/interfaces/lib/libinterfaces__rosidl_generator_c.so" to ""
[5.514s] -- Up-to-date: /home/will/Will/RANCS/RANCS-introduction/ros2/install/interfaces/include/interfaces/interfaces
[5.514s] -- Up-to-date: /home/will/Will/RANCS/RANCS-introduction/ros2/install/interfaces/include/interfaces/interfaces/msg
[5.514s] -- Up-to-date: /home/will/Will/RANCS/RANCS-introduction/ros2/install/interfaces/include/interfaces/interfaces/msg/detail
[5.514s] -- Installing: /home/will/Will/RANCS/RANCS-introduction/ros2/install/interfaces/include/interfaces/interfaces/msg/detail/vehicle_status__rosidl_typesupport_fastrtps_c.h
[5.514s] -- Installing: /home/will/Will/RANCS/RANCS-introduction/ros2/install/interfaces/include/interfaces/interfaces/msg/rosidl_typesupport_fastrtps_c__visibility_control.h
[5.515s] -- Installing: /home/will/Will/RANCS/RANCS-introduction/ros2/install/interfaces/lib/libinterfaces__rosidl_typesupport_fastrtps_c.so
[5.515s] -- Set runtime path of "/home/will/Will/RANCS/RANCS-introduction/ros2/install/interfaces/lib/libinterfaces__rosidl_typesupport_fastrtps_c.so" to ""
[5.515s] -- Up-to-date: /home/will/Will/RANCS/RANCS-introduction/ros2/install/interfaces/include/interfaces/interfaces
[5.515s] -- Up-to-date: /home/will/Will/RANCS/RANCS-introduction/ros2/install/interfaces/include/interfaces/interfaces/msg
[5.515s] -- Up-to-date: /home/will/Will/RANCS/RANCS-introduction/ros2/install/interfaces/include/interfaces/interfaces/msg/detail
[5.515s] -- Installing: /home/will/Will/RANCS/RANCS-introduction/ros2/install/interfaces/include/interfaces/interfaces/msg/detail/vehicle_status__type_support.c
[5.515s] -- Installing: /home/will/Will/RANCS/RANCS-introduction/ros2/install/interfaces/include/interfaces/interfaces/msg/detail/vehicle_status__rosidl_typesupport_introspection_c.h
[5.516s] -- Installing: /home/will/Will/RANCS/RANCS-introduction/ros2/install/interfaces/include/interfaces/interfaces/msg/rosidl_typesupport_introspection_c__visibility_control.h
[5.516s] -- Installing: /home/will/Will/RANCS/RANCS-introduction/ros2/install/interfaces/lib/libinterfaces__rosidl_typesupport_introspection_c.so
[5.516s] -- Set runtime path of "/home/will/Will/RANCS/RANCS-introduction/ros2/install/interfaces/lib/libinterfaces__rosidl_typesupport_introspection_c.so" to ""
[5.516s] -- Installing: /home/will/Will/RANCS/RANCS-introduction/ros2/install/interfaces/lib/libinterfaces__rosidl_typesupport_c.so
[5.516s] -- Set runtime path of "/home/will/Will/RANCS/RANCS-introduction/ros2/install/interfaces/lib/libinterfaces__rosidl_typesupport_c.so" to ""
[5.516s] -- Up-to-date: /home/will/Will/RANCS/RANCS-introduction/ros2/install/interfaces/include/interfaces/interfaces
[5.516s] -- Up-to-date: /home/will/Will/RANCS/RANCS-introduction/ros2/install/interfaces/include/interfaces/interfaces/msg
[5.517s] -- Up-to-date: /home/will/Will/RANCS/RANCS-introduction/ros2/install/interfaces/include/interfaces/interfaces/msg/detail
[5.517s] -- Installing: /home/will/Will/RANCS/RANCS-introduction/ros2/install/interfaces/include/interfaces/interfaces/msg/detail/vehicle_status__traits.hpp
[5.517s] -- Installing: /home/will/Will/RANCS/RANCS-introduction/ros2/install/interfaces/include/interfaces/interfaces/msg/detail/vehicle_status__type_support.hpp
[5.517s] -- Installing: /home/will/Will/RANCS/RANCS-introduction/ros2/install/interfaces/include/interfaces/interfaces/msg/detail/vehicle_status__builder.hpp
[5.517s] -- Installing: /home/will/Will/RANCS/RANCS-introduction/ros2/install/interfaces/include/interfaces/interfaces/msg/detail/vehicle_status__struct.hpp
[5.517s] -- Installing: /home/will/Will/RANCS/RANCS-introduction/ros2/install/interfaces/include/interfaces/interfaces/msg/rosidl_generator_cpp__visibility_control.hpp
[5.518s] -- Installing: /home/will/Will/RANCS/RANCS-introduction/ros2/install/interfaces/include/interfaces/interfaces/msg/vehicle_status.hpp
[5.518s] -- Up-to-date: /home/will/Will/RANCS/RANCS-introduction/ros2/install/interfaces/include/interfaces/interfaces
[5.518s] -- Up-to-date: /home/will/Will/RANCS/RANCS-introduction/ros2/install/interfaces/include/interfaces/interfaces/msg
[5.518s] -- Installing: /home/will/Will/RANCS/RANCS-introduction/ros2/install/interfaces/include/interfaces/interfaces/msg/rosidl_typesupport_fastrtps_cpp__visibility_control.h
[5.518s] -- Up-to-date: /home/will/Will/RANCS/RANCS-introduction/ros2/install/interfaces/include/interfaces/interfaces/msg/detail
[5.518s] -- Installing: /home/will/Will/RANCS/RANCS-introduction/ros2/install/interfaces/include/interfaces/interfaces/msg/detail/dds_fastrtps
[5.518s] -- Installing: /home/will/Will/RANCS/RANCS-introduction/ros2/install/interfaces/include/interfaces/interfaces/msg/detail/vehicle_status__rosidl_typesupport_fastrtps_cpp.hpp
[5.518s] -- Installing: /home/will/Will/RANCS/RANCS-introduction/ros2/install/interfaces/lib/libinterfaces__rosidl_typesupport_fastrtps_cpp.so
[5.519s] -- Set runtime path of "/home/will/Will/RANCS/RANCS-introduction/ros2/install/interfaces/lib/libinterfaces__rosidl_typesupport_fastrtps_cpp.so" to ""
[5.519s] -- Up-to-date: /home/will/Will/RANCS/RANCS-introduction/ros2/install/interfaces/include/interfaces/interfaces
[5.519s] -- Up-to-date: /home/will/Will/RANCS/RANCS-introduction/ros2/install/interfaces/include/interfaces/interfaces/msg
[5.519s] -- Up-to-date: /home/will/Will/RANCS/RANCS-introduction/ros2/install/interfaces/include/interfaces/interfaces/msg/detail
[5.519s] -- Installing: /home/will/Will/RANCS/RANCS-introduction/ros2/install/interfaces/include/interfaces/interfaces/msg/detail/vehicle_status__rosidl_typesupport_introspection_cpp.hpp
[5.519s] -- Installing: /home/will/Will/RANCS/RANCS-introduction/ros2/install/interfaces/include/interfaces/interfaces/msg/detail/vehicle_status__type_support.cpp
[5.519s] -- Installing: /home/will/Will/RANCS/RANCS-introduction/ros2/install/interfaces/lib/libinterfaces__rosidl_typesupport_introspection_cpp.so
[5.520s] -- Set runtime path of "/home/will/Will/RANCS/RANCS-introduction/ros2/install/interfaces/lib/libinterfaces__rosidl_typesupport_introspection_cpp.so" to ""
[5.520s] -- Installing: /home/will/Will/RANCS/RANCS-introduction/ros2/install/interfaces/lib/libinterfaces__rosidl_typesupport_cpp.so
[5.520s] -- Set runtime path of "/home/will/Will/RANCS/RANCS-introduction/ros2/install/interfaces/lib/libinterfaces__rosidl_typesupport_cpp.so" to ""
[5.520s] -- Installing: /home/will/Will/RANCS/RANCS-introduction/ros2/install/interfaces/share/interfaces/environment/pythonpath.sh
[5.521s] -- Installing: /home/will/Will/RANCS/RANCS-introduction/ros2/install/interfaces/share/interfaces/environment/pythonpath.dsv
[5.521s] -- Installing: /home/will/Will/RANCS/RANCS-introduction/ros2/install/interfaces/local/lib/python3.10/dist-packages/interfaces-0.0.0-py3.10.egg-info
[5.521s] -- Installing: /home/will/Will/RANCS/RANCS-introduction/ros2/install/interfaces/local/lib/python3.10/dist-packages/interfaces-0.0.0-py3.10.egg-info/PKG-INFO
[5.521s] -- Installing: /home/will/Will/RANCS/RANCS-introduction/ros2/install/interfaces/local/lib/python3.10/dist-packages/interfaces-0.0.0-py3.10.egg-info/dependency_links.txt
[5.521s] -- Installing: /home/will/Will/RANCS/RANCS-introduction/ros2/install/interfaces/local/lib/python3.10/dist-packages/interfaces-0.0.0-py3.10.egg-info/SOURCES.txt
[5.521s] -- Installing: /home/will/Will/RANCS/RANCS-introduction/ros2/install/interfaces/local/lib/python3.10/dist-packages/interfaces-0.0.0-py3.10.egg-info/top_level.txt
[5.522s] -- Installing: /home/will/Will/RANCS/RANCS-introduction/ros2/install/interfaces/local/lib/python3.10/dist-packages/interfaces
[5.522s] -- Installing: /home/will/Will/RANCS/RANCS-introduction/ros2/install/interfaces/local/lib/python3.10/dist-packages/interfaces/interfaces_s__rosidl_typesupport_introspection_c.cpython-310-x86_64-linux-gnu.so
[5.522s] -- Installing: /home/will/Will/RANCS/RANCS-introduction/ros2/install/interfaces/local/lib/python3.10/dist-packages/interfaces/_interfaces_s.ep.rosidl_typesupport_introspection_c.c
[5.522s] -- Installing: /home/will/Will/RANCS/RANCS-introduction/ros2/install/interfaces/local/lib/python3.10/dist-packages/interfaces/__init__.py
[5.522s] -- Installing: /home/will/Will/RANCS/RANCS-introduction/ros2/install/interfaces/local/lib/python3.10/dist-packages/interfaces/msg
[5.523s] -- Installing: /home/will/Will/RANCS/RANCS-introduction/ros2/install/interfaces/local/lib/python3.10/dist-packages/interfaces/msg/_vehicle_status_s.c
[5.523s] -- Installing: /home/will/Will/RANCS/RANCS-introduction/ros2/install/interfaces/local/lib/python3.10/dist-packages/interfaces/msg/__init__.py
[5.523s] -- Installing: /home/will/Will/RANCS/RANCS-introduction/ros2/install/interfaces/local/lib/python3.10/dist-packages/interfaces/msg/_vehicle_status.py
[5.523s] -- Installing: /home/will/Will/RANCS/RANCS-introduction/ros2/install/interfaces/local/lib/python3.10/dist-packages/interfaces/interfaces_s__rosidl_typesupport_fastrtps_c.cpython-310-x86_64-linux-gnu.so
[5.523s] -- Installing: /home/will/Will/RANCS/RANCS-introduction/ros2/install/interfaces/local/lib/python3.10/dist-packages/interfaces/interfaces_s__rosidl_typesupport_c.cpython-310-x86_64-linux-gnu.so
[5.524s] -- Installing: /home/will/Will/RANCS/RANCS-introduction/ros2/install/interfaces/local/lib/python3.10/dist-packages/interfaces/_interfaces_s.ep.rosidl_typesupport_c.c
[5.524s] -- Installing: /home/will/Will/RANCS/RANCS-introduction/ros2/install/interfaces/local/lib/python3.10/dist-packages/interfaces/_interfaces_s.ep.rosidl_typesupport_fastrtps_c.c
[5.524s] -- Installing: /home/will/Will/RANCS/RANCS-introduction/ros2/install/interfaces/local/lib/python3.10/dist-packages/interfaces/libinterfaces__rosidl_generator_py.so
[5.574s] Listing '/home/will/Will/RANCS/RANCS-introduction/ros2/install/interfaces/local/lib/python3.10/dist-packages/interfaces'...
[5.574s] Compiling '/home/will/Will/RANCS/RANCS-introduction/ros2/install/interfaces/local/lib/python3.10/dist-packages/interfaces/__init__.py'...
[5.574s] Listing '/home/will/Will/RANCS/RANCS-introduction/ros2/install/interfaces/local/lib/python3.10/dist-packages/interfaces/msg'...
[5.574s] Compiling '/home/will/Will/RANCS/RANCS-introduction/ros2/install/interfaces/local/lib/python3.10/dist-packages/interfaces/msg/__init__.py'...
[5.574s] Compiling '/home/will/Will/RANCS/RANCS-introduction/ros2/install/interfaces/local/lib/python3.10/dist-packages/interfaces/msg/_vehicle_status.py'...
[5.585s] -- Installing: /home/will/Will/RANCS/RANCS-introduction/ros2/install/interfaces/local/lib/python3.10/dist-packages/interfaces/interfaces_s__rosidl_typesupport_fastrtps_c.cpython-310-x86_64-linux-gnu.so
[5.586s] -- Set runtime path of "/home/will/Will/RANCS/RANCS-introduction/ros2/install/interfaces/local/lib/python3.10/dist-packages/interfaces/interfaces_s__rosidl_typesupport_fastrtps_c.cpython-310-x86_64-linux-gnu.so" to ""
[5.586s] -- Installing: /home/will/Will/RANCS/RANCS-introduction/ros2/install/interfaces/local/lib/python3.10/dist-packages/interfaces/interfaces_s__rosidl_typesupport_introspection_c.cpython-310-x86_64-linux-gnu.so
[5.587s] -- Set runtime path of "/home/will/Will/RANCS/RANCS-introduction/ros2/install/interfaces/local/lib/python3.10/dist-packages/interfaces/interfaces_s__rosidl_typesupport_introspection_c.cpython-310-x86_64-linux-gnu.so" to ""
[5.587s] -- Installing: /home/will/Will/RANCS/RANCS-introduction/ros2/install/interfaces/local/lib/python3.10/dist-packages/interfaces/interfaces_s__rosidl_typesupport_c.cpython-310-x86_64-linux-gnu.so
[5.587s] -- Set runtime path of "/home/will/Will/RANCS/RANCS-introduction/ros2/install/interfaces/local/lib/python3.10/dist-packages/interfaces/interfaces_s__rosidl_typesupport_c.cpython-310-x86_64-linux-gnu.so" to ""
[5.588s] -- Installing: /home/will/Will/RANCS/RANCS-introduction/ros2/install/interfaces/lib/libinterfaces__rosidl_generator_py.so
[5.588s] -- Set runtime path of "/home/will/Will/RANCS/RANCS-introduction/ros2/install/interfaces/lib/libinterfaces__rosidl_generator_py.so" to ""
[5.589s] -- Installing: /home/will/Will/RANCS/RANCS-introduction/ros2/install/interfaces/share/ament_index/resource_index/rust_packages/interfaces
[5.589s] -- Installing: /home/will/Will/RANCS/RANCS-introduction/ros2/install/interfaces/share/interfaces/rust
[5.589s] -- Installing: /home/will/Will/RANCS/RANCS-introduction/ros2/install/interfaces/share/interfaces/rust/Cargo.toml
[5.589s] -- Installing: /home/will/Will/RANCS/RANCS-introduction/ros2/install/interfaces/share/interfaces/rust/src
[5.589s] -- Installing: /home/will/Will/RANCS/RANCS-introduction/ros2/install/interfaces/share/interfaces/rust/src/lib.rs
[5.590s] -- Installing: /home/will/Will/RANCS/RANCS-introduction/ros2/install/interfaces/share/interfaces/rust/src/msg
[5.590s] -- Installing: /home/will/Will/RANCS/RANCS-introduction/ros2/install/interfaces/share/interfaces/rust/src/msg/rmw.rs
[5.590s] -- Installing: /home/will/Will/RANCS/RANCS-introduction/ros2/install/interfaces/share/interfaces/rust/src/msg.rs
[5.590s] -- Installing: /home/will/Will/RANCS/RANCS-introduction/ros2/install/interfaces/share/interfaces/rust/build.rs
[5.590s] -- Installing: /home/will/Will/RANCS/RANCS-introduction/ros2/install/interfaces/share/interfaces/msg/VehicleStatus.idl
[5.591s] -- Installing: /home/will/Will/RANCS/RANCS-introduction/ros2/install/interfaces/share/interfaces/msg/VehicleStatus.msg
[5.591s] -- Installing: /home/will/Will/RANCS/RANCS-introduction/ros2/install/interfaces/share/ament_index/resource_index/package_run_dependencies/interfaces
[5.591s] -- Installing: /home/will/Will/RANCS/RANCS-introduction/ros2/install/interfaces/share/ament_index/resource_index/parent_prefix_path/interfaces
[5.592s] -- Installing: /home/will/Will/RANCS/RANCS-introduction/ros2/install/interfaces/share/interfaces/environment/ament_prefix_path.sh
[5.592s] -- Installing: /home/will/Will/RANCS/RANCS-introduction/ros2/install/interfaces/share/interfaces/environment/ament_prefix_path.dsv
[5.592s] -- Installing: /home/will/Will/RANCS/RANCS-introduction/ros2/install/interfaces/share/interfaces/environment/path.sh
[5.592s] -- Installing: /home/will/Will/RANCS/RANCS-introduction/ros2/install/interfaces/share/interfaces/environment/path.dsv
[5.592s] -- Installing: /home/will/Will/RANCS/RANCS-introduction/ros2/install/interfaces/share/interfaces/local_setup.bash
[5.593s] -- Installing: /home/will/Will/RANCS/RANCS-introduction/ros2/install/interfaces/share/interfaces/local_setup.sh
[5.593s] -- Installing: /home/will/Will/RANCS/RANCS-introduction/ros2/install/interfaces/share/interfaces/local_setup.zsh
[5.593s] -- Installing: /home/will/Will/RANCS/RANCS-introduction/ros2/install/interfaces/share/interfaces/local_setup.dsv
[5.593s] -- Installing: /home/will/Will/RANCS/RANCS-introduction/ros2/install/interfaces/share/interfaces/package.dsv
[5.594s] -- Installing: /home/will/Will/RANCS/RANCS-introduction/ros2/install/interfaces/share/ament_index/resource_index/packages/interfaces
[5.594s] -- Installing: /home/will/Will/RANCS/RANCS-introduction/ros2/install/interfaces/share/interfaces/cmake/export_interfaces__rosidl_generator_cExport.cmake
[5.594s] -- Installing: /home/will/Will/RANCS/RANCS-introduction/ros2/install/interfaces/share/interfaces/cmake/export_interfaces__rosidl_generator_cExport-noconfig.cmake
[5.595s] -- Installing: /home/will/Will/RANCS/RANCS-introduction/ros2/install/interfaces/share/interfaces/cmake/export_interfaces__rosidl_typesupport_fastrtps_cExport.cmake
[5.595s] -- Installing: /home/will/Will/RANCS/RANCS-introduction/ros2/install/interfaces/share/interfaces/cmake/export_interfaces__rosidl_typesupport_fastrtps_cExport-noconfig.cmake
[5.595s] -- Installing: /home/will/Will/RANCS/RANCS-introduction/ros2/install/interfaces/share/interfaces/cmake/interfaces__rosidl_typesupport_introspection_cExport.cmake
[5.595s] -- Installing: /home/will/Will/RANCS/RANCS-introduction/ros2/install/interfaces/share/interfaces/cmake/interfaces__rosidl_typesupport_introspection_cExport-noconfig.cmake
[5.595s] -- Installing: /home/will/Will/RANCS/RANCS-introduction/ros2/install/interfaces/share/interfaces/cmake/interfaces__rosidl_typesupport_cExport.cmake
[5.596s] -- Installing: /home/will/Will/RANCS/RANCS-introduction/ros2/install/interfaces/share/interfaces/cmake/interfaces__rosidl_typesupport_cExport-noconfig.cmake
[5.596s] -- Installing: /home/will/Will/RANCS/RANCS-introduction/ros2/install/interfaces/share/interfaces/cmake/export_interfaces__rosidl_generator_cppExport.cmake
[5.596s] -- Installing: /home/will/Will/RANCS/RANCS-introduction/ros2/install/interfaces/share/interfaces/cmake/export_interfaces__rosidl_typesupport_fastrtps_cppExport.cmake
[5.597s] -- Installing: /home/will/Will/RANCS/RANCS-introduction/ros2/install/interfaces/share/interfaces/cmake/export_interfaces__rosidl_typesupport_fastrtps_cppExport-noconfig.cmake
[5.597s] -- Installing: /home/will/Will/RANCS/RANCS-introduction/ros2/install/interfaces/share/interfaces/cmake/interfaces__rosidl_typesupport_introspection_cppExport.cmake
[5.597s] -- Installing: /home/will/Will/RANCS/RANCS-introduction/ros2/install/interfaces/share/interfaces/cmake/interfaces__rosidl_typesupport_introspection_cppExport-noconfig.cmake
[5.597s] -- Installing: /home/will/Will/RANCS/RANCS-introduction/ros2/install/interfaces/share/interfaces/cmake/interfaces__rosidl_typesupport_cppExport.cmake
[5.598s] -- Installing: /home/will/Will/RANCS/RANCS-introduction/ros2/install/interfaces/share/interfaces/cmake/interfaces__rosidl_typesupport_cppExport-noconfig.cmake
[5.598s] -- Installing: /home/will/Will/RANCS/RANCS-introduction/ros2/install/interfaces/share/interfaces/cmake/export_interfaces__rosidl_generator_pyExport.cmake
[5.598s] -- Installing: /home/will/Will/RANCS/RANCS-introduction/ros2/install/interfaces/share/interfaces/cmake/export_interfaces__rosidl_generator_pyExport-noconfig.cmake
[5.598s] -- Installing: /home/will/Will/RANCS/RANCS-introduction/ros2/install/interfaces/share/interfaces/cmake/rosidl_cmake-extras.cmake
[5.598s] -- Installing: /home/will/Will/RANCS/RANCS-introduction/ros2/install/interfaces/share/interfaces/cmake/ament_cmake_export_include_directories-extras.cmake
[5.599s] -- Installing: /home/will/Will/RANCS/RANCS-introduction/ros2/install/interfaces/share/interfaces/cmake/ament_cmake_export_libraries-extras.cmake
[5.599s] -- Installing: /home/will/Will/RANCS/RANCS-introduction/ros2/install/interfaces/share/interfaces/cmake/ament_cmake_export_targets-extras.cmake
[5.599s] -- Installing: /home/will/Will/RANCS/RANCS-introduction/ros2/install/interfaces/share/interfaces/cmake/rosidl_cmake_export_typesupport_targets-extras.cmake
[5.599s] -- Installing: /home/will/Will/RANCS/RANCS-introduction/ros2/install/interfaces/share/interfaces/cmake/ament_cmake_export_dependencies-extras.cmake
[5.599s] -- Installing: /home/will/Will/RANCS/RANCS-introduction/ros2/install/interfaces/share/interfaces/cmake/rosidl_cmake_export_typesupport_libraries-extras.cmake
[5.600s] -- Installing: /home/will/Will/RANCS/RANCS-introduction/ros2/install/interfaces/share/interfaces/cmake/interfacesConfig.cmake
[5.600s] -- Installing: /home/will/Will/RANCS/RANCS-introduction/ros2/install/interfaces/share/interfaces/cmake/interfacesConfig-version.cmake
[5.600s] -- Installing: /home/will/Will/RANCS/RANCS-introduction/ros2/install/interfaces/share/interfaces/package.xml
[5.604s] Invoked command in '/home/will/Will/RANCS/RANCS-introduction/ros2/build/interfaces' returned '0': CMAKE_PREFIX_PATH=/opt/ros/humble DEBUGINFOD_URLS=https://debuginfod.archlinux.org PS1=[\u@\h \W]\$ /usr/bin/cmake --install /home/will/Will/RANCS/RANCS-introduction/ros2/build/interfaces
