[0.020s] Invoking command in '/ros2/build/imu': CMAKE_PREFIX_PATH=${CMAKE_PREFIX_PATH}:/ros2/install/vehicle_status_py:/ros2/install/talker_listener_py:/opt/ros/humble /usr/bin/cmake --build /ros2/build/imu -- -j12 -l12
[0.060s] [35m[1mConsolidate compiler generated dependencies of target imu_publisher[0m
[0.081s] [ 50%] [32mBuilding CXX object CMakeFiles/imu_publisher.dir/src/imu_publisher.cpp.o[0m
[1.954s] [01m[K/ros2/src/imu/src/imu_publisher.cpp:9:21:[m[K [01;31m[Kerror: [m[K‘[01m[Kimu[m[K’ was not declared in this scope; did you mean ‘[01m[KImu[m[K’?
[1.954s]     9 |   rclcpp::Publisher<[01;31m[Kimu[m[K>::SharedPtr publisher_;
[1.955s]       |                     [01;31m[K^~~[m[K
[1.955s]       |                     [32m[KImu[m[K
[1.955s] [01m[K/ros2/src/imu/src/imu_publisher.cpp:9:24:[m[K [01;31m[Kerror: [m[Ktemplate argument 1 is invalid
[1.955s]     9 |   rclcpp::Publisher<imu[01;31m[K>[m[K::SharedPtr publisher_;
[1.955s]       |                        [01;31m[K^[m[K
[1.955s] [01m[K/ros2/src/imu/src/imu_publisher.cpp:9:27:[m[K [01;31m[Kerror: [m[Kexpected ‘[01m[K;[m[K’ at end of member declaration
[1.955s]     9 |   rclcpp::Publisher<imu>::[01;31m[KSharedPtr[m[K publisher_;
[1.955s]       |                           [01;31m[K^~~~~~~~~[m[K
[1.955s]       |                                    [32m[K;[m[K
[1.956s] [01m[K/ros2/src/imu/src/imu_publisher.cpp:9:37:[m[K [01;31m[Kerror: [m[K‘[01m[Kpublisher_[m[K’ does not name a type; did you mean ‘[01m[KImuPublisher[m[K’?
[1.956s]     9 | rclcpp::Publisher<imu>::SharedPtr [01;31m[Kpublisher_[m[K;
[1.956s]       |                                   [01;31m[K^~~~~~~~~~[m[K
[1.956s]       |                                   [32m[KImuPublisher[m[K
[1.956s] [01m[K/ros2/src/imu/src/imu_publisher.cpp:[m[K In member function ‘[01m[Kvoid ImuPublisher::publish_imu()[m[K’:
[1.956s] [01m[K/ros2/src/imu/src/imu_publisher.cpp:13:16:[m[K [01;35m[Kwarning: [m[Kconverting to ‘[01m[KImu[m[K’ {aka ‘[01m[Ksensor_msgs::msg::Imu_<std::allocator<void> >[m[K’} from initializer list would use explicit constructor ‘[01m[Ksensor_msgs::msg::Imu_<ContainerAllocator>::Imu_(rosidl_runtime_cpp::MessageInitialization) [with ContainerAllocator = std::allocator<void>][m[K’
[1.956s]    13 |     Imu imu = {[01;35m[K}[m[K;
[1.956s]       |                [01;35m[K^[m[K
[1.956s] [01m[K/ros2/src/imu/src/imu_publisher.cpp:13:16:[m[K [01;36m[Knote: [m[Kin C++11 and above a default constructor can be explicit
[1.961s] [01m[K/ros2/src/imu/src/imu_publisher.cpp:17:5:[m[K [01;31m[Kerror: [m[K‘[01m[Kpublisher_[m[K’ was not declared in this scope; did you mean ‘[01m[KImuPublisher[m[K’?
[1.961s]    17 |     [01;31m[Kpublisher_[m[K->publish(imu);
[1.961s]       |     [01;31m[K^~~~~~~~~~[m[K
[1.961s]       |     [32m[KImuPublisher[m[K
[1.961s] In file included from [01m[K/opt/ros/humble/include/rclcpp/rclcpp/logging.hpp:24[m[K,
[1.961s]                  from [01m[K/opt/ros/humble/include/rclcpp/rclcpp/client.hpp:40[m[K,
[1.961s]                  from [01m[K/opt/ros/humble/include/rclcpp/rclcpp/callback_group.hpp:24[m[K,
[1.962s]                  from [01m[K/opt/ros/humble/include/rclcpp/rclcpp/any_executable.hpp:20[m[K,
[1.962s]                  from [01m[K/opt/ros/humble/include/rclcpp/rclcpp/memory_strategy.hpp:25[m[K,
[1.962s]                  from [01m[K/opt/ros/humble/include/rclcpp/rclcpp/memory_strategies.hpp:18[m[K,
[1.962s]                  from [01m[K/opt/ros/humble/include/rclcpp/rclcpp/executor_options.hpp:20[m[K,
[1.962s]                  from [01m[K/opt/ros/humble/include/rclcpp/rclcpp/executor.hpp:37[m[K,
[1.962s]                  from [01m[K/opt/ros/humble/include/rclcpp/rclcpp/executors/multi_threaded_executor.hpp:25[m[K,
[1.962s]                  from [01m[K/opt/ros/humble/include/rclcpp/rclcpp/executors.hpp:21[m[K,
[1.962s]                  from [01m[K/opt/ros/humble/include/rclcpp/rclcpp/rclcpp.hpp:155[m[K,
[1.962s]                  from [01m[K/ros2/src/imu/src/imu_publisher.cpp:1[m[K:
[1.962s] [01m[K/ros2/src/imu/src/imu_publisher.cpp:19:17:[m[K [01;35m[Kwarning: [m[Kformat ‘[01m[K%d[m[K’ expects argument of type ‘[01m[Kint[m[K’, but argument 5 has type ‘[01m[Kgeometry_msgs::msg::Vector3_<std::allocator<void> >::_x_type[m[K’ {aka ‘[01m[Kdouble[m[K’} [[01;35m[K-Wformat=[m[K]
[1.962s]    19 |                 [01;35m[K"Publishing:\n\tLinear acceleration x: %d\n\t Linear "[m[K
[1.962s]       |                 [01;35m[K^~~~~~~~~~~~~~~~~~~~~~~~~~~~~~~~~~~~~~~~~~~~~~~~~~~~~~[m[K
[1.962s]    20 | [01;35m[K                "acceleration y: %d\n\tLinear acceleration z: %d"[m[K,
[1.962s]       |                 [01;35m[K~~~~~~~~~~~~~~~~~~~~~~~~~~~~~~~~~~~~~~~~~~~~~~~~~[m[K
[1.962s]    21 |                 [32m[Kimu.linear_acceleration.x[m[K, imu.linear_acceleration.y,
[1.962s]       |                 [32m[K~~~~~~~~~~~~~~~~~~~~~~~~~[m[K
[1.962s]       |                                         [32m[K|[m[K
[1.962s]       |                                         [32m[Kgeometry_msgs::msg::Vector3_<std::allocator<void> >::_x_type {aka double}[m[K
[1.962s] [01m[K/ros2/src/imu/src/imu_publisher.cpp:19:57:[m[K [01;36m[Knote: [m[Kformat string is defined here
[1.962s]    19 | shing:\n\tLinear acceleration x: [01;36m[K%d[m[K\n\t Linear "
[1.963s]       |                                  [01;36m[K~^[m[K
[1.963s]       |                                   [01;36m[K|[m[K
[1.963s]       |                                   [01;36m[Kint[m[K
[1.963s]       |                                  [32m[K%f[m[K
[1.963s] In file included from [01m[K/opt/ros/humble/include/rclcpp/rclcpp/logging.hpp:24[m[K,
[1.963s]                  from [01m[K/opt/ros/humble/include/rclcpp/rclcpp/client.hpp:40[m[K,
[1.963s]                  from [01m[K/opt/ros/humble/include/rclcpp/rclcpp/callback_group.hpp:24[m[K,
[1.963s]                  from [01m[K/opt/ros/humble/include/rclcpp/rclcpp/any_executable.hpp:20[m[K,
[1.963s]                  from [01m[K/opt/ros/humble/include/rclcpp/rclcpp/memory_strategy.hpp:25[m[K,
[1.964s]                  from [01m[K/opt/ros/humble/include/rclcpp/rclcpp/memory_strategies.hpp:18[m[K,
[1.964s]                  from [01m[K/opt/ros/humble/include/rclcpp/rclcpp/executor_options.hpp:20[m[K,
[1.964s]                  from [01m[K/opt/ros/humble/include/rclcpp/rclcpp/executor.hpp:37[m[K,
[1.964s]                  from [01m[K/opt/ros/humble/include/rclcpp/rclcpp/executors/multi_threaded_executor.hpp:25[m[K,
[1.964s]                  from [01m[K/opt/ros/humble/include/rclcpp/rclcpp/executors.hpp:21[m[K,
[1.964s]                  from [01m[K/opt/ros/humble/include/rclcpp/rclcpp/rclcpp.hpp:155[m[K,
[1.964s]                  from [01m[K/ros2/src/imu/src/imu_publisher.cpp:1[m[K:
[1.964s] [01m[K/ros2/src/imu/src/imu_publisher.cpp:19:17:[m[K [01;35m[Kwarning: [m[Kformat ‘[01m[K%d[m[K’ expects argument of type ‘[01m[Kint[m[K’, but argument 6 has type ‘[01m[Kgeometry_msgs::msg::Vector3_<std::allocator<void> >::_y_type[m[K’ {aka ‘[01m[Kdouble[m[K’} [[01;35m[K-Wformat=[m[K]
[1.965s]    19 |                 [01;35m[K"Publishing:\n\tLinear acceleration x: %d\n\t Linear "[m[K
[1.965s]       |                 [01;35m[K^~~~~~~~~~~~~~~~~~~~~~~~~~~~~~~~~~~~~~~~~~~~~~~~~~~~~~[m[K
[1.965s]    20 | [01;35m[K                "acceleration y: %d\n\tLinear acceleration z: %d"[m[K,
[1.965s]       |                 [01;35m[K~~~~~~~~~~~~~~~~~~~~~~~~~~~~~~~~~~~~~~~~~~~~~~~~~[m[K
[1.965s]    21 |                 imu.linear_acceleration.x, [32m[Kimu.linear_acceleration.y[m[K,
[1.965s]       |                                            [32m[K~~~~~~~~~~~~~~~~~~~~~~~~~[m[K
[1.965s]       |                                                                    [32m[K|[m[K
[1.965s]       |                                                                    [32m[Kgeometry_msgs::msg::Vector3_<std::allocator<void> >::_y_type {aka double}[m[K
[1.965s] [01m[K/ros2/src/imu/src/imu_publisher.cpp:20:35:[m[K [01;36m[Knote: [m[Kformat string is defined here
[1.965s]    20 |                 "acceleration y: [01;36m[K%d[m[K\n\tLinear acceleration z: %d",
[1.965s]       |                                  [01;36m[K~^[m[K
[1.965s]       |                                   [01;36m[K|[m[K
[1.965s]       |                                   [01;36m[Kint[m[K
[1.965s]       |                                  [32m[K%f[m[K
[1.965s] In file included from [01m[K/opt/ros/humble/include/rclcpp/rclcpp/logging.hpp:24[m[K,
[1.965s]                  from [01m[K/opt/ros/humble/include/rclcpp/rclcpp/client.hpp:40[m[K,
[1.965s]                  from [01m[K/opt/ros/humble/include/rclcpp/rclcpp/callback_group.hpp:24[m[K,
[1.965s]                  from [01m[K/opt/ros/humble/include/rclcpp/rclcpp/any_executable.hpp:20[m[K,
[1.965s]                  from [01m[K/opt/ros/humble/include/rclcpp/rclcpp/memory_strategy.hpp:25[m[K,
[1.966s]                  from [01m[K/opt/ros/humble/include/rclcpp/rclcpp/memory_strategies.hpp:18[m[K,
[1.966s]                  from [01m[K/opt/ros/humble/include/rclcpp/rclcpp/executor_options.hpp:20[m[K,
[1.966s]                  from [01m[K/opt/ros/humble/include/rclcpp/rclcpp/executor.hpp:37[m[K,
[1.966s]                  from [01m[K/opt/ros/humble/include/rclcpp/rclcpp/executors/multi_threaded_executor.hpp:25[m[K,
[1.966s]                  from [01m[K/opt/ros/humble/include/rclcpp/rclcpp/executors.hpp:21[m[K,
[1.966s]                  from [01m[K/opt/ros/humble/include/rclcpp/rclcpp/rclcpp.hpp:155[m[K,
[1.966s]                  from [01m[K/ros2/src/imu/src/imu_publisher.cpp:1[m[K:
[1.966s] [01m[K/ros2/src/imu/src/imu_publisher.cpp:19:17:[m[K [01;35m[Kwarning: [m[Kformat ‘[01m[K%d[m[K’ expects argument of type ‘[01m[Kint[m[K’, but argument 7 has type ‘[01m[Kgeometry_msgs::msg::Vector3_<std::allocator<void> >::_z_type[m[K’ {aka ‘[01m[Kdouble[m[K’} [[01;35m[K-Wformat=[m[K]
[1.966s]    19 |                 [01;35m[K"Publishing:\n\tLinear acceleration x: %d\n\t Linear "[m[K
[1.966s]       |                 [01;35m[K^~~~~~~~~~~~~~~~~~~~~~~~~~~~~~~~~~~~~~~~~~~~~~~~~~~~~~[m[K
[1.966s]    20 | [01;35m[K                "acceleration y: %d\n\tLinear acceleration z: %d"[m[K,
[1.966s]       |                 [01;35m[K~~~~~~~~~~~~~~~~~~~~~~~~~~~~~~~~~~~~~~~~~~~~~~~~~[m[K
[1.966s]    21 |                 imu.linear_acceleration.x, imu.linear_acceleration.y,
[1.966s]    22 |                 [32m[Kimu.linear_acceleration.z[m[K);
[1.966s]       |                 [32m[K~~~~~~~~~~~~~~~~~~~~~~~~~[m[K
[1.966s]       |                                         [32m[K|[m[K
[1.966s]       |                                         [32m[Kgeometry_msgs::msg::Vector3_<std::allocator<void> >::_z_type {aka double}[m[K
[1.966s] [01m[K/ros2/src/imu/src/imu_publisher.cpp:20:64:[m[K [01;36m[Knote: [m[Kformat string is defined here
[1.966s]    20 | leration y: %d\n\tLinear acceleration z: [01;36m[K%d[m[K",
[1.966s]       |                                          [01;36m[K~^[m[K
[1.967s]       |                                           [01;36m[K|[m[K
[1.967s]       |                                           [01;36m[Kint[m[K
[1.967s]       |                                          [32m[K%f[m[K
[1.967s] [01m[K/ros2/src/imu/src/imu_publisher.cpp:[m[K In constructor ‘[01m[KImuPublisher::ImuPublisher()[m[K’:
[1.967s] [01m[K/ros2/src/imu/src/imu_publisher.cpp:27:5:[m[K [01;31m[Kerror: [m[K‘[01m[Kpublisher_[m[K’ was not declared in this scope; did you mean ‘[01m[KImuPublisher[m[K’?
[1.967s]    27 |     [01;31m[Kpublisher_[m[K = this->create_publisher<Imu>("/imu", 10);
[1.967s]       |     [01;31m[K^~~~~~~~~~[m[K
[1.967s]       |     [32m[KImuPublisher[m[K
[1.972s] In file included from [01m[K/opt/ros/humble/include/rclcpp/rclcpp/client.hpp:39[m[K,
[1.972s]                  from [01m[K/opt/ros/humble/include/rclcpp/rclcpp/callback_group.hpp:24[m[K,
[1.972s]                  from [01m[K/opt/ros/humble/include/rclcpp/rclcpp/any_executable.hpp:20[m[K,
[1.972s]                  from [01m[K/opt/ros/humble/include/rclcpp/rclcpp/memory_strategy.hpp:25[m[K,
[1.972s]                  from [01m[K/opt/ros/humble/include/rclcpp/rclcpp/memory_strategies.hpp:18[m[K,
[1.972s]                  from [01m[K/opt/ros/humble/include/rclcpp/rclcpp/executor_options.hpp:20[m[K,
[1.973s]                  from [01m[K/opt/ros/humble/include/rclcpp/rclcpp/executor.hpp:37[m[K,
[1.973s]                  from [01m[K/opt/ros/humble/include/rclcpp/rclcpp/executors/multi_threaded_executor.hpp:25[m[K,
[1.973s]                  from [01m[K/opt/ros/humble/include/rclcpp/rclcpp/executors.hpp:21[m[K,
[1.973s]                  from [01m[K/opt/ros/humble/include/rclcpp/rclcpp/rclcpp.hpp:155[m[K,
[1.973s]                  from [01m[K/ros2/src/imu/src/imu_publisher.cpp:1[m[K:
[1.973s] /opt/ros/humble/include/rclcpp/rclcpp/function_traits.hpp: In instantiation of ‘[01m[Kstruct rclcpp::function_traits::function_traits<void (ImuPublisher::*)()>[m[K’:
[1.973s] [01m[K/opt/ros/humble/include/rclcpp/rclcpp/function_traits.hpp:165:8:[m[K   required from ‘[01m[Kstruct rclcpp::function_traits::same_arguments<void (ImuPublisher::*)(), std::function<void()> >[m[K’
[1.973s] [01m[K/opt/ros/humble/include/rclcpp/rclcpp/timer.hpp:167:80:[m[K   required by substitution of ‘[01m[Ktemplate<class DurationRepT, class DurationT, class CallbackT> typename rclcpp::WallTimer<CallbackT>::SharedPtr rclcpp::Node::create_wall_timer(std::chrono::duration<_Rep1, _Period1>, CallbackT, rclcpp::CallbackGroup::SharedPtr) [with DurationRepT = long int; DurationT = std::ratio<1>; CallbackT = void (ImuPublisher::*)()][m[K’
[1.973s] [01m[K/ros2/src/imu/src/imu_publisher.cpp:28:37:[m[K   required from here
[1.973s] [01m[K/opt/ros/humble/include/rclcpp/rclcpp/function_traits.hpp:52:40:[m[K [01;31m[Kerror: [m[K‘[01m[Koperator()[m[K’ is not a member of ‘[01m[Kvoid (ImuPublisher::*)()[m[K’
[1.973s]    52 | ypename function_traits<decltype( [01;31m[K&FunctionT::operator()[m[K)>::arguments>::type;
[1.974s]       |                                   [01;31m[K^~~~~~~~~~~~~~~~~~~~~~[m[K
[1.974s] 
[1.974s] [01m[K/opt/ros/humble/include/rclcpp/rclcpp/function_traits.hpp:52:40:[m[K [01;31m[Kerror: [m[K‘[01m[Koperator()[m[K’ is not a member of ‘[01m[Kvoid (ImuPublisher::*)()[m[K’
[1.974s] [01m[K/opt/ros/humble/include/rclcpp/rclcpp/function_traits.hpp:52:40:[m[K [01;31m[Kerror: [m[K‘[01m[Koperator()[m[K’ is not a member of ‘[01m[Kvoid (ImuPublisher::*)()[m[K’
[1.974s] [01m[K/ros2/src/imu/src/imu_publisher.cpp:28:37:[m[K [01;31m[Kerror: [m[Kno matching function for call to ‘[01m[KImuPublisher::create_wall_timer(std::chrono::seconds, void (ImuPublisher::*)())[m[K’
[1.974s]    28 |   timer_ = [01;31m[Kthis->create_wall_timer(std::chrono::seconds(1),[m[K
[1.975s]       |            [01;31m[K~~~~~~~~~~~~~~~~~~~~~~~^~~~~~~~~~~~~~~~~~~~~~~~~[m[K
[1.975s] 
[1.975s]    29 | [01;31m[K                                   &ImuPublisher::publish_imu)[m[K;
[1.975s]       |                                    [01;31m[K~~~~~~~~~~~~~~~~~~~~~~~~~~~[m[K
[1.975s] 
[1.975s] In file included from [01m[K/opt/ros/humble/include/rclcpp/rclcpp/executors/single_threaded_executor.hpp:28[m[K,
[1.975s]                  from [01m[K/opt/ros/humble/include/rclcpp/rclcpp/executors.hpp:22[m[K,
[1.975s]                  from [01m[K/opt/ros/humble/include/rclcpp/rclcpp/rclcpp.hpp:155[m[K,
[1.976s]                  from [01m[K/ros2/src/imu/src/imu_publisher.cpp:1[m[K:
[1.976s] [01m[K/opt/ros/humble/include/rclcpp/rclcpp/node.hpp:238:3:[m[K [01;36m[Knote: [m[Kcandidate: ‘[01m[Ktemplate<class DurationRepT, class DurationT, class CallbackT> typename rclcpp::WallTimer<CallbackT>::SharedPtr rclcpp::Node::create_wall_timer(std::chrono::duration<_Rep1, _Period1>, CallbackT, rclcpp::CallbackGroup::SharedPtr)[m[K’
[1.976s]   238 |   [01;36m[Kcreate_wall_timer[m[K(
[1.976s]       |   [01;36m[K^~~~~~~~~~~~~~~~~[m[K
[1.976s] [01m[K/opt/ros/humble/include/rclcpp/rclcpp/node.hpp:238:3:[m[K [01;36m[Knote: [m[K  substitution of deduced template arguments resulted in errors seen above
[2.480s] gmake[2]: *** [CMakeFiles/imu_publisher.dir/build.make:76: CMakeFiles/imu_publisher.dir/src/imu_publisher.cpp.o] Error 1
[2.480s] gmake[1]: *** [CMakeFiles/Makefile2:137: CMakeFiles/imu_publisher.dir/all] Error 2
[2.480s] gmake: *** [Makefile:146: all] Error 2
[2.482s] Invoked command in '/ros2/build/imu' returned '2': CMAKE_PREFIX_PATH=${CMAKE_PREFIX_PATH}:/ros2/install/vehicle_status_py:/ros2/install/talker_listener_py:/opt/ros/humble /usr/bin/cmake --build /ros2/build/imu -- -j12 -l12
