-- Found ament_cmake: 1.3.14 (/opt/ros/humble/share/ament_cmake/cmake)
-- Found rosidl_default_generators: 1.2.1 (/opt/ros/humble/share/rosidl_default_generators/cmake)
-- Using all available rosidl_typesupport_c: rosidl_typesupport_fastrtps_c;rosidl_typesupport_introspection_c
-- Found rosidl_adapter: 3.1.8 (/opt/ros/humble/share/rosidl_adapter/cmake)
-- Using all available rosidl_typesupport_cpp: rosidl_typesupport_fastrtps_cpp;rosidl_typesupport_introspection_cpp
-- Found ament_cmake_ros: 0.10.0 (/opt/ros/humble/share/ament_cmake_ros/cmake)
-- Using all available rosidl_typesupport_c: rosidl_typesupport_fastrtps_c;rosidl_typesupport_introspection_c
-- Using all available rosidl_typesupport_cpp: rosidl_typesupport_fastrtps_cpp;rosidl_typesupport_introspection_cpp
-- Found PythonInterp: /usr/bin/python3 (found suitable version "3.10.12", minimum required is "3.6") 
-- Found python_cmake_module: 0.10.0 (/opt/ros/humble/share/python_cmake_module/cmake)
-- Found PythonLibs: /usr/lib/x86_64-linux-gnu/libpython3.10.so (found suitable version "3.10.12", minimum required is "3.5") 
-- Using PYTHON_EXECUTABLE: /usr/bin/python3
-- Using PYTHON_INCLUDE_DIRS: /usr/include/python3.10
-- Using PYTHON_LIBRARIES: /usr/lib/x86_64-linux-gnu/libpython3.10.so
-- Found PythonExtra: .so  
-- Found ament_lint_auto: 0.12.15 (/opt/ros/humble/share/ament_lint_auto/cmake)
-- Added test 'lint_cmake' to check CMake code style
-- Added test 'xmllint' to check XML markup files
-- Configuring done
-- Generating done
-- Build files have been written to: /ros2/build/interfaces
[  3%] [34m[1mGenerating C code for ROS interfaces[0m
[  6%] [34m[1mGenerating C++ code for ROS interfaces[0m
[  9%] [34m[1mGenerating Rust code for ROS interfaces[0m
[  9%] Built target ament_cmake_python_copy_interfaces
running egg_info
creating interfaces.egg-info
writing interfaces.egg-info/PKG-INFO
writing dependency_links to interfaces.egg-info/dependency_links.txt
writing top-level names to interfaces.egg-info/top_level.txt
writing manifest file 'interfaces.egg-info/SOURCES.txt'
reading manifest file 'interfaces.egg-info/SOURCES.txt'
writing manifest file 'interfaces.egg-info/SOURCES.txt'
[  9%] Built target interfaces__rs
[  9%] Built target interfaces__cpp
[  9%] Built target ament_cmake_python_build_interfaces_egg
[ 21%] [34m[1mGenerating C++ type support for eProsima Fast-RTPS[0m
[ 21%] [32mBuilding C object CMakeFiles/interfaces__rosidl_generator_c.dir/rosidl_generator_c/interfaces/msg/detail/vehicle_status__functions.c.o[0m
[ 21%] [34m[1mGenerating C++ introspection for ROS interfaces[0m
[ 21%] [34m[1mGenerating C++ type support dispatch for ROS interfaces[0m
[ 25%] [32m[1mLinking C shared library libinterfaces__rosidl_generator_c.so[0m
[ 25%] Built target interfaces__rosidl_generator_c
[ 34%] [34m[1mGenerating C type support dispatch for ROS interfaces[0m
[ 34%] [34m[1mGenerating C introspection for ROS interfaces[0m
[ 34%] [34m[1mGenerating C type support for eProsima Fast-RTPS[0m
[ 37%] [32mBuilding CXX object CMakeFiles/interfaces__rosidl_typesupport_cpp.dir/rosidl_typesupport_cpp/interfaces/msg/vehicle_status__type_support.cpp.o[0m
[ 40%] [32mBuilding CXX object CMakeFiles/interfaces__rosidl_typesupport_introspection_cpp.dir/rosidl_typesupport_introspection_cpp/interfaces/msg/detail/vehicle_status__type_support.cpp.o[0m
[ 43%] [32mBuilding CXX object CMakeFiles/interfaces__rosidl_typesupport_fastrtps_cpp.dir/rosidl_typesupport_fastrtps_cpp/interfaces/msg/detail/dds_fastrtps/vehicle_status__type_support.cpp.o[0m
[ 46%] [32mBuilding CXX object CMakeFiles/interfaces__rosidl_typesupport_c.dir/rosidl_typesupport_c/interfaces/msg/vehicle_status__type_support.cpp.o[0m
[ 50%] [32m[1mLinking CXX shared library libinterfaces__rosidl_typesupport_c.so[0m
[ 53%] [32mBuilding C object CMakeFiles/interfaces__rosidl_typesupport_introspection_c.dir/rosidl_typesupport_introspection_c/interfaces/msg/detail/vehicle_status__type_support.c.o[0m
[ 56%] [32mBuilding CXX object CMakeFiles/interfaces__rosidl_typesupport_fastrtps_c.dir/rosidl_typesupport_fastrtps_c/interfaces/msg/detail/vehicle_status__type_support_c.cpp.o[0m
[ 59%] [32m[1mLinking C shared library libinterfaces__rosidl_typesupport_introspection_c.so[0m
[ 59%] Built target interfaces__rosidl_typesupport_c
[ 59%] Built target interfaces__rosidl_typesupport_introspection_c
[ 62%] [32m[1mLinking CXX shared library libinterfaces__rosidl_typesupport_cpp.so[0m
[ 62%] Built target interfaces__rosidl_typesupport_cpp
[ 65%] [32m[1mLinking CXX shared library libinterfaces__rosidl_typesupport_introspection_cpp.so[0m
[ 65%] Built target interfaces__rosidl_typesupport_introspection_cpp
[ 68%] [32m[1mLinking CXX shared library libinterfaces__rosidl_typesupport_fastrtps_cpp.so[0m
[ 71%] [32m[1mLinking CXX shared library libinterfaces__rosidl_typesupport_fastrtps_c.so[0m
[ 71%] Built target interfaces__rosidl_typesupport_fastrtps_cpp
[ 71%] Built target interfaces__rosidl_typesupport_fastrtps_c
[ 71%] Built target interfaces
[ 75%] [34m[1mGenerating Python code for ROS interfaces[0m
[ 75%] Built target interfaces__py
[ 78%] [32mBuilding C object CMakeFiles/interfaces__rosidl_generator_py.dir/rosidl_generator_py/interfaces/msg/_vehicle_status_s.c.o[0m
[ 81%] [32m[1mLinking C shared library rosidl_generator_py/interfaces/libinterfaces__rosidl_generator_py.so[0m
[ 81%] Built target interfaces__rosidl_generator_py
[ 90%] [32mBuilding C object CMakeFiles/interfaces__rosidl_typesupport_introspection_c__pyext.dir/rosidl_generator_py/interfaces/_interfaces_s.ep.rosidl_typesupport_introspection_c.c.o[0m
[ 90%] [32mBuilding C object CMakeFiles/interfaces__rosidl_typesupport_c__pyext.dir/rosidl_generator_py/interfaces/_interfaces_s.ep.rosidl_typesupport_c.c.o[0m
[ 90%] [32mBuilding C object CMakeFiles/interfaces__rosidl_typesupport_fastrtps_c__pyext.dir/rosidl_generator_py/interfaces/_interfaces_s.ep.rosidl_typesupport_fastrtps_c.c.o[0m
[ 96%] [32m[1mLinking C shared library rosidl_generator_py/interfaces/interfaces_s__rosidl_typesupport_c.cpython-310-x86_64-linux-gnu.so[0m
[ 96%] [32m[1mLinking C shared library rosidl_generator_py/interfaces/interfaces_s__rosidl_typesupport_introspection_c.cpython-310-x86_64-linux-gnu.so[0m
[100%] [32m[1mLinking C shared library rosidl_generator_py/interfaces/interfaces_s__rosidl_typesupport_fastrtps_c.cpython-310-x86_64-linux-gnu.so[0m
[100%] Built target interfaces__rosidl_typesupport_c__pyext
[100%] Built target interfaces__rosidl_typesupport_introspection_c__pyext
[100%] Built target interfaces__rosidl_typesupport_fastrtps_c__pyext
-- Install configuration: ""
-- Installing: /ros2/install/interfaces/share/ament_index/resource_index/rosidl_interfaces/interfaces
-- Installing: /ros2/install/interfaces/include/interfaces/interfaces
-- Installing: /ros2/install/interfaces/include/interfaces/interfaces/msg
-- Installing: /ros2/install/interfaces/include/interfaces/interfaces/msg/detail
-- Installing: /ros2/install/interfaces/include/interfaces/interfaces/msg/detail/vehicle_status__functions.h
-- Installing: /ros2/install/interfaces/include/interfaces/interfaces/msg/detail/vehicle_status__type_support.h
-- Installing: /ros2/install/interfaces/include/interfaces/interfaces/msg/detail/vehicle_status__functions.c
-- Installing: /ros2/install/interfaces/include/interfaces/interfaces/msg/detail/vehicle_status__struct.h
-- Installing: /ros2/install/interfaces/include/interfaces/interfaces/msg/rosidl_generator_c__visibility_control.h
-- Installing: /ros2/install/interfaces/include/interfaces/interfaces/msg/vehicle_status.h
-- Installing: /ros2/install/interfaces/share/interfaces/environment/library_path.sh
-- Installing: /ros2/install/interfaces/share/interfaces/environment/library_path.dsv
-- Installing: /ros2/install/interfaces/lib/libinterfaces__rosidl_generator_c.so
-- Set runtime path of "/ros2/install/interfaces/lib/libinterfaces__rosidl_generator_c.so" to ""
-- Up-to-date: /ros2/install/interfaces/include/interfaces/interfaces
-- Up-to-date: /ros2/install/interfaces/include/interfaces/interfaces/msg
-- Up-to-date: /ros2/install/interfaces/include/interfaces/interfaces/msg/detail
-- Installing: /ros2/install/interfaces/include/interfaces/interfaces/msg/detail/vehicle_status__rosidl_typesupport_fastrtps_c.h
-- Installing: /ros2/install/interfaces/include/interfaces/interfaces/msg/rosidl_typesupport_fastrtps_c__visibility_control.h
-- Installing: /ros2/install/interfaces/lib/libinterfaces__rosidl_typesupport_fastrtps_c.so
-- Set runtime path of "/ros2/install/interfaces/lib/libinterfaces__rosidl_typesupport_fastrtps_c.so" to ""
-- Up-to-date: /ros2/install/interfaces/include/interfaces/interfaces
-- Up-to-date: /ros2/install/interfaces/include/interfaces/interfaces/msg
-- Up-to-date: /ros2/install/interfaces/include/interfaces/interfaces/msg/detail
-- Installing: /ros2/install/interfaces/include/interfaces/interfaces/msg/detail/vehicle_status__type_support.c
-- Installing: /ros2/install/interfaces/include/interfaces/interfaces/msg/detail/vehicle_status__rosidl_typesupport_introspection_c.h
-- Installing: /ros2/install/interfaces/include/interfaces/interfaces/msg/rosidl_typesupport_introspection_c__visibility_control.h
-- Installing: /ros2/install/interfaces/lib/libinterfaces__rosidl_typesupport_introspection_c.so
-- Set runtime path of "/ros2/install/interfaces/lib/libinterfaces__rosidl_typesupport_introspection_c.so" to ""
-- Installing: /ros2/install/interfaces/lib/libinterfaces__rosidl_typesupport_c.so
-- Set runtime path of "/ros2/install/interfaces/lib/libinterfaces__rosidl_typesupport_c.so" to ""
-- Up-to-date: /ros2/install/interfaces/include/interfaces/interfaces
-- Up-to-date: /ros2/install/interfaces/include/interfaces/interfaces/msg
-- Up-to-date: /ros2/install/interfaces/include/interfaces/interfaces/msg/detail
-- Installing: /ros2/install/interfaces/include/interfaces/interfaces/msg/detail/vehicle_status__traits.hpp
-- Installing: /ros2/install/interfaces/include/interfaces/interfaces/msg/detail/vehicle_status__type_support.hpp
-- Installing: /ros2/install/interfaces/include/interfaces/interfaces/msg/detail/vehicle_status__builder.hpp
-- Installing: /ros2/install/interfaces/include/interfaces/interfaces/msg/detail/vehicle_status__struct.hpp
-- Installing: /ros2/install/interfaces/include/interfaces/interfaces/msg/rosidl_generator_cpp__visibility_control.hpp
-- Installing: /ros2/install/interfaces/include/interfaces/interfaces/msg/vehicle_status.hpp
-- Up-to-date: /ros2/install/interfaces/include/interfaces/interfaces
-- Up-to-date: /ros2/install/interfaces/include/interfaces/interfaces/msg
-- Installing: /ros2/install/interfaces/include/interfaces/interfaces/msg/rosidl_typesupport_fastrtps_cpp__visibility_control.h
-- Up-to-date: /ros2/install/interfaces/include/interfaces/interfaces/msg/detail
-- Installing: /ros2/install/interfaces/include/interfaces/interfaces/msg/detail/dds_fastrtps
-- Installing: /ros2/install/interfaces/include/interfaces/interfaces/msg/detail/vehicle_status__rosidl_typesupport_fastrtps_cpp.hpp
-- Installing: /ros2/install/interfaces/lib/libinterfaces__rosidl_typesupport_fastrtps_cpp.so
-- Set runtime path of "/ros2/install/interfaces/lib/libinterfaces__rosidl_typesupport_fastrtps_cpp.so" to ""
-- Up-to-date: /ros2/install/interfaces/include/interfaces/interfaces
-- Up-to-date: /ros2/install/interfaces/include/interfaces/interfaces/msg
-- Up-to-date: /ros2/install/interfaces/include/interfaces/interfaces/msg/detail
-- Installing: /ros2/install/interfaces/include/interfaces/interfaces/msg/detail/vehicle_status__rosidl_typesupport_introspection_cpp.hpp
-- Installing: /ros2/install/interfaces/include/interfaces/interfaces/msg/detail/vehicle_status__type_support.cpp
-- Installing: /ros2/install/interfaces/lib/libinterfaces__rosidl_typesupport_introspection_cpp.so
-- Set runtime path of "/ros2/install/interfaces/lib/libinterfaces__rosidl_typesupport_introspection_cpp.so" to ""
-- Installing: /ros2/install/interfaces/lib/libinterfaces__rosidl_typesupport_cpp.so
-- Set runtime path of "/ros2/install/interfaces/lib/libinterfaces__rosidl_typesupport_cpp.so" to ""
-- Installing: /ros2/install/interfaces/share/interfaces/environment/pythonpath.sh
-- Installing: /ros2/install/interfaces/share/interfaces/environment/pythonpath.dsv
-- Installing: /ros2/install/interfaces/local/lib/python3.10/dist-packages/interfaces-0.0.0-py3.10.egg-info
-- Installing: /ros2/install/interfaces/local/lib/python3.10/dist-packages/interfaces-0.0.0-py3.10.egg-info/PKG-INFO
-- Installing: /ros2/install/interfaces/local/lib/python3.10/dist-packages/interfaces-0.0.0-py3.10.egg-info/dependency_links.txt
-- Installing: /ros2/install/interfaces/local/lib/python3.10/dist-packages/interfaces-0.0.0-py3.10.egg-info/SOURCES.txt
-- Installing: /ros2/install/interfaces/local/lib/python3.10/dist-packages/interfaces-0.0.0-py3.10.egg-info/top_level.txt
-- Installing: /ros2/install/interfaces/local/lib/python3.10/dist-packages/interfaces
-- Installing: /ros2/install/interfaces/local/lib/python3.10/dist-packages/interfaces/interfaces_s__rosidl_typesupport_introspection_c.cpython-310-x86_64-linux-gnu.so
-- Installing: /ros2/install/interfaces/local/lib/python3.10/dist-packages/interfaces/_interfaces_s.ep.rosidl_typesupport_introspection_c.c
-- Installing: /ros2/install/interfaces/local/lib/python3.10/dist-packages/interfaces/__init__.py
-- Installing: /ros2/install/interfaces/local/lib/python3.10/dist-packages/interfaces/msg
-- Installing: /ros2/install/interfaces/local/lib/python3.10/dist-packages/interfaces/msg/_vehicle_status_s.c
-- Installing: /ros2/install/interfaces/local/lib/python3.10/dist-packages/interfaces/msg/__init__.py
-- Installing: /ros2/install/interfaces/local/lib/python3.10/dist-packages/interfaces/msg/_vehicle_status.py
-- Installing: /ros2/install/interfaces/local/lib/python3.10/dist-packages/interfaces/interfaces_s__rosidl_typesupport_fastrtps_c.cpython-310-x86_64-linux-gnu.so
-- Installing: /ros2/install/interfaces/local/lib/python3.10/dist-packages/interfaces/interfaces_s__rosidl_typesupport_c.cpython-310-x86_64-linux-gnu.so
-- Installing: /ros2/install/interfaces/local/lib/python3.10/dist-packages/interfaces/_interfaces_s.ep.rosidl_typesupport_c.c
-- Installing: /ros2/install/interfaces/local/lib/python3.10/dist-packages/interfaces/_interfaces_s.ep.rosidl_typesupport_fastrtps_c.c
-- Installing: /ros2/install/interfaces/local/lib/python3.10/dist-packages/interfaces/libinterfaces__rosidl_generator_py.so
Listing '/ros2/install/interfaces/local/lib/python3.10/dist-packages/interfaces'...
Compiling '/ros2/install/interfaces/local/lib/python3.10/dist-packages/interfaces/__init__.py'...
Listing '/ros2/install/interfaces/local/lib/python3.10/dist-packages/interfaces/msg'...
Compiling '/ros2/install/interfaces/local/lib/python3.10/dist-packages/interfaces/msg/__init__.py'...
Compiling '/ros2/install/interfaces/local/lib/python3.10/dist-packages/interfaces/msg/_vehicle_status.py'...
-- Installing: /ros2/install/interfaces/local/lib/python3.10/dist-packages/interfaces/interfaces_s__rosidl_typesupport_fastrtps_c.cpython-310-x86_64-linux-gnu.so
-- Set runtime path of "/ros2/install/interfaces/local/lib/python3.10/dist-packages/interfaces/interfaces_s__rosidl_typesupport_fastrtps_c.cpython-310-x86_64-linux-gnu.so" to ""
-- Installing: /ros2/install/interfaces/local/lib/python3.10/dist-packages/interfaces/interfaces_s__rosidl_typesupport_introspection_c.cpython-310-x86_64-linux-gnu.so
-- Set runtime path of "/ros2/install/interfaces/local/lib/python3.10/dist-packages/interfaces/interfaces_s__rosidl_typesupport_introspection_c.cpython-310-x86_64-linux-gnu.so" to ""
-- Installing: /ros2/install/interfaces/local/lib/python3.10/dist-packages/interfaces/interfaces_s__rosidl_typesupport_c.cpython-310-x86_64-linux-gnu.so
-- Set runtime path of "/ros2/install/interfaces/local/lib/python3.10/dist-packages/interfaces/interfaces_s__rosidl_typesupport_c.cpython-310-x86_64-linux-gnu.so" to ""
-- Installing: /ros2/install/interfaces/lib/libinterfaces__rosidl_generator_py.so
-- Set runtime path of "/ros2/install/interfaces/lib/libinterfaces__rosidl_generator_py.so" to ""
-- Installing: /ros2/install/interfaces/share/ament_index/resource_index/rust_packages/interfaces
-- Installing: /ros2/install/interfaces/share/interfaces/rust
-- Installing: /ros2/install/interfaces/share/interfaces/rust/Cargo.toml
-- Installing: /ros2/install/interfaces/share/interfaces/rust/src
-- Installing: /ros2/install/interfaces/share/interfaces/rust/src/lib.rs
-- Installing: /ros2/install/interfaces/share/interfaces/rust/src/msg
-- Installing: /ros2/install/interfaces/share/interfaces/rust/src/msg/rmw.rs
-- Installing: /ros2/install/interfaces/share/interfaces/rust/src/msg.rs
-- Installing: /ros2/install/interfaces/share/interfaces/rust/build.rs
-- Installing: /ros2/install/interfaces/share/interfaces/msg/VehicleStatus.idl
-- Installing: /ros2/install/interfaces/share/interfaces/msg/VehicleStatus.msg
-- Installing: /ros2/install/interfaces/share/ament_index/resource_index/package_run_dependencies/interfaces
-- Installing: /ros2/install/interfaces/share/ament_index/resource_index/parent_prefix_path/interfaces
-- Installing: /ros2/install/interfaces/share/interfaces/environment/ament_prefix_path.sh
-- Installing: /ros2/install/interfaces/share/interfaces/environment/ament_prefix_path.dsv
-- Installing: /ros2/install/interfaces/share/interfaces/environment/path.sh
-- Installing: /ros2/install/interfaces/share/interfaces/environment/path.dsv
-- Installing: /ros2/install/interfaces/share/interfaces/local_setup.bash
-- Installing: /ros2/install/interfaces/share/interfaces/local_setup.sh
-- Installing: /ros2/install/interfaces/share/interfaces/local_setup.zsh
-- Installing: /ros2/install/interfaces/share/interfaces/local_setup.dsv
-- Installing: /ros2/install/interfaces/share/interfaces/package.dsv
-- Installing: /ros2/install/interfaces/share/ament_index/resource_index/packages/interfaces
-- Installing: /ros2/install/interfaces/share/interfaces/cmake/export_interfaces__rosidl_generator_cExport.cmake
-- Installing: /ros2/install/interfaces/share/interfaces/cmake/export_interfaces__rosidl_generator_cExport-noconfig.cmake
-- Installing: /ros2/install/interfaces/share/interfaces/cmake/export_interfaces__rosidl_typesupport_fastrtps_cExport.cmake
-- Installing: /ros2/install/interfaces/share/interfaces/cmake/export_interfaces__rosidl_typesupport_fastrtps_cExport-noconfig.cmake
-- Installing: /ros2/install/interfaces/share/interfaces/cmake/interfaces__rosidl_typesupport_introspection_cExport.cmake
-- Installing: /ros2/install/interfaces/share/interfaces/cmake/interfaces__rosidl_typesupport_introspection_cExport-noconfig.cmake
-- Installing: /ros2/install/interfaces/share/interfaces/cmake/interfaces__rosidl_typesupport_cExport.cmake
-- Installing: /ros2/install/interfaces/share/interfaces/cmake/interfaces__rosidl_typesupport_cExport-noconfig.cmake
-- Installing: /ros2/install/interfaces/share/interfaces/cmake/export_interfaces__rosidl_generator_cppExport.cmake
-- Installing: /ros2/install/interfaces/share/interfaces/cmake/export_interfaces__rosidl_typesupport_fastrtps_cppExport.cmake
-- Installing: /ros2/install/interfaces/share/interfaces/cmake/export_interfaces__rosidl_typesupport_fastrtps_cppExport-noconfig.cmake
-- Installing: /ros2/install/interfaces/share/interfaces/cmake/interfaces__rosidl_typesupport_introspection_cppExport.cmake
-- Installing: /ros2/install/interfaces/share/interfaces/cmake/interfaces__rosidl_typesupport_introspection_cppExport-noconfig.cmake
-- Installing: /ros2/install/interfaces/share/interfaces/cmake/interfaces__rosidl_typesupport_cppExport.cmake
-- Installing: /ros2/install/interfaces/share/interfaces/cmake/interfaces__rosidl_typesupport_cppExport-noconfig.cmake
-- Installing: /ros2/install/interfaces/share/interfaces/cmake/export_interfaces__rosidl_generator_pyExport.cmake
-- Installing: /ros2/install/interfaces/share/interfaces/cmake/export_interfaces__rosidl_generator_pyExport-noconfig.cmake
-- Installing: /ros2/install/interfaces/share/interfaces/cmake/rosidl_cmake-extras.cmake
-- Installing: /ros2/install/interfaces/share/interfaces/cmake/ament_cmake_export_include_directories-extras.cmake
-- Installing: /ros2/install/interfaces/share/interfaces/cmake/ament_cmake_export_libraries-extras.cmake
-- Installing: /ros2/install/interfaces/share/interfaces/cmake/ament_cmake_export_targets-extras.cmake
-- Installing: /ros2/install/interfaces/share/interfaces/cmake/rosidl_cmake_export_typesupport_targets-extras.cmake
-- Installing: /ros2/install/interfaces/share/interfaces/cmake/ament_cmake_export_dependencies-extras.cmake
-- Installing: /ros2/install/interfaces/share/interfaces/cmake/rosidl_cmake_export_typesupport_libraries-extras.cmake
-- Installing: /ros2/install/interfaces/share/interfaces/cmake/interfacesConfig.cmake
-- Installing: /ros2/install/interfaces/share/interfaces/cmake/interfacesConfig-version.cmake
-- Installing: /ros2/install/interfaces/share/interfaces/package.xml
