[0.018s] Invoking command in '/ros2/build/interfaces': CMAKE_PREFIX_PATH=${CMAKE_PREFIX_PATH}:/ros2/install/talker_listener_py:/opt/ros/humble /usr/bin/cmake /ros2/src/interfaces -DCMAKE_INSTALL_PREFIX=/ros2/install/interfaces
[0.030s] -- Found ament_cmake: 1.3.14 (/opt/ros/humble/share/ament_cmake/cmake)
[0.149s] -- Found rosidl_default_generators: 1.2.1 (/opt/ros/humble/share/rosidl_default_generators/cmake)
[0.151s] -- Using all available rosidl_typesupport_c: rosidl_typesupport_fastrtps_c;rosidl_typesupport_introspection_c
[0.153s] -- Found rosidl_adapter: 3.1.8 (/opt/ros/humble/share/rosidl_adapter/cmake)
[0.177s] -- Using all available rosidl_typesupport_cpp: rosidl_typesupport_fastrtps_cpp;rosidl_typesupport_introspection_cpp
[0.406s] -- Found ament_cmake_ros: 0.10.0 (/opt/ros/humble/share/ament_cmake_ros/cmake)
[0.552s] -- Using all available rosidl_typesupport_c: rosidl_typesupport_fastrtps_c;rosidl_typesupport_introspection_c
[0.731s] -- Using all available rosidl_typesupport_cpp: rosidl_typesupport_fastrtps_cpp;rosidl_typesupport_introspection_cpp
[0.746s] -- Found PythonInterp: /usr/bin/python3 (found suitable version "3.10.12", minimum required is "3.6") 
[0.747s] -- Found python_cmake_module: 0.10.0 (/opt/ros/humble/share/python_cmake_module/cmake)
[0.762s] -- Found PythonLibs: /usr/lib/x86_64-linux-gnu/libpython3.10.so (found suitable version "3.10.12", minimum required is "3.5") 
[0.763s] -- Using PYTHON_EXECUTABLE: /usr/bin/python3
[0.763s] -- Using PYTHON_INCLUDE_DIRS: /usr/include/python3.10
[0.763s] -- Using PYTHON_LIBRARIES: /usr/lib/x86_64-linux-gnu/libpython3.10.so
[0.775s] -- Found PythonExtra: .so  
[0.843s] -- Found ament_lint_auto: 0.12.15 (/opt/ros/humble/share/ament_lint_auto/cmake)
[0.858s] -- Added test 'lint_cmake' to check CMake code style
[0.859s] -- Added test 'xmllint' to check XML markup files
[0.862s] -- Configuring done
[0.887s] -- Generating done
[0.896s] -- Build files have been written to: /ros2/build/interfaces
[0.901s] Invoked command in '/ros2/build/interfaces' returned '0': CMAKE_PREFIX_PATH=${CMAKE_PREFIX_PATH}:/ros2/install/talker_listener_py:/opt/ros/humble /usr/bin/cmake /ros2/src/interfaces -DCMAKE_INSTALL_PREFIX=/ros2/install/interfaces
[0.902s] Invoking command in '/ros2/build/interfaces': CMAKE_PREFIX_PATH=${CMAKE_PREFIX_PATH}:/ros2/install/talker_listener_py:/opt/ros/humble /usr/bin/cmake --build /ros2/build/interfaces -- -j12 -l12
[0.937s] [  3%] [34m[1mGenerating C code for ROS interfaces[0m
[0.945s] [  6%] [34m[1mGenerating C++ code for ROS interfaces[0m
[0.945s] [  9%] [34m[1mGenerating Rust code for ROS interfaces[0m
[0.952s] [  9%] Built target ament_cmake_python_copy_interfaces
[1.150s] running egg_info
[1.150s] creating interfaces.egg-info
[1.150s] writing interfaces.egg-info/PKG-INFO
[1.151s] writing dependency_links to interfaces.egg-info/dependency_links.txt
[1.151s] writing top-level names to interfaces.egg-info/top_level.txt
[1.151s] writing manifest file 'interfaces.egg-info/SOURCES.txt'
[1.153s] reading manifest file 'interfaces.egg-info/SOURCES.txt'
[1.154s] writing manifest file 'interfaces.egg-info/SOURCES.txt'
[1.177s] [  9%] Built target interfaces__rs
[1.187s] [  9%] Built target interfaces__cpp
[1.192s] [  9%] Built target ament_cmake_python_build_interfaces_egg
[1.195s] [ 21%] [34m[1mGenerating C++ type support for eProsima Fast-RTPS[0m
[1.195s] [ 21%] [32mBuilding C object CMakeFiles/interfaces__rosidl_generator_c.dir/rosidl_generator_c/interfaces/msg/detail/vehicle_status__functions.c.o[0m
[1.195s] [ 21%] [34m[1mGenerating C++ introspection for ROS interfaces[0m
[1.196s] [ 21%] [34m[1mGenerating C++ type support dispatch for ROS interfaces[0m
[1.234s] [ 25%] [32m[1mLinking C shared library libinterfaces__rosidl_generator_c.so[0m
[1.265s] [ 25%] Built target interfaces__rosidl_generator_c
[1.274s] [ 34%] [34m[1mGenerating C type support dispatch for ROS interfaces[0m
[1.274s] [ 34%] [34m[1mGenerating C introspection for ROS interfaces[0m
[1.275s] [ 34%] [34m[1mGenerating C type support for eProsima Fast-RTPS[0m
[1.416s] [ 37%] [32mBuilding CXX object CMakeFiles/interfaces__rosidl_typesupport_cpp.dir/rosidl_typesupport_cpp/interfaces/msg/vehicle_status__type_support.cpp.o[0m
[1.424s] [ 40%] [32mBuilding CXX object CMakeFiles/interfaces__rosidl_typesupport_introspection_cpp.dir/rosidl_typesupport_introspection_cpp/interfaces/msg/detail/vehicle_status__type_support.cpp.o[0m
[1.451s] [ 43%] [32mBuilding CXX object CMakeFiles/interfaces__rosidl_typesupport_fastrtps_cpp.dir/rosidl_typesupport_fastrtps_cpp/interfaces/msg/detail/dds_fastrtps/vehicle_status__type_support.cpp.o[0m
[1.494s] [ 46%] [32mBuilding CXX object CMakeFiles/interfaces__rosidl_typesupport_c.dir/rosidl_typesupport_c/interfaces/msg/vehicle_status__type_support.cpp.o[0m
[1.527s] [ 50%] [32m[1mLinking CXX shared library libinterfaces__rosidl_typesupport_c.so[0m
[1.528s] [ 53%] [32mBuilding C object CMakeFiles/interfaces__rosidl_typesupport_introspection_c.dir/rosidl_typesupport_introspection_c/interfaces/msg/detail/vehicle_status__type_support.c.o[0m
[1.528s] [ 56%] [32mBuilding CXX object CMakeFiles/interfaces__rosidl_typesupport_fastrtps_c.dir/rosidl_typesupport_fastrtps_c/interfaces/msg/detail/vehicle_status__type_support_c.cpp.o[0m
[1.560s] [ 59%] [32m[1mLinking C shared library libinterfaces__rosidl_typesupport_introspection_c.so[0m
[1.568s] [ 59%] Built target interfaces__rosidl_typesupport_c
[1.589s] [ 59%] Built target interfaces__rosidl_typesupport_introspection_c
[1.668s] [ 62%] [32m[1mLinking CXX shared library libinterfaces__rosidl_typesupport_cpp.so[0m
[1.707s] [ 62%] Built target interfaces__rosidl_typesupport_cpp
[1.752s] [ 65%] [32m[1mLinking CXX shared library libinterfaces__rosidl_typesupport_introspection_cpp.so[0m
[1.788s] [ 65%] Built target interfaces__rosidl_typesupport_introspection_cpp
[1.796s] [ 68%] [32m[1mLinking CXX shared library libinterfaces__rosidl_typesupport_fastrtps_cpp.so[0m
[1.813s] [ 71%] [32m[1mLinking CXX shared library libinterfaces__rosidl_typesupport_fastrtps_c.so[0m
[1.869s] [ 71%] Built target interfaces__rosidl_typesupport_fastrtps_cpp
[1.887s] [ 71%] Built target interfaces__rosidl_typesupport_fastrtps_c
[1.903s] [ 71%] Built target interfaces
[1.920s] [ 75%] [34m[1mGenerating Python code for ROS interfaces[0m
[2.165s] [ 75%] Built target interfaces__py
[2.182s] [ 78%] [32mBuilding C object CMakeFiles/interfaces__rosidl_generator_py.dir/rosidl_generator_py/interfaces/msg/_vehicle_status_s.c.o[0m
[2.261s] [ 81%] [32m[1mLinking C shared library rosidl_generator_py/interfaces/libinterfaces__rosidl_generator_py.so[0m
[2.292s] [ 81%] Built target interfaces__rosidl_generator_py
[2.309s] [ 90%] [32mBuilding C object CMakeFiles/interfaces__rosidl_typesupport_introspection_c__pyext.dir/rosidl_generator_py/interfaces/_interfaces_s.ep.rosidl_typesupport_introspection_c.c.o[0m
[2.309s] [ 90%] [32mBuilding C object CMakeFiles/interfaces__rosidl_typesupport_c__pyext.dir/rosidl_generator_py/interfaces/_interfaces_s.ep.rosidl_typesupport_c.c.o[0m
[2.309s] [ 90%] [32mBuilding C object CMakeFiles/interfaces__rosidl_typesupport_fastrtps_c__pyext.dir/rosidl_generator_py/interfaces/_interfaces_s.ep.rosidl_typesupport_fastrtps_c.c.o[0m
[2.385s] [ 96%] [32m[1mLinking C shared library rosidl_generator_py/interfaces/interfaces_s__rosidl_typesupport_c.cpython-310-x86_64-linux-gnu.so[0m
[2.385s] [ 96%] [32m[1mLinking C shared library rosidl_generator_py/interfaces/interfaces_s__rosidl_typesupport_introspection_c.cpython-310-x86_64-linux-gnu.so[0m
[2.390s] [100%] [32m[1mLinking C shared library rosidl_generator_py/interfaces/interfaces_s__rosidl_typesupport_fastrtps_c.cpython-310-x86_64-linux-gnu.so[0m
[2.414s] [100%] Built target interfaces__rosidl_typesupport_c__pyext
[2.414s] [100%] Built target interfaces__rosidl_typesupport_introspection_c__pyext
[2.419s] [100%] Built target interfaces__rosidl_typesupport_fastrtps_c__pyext
[2.428s] Invoked command in '/ros2/build/interfaces' returned '0': CMAKE_PREFIX_PATH=${CMAKE_PREFIX_PATH}:/ros2/install/talker_listener_py:/opt/ros/humble /usr/bin/cmake --build /ros2/build/interfaces -- -j12 -l12
[2.429s] Invoking command in '/ros2/build/interfaces': CMAKE_PREFIX_PATH=${CMAKE_PREFIX_PATH}:/ros2/install/talker_listener_py:/opt/ros/humble /usr/bin/cmake --install /ros2/build/interfaces
[2.436s] -- Install configuration: ""
[2.436s] -- Installing: /ros2/install/interfaces/share/ament_index/resource_index/rosidl_interfaces/interfaces
[2.436s] -- Installing: /ros2/install/interfaces/include/interfaces/interfaces
[2.436s] -- Installing: /ros2/install/interfaces/include/interfaces/interfaces/msg
[2.436s] -- Installing: /ros2/install/interfaces/include/interfaces/interfaces/msg/detail
[2.436s] -- Installing: /ros2/install/interfaces/include/interfaces/interfaces/msg/detail/vehicle_status__functions.h
[2.436s] -- Installing: /ros2/install/interfaces/include/interfaces/interfaces/msg/detail/vehicle_status__type_support.h
[2.436s] -- Installing: /ros2/install/interfaces/include/interfaces/interfaces/msg/detail/vehicle_status__functions.c
[2.436s] -- Installing: /ros2/install/interfaces/include/interfaces/interfaces/msg/detail/vehicle_status__struct.h
[2.436s] -- Installing: /ros2/install/interfaces/include/interfaces/interfaces/msg/rosidl_generator_c__visibility_control.h
[2.436s] -- Installing: /ros2/install/interfaces/include/interfaces/interfaces/msg/vehicle_status.h
[2.437s] -- Installing: /ros2/install/interfaces/share/interfaces/environment/library_path.sh
[2.437s] -- Installing: /ros2/install/interfaces/share/interfaces/environment/library_path.dsv
[2.437s] -- Installing: /ros2/install/interfaces/lib/libinterfaces__rosidl_generator_c.so
[2.437s] -- Set runtime path of "/ros2/install/interfaces/lib/libinterfaces__rosidl_generator_c.so" to ""
[2.437s] -- Up-to-date: /ros2/install/interfaces/include/interfaces/interfaces
[2.437s] -- Up-to-date: /ros2/install/interfaces/include/interfaces/interfaces/msg
[2.437s] -- Up-to-date: /ros2/install/interfaces/include/interfaces/interfaces/msg/detail
[2.437s] -- Installing: /ros2/install/interfaces/include/interfaces/interfaces/msg/detail/vehicle_status__rosidl_typesupport_fastrtps_c.h
[2.437s] -- Installing: /ros2/install/interfaces/include/interfaces/interfaces/msg/rosidl_typesupport_fastrtps_c__visibility_control.h
[2.437s] -- Installing: /ros2/install/interfaces/lib/libinterfaces__rosidl_typesupport_fastrtps_c.so
[2.438s] -- Set runtime path of "/ros2/install/interfaces/lib/libinterfaces__rosidl_typesupport_fastrtps_c.so" to ""
[2.438s] -- Up-to-date: /ros2/install/interfaces/include/interfaces/interfaces
[2.438s] -- Up-to-date: /ros2/install/interfaces/include/interfaces/interfaces/msg
[2.438s] -- Up-to-date: /ros2/install/interfaces/include/interfaces/interfaces/msg/detail
[2.438s] -- Installing: /ros2/install/interfaces/include/interfaces/interfaces/msg/detail/vehicle_status__type_support.c
[2.438s] -- Installing: /ros2/install/interfaces/include/interfaces/interfaces/msg/detail/vehicle_status__rosidl_typesupport_introspection_c.h
[2.438s] -- Installing: /ros2/install/interfaces/include/interfaces/interfaces/msg/rosidl_typesupport_introspection_c__visibility_control.h
[2.438s] -- Installing: /ros2/install/interfaces/lib/libinterfaces__rosidl_typesupport_introspection_c.so
[2.438s] -- Set runtime path of "/ros2/install/interfaces/lib/libinterfaces__rosidl_typesupport_introspection_c.so" to ""
[2.438s] -- Installing: /ros2/install/interfaces/lib/libinterfaces__rosidl_typesupport_c.so
[2.439s] -- Set runtime path of "/ros2/install/interfaces/lib/libinterfaces__rosidl_typesupport_c.so" to ""
[2.439s] -- Up-to-date: /ros2/install/interfaces/include/interfaces/interfaces
[2.439s] -- Up-to-date: /ros2/install/interfaces/include/interfaces/interfaces/msg
[2.439s] -- Up-to-date: /ros2/install/interfaces/include/interfaces/interfaces/msg/detail
[2.439s] -- Installing: /ros2/install/interfaces/include/interfaces/interfaces/msg/detail/vehicle_status__traits.hpp
[2.439s] -- Installing: /ros2/install/interfaces/include/interfaces/interfaces/msg/detail/vehicle_status__type_support.hpp
[2.439s] -- Installing: /ros2/install/interfaces/include/interfaces/interfaces/msg/detail/vehicle_status__builder.hpp
[2.439s] -- Installing: /ros2/install/interfaces/include/interfaces/interfaces/msg/detail/vehicle_status__struct.hpp
[2.439s] -- Installing: /ros2/install/interfaces/include/interfaces/interfaces/msg/rosidl_generator_cpp__visibility_control.hpp
[2.439s] -- Installing: /ros2/install/interfaces/include/interfaces/interfaces/msg/vehicle_status.hpp
[2.440s] -- Up-to-date: /ros2/install/interfaces/include/interfaces/interfaces
[2.440s] -- Up-to-date: /ros2/install/interfaces/include/interfaces/interfaces/msg
[2.440s] -- Installing: /ros2/install/interfaces/include/interfaces/interfaces/msg/rosidl_typesupport_fastrtps_cpp__visibility_control.h
[2.440s] -- Up-to-date: /ros2/install/interfaces/include/interfaces/interfaces/msg/detail
[2.440s] -- Installing: /ros2/install/interfaces/include/interfaces/interfaces/msg/detail/dds_fastrtps
[2.440s] -- Installing: /ros2/install/interfaces/include/interfaces/interfaces/msg/detail/vehicle_status__rosidl_typesupport_fastrtps_cpp.hpp
[2.440s] -- Installing: /ros2/install/interfaces/lib/libinterfaces__rosidl_typesupport_fastrtps_cpp.so
[2.440s] -- Set runtime path of "/ros2/install/interfaces/lib/libinterfaces__rosidl_typesupport_fastrtps_cpp.so" to ""
[2.440s] -- Up-to-date: /ros2/install/interfaces/include/interfaces/interfaces
[2.440s] -- Up-to-date: /ros2/install/interfaces/include/interfaces/interfaces/msg
[2.440s] -- Up-to-date: /ros2/install/interfaces/include/interfaces/interfaces/msg/detail
[2.440s] -- Installing: /ros2/install/interfaces/include/interfaces/interfaces/msg/detail/vehicle_status__rosidl_typesupport_introspection_cpp.hpp
[2.440s] -- Installing: /ros2/install/interfaces/include/interfaces/interfaces/msg/detail/vehicle_status__type_support.cpp
[2.440s] -- Installing: /ros2/install/interfaces/lib/libinterfaces__rosidl_typesupport_introspection_cpp.so
[2.440s] -- Set runtime path of "/ros2/install/interfaces/lib/libinterfaces__rosidl_typesupport_introspection_cpp.so" to ""
[2.441s] -- Installing: /ros2/install/interfaces/lib/libinterfaces__rosidl_typesupport_cpp.so
[2.441s] -- Set runtime path of "/ros2/install/interfaces/lib/libinterfaces__rosidl_typesupport_cpp.so" to ""
[2.441s] -- Installing: /ros2/install/interfaces/share/interfaces/environment/pythonpath.sh
[2.441s] -- Installing: /ros2/install/interfaces/share/interfaces/environment/pythonpath.dsv
[2.441s] -- Installing: /ros2/install/interfaces/local/lib/python3.10/dist-packages/interfaces-0.0.0-py3.10.egg-info
[2.441s] -- Installing: /ros2/install/interfaces/local/lib/python3.10/dist-packages/interfaces-0.0.0-py3.10.egg-info/PKG-INFO
[2.441s] -- Installing: /ros2/install/interfaces/local/lib/python3.10/dist-packages/interfaces-0.0.0-py3.10.egg-info/dependency_links.txt
[2.441s] -- Installing: /ros2/install/interfaces/local/lib/python3.10/dist-packages/interfaces-0.0.0-py3.10.egg-info/SOURCES.txt
[2.442s] -- Installing: /ros2/install/interfaces/local/lib/python3.10/dist-packages/interfaces-0.0.0-py3.10.egg-info/top_level.txt
[2.442s] -- Installing: /ros2/install/interfaces/local/lib/python3.10/dist-packages/interfaces
[2.442s] -- Installing: /ros2/install/interfaces/local/lib/python3.10/dist-packages/interfaces/interfaces_s__rosidl_typesupport_introspection_c.cpython-310-x86_64-linux-gnu.so
[2.442s] -- Installing: /ros2/install/interfaces/local/lib/python3.10/dist-packages/interfaces/_interfaces_s.ep.rosidl_typesupport_introspection_c.c
[2.442s] -- Installing: /ros2/install/interfaces/local/lib/python3.10/dist-packages/interfaces/__init__.py
[2.442s] -- Installing: /ros2/install/interfaces/local/lib/python3.10/dist-packages/interfaces/msg
[2.442s] -- Installing: /ros2/install/interfaces/local/lib/python3.10/dist-packages/interfaces/msg/_vehicle_status_s.c
[2.442s] -- Installing: /ros2/install/interfaces/local/lib/python3.10/dist-packages/interfaces/msg/__init__.py
[2.442s] -- Installing: /ros2/install/interfaces/local/lib/python3.10/dist-packages/interfaces/msg/_vehicle_status.py
[2.442s] -- Installing: /ros2/install/interfaces/local/lib/python3.10/dist-packages/interfaces/interfaces_s__rosidl_typesupport_fastrtps_c.cpython-310-x86_64-linux-gnu.so
[2.442s] -- Installing: /ros2/install/interfaces/local/lib/python3.10/dist-packages/interfaces/interfaces_s__rosidl_typesupport_c.cpython-310-x86_64-linux-gnu.so
[2.442s] -- Installing: /ros2/install/interfaces/local/lib/python3.10/dist-packages/interfaces/_interfaces_s.ep.rosidl_typesupport_c.c
[2.442s] -- Installing: /ros2/install/interfaces/local/lib/python3.10/dist-packages/interfaces/_interfaces_s.ep.rosidl_typesupport_fastrtps_c.c
[2.442s] -- Installing: /ros2/install/interfaces/local/lib/python3.10/dist-packages/interfaces/libinterfaces__rosidl_generator_py.so
[2.471s] Listing '/ros2/install/interfaces/local/lib/python3.10/dist-packages/interfaces'...
[2.471s] Compiling '/ros2/install/interfaces/local/lib/python3.10/dist-packages/interfaces/__init__.py'...
[2.472s] Listing '/ros2/install/interfaces/local/lib/python3.10/dist-packages/interfaces/msg'...
[2.472s] Compiling '/ros2/install/interfaces/local/lib/python3.10/dist-packages/interfaces/msg/__init__.py'...
[2.472s] Compiling '/ros2/install/interfaces/local/lib/python3.10/dist-packages/interfaces/msg/_vehicle_status.py'...
[2.475s] -- Installing: /ros2/install/interfaces/local/lib/python3.10/dist-packages/interfaces/interfaces_s__rosidl_typesupport_fastrtps_c.cpython-310-x86_64-linux-gnu.so
[2.476s] -- Set runtime path of "/ros2/install/interfaces/local/lib/python3.10/dist-packages/interfaces/interfaces_s__rosidl_typesupport_fastrtps_c.cpython-310-x86_64-linux-gnu.so" to ""
[2.476s] -- Installing: /ros2/install/interfaces/local/lib/python3.10/dist-packages/interfaces/interfaces_s__rosidl_typesupport_introspection_c.cpython-310-x86_64-linux-gnu.so
[2.476s] -- Set runtime path of "/ros2/install/interfaces/local/lib/python3.10/dist-packages/interfaces/interfaces_s__rosidl_typesupport_introspection_c.cpython-310-x86_64-linux-gnu.so" to ""
[2.476s] -- Installing: /ros2/install/interfaces/local/lib/python3.10/dist-packages/interfaces/interfaces_s__rosidl_typesupport_c.cpython-310-x86_64-linux-gnu.so
[2.477s] -- Set runtime path of "/ros2/install/interfaces/local/lib/python3.10/dist-packages/interfaces/interfaces_s__rosidl_typesupport_c.cpython-310-x86_64-linux-gnu.so" to ""
[2.477s] -- Installing: /ros2/install/interfaces/lib/libinterfaces__rosidl_generator_py.so
[2.477s] -- Set runtime path of "/ros2/install/interfaces/lib/libinterfaces__rosidl_generator_py.so" to ""
[2.477s] -- Installing: /ros2/install/interfaces/share/ament_index/resource_index/rust_packages/interfaces
[2.477s] -- Installing: /ros2/install/interfaces/share/interfaces/rust
[2.477s] -- Installing: /ros2/install/interfaces/share/interfaces/rust/Cargo.toml
[2.477s] -- Installing: /ros2/install/interfaces/share/interfaces/rust/src
[2.478s] -- Installing: /ros2/install/interfaces/share/interfaces/rust/src/lib.rs
[2.478s] -- Installing: /ros2/install/interfaces/share/interfaces/rust/src/msg
[2.478s] -- Installing: /ros2/install/interfaces/share/interfaces/rust/src/msg/rmw.rs
[2.478s] -- Installing: /ros2/install/interfaces/share/interfaces/rust/src/msg.rs
[2.478s] -- Installing: /ros2/install/interfaces/share/interfaces/rust/build.rs
[2.478s] -- Installing: /ros2/install/interfaces/share/interfaces/msg/VehicleStatus.idl
[2.478s] -- Installing: /ros2/install/interfaces/share/interfaces/msg/VehicleStatus.msg
[2.478s] -- Installing: /ros2/install/interfaces/share/ament_index/resource_index/package_run_dependencies/interfaces
[2.478s] -- Installing: /ros2/install/interfaces/share/ament_index/resource_index/parent_prefix_path/interfaces
[2.478s] -- Installing: /ros2/install/interfaces/share/interfaces/environment/ament_prefix_path.sh
[2.478s] -- Installing: /ros2/install/interfaces/share/interfaces/environment/ament_prefix_path.dsv
[2.478s] -- Installing: /ros2/install/interfaces/share/interfaces/environment/path.sh
[2.478s] -- Installing: /ros2/install/interfaces/share/interfaces/environment/path.dsv
[2.479s] -- Installing: /ros2/install/interfaces/share/interfaces/local_setup.bash
[2.479s] -- Installing: /ros2/install/interfaces/share/interfaces/local_setup.sh
[2.479s] -- Installing: /ros2/install/interfaces/share/interfaces/local_setup.zsh
[2.479s] -- Installing: /ros2/install/interfaces/share/interfaces/local_setup.dsv
[2.479s] -- Installing: /ros2/install/interfaces/share/interfaces/package.dsv
[2.479s] -- Installing: /ros2/install/interfaces/share/ament_index/resource_index/packages/interfaces
[2.479s] -- Installing: /ros2/install/interfaces/share/interfaces/cmake/export_interfaces__rosidl_generator_cExport.cmake
[2.479s] -- Installing: /ros2/install/interfaces/share/interfaces/cmake/export_interfaces__rosidl_generator_cExport-noconfig.cmake
[2.479s] -- Installing: /ros2/install/interfaces/share/interfaces/cmake/export_interfaces__rosidl_typesupport_fastrtps_cExport.cmake
[2.480s] -- Installing: /ros2/install/interfaces/share/interfaces/cmake/export_interfaces__rosidl_typesupport_fastrtps_cExport-noconfig.cmake
[2.480s] -- Installing: /ros2/install/interfaces/share/interfaces/cmake/interfaces__rosidl_typesupport_introspection_cExport.cmake
[2.480s] -- Installing: /ros2/install/interfaces/share/interfaces/cmake/interfaces__rosidl_typesupport_introspection_cExport-noconfig.cmake
[2.480s] -- Installing: /ros2/install/interfaces/share/interfaces/cmake/interfaces__rosidl_typesupport_cExport.cmake
[2.480s] -- Installing: /ros2/install/interfaces/share/interfaces/cmake/interfaces__rosidl_typesupport_cExport-noconfig.cmake
[2.480s] -- Installing: /ros2/install/interfaces/share/interfaces/cmake/export_interfaces__rosidl_generator_cppExport.cmake
[2.480s] -- Installing: /ros2/install/interfaces/share/interfaces/cmake/export_interfaces__rosidl_typesupport_fastrtps_cppExport.cmake
[2.480s] -- Installing: /ros2/install/interfaces/share/interfaces/cmake/export_interfaces__rosidl_typesupport_fastrtps_cppExport-noconfig.cmake
[2.480s] -- Installing: /ros2/install/interfaces/share/interfaces/cmake/interfaces__rosidl_typesupport_introspection_cppExport.cmake
[2.480s] -- Installing: /ros2/install/interfaces/share/interfaces/cmake/interfaces__rosidl_typesupport_introspection_cppExport-noconfig.cmake
[2.481s] -- Installing: /ros2/install/interfaces/share/interfaces/cmake/interfaces__rosidl_typesupport_cppExport.cmake
[2.481s] -- Installing: /ros2/install/interfaces/share/interfaces/cmake/interfaces__rosidl_typesupport_cppExport-noconfig.cmake
[2.481s] -- Installing: /ros2/install/interfaces/share/interfaces/cmake/export_interfaces__rosidl_generator_pyExport.cmake
[2.481s] -- Installing: /ros2/install/interfaces/share/interfaces/cmake/export_interfaces__rosidl_generator_pyExport-noconfig.cmake
[2.481s] -- Installing: /ros2/install/interfaces/share/interfaces/cmake/rosidl_cmake-extras.cmake
[2.481s] -- Installing: /ros2/install/interfaces/share/interfaces/cmake/ament_cmake_export_include_directories-extras.cmake
[2.481s] -- Installing: /ros2/install/interfaces/share/interfaces/cmake/ament_cmake_export_libraries-extras.cmake
[2.481s] -- Installing: /ros2/install/interfaces/share/interfaces/cmake/ament_cmake_export_targets-extras.cmake
[2.481s] -- Installing: /ros2/install/interfaces/share/interfaces/cmake/rosidl_cmake_export_typesupport_targets-extras.cmake
[2.481s] -- Installing: /ros2/install/interfaces/share/interfaces/cmake/ament_cmake_export_dependencies-extras.cmake
[2.482s] -- Installing: /ros2/install/interfaces/share/interfaces/cmake/rosidl_cmake_export_typesupport_libraries-extras.cmake
[2.482s] -- Installing: /ros2/install/interfaces/share/interfaces/cmake/interfacesConfig.cmake
[2.482s] -- Installing: /ros2/install/interfaces/share/interfaces/cmake/interfacesConfig-version.cmake
[2.482s] -- Installing: /ros2/install/interfaces/share/interfaces/package.xml
[2.484s] Invoked command in '/ros2/build/interfaces' returned '0': CMAKE_PREFIX_PATH=${CMAKE_PREFIX_PATH}:/ros2/install/talker_listener_py:/opt/ros/humble /usr/bin/cmake --install /ros2/build/interfaces
