[0.113s] DEBUG:colcon:Command line arguments: ['/usr/bin/colcon', 'build']
[0.113s] DEBUG:colcon:Parsed command line arguments: Namespace(log_base=None, log_level=None, verb_name='build', build_base='build', install_base='install', merge_install=False, symlink_install=False, test_result_base=None, continue_on_error=False, executor='parallel', parallel_workers=12, event_handlers=None, ignore_user_meta=False, metas=['./colcon.meta'], base_paths=['.'], packages_ignore=None, packages_ignore_regex=None, paths=None, packages_up_to=None, packages_up_to_regex=None, packages_above=None, packages_above_and_dependencies=None, packages_above_depth=None, packages_select_by_dep=None, packages_skip_by_dep=None, packages_skip_up_to=None, packages_select_build_failed=False, packages_skip_build_finished=False, packages_select_test_failures=False, packages_skip_test_passed=False, packages_select=None, packages_skip=None, packages_select_regex=None, packages_skip_regex=None, packages_start=None, packages_end=None, cmake_args=None, cmake_target=None, cmake_target_skip_unavailable=False, cmake_clean_cache=False, cmake_clean_first=False, cmake_force_configure=False, ament_cmake_args=None, catkin_cmake_args=None, catkin_skip_building_tests=False, mixin_files=None, mixin=None, verb_parser=<colcon_mixin.mixin.mixin_argument.MixinArgumentDecorator object at 0x7f67b6d558d0>, verb_extension=<colcon_core.verb.build.BuildVerb object at 0x7f67b6d55210>, main=<bound method BuildVerb.main of <colcon_core.verb.build.BuildVerb object at 0x7f67b6d55210>>, mixin_verb=('build',))
[0.212s] Level 1:colcon.colcon_core.package_discovery:discover_packages(colcon_meta) check parameters
[0.213s] INFO:colcon.colcon_metadata.package_discovery.colcon_meta:Using configuration from '/root/.colcon/metadata/default/Gazebo.meta'
[0.213s] INFO:colcon.colcon_metadata.package_discovery.colcon_meta:Using configuration from '/root/.colcon/metadata/default/fastdds.meta'
[0.213s] INFO:colcon.colcon_metadata.package_discovery.colcon_meta:Using configuration from '/root/.colcon/metadata/default/fastrtps.meta'
[0.213s] Level 1:colcon.colcon_core.package_discovery:discover_packages(recursive) check parameters
[0.214s] Level 1:colcon.colcon_core.package_discovery:discover_packages(ignore) check parameters
[0.214s] Level 1:colcon.colcon_core.package_discovery:discover_packages(path) check parameters
[0.214s] Level 1:colcon.colcon_core.package_discovery:discover_packages(colcon_meta) discover
[0.214s] Level 1:colcon.colcon_core.package_discovery:discover_packages(recursive) discover
[0.214s] INFO:colcon.colcon_core.package_discovery:Crawling recursively for packages in '/ros2'
[0.214s] Level 1:colcon.colcon_core.package_identification:_identify(.) by extensions ['ignore', 'ignore_ament_install']
[0.214s] Level 1:colcon.colcon_core.package_identification:_identify(.) by extension 'ignore'
[0.214s] Level 1:colcon.colcon_core.package_identification:_identify(.) by extension 'ignore_ament_install'
[0.214s] Level 1:colcon.colcon_core.package_identification:_identify(.) by extensions ['colcon_pkg']
[0.214s] Level 1:colcon.colcon_core.package_identification:_identify(.) by extension 'colcon_pkg'
[0.214s] Level 1:colcon.colcon_core.package_identification:_identify(.) by extensions ['colcon_meta']
[0.214s] Level 1:colcon.colcon_core.package_identification:_identify(.) by extension 'colcon_meta'
[0.214s] Level 1:colcon.colcon_core.package_identification:_identify(.) by extensions ['ros']
[0.214s] Level 1:colcon.colcon_core.package_identification:_identify(.) by extension 'ros'
[0.224s] Level 1:colcon.colcon_core.package_identification:_identify(.) by extensions ['cmake', 'python']
[0.224s] Level 1:colcon.colcon_core.package_identification:_identify(.) by extension 'cmake'
[0.224s] Level 1:colcon.colcon_core.package_identification:_identify(.) by extension 'python'
[0.224s] Level 1:colcon.colcon_core.package_identification:_identify(.) by extensions ['python_setup_py']
[0.224s] Level 1:colcon.colcon_core.package_identification:_identify(.) by extension 'python_setup_py'
[0.224s] Level 1:colcon.colcon_core.package_identification:_identify(build) by extensions ['ignore', 'ignore_ament_install']
[0.224s] Level 1:colcon.colcon_core.package_identification:_identify(build) by extension 'ignore'
[0.224s] Level 1:colcon.colcon_core.package_identification:_identify(build) ignored
[0.224s] Level 1:colcon.colcon_core.package_identification:_identify(install) by extensions ['ignore', 'ignore_ament_install']
[0.224s] Level 1:colcon.colcon_core.package_identification:_identify(install) by extension 'ignore'
[0.224s] Level 1:colcon.colcon_core.package_identification:_identify(install) ignored
[0.224s] Level 1:colcon.colcon_core.package_identification:_identify(log) by extensions ['ignore', 'ignore_ament_install']
[0.225s] Level 1:colcon.colcon_core.package_identification:_identify(log) by extension 'ignore'
[0.225s] Level 1:colcon.colcon_core.package_identification:_identify(log) ignored
[0.225s] Level 1:colcon.colcon_core.package_identification:_identify(src) by extensions ['ignore', 'ignore_ament_install']
[0.225s] Level 1:colcon.colcon_core.package_identification:_identify(src) by extension 'ignore'
[0.225s] Level 1:colcon.colcon_core.package_identification:_identify(src) by extension 'ignore_ament_install'
[0.225s] Level 1:colcon.colcon_core.package_identification:_identify(src) by extensions ['colcon_pkg']
[0.225s] Level 1:colcon.colcon_core.package_identification:_identify(src) by extension 'colcon_pkg'
[0.225s] Level 1:colcon.colcon_core.package_identification:_identify(src) by extensions ['colcon_meta']
[0.225s] Level 1:colcon.colcon_core.package_identification:_identify(src) by extension 'colcon_meta'
[0.225s] Level 1:colcon.colcon_core.package_identification:_identify(src) by extensions ['ros']
[0.225s] Level 1:colcon.colcon_core.package_identification:_identify(src) by extension 'ros'
[0.225s] Level 1:colcon.colcon_core.package_identification:_identify(src) by extensions ['cmake', 'python']
[0.225s] Level 1:colcon.colcon_core.package_identification:_identify(src) by extension 'cmake'
[0.225s] Level 1:colcon.colcon_core.package_identification:_identify(src) by extension 'python'
[0.225s] Level 1:colcon.colcon_core.package_identification:_identify(src) by extensions ['python_setup_py']
[0.225s] Level 1:colcon.colcon_core.package_identification:_identify(src) by extension 'python_setup_py'
[0.225s] Level 1:colcon.colcon_core.package_identification:_identify(src/interfaces) by extensions ['ignore', 'ignore_ament_install']
[0.225s] Level 1:colcon.colcon_core.package_identification:_identify(src/interfaces) by extension 'ignore'
[0.225s] Level 1:colcon.colcon_core.package_identification:_identify(src/interfaces) by extension 'ignore_ament_install'
[0.225s] Level 1:colcon.colcon_core.package_identification:_identify(src/interfaces) by extensions ['colcon_pkg']
[0.225s] Level 1:colcon.colcon_core.package_identification:_identify(src/interfaces) by extension 'colcon_pkg'
[0.225s] Level 1:colcon.colcon_core.package_identification:_identify(src/interfaces) by extensions ['colcon_meta']
[0.225s] Level 1:colcon.colcon_core.package_identification:_identify(src/interfaces) by extension 'colcon_meta'
[0.225s] Level 1:colcon.colcon_core.package_identification:_identify(src/interfaces) by extensions ['ros']
[0.226s] Level 1:colcon.colcon_core.package_identification:_identify(src/interfaces) by extension 'ros'
[0.227s] DEBUG:colcon.colcon_core.package_identification:Package 'src/interfaces' with type 'ros.ament_cmake' and name 'interfaces'
[0.228s] Level 1:colcon.colcon_core.package_identification:_identify(src/talker_listener) by extensions ['ignore', 'ignore_ament_install']
[0.228s] Level 1:colcon.colcon_core.package_identification:_identify(src/talker_listener) by extension 'ignore'
[0.228s] Level 1:colcon.colcon_core.package_identification:_identify(src/talker_listener) by extension 'ignore_ament_install'
[0.228s] Level 1:colcon.colcon_core.package_identification:_identify(src/talker_listener) by extensions ['colcon_pkg']
[0.228s] Level 1:colcon.colcon_core.package_identification:_identify(src/talker_listener) by extension 'colcon_pkg'
[0.228s] Level 1:colcon.colcon_core.package_identification:_identify(src/talker_listener) by extensions ['colcon_meta']
[0.228s] Level 1:colcon.colcon_core.package_identification:_identify(src/talker_listener) by extension 'colcon_meta'
[0.228s] Level 1:colcon.colcon_core.package_identification:_identify(src/talker_listener) by extensions ['ros']
[0.228s] Level 1:colcon.colcon_core.package_identification:_identify(src/talker_listener) by extension 'ros'
[0.229s] DEBUG:colcon.colcon_core.package_identification:Package 'src/talker_listener' with type 'ros.ament_cmake' and name 'talker_listener'
[0.229s] Level 1:colcon.colcon_core.package_identification:_identify(src/talker_listener_py) by extensions ['ignore', 'ignore_ament_install']
[0.229s] Level 1:colcon.colcon_core.package_identification:_identify(src/talker_listener_py) by extension 'ignore'
[0.229s] Level 1:colcon.colcon_core.package_identification:_identify(src/talker_listener_py) by extension 'ignore_ament_install'
[0.229s] Level 1:colcon.colcon_core.package_identification:_identify(src/talker_listener_py) by extensions ['colcon_pkg']
[0.229s] Level 1:colcon.colcon_core.package_identification:_identify(src/talker_listener_py) by extension 'colcon_pkg'
[0.229s] Level 1:colcon.colcon_core.package_identification:_identify(src/talker_listener_py) by extensions ['colcon_meta']
[0.229s] Level 1:colcon.colcon_core.package_identification:_identify(src/talker_listener_py) by extension 'colcon_meta'
[0.229s] Level 1:colcon.colcon_core.package_identification:_identify(src/talker_listener_py) by extensions ['ros']
[0.229s] Level 1:colcon.colcon_core.package_identification:_identify(src/talker_listener_py) by extension 'ros'
[0.230s] DEBUG:colcon.colcon_core.package_identification:Package 'src/talker_listener_py' with type 'ros.ament_python' and name 'talker_listener_py'
[0.230s] Level 1:colcon.colcon_core.package_identification:_identify(src/vehicle_status) by extensions ['ignore', 'ignore_ament_install']
[0.230s] Level 1:colcon.colcon_core.package_identification:_identify(src/vehicle_status) by extension 'ignore'
[0.230s] Level 1:colcon.colcon_core.package_identification:_identify(src/vehicle_status) by extension 'ignore_ament_install'
[0.230s] Level 1:colcon.colcon_core.package_identification:_identify(src/vehicle_status) by extensions ['colcon_pkg']
[0.230s] Level 1:colcon.colcon_core.package_identification:_identify(src/vehicle_status) by extension 'colcon_pkg'
[0.230s] Level 1:colcon.colcon_core.package_identification:_identify(src/vehicle_status) by extensions ['colcon_meta']
[0.230s] Level 1:colcon.colcon_core.package_identification:_identify(src/vehicle_status) by extension 'colcon_meta'
[0.230s] Level 1:colcon.colcon_core.package_identification:_identify(src/vehicle_status) by extensions ['ros']
[0.230s] Level 1:colcon.colcon_core.package_identification:_identify(src/vehicle_status) by extension 'ros'
[0.230s] DEBUG:colcon.colcon_core.package_identification:Package 'src/vehicle_status' with type 'ros.ament_cmake' and name 'vehicle_status'
[0.231s] Level 1:colcon.colcon_core.package_identification:_identify(src/vehicle_status_py) by extensions ['ignore', 'ignore_ament_install']
[0.231s] Level 1:colcon.colcon_core.package_identification:_identify(src/vehicle_status_py) by extension 'ignore'
[0.231s] Level 1:colcon.colcon_core.package_identification:_identify(src/vehicle_status_py) by extension 'ignore_ament_install'
[0.231s] Level 1:colcon.colcon_core.package_identification:_identify(src/vehicle_status_py) by extensions ['colcon_pkg']
[0.231s] Level 1:colcon.colcon_core.package_identification:_identify(src/vehicle_status_py) by extension 'colcon_pkg'
[0.231s] Level 1:colcon.colcon_core.package_identification:_identify(src/vehicle_status_py) by extensions ['colcon_meta']
[0.231s] Level 1:colcon.colcon_core.package_identification:_identify(src/vehicle_status_py) by extension 'colcon_meta'
[0.231s] Level 1:colcon.colcon_core.package_identification:_identify(src/vehicle_status_py) by extensions ['ros']
[0.231s] Level 1:colcon.colcon_core.package_identification:_identify(src/vehicle_status_py) by extension 'ros'
[0.231s] DEBUG:colcon.colcon_core.package_identification:Package 'src/vehicle_status_py' with type 'ros.ament_python' and name 'vehicle_status_py'
[0.231s] Level 1:colcon.colcon_core.package_discovery:discover_packages(recursive) using defaults
[0.231s] Level 1:colcon.colcon_core.package_discovery:discover_packages(ignore) discover
[0.231s] Level 1:colcon.colcon_core.package_discovery:discover_packages(ignore) using defaults
[0.231s] Level 1:colcon.colcon_core.package_discovery:discover_packages(path) discover
[0.232s] Level 1:colcon.colcon_core.package_discovery:discover_packages(path) using defaults
[0.249s] Level 5:colcon.colcon_core.verb:set package 'interfaces' build argument 'cmake_args' from command line to 'None'
[0.249s] Level 5:colcon.colcon_core.verb:set package 'interfaces' build argument 'cmake_target' from command line to 'None'
[0.249s] Level 5:colcon.colcon_core.verb:set package 'interfaces' build argument 'cmake_target_skip_unavailable' from command line to 'False'
[0.249s] Level 5:colcon.colcon_core.verb:set package 'interfaces' build argument 'cmake_clean_cache' from command line to 'False'
[0.250s] Level 5:colcon.colcon_core.verb:set package 'interfaces' build argument 'cmake_clean_first' from command line to 'False'
[0.250s] Level 5:colcon.colcon_core.verb:set package 'interfaces' build argument 'cmake_force_configure' from command line to 'False'
[0.250s] Level 5:colcon.colcon_core.verb:set package 'interfaces' build argument 'ament_cmake_args' from command line to 'None'
[0.250s] Level 5:colcon.colcon_core.verb:set package 'interfaces' build argument 'catkin_cmake_args' from command line to 'None'
[0.250s] Level 5:colcon.colcon_core.verb:set package 'interfaces' build argument 'catkin_skip_building_tests' from command line to 'False'
[0.250s] DEBUG:colcon.colcon_core.verb:Building package 'interfaces' with the following arguments: {'ament_cmake_args': None, 'build_base': '/ros2/build/interfaces', 'catkin_cmake_args': None, 'catkin_skip_building_tests': False, 'cmake_args': None, 'cmake_clean_cache': False, 'cmake_clean_first': False, 'cmake_force_configure': False, 'cmake_target': None, 'cmake_target_skip_unavailable': False, 'install_base': '/ros2/install/interfaces', 'merge_install': False, 'path': '/ros2/src/interfaces', 'symlink_install': False, 'test_result_base': None}
[0.250s] Level 5:colcon.colcon_core.verb:set package 'talker_listener' build argument 'cmake_args' from command line to 'None'
[0.250s] Level 5:colcon.colcon_core.verb:set package 'talker_listener' build argument 'cmake_target' from command line to 'None'
[0.250s] Level 5:colcon.colcon_core.verb:set package 'talker_listener' build argument 'cmake_target_skip_unavailable' from command line to 'False'
[0.250s] Level 5:colcon.colcon_core.verb:set package 'talker_listener' build argument 'cmake_clean_cache' from command line to 'False'
[0.250s] Level 5:colcon.colcon_core.verb:set package 'talker_listener' build argument 'cmake_clean_first' from command line to 'False'
[0.250s] Level 5:colcon.colcon_core.verb:set package 'talker_listener' build argument 'cmake_force_configure' from command line to 'False'
[0.250s] Level 5:colcon.colcon_core.verb:set package 'talker_listener' build argument 'ament_cmake_args' from command line to 'None'
[0.250s] Level 5:colcon.colcon_core.verb:set package 'talker_listener' build argument 'catkin_cmake_args' from command line to 'None'
[0.250s] Level 5:colcon.colcon_core.verb:set package 'talker_listener' build argument 'catkin_skip_building_tests' from command line to 'False'
[0.250s] DEBUG:colcon.colcon_core.verb:Building package 'talker_listener' with the following arguments: {'ament_cmake_args': None, 'build_base': '/ros2/build/talker_listener', 'catkin_cmake_args': None, 'catkin_skip_building_tests': False, 'cmake_args': None, 'cmake_clean_cache': False, 'cmake_clean_first': False, 'cmake_force_configure': False, 'cmake_target': None, 'cmake_target_skip_unavailable': False, 'install_base': '/ros2/install/talker_listener', 'merge_install': False, 'path': '/ros2/src/talker_listener', 'symlink_install': False, 'test_result_base': None}
[0.250s] Level 5:colcon.colcon_core.verb:set package 'talker_listener_py' build argument 'cmake_args' from command line to 'None'
[0.251s] Level 5:colcon.colcon_core.verb:set package 'talker_listener_py' build argument 'cmake_target' from command line to 'None'
[0.251s] Level 5:colcon.colcon_core.verb:set package 'talker_listener_py' build argument 'cmake_target_skip_unavailable' from command line to 'False'
[0.251s] Level 5:colcon.colcon_core.verb:set package 'talker_listener_py' build argument 'cmake_clean_cache' from command line to 'False'
[0.251s] Level 5:colcon.colcon_core.verb:set package 'talker_listener_py' build argument 'cmake_clean_first' from command line to 'False'
[0.251s] Level 5:colcon.colcon_core.verb:set package 'talker_listener_py' build argument 'cmake_force_configure' from command line to 'False'
[0.251s] Level 5:colcon.colcon_core.verb:set package 'talker_listener_py' build argument 'ament_cmake_args' from command line to 'None'
[0.251s] Level 5:colcon.colcon_core.verb:set package 'talker_listener_py' build argument 'catkin_cmake_args' from command line to 'None'
[0.251s] Level 5:colcon.colcon_core.verb:set package 'talker_listener_py' build argument 'catkin_skip_building_tests' from command line to 'False'
[0.251s] DEBUG:colcon.colcon_core.verb:Building package 'talker_listener_py' with the following arguments: {'ament_cmake_args': None, 'build_base': '/ros2/build/talker_listener_py', 'catkin_cmake_args': None, 'catkin_skip_building_tests': False, 'cmake_args': None, 'cmake_clean_cache': False, 'cmake_clean_first': False, 'cmake_force_configure': False, 'cmake_target': None, 'cmake_target_skip_unavailable': False, 'install_base': '/ros2/install/talker_listener_py', 'merge_install': False, 'path': '/ros2/src/talker_listener_py', 'symlink_install': False, 'test_result_base': None}
[0.251s] Level 5:colcon.colcon_core.verb:set package 'vehicle_status' build argument 'cmake_args' from command line to 'None'
[0.251s] Level 5:colcon.colcon_core.verb:set package 'vehicle_status' build argument 'cmake_target' from command line to 'None'
[0.251s] Level 5:colcon.colcon_core.verb:set package 'vehicle_status' build argument 'cmake_target_skip_unavailable' from command line to 'False'
[0.251s] Level 5:colcon.colcon_core.verb:set package 'vehicle_status' build argument 'cmake_clean_cache' from command line to 'False'
[0.251s] Level 5:colcon.colcon_core.verb:set package 'vehicle_status' build argument 'cmake_clean_first' from command line to 'False'
[0.251s] Level 5:colcon.colcon_core.verb:set package 'vehicle_status' build argument 'cmake_force_configure' from command line to 'False'
[0.251s] Level 5:colcon.colcon_core.verb:set package 'vehicle_status' build argument 'ament_cmake_args' from command line to 'None'
[0.251s] Level 5:colcon.colcon_core.verb:set package 'vehicle_status' build argument 'catkin_cmake_args' from command line to 'None'
[0.251s] Level 5:colcon.colcon_core.verb:set package 'vehicle_status' build argument 'catkin_skip_building_tests' from command line to 'False'
[0.251s] DEBUG:colcon.colcon_core.verb:Building package 'vehicle_status' with the following arguments: {'ament_cmake_args': None, 'build_base': '/ros2/build/vehicle_status', 'catkin_cmake_args': None, 'catkin_skip_building_tests': False, 'cmake_args': None, 'cmake_clean_cache': False, 'cmake_clean_first': False, 'cmake_force_configure': False, 'cmake_target': None, 'cmake_target_skip_unavailable': False, 'install_base': '/ros2/install/vehicle_status', 'merge_install': False, 'path': '/ros2/src/vehicle_status', 'symlink_install': False, 'test_result_base': None}
[0.252s] Level 5:colcon.colcon_core.verb:set package 'vehicle_status_py' build argument 'cmake_args' from command line to 'None'
[0.252s] Level 5:colcon.colcon_core.verb:set package 'vehicle_status_py' build argument 'cmake_target' from command line to 'None'
[0.252s] Level 5:colcon.colcon_core.verb:set package 'vehicle_status_py' build argument 'cmake_target_skip_unavailable' from command line to 'False'
[0.252s] Level 5:colcon.colcon_core.verb:set package 'vehicle_status_py' build argument 'cmake_clean_cache' from command line to 'False'
[0.252s] Level 5:colcon.colcon_core.verb:set package 'vehicle_status_py' build argument 'cmake_clean_first' from command line to 'False'
[0.252s] Level 5:colcon.colcon_core.verb:set package 'vehicle_status_py' build argument 'cmake_force_configure' from command line to 'False'
[0.252s] Level 5:colcon.colcon_core.verb:set package 'vehicle_status_py' build argument 'ament_cmake_args' from command line to 'None'
[0.252s] Level 5:colcon.colcon_core.verb:set package 'vehicle_status_py' build argument 'catkin_cmake_args' from command line to 'None'
[0.252s] Level 5:colcon.colcon_core.verb:set package 'vehicle_status_py' build argument 'catkin_skip_building_tests' from command line to 'False'
[0.252s] DEBUG:colcon.colcon_core.verb:Building package 'vehicle_status_py' with the following arguments: {'ament_cmake_args': None, 'build_base': '/ros2/build/vehicle_status_py', 'catkin_cmake_args': None, 'catkin_skip_building_tests': False, 'cmake_args': None, 'cmake_clean_cache': False, 'cmake_clean_first': False, 'cmake_force_configure': False, 'cmake_target': None, 'cmake_target_skip_unavailable': False, 'install_base': '/ros2/install/vehicle_status_py', 'merge_install': False, 'path': '/ros2/src/vehicle_status_py', 'symlink_install': False, 'test_result_base': None}
[0.252s] INFO:colcon.colcon_core.executor:Executing jobs using 'parallel' executor
[0.253s] DEBUG:colcon.colcon_parallel_executor.executor.parallel:run_until_complete
[0.253s] INFO:colcon.colcon_ros.task.ament_cmake.build:Building ROS package in '/ros2/src/interfaces' with build type 'ament_cmake'
[0.253s] INFO:colcon.colcon_cmake.task.cmake.build:Building CMake package in '/ros2/src/interfaces'
[0.255s] INFO:colcon.colcon_core.plugin_system:Skipping extension 'colcon_core.shell.bat': Not used on non-Windows systems
[0.255s] INFO:colcon.colcon_core.shell:Skip shell extension 'powershell' for command environment: Not usable outside of PowerShell
[0.255s] DEBUG:colcon.colcon_core.shell:Skip shell extension 'dsv' for command environment
[0.259s] INFO:colcon.colcon_ros.task.ament_cmake.build:Building ROS package in '/ros2/src/talker_listener' with build type 'ament_cmake'
[0.259s] INFO:colcon.colcon_cmake.task.cmake.build:Building CMake package in '/ros2/src/talker_listener'
[0.259s] INFO:colcon.colcon_core.shell:Skip shell extension 'powershell' for command environment: Not usable outside of PowerShell
[0.259s] DEBUG:colcon.colcon_core.shell:Skip shell extension 'dsv' for command environment
[0.262s] INFO:colcon.colcon_ros.task.ament_python.build:Building ROS package in '/ros2/src/talker_listener_py' with build type 'ament_python'
[0.262s] Level 1:colcon.colcon_core.shell:create_environment_hook('talker_listener_py', 'ament_prefix_path')
[0.262s] INFO:colcon.colcon_core.shell:Creating environment hook '/ros2/install/talker_listener_py/share/talker_listener_py/hook/ament_prefix_path.ps1'
[0.263s] INFO:colcon.colcon_core.shell:Creating environment descriptor '/ros2/install/talker_listener_py/share/talker_listener_py/hook/ament_prefix_path.dsv'
[0.264s] INFO:colcon.colcon_core.shell:Creating environment hook '/ros2/install/talker_listener_py/share/talker_listener_py/hook/ament_prefix_path.sh'
[0.264s] INFO:colcon.colcon_core.shell:Skip shell extension 'powershell' for command environment: Not usable outside of PowerShell
[0.264s] DEBUG:colcon.colcon_core.shell:Skip shell extension 'dsv' for command environment
[0.270s] DEBUG:colcon.colcon_core.event_handler.log_command:Invoking command in '/ros2/build/interfaces': CMAKE_PREFIX_PATH=/opt/ros/humble /usr/bin/cmake --build /ros2/build/interfaces -- -j12 -l12
[0.275s] DEBUG:colcon.colcon_core.event_handler.log_command:Invoking command in '/ros2/build/talker_listener': CMAKE_PREFIX_PATH=/opt/ros/humble /usr/bin/cmake --build /ros2/build/talker_listener -- -j12 -l12
[0.481s] INFO:colcon.colcon_core.task.python.build:Building Python package in '/ros2/src/talker_listener_py'
[0.482s] INFO:colcon.colcon_core.shell:Skip shell extension 'powershell' for command environment: Not usable outside of PowerShell
[0.482s] DEBUG:colcon.colcon_core.shell:Skip shell extension 'dsv' for command environment
[0.485s] DEBUG:colcon.colcon_core.event_handler.log_command:Invoked command in '/ros2/build/talker_listener' returned '0': CMAKE_PREFIX_PATH=/opt/ros/humble /usr/bin/cmake --build /ros2/build/talker_listener -- -j12 -l12
[0.493s] DEBUG:colcon.colcon_core.event_handler.log_command:Invoking command in '/ros2/build/talker_listener': CMAKE_PREFIX_PATH=/opt/ros/humble /usr/bin/cmake --install /ros2/build/talker_listener
[0.503s] Level 1:colcon.colcon_core.environment:create_environment_scripts_only(talker_listener)
[0.504s] DEBUG:colcon.colcon_core.event_handler.log_command:Invoked command in '/ros2/build/talker_listener' returned '0': CMAKE_PREFIX_PATH=/opt/ros/humble /usr/bin/cmake --install /ros2/build/talker_listener
[0.506s] Level 1:colcon.colcon_core.environment:checking '/ros2/install/talker_listener' for CMake module files
[0.506s] Level 1:colcon.colcon_core.environment:checking '/ros2/install/talker_listener' for CMake config files
[0.507s] Level 1:colcon.colcon_core.shell:create_environment_hook('talker_listener', 'cmake_prefix_path')
[0.507s] INFO:colcon.colcon_core.shell:Creating environment hook '/ros2/install/talker_listener/share/talker_listener/hook/cmake_prefix_path.ps1'
[0.507s] INFO:colcon.colcon_core.shell:Creating environment descriptor '/ros2/install/talker_listener/share/talker_listener/hook/cmake_prefix_path.dsv'
[0.508s] INFO:colcon.colcon_core.shell:Creating environment hook '/ros2/install/talker_listener/share/talker_listener/hook/cmake_prefix_path.sh'
[0.508s] Level 1:colcon.colcon_core.environment:checking '/ros2/install/talker_listener/lib'
[0.508s] Level 1:colcon.colcon_core.environment:checking '/ros2/install/talker_listener/bin'
[0.508s] Level 1:colcon.colcon_core.environment:checking '/ros2/install/talker_listener/lib/pkgconfig/talker_listener.pc'
[0.509s] Level 1:colcon.colcon_core.environment:checking '/ros2/install/talker_listener/lib/python3.10/site-packages'
[0.509s] Level 1:colcon.colcon_core.environment:checking '/ros2/install/talker_listener/bin'
[0.509s] INFO:colcon.colcon_core.shell:Creating package script '/ros2/install/talker_listener/share/talker_listener/package.ps1'
[0.510s] INFO:colcon.colcon_core.shell:Creating package descriptor '/ros2/install/talker_listener/share/talker_listener/package.dsv'
[0.511s] INFO:colcon.colcon_core.shell:Creating package script '/ros2/install/talker_listener/share/talker_listener/package.sh'
[0.511s] INFO:colcon.colcon_core.shell:Creating package script '/ros2/install/talker_listener/share/talker_listener/package.bash'
[0.512s] INFO:colcon.colcon_core.shell:Creating package script '/ros2/install/talker_listener/share/talker_listener/package.zsh'
[0.513s] Level 1:colcon.colcon_core.environment:create_file_with_runtime_dependencies(/ros2/install/talker_listener/share/colcon-core/packages/talker_listener)
[0.513s] Level 1:colcon.colcon_core.environment:create_environment_scripts_only(talker_listener)
[0.513s] Level 1:colcon.colcon_core.environment:checking '/ros2/install/talker_listener' for CMake module files
[0.514s] Level 1:colcon.colcon_core.environment:checking '/ros2/install/talker_listener' for CMake config files
[0.514s] Level 1:colcon.colcon_core.shell:create_environment_hook('talker_listener', 'cmake_prefix_path')
[0.514s] INFO:colcon.colcon_core.shell:Creating environment hook '/ros2/install/talker_listener/share/talker_listener/hook/cmake_prefix_path.ps1'
[0.514s] INFO:colcon.colcon_core.shell:Creating environment descriptor '/ros2/install/talker_listener/share/talker_listener/hook/cmake_prefix_path.dsv'
[0.515s] INFO:colcon.colcon_core.shell:Creating environment hook '/ros2/install/talker_listener/share/talker_listener/hook/cmake_prefix_path.sh'
[0.515s] Level 1:colcon.colcon_core.environment:checking '/ros2/install/talker_listener/lib'
[0.515s] Level 1:colcon.colcon_core.environment:checking '/ros2/install/talker_listener/bin'
[0.515s] Level 1:colcon.colcon_core.environment:checking '/ros2/install/talker_listener/lib/pkgconfig/talker_listener.pc'
[0.516s] Level 1:colcon.colcon_core.environment:checking '/ros2/install/talker_listener/lib/python3.10/site-packages'
[0.516s] Level 1:colcon.colcon_core.environment:checking '/ros2/install/talker_listener/bin'
[0.516s] INFO:colcon.colcon_core.shell:Creating package script '/ros2/install/talker_listener/share/talker_listener/package.ps1'
[0.517s] INFO:colcon.colcon_core.shell:Creating package descriptor '/ros2/install/talker_listener/share/talker_listener/package.dsv'
[0.517s] INFO:colcon.colcon_core.shell:Creating package script '/ros2/install/talker_listener/share/talker_listener/package.sh'
[0.517s] INFO:colcon.colcon_core.shell:Creating package script '/ros2/install/talker_listener/share/talker_listener/package.bash'
[0.518s] INFO:colcon.colcon_core.shell:Creating package script '/ros2/install/talker_listener/share/talker_listener/package.zsh'
[0.518s] Level 1:colcon.colcon_core.environment:create_file_with_runtime_dependencies(/ros2/install/talker_listener/share/colcon-core/packages/talker_listener)
[0.568s] DEBUG:colcon.colcon_core.event_handler.log_command:Invoked command in '/ros2/build/interfaces' returned '0': CMAKE_PREFIX_PATH=/opt/ros/humble /usr/bin/cmake --build /ros2/build/interfaces -- -j12 -l12
[0.570s] DEBUG:colcon.colcon_core.event_handler.log_command:Invoking command in '/ros2/build/interfaces': CMAKE_PREFIX_PATH=/opt/ros/humble /usr/bin/cmake --install /ros2/build/interfaces
[0.619s] Level 1:colcon.colcon_core.environment:create_environment_scripts_only(interfaces)
[0.620s] Level 1:colcon.colcon_core.environment:checking '/ros2/install/interfaces' for CMake module files
[0.620s] DEBUG:colcon.colcon_core.event_handler.log_command:Invoked command in '/ros2/build/interfaces' returned '0': CMAKE_PREFIX_PATH=/opt/ros/humble /usr/bin/cmake --install /ros2/build/interfaces
[0.621s] Level 1:colcon.colcon_core.environment:checking '/ros2/install/interfaces' for CMake config files
[0.621s] Level 1:colcon.colcon_core.shell:create_environment_hook('interfaces', 'cmake_prefix_path')
[0.621s] INFO:colcon.colcon_core.shell:Creating environment hook '/ros2/install/interfaces/share/interfaces/hook/cmake_prefix_path.ps1'
[0.621s] INFO:colcon.colcon_core.shell:Creating environment descriptor '/ros2/install/interfaces/share/interfaces/hook/cmake_prefix_path.dsv'
[0.622s] INFO:colcon.colcon_core.shell:Creating environment hook '/ros2/install/interfaces/share/interfaces/hook/cmake_prefix_path.sh'
[0.622s] Level 1:colcon.colcon_core.environment:checking '/ros2/install/interfaces/lib'
[0.622s] Level 1:colcon.colcon_core.shell:create_environment_hook('interfaces', 'ld_library_path_lib')
[0.622s] INFO:colcon.colcon_core.shell:Creating environment hook '/ros2/install/interfaces/share/interfaces/hook/ld_library_path_lib.ps1'
[0.623s] INFO:colcon.colcon_core.shell:Creating environment descriptor '/ros2/install/interfaces/share/interfaces/hook/ld_library_path_lib.dsv'
[0.623s] INFO:colcon.colcon_core.shell:Creating environment hook '/ros2/install/interfaces/share/interfaces/hook/ld_library_path_lib.sh'
[0.623s] Level 1:colcon.colcon_core.environment:checking '/ros2/install/interfaces/bin'
[0.623s] Level 1:colcon.colcon_core.environment:checking '/ros2/install/interfaces/lib/pkgconfig/interfaces.pc'
[0.624s] Level 1:colcon.colcon_core.environment:checking '/ros2/install/interfaces/lib/python3.10/site-packages'
[0.624s] Level 1:colcon.colcon_core.environment:checking '/ros2/install/interfaces/bin'
[0.624s] INFO:colcon.colcon_core.shell:Creating package script '/ros2/install/interfaces/share/interfaces/package.ps1'
[0.625s] INFO:colcon.colcon_core.shell:Creating package descriptor '/ros2/install/interfaces/share/interfaces/package.dsv'
[0.625s] INFO:colcon.colcon_core.shell:Creating package script '/ros2/install/interfaces/share/interfaces/package.sh'
[0.625s] INFO:colcon.colcon_core.shell:Creating package script '/ros2/install/interfaces/share/interfaces/package.bash'
[0.626s] INFO:colcon.colcon_core.shell:Creating package script '/ros2/install/interfaces/share/interfaces/package.zsh'
[0.626s] Level 1:colcon.colcon_core.environment:create_file_with_runtime_dependencies(/ros2/install/interfaces/share/colcon-core/packages/interfaces)
[0.627s] Level 1:colcon.colcon_core.environment:create_environment_scripts_only(interfaces)
[0.627s] Level 1:colcon.colcon_core.environment:checking '/ros2/install/interfaces' for CMake module files
[0.627s] Level 1:colcon.colcon_core.environment:checking '/ros2/install/interfaces' for CMake config files
[0.628s] Level 1:colcon.colcon_core.shell:create_environment_hook('interfaces', 'cmake_prefix_path')
[0.628s] INFO:colcon.colcon_core.shell:Creating environment hook '/ros2/install/interfaces/share/interfaces/hook/cmake_prefix_path.ps1'
[0.628s] INFO:colcon.colcon_core.shell:Creating environment descriptor '/ros2/install/interfaces/share/interfaces/hook/cmake_prefix_path.dsv'
[0.628s] INFO:colcon.colcon_core.shell:Creating environment hook '/ros2/install/interfaces/share/interfaces/hook/cmake_prefix_path.sh'
[0.629s] Level 1:colcon.colcon_core.environment:checking '/ros2/install/interfaces/lib'
[0.629s] Level 1:colcon.colcon_core.shell:create_environment_hook('interfaces', 'ld_library_path_lib')
[0.629s] INFO:colcon.colcon_core.shell:Creating environment hook '/ros2/install/interfaces/share/interfaces/hook/ld_library_path_lib.ps1'
[0.629s] INFO:colcon.colcon_core.shell:Creating environment descriptor '/ros2/install/interfaces/share/interfaces/hook/ld_library_path_lib.dsv'
[0.630s] INFO:colcon.colcon_core.shell:Creating environment hook '/ros2/install/interfaces/share/interfaces/hook/ld_library_path_lib.sh'
[0.630s] Level 1:colcon.colcon_core.environment:checking '/ros2/install/interfaces/bin'
[0.630s] Level 1:colcon.colcon_core.environment:checking '/ros2/install/interfaces/lib/pkgconfig/interfaces.pc'
[0.630s] Level 1:colcon.colcon_core.environment:checking '/ros2/install/interfaces/lib/python3.10/site-packages'
[0.631s] Level 1:colcon.colcon_core.environment:checking '/ros2/install/interfaces/bin'
[0.631s] INFO:colcon.colcon_core.shell:Creating package script '/ros2/install/interfaces/share/interfaces/package.ps1'
[0.631s] INFO:colcon.colcon_core.shell:Creating package descriptor '/ros2/install/interfaces/share/interfaces/package.dsv'
[0.632s] INFO:colcon.colcon_core.shell:Creating package script '/ros2/install/interfaces/share/interfaces/package.sh'
[0.632s] INFO:colcon.colcon_core.shell:Creating package script '/ros2/install/interfaces/share/interfaces/package.bash'
[0.633s] INFO:colcon.colcon_core.shell:Creating package script '/ros2/install/interfaces/share/interfaces/package.zsh'
[0.633s] Level 1:colcon.colcon_core.environment:create_file_with_runtime_dependencies(/ros2/install/interfaces/share/colcon-core/packages/interfaces)
[0.633s] INFO:colcon.colcon_ros.task.ament_cmake.build:Building ROS package in '/ros2/src/vehicle_status' with build type 'ament_cmake'
[0.633s] INFO:colcon.colcon_cmake.task.cmake.build:Building CMake package in '/ros2/src/vehicle_status'
[0.634s] INFO:colcon.colcon_core.shell:Skip shell extension 'powershell' for command environment: Not usable outside of PowerShell
[0.634s] DEBUG:colcon.colcon_core.shell:Skip shell extension 'dsv' for command environment
[0.637s] INFO:colcon.colcon_ros.task.ament_python.build:Building ROS package in '/ros2/src/vehicle_status_py' with build type 'ament_python'
[0.637s] Level 1:colcon.colcon_core.shell:create_environment_hook('vehicle_status_py', 'ament_prefix_path')
[0.637s] INFO:colcon.colcon_core.shell:Creating environment hook '/ros2/install/vehicle_status_py/share/vehicle_status_py/hook/ament_prefix_path.ps1'
[0.638s] INFO:colcon.colcon_core.shell:Creating environment descriptor '/ros2/install/vehicle_status_py/share/vehicle_status_py/hook/ament_prefix_path.dsv'
[0.638s] INFO:colcon.colcon_core.shell:Creating environment hook '/ros2/install/vehicle_status_py/share/vehicle_status_py/hook/ament_prefix_path.sh'
[0.639s] INFO:colcon.colcon_core.shell:Skip shell extension 'powershell' for command environment: Not usable outside of PowerShell
[0.640s] DEBUG:colcon.colcon_core.shell:Skip shell extension 'dsv' for command environment
[0.647s] DEBUG:colcon.colcon_core.event_handler.log_command:Invoking command in '/ros2/build/vehicle_status': AMENT_PREFIX_PATH=/ros2/install/interfaces:${AMENT_PREFIX_PATH} CMAKE_PREFIX_PATH=/ros2/install/interfaces:/opt/ros/humble LD_LIBRARY_PATH=/ros2/install/interfaces/lib:${LD_LIBRARY_PATH} PYTHONPATH=/ros2/install/interfaces/local/lib/python3.10/dist-packages:${PYTHONPATH} /usr/bin/cmake --build /ros2/build/vehicle_status -- -j12 -l12
[0.826s] INFO:colcon.colcon_core.task.python.build:Building Python package in '/ros2/src/vehicle_status_py'
[0.826s] INFO:colcon.colcon_core.shell:Skip shell extension 'powershell' for command environment: Not usable outside of PowerShell
[0.826s] DEBUG:colcon.colcon_core.shell:Skip shell extension 'dsv' for command environment
[0.829s] DEBUG:colcon.colcon_core.event_handler.log_command:Invoked command in '/ros2/build/vehicle_status' returned '0': AMENT_PREFIX_PATH=/ros2/install/interfaces:${AMENT_PREFIX_PATH} CMAKE_PREFIX_PATH=/ros2/install/interfaces:/opt/ros/humble LD_LIBRARY_PATH=/ros2/install/interfaces/lib:${LD_LIBRARY_PATH} PYTHONPATH=/ros2/install/interfaces/local/lib/python3.10/dist-packages:${PYTHONPATH} /usr/bin/cmake --build /ros2/build/vehicle_status -- -j12 -l12
[0.837s] DEBUG:colcon.colcon_core.event_handler.log_command:Invoking command in '/ros2/build/vehicle_status': AMENT_PREFIX_PATH=/ros2/install/interfaces:${AMENT_PREFIX_PATH} CMAKE_PREFIX_PATH=/ros2/install/interfaces:/opt/ros/humble LD_LIBRARY_PATH=/ros2/install/interfaces/lib:${LD_LIBRARY_PATH} PYTHONPATH=/ros2/install/interfaces/local/lib/python3.10/dist-packages:${PYTHONPATH} /usr/bin/cmake --install /ros2/build/vehicle_status
[0.839s] DEBUG:colcon.colcon_core.event_handler.log_command:Invoking command in '/ros2/src/talker_listener_py': PYTHONPATH=/ros2/build/talker_listener_py/prefix_override:/usr/lib/python3/dist-packages/colcon_core/task/python/colcon_distutils_commands:/ros2/install/talker_listener_py/lib/python3.10/site-packages:${PYTHONPATH} /usr/bin/python3 -W ignore:setup.py install is deprecated -W ignore:easy_install command is deprecated setup.py egg_info --egg-base ../../build/talker_listener_py build --build-base /ros2/build/talker_listener_py/build install --record /ros2/build/talker_listener_py/install.log --single-version-externally-managed install_data
[0.846s] Level 1:colcon.colcon_core.environment:create_environment_scripts_only(vehicle_status)
[0.846s] Level 1:colcon.colcon_core.environment:checking '/ros2/install/vehicle_status' for CMake module files
[0.847s] DEBUG:colcon.colcon_core.event_handler.log_command:Invoked command in '/ros2/build/vehicle_status' returned '0': AMENT_PREFIX_PATH=/ros2/install/interfaces:${AMENT_PREFIX_PATH} CMAKE_PREFIX_PATH=/ros2/install/interfaces:/opt/ros/humble LD_LIBRARY_PATH=/ros2/install/interfaces/lib:${LD_LIBRARY_PATH} PYTHONPATH=/ros2/install/interfaces/local/lib/python3.10/dist-packages:${PYTHONPATH} /usr/bin/cmake --install /ros2/build/vehicle_status
[0.847s] Level 1:colcon.colcon_core.environment:checking '/ros2/install/vehicle_status' for CMake config files
[0.847s] Level 1:colcon.colcon_core.shell:create_environment_hook('vehicle_status', 'cmake_prefix_path')
[0.848s] INFO:colcon.colcon_core.shell:Creating environment hook '/ros2/install/vehicle_status/share/vehicle_status/hook/cmake_prefix_path.ps1'
[0.848s] INFO:colcon.colcon_core.shell:Creating environment descriptor '/ros2/install/vehicle_status/share/vehicle_status/hook/cmake_prefix_path.dsv'
[0.848s] INFO:colcon.colcon_core.shell:Creating environment hook '/ros2/install/vehicle_status/share/vehicle_status/hook/cmake_prefix_path.sh'
[0.849s] Level 1:colcon.colcon_core.environment:checking '/ros2/install/vehicle_status/lib'
[0.849s] Level 1:colcon.colcon_core.environment:checking '/ros2/install/vehicle_status/bin'
[0.849s] Level 1:colcon.colcon_core.environment:checking '/ros2/install/vehicle_status/lib/pkgconfig/vehicle_status.pc'
[0.849s] Level 1:colcon.colcon_core.environment:checking '/ros2/install/vehicle_status/lib/python3.10/site-packages'
[0.850s] Level 1:colcon.colcon_core.environment:checking '/ros2/install/vehicle_status/bin'
[0.850s] INFO:colcon.colcon_core.shell:Creating package script '/ros2/install/vehicle_status/share/vehicle_status/package.ps1'
[0.851s] INFO:colcon.colcon_core.shell:Creating package descriptor '/ros2/install/vehicle_status/share/vehicle_status/package.dsv'
[0.852s] INFO:colcon.colcon_core.shell:Creating package script '/ros2/install/vehicle_status/share/vehicle_status/package.sh'
[0.852s] INFO:colcon.colcon_core.shell:Creating package script '/ros2/install/vehicle_status/share/vehicle_status/package.bash'
[0.852s] INFO:colcon.colcon_core.shell:Creating package script '/ros2/install/vehicle_status/share/vehicle_status/package.zsh'
[0.853s] Level 1:colcon.colcon_core.environment:create_file_with_runtime_dependencies(/ros2/install/vehicle_status/share/colcon-core/packages/vehicle_status)
[0.853s] Level 1:colcon.colcon_core.environment:create_environment_scripts_only(vehicle_status)
[0.853s] Level 1:colcon.colcon_core.environment:checking '/ros2/install/vehicle_status' for CMake module files
[0.854s] Level 1:colcon.colcon_core.environment:checking '/ros2/install/vehicle_status' for CMake config files
[0.854s] Level 1:colcon.colcon_core.shell:create_environment_hook('vehicle_status', 'cmake_prefix_path')
[0.854s] INFO:colcon.colcon_core.shell:Creating environment hook '/ros2/install/vehicle_status/share/vehicle_status/hook/cmake_prefix_path.ps1'
[0.855s] INFO:colcon.colcon_core.shell:Creating environment descriptor '/ros2/install/vehicle_status/share/vehicle_status/hook/cmake_prefix_path.dsv'
[0.855s] INFO:colcon.colcon_core.shell:Creating environment hook '/ros2/install/vehicle_status/share/vehicle_status/hook/cmake_prefix_path.sh'
[0.856s] Level 1:colcon.colcon_core.environment:checking '/ros2/install/vehicle_status/lib'
[0.856s] Level 1:colcon.colcon_core.environment:checking '/ros2/install/vehicle_status/bin'
[0.856s] Level 1:colcon.colcon_core.environment:checking '/ros2/install/vehicle_status/lib/pkgconfig/vehicle_status.pc'
[0.856s] Level 1:colcon.colcon_core.environment:checking '/ros2/install/vehicle_status/lib/python3.10/site-packages'
[0.856s] Level 1:colcon.colcon_core.environment:checking '/ros2/install/vehicle_status/bin'
[0.856s] INFO:colcon.colcon_core.shell:Creating package script '/ros2/install/vehicle_status/share/vehicle_status/package.ps1'
[0.857s] INFO:colcon.colcon_core.shell:Creating package descriptor '/ros2/install/vehicle_status/share/vehicle_status/package.dsv'
[0.857s] INFO:colcon.colcon_core.shell:Creating package script '/ros2/install/vehicle_status/share/vehicle_status/package.sh'
[0.858s] INFO:colcon.colcon_core.shell:Creating package script '/ros2/install/vehicle_status/share/vehicle_status/package.bash'
[0.858s] INFO:colcon.colcon_core.shell:Creating package script '/ros2/install/vehicle_status/share/vehicle_status/package.zsh'
[0.859s] Level 1:colcon.colcon_core.environment:create_file_with_runtime_dependencies(/ros2/install/vehicle_status/share/colcon-core/packages/vehicle_status)
[1.064s] Level 1:colcon.colcon_core.environment:checking '/ros2/install/talker_listener_py' for CMake module files
[1.064s] DEBUG:colcon.colcon_core.event_handler.log_command:Invoked command in '/ros2/src/talker_listener_py' returned '0': PYTHONPATH=/ros2/build/talker_listener_py/prefix_override:/usr/lib/python3/dist-packages/colcon_core/task/python/colcon_distutils_commands:/ros2/install/talker_listener_py/lib/python3.10/site-packages:${PYTHONPATH} /usr/bin/python3 -W ignore:setup.py install is deprecated -W ignore:easy_install command is deprecated setup.py egg_info --egg-base ../../build/talker_listener_py build --build-base /ros2/build/talker_listener_py/build install --record /ros2/build/talker_listener_py/install.log --single-version-externally-managed install_data
[1.065s] Level 1:colcon.colcon_core.environment:checking '/ros2/install/talker_listener_py' for CMake config files
[1.065s] Level 1:colcon.colcon_core.environment:checking '/ros2/install/talker_listener_py/lib'
[1.065s] Level 1:colcon.colcon_core.environment:checking '/ros2/install/talker_listener_py/bin'
[1.065s] Level 1:colcon.colcon_core.environment:checking '/ros2/install/talker_listener_py/lib/pkgconfig/talker_listener_py.pc'
[1.065s] Level 1:colcon.colcon_core.environment:checking '/ros2/install/talker_listener_py/lib/python3.10/site-packages'
[1.065s] Level 1:colcon.colcon_core.shell:create_environment_hook('talker_listener_py', 'pythonpath')
[1.066s] INFO:colcon.colcon_core.shell:Creating environment hook '/ros2/install/talker_listener_py/share/talker_listener_py/hook/pythonpath.ps1'
[1.066s] INFO:colcon.colcon_core.shell:Creating environment descriptor '/ros2/install/talker_listener_py/share/talker_listener_py/hook/pythonpath.dsv'
[1.066s] INFO:colcon.colcon_core.shell:Creating environment hook '/ros2/install/talker_listener_py/share/talker_listener_py/hook/pythonpath.sh'
[1.067s] Level 1:colcon.colcon_core.environment:checking '/ros2/install/talker_listener_py/bin'
[1.067s] Level 1:colcon.colcon_core.environment:create_environment_scripts_only(talker_listener_py)
[1.068s] INFO:colcon.colcon_core.shell:Creating package script '/ros2/install/talker_listener_py/share/talker_listener_py/package.ps1'
[1.068s] INFO:colcon.colcon_core.shell:Creating package descriptor '/ros2/install/talker_listener_py/share/talker_listener_py/package.dsv'
[1.069s] INFO:colcon.colcon_core.shell:Creating package script '/ros2/install/talker_listener_py/share/talker_listener_py/package.sh'
[1.069s] INFO:colcon.colcon_core.shell:Creating package script '/ros2/install/talker_listener_py/share/talker_listener_py/package.bash'
[1.069s] INFO:colcon.colcon_core.shell:Creating package script '/ros2/install/talker_listener_py/share/talker_listener_py/package.zsh'
[1.070s] Level 1:colcon.colcon_core.environment:create_file_with_runtime_dependencies(/ros2/install/talker_listener_py/share/colcon-core/packages/talker_listener_py)
[1.083s] DEBUG:colcon.colcon_core.event_handler.log_command:Invoking command in '/ros2/src/vehicle_status_py': AMENT_PREFIX_PATH=/ros2/install/interfaces:${AMENT_PREFIX_PATH} CMAKE_PREFIX_PATH=/ros2/install/interfaces LD_LIBRARY_PATH=/ros2/install/interfaces/lib:${LD_LIBRARY_PATH} PYTHONPATH=/ros2/build/vehicle_status_py/prefix_override:/usr/lib/python3/dist-packages/colcon_core/task/python/colcon_distutils_commands:/ros2/install/vehicle_status_py/lib/python3.10/site-packages:/ros2/install/interfaces/local/lib/python3.10/dist-packages:${PYTHONPATH} /usr/bin/python3 -W ignore:setup.py install is deprecated -W ignore:easy_install command is deprecated setup.py egg_info --egg-base ../../build/vehicle_status_py build --build-base /ros2/build/vehicle_status_py/build install --record /ros2/build/vehicle_status_py/install.log --single-version-externally-managed install_data
[1.285s] Level 1:colcon.colcon_core.environment:checking '/ros2/install/vehicle_status_py' for CMake module files
[1.285s] DEBUG:colcon.colcon_core.event_handler.log_command:Invoked command in '/ros2/src/vehicle_status_py' returned '0': AMENT_PREFIX_PATH=/ros2/install/interfaces:${AMENT_PREFIX_PATH} CMAKE_PREFIX_PATH=/ros2/install/interfaces LD_LIBRARY_PATH=/ros2/install/interfaces/lib:${LD_LIBRARY_PATH} PYTHONPATH=/ros2/build/vehicle_status_py/prefix_override:/usr/lib/python3/dist-packages/colcon_core/task/python/colcon_distutils_commands:/ros2/install/vehicle_status_py/lib/python3.10/site-packages:/ros2/install/interfaces/local/lib/python3.10/dist-packages:${PYTHONPATH} /usr/bin/python3 -W ignore:setup.py install is deprecated -W ignore:easy_install command is deprecated setup.py egg_info --egg-base ../../build/vehicle_status_py build --build-base /ros2/build/vehicle_status_py/build install --record /ros2/build/vehicle_status_py/install.log --single-version-externally-managed install_data
[1.286s] Level 1:colcon.colcon_core.environment:checking '/ros2/install/vehicle_status_py' for CMake config files
[1.286s] Level 1:colcon.colcon_core.environment:checking '/ros2/install/vehicle_status_py/lib'
[1.286s] Level 1:colcon.colcon_core.environment:checking '/ros2/install/vehicle_status_py/bin'
[1.286s] Level 1:colcon.colcon_core.environment:checking '/ros2/install/vehicle_status_py/lib/pkgconfig/vehicle_status_py.pc'
[1.286s] Level 1:colcon.colcon_core.environment:checking '/ros2/install/vehicle_status_py/lib/python3.10/site-packages'
[1.286s] Level 1:colcon.colcon_core.shell:create_environment_hook('vehicle_status_py', 'pythonpath')
[1.287s] INFO:colcon.colcon_core.shell:Creating environment hook '/ros2/install/vehicle_status_py/share/vehicle_status_py/hook/pythonpath.ps1'
[1.287s] INFO:colcon.colcon_core.shell:Creating environment descriptor '/ros2/install/vehicle_status_py/share/vehicle_status_py/hook/pythonpath.dsv'
[1.287s] INFO:colcon.colcon_core.shell:Creating environment hook '/ros2/install/vehicle_status_py/share/vehicle_status_py/hook/pythonpath.sh'
[1.288s] Level 1:colcon.colcon_core.environment:checking '/ros2/install/vehicle_status_py/bin'
[1.288s] Level 1:colcon.colcon_core.environment:create_environment_scripts_only(vehicle_status_py)
[1.288s] INFO:colcon.colcon_core.shell:Creating package script '/ros2/install/vehicle_status_py/share/vehicle_status_py/package.ps1'
[1.289s] INFO:colcon.colcon_core.shell:Creating package descriptor '/ros2/install/vehicle_status_py/share/vehicle_status_py/package.dsv'
[1.289s] INFO:colcon.colcon_core.shell:Creating package script '/ros2/install/vehicle_status_py/share/vehicle_status_py/package.sh'
[1.289s] INFO:colcon.colcon_core.shell:Creating package script '/ros2/install/vehicle_status_py/share/vehicle_status_py/package.bash'
[1.290s] INFO:colcon.colcon_core.shell:Creating package script '/ros2/install/vehicle_status_py/share/vehicle_status_py/package.zsh'
[1.290s] Level 1:colcon.colcon_core.environment:create_file_with_runtime_dependencies(/ros2/install/vehicle_status_py/share/colcon-core/packages/vehicle_status_py)
[1.290s] DEBUG:colcon.colcon_parallel_executor.executor.parallel:closing loop
[1.290s] DEBUG:colcon.colcon_parallel_executor.executor.parallel:loop closed
[1.290s] DEBUG:colcon.colcon_parallel_executor.executor.parallel:run_until_complete finished with '0'
[1.290s] DEBUG:colcon.colcon_core.event_reactor:joining thread
[1.296s] INFO:colcon.colcon_core.plugin_system:Skipping extension 'colcon_notification.desktop_notification.notify_send': Could not find 'notify-send'
[1.296s] INFO:colcon.colcon_core.plugin_system:Skipping extension 'colcon_notification.desktop_notification.terminal_notifier': Not used on non-Darwin systems
[1.296s] INFO:colcon.colcon_core.plugin_system:Skipping extension 'colcon_notification.desktop_notification.win32': Not used on non-Windows systems
[1.296s] INFO:colcon.colcon_notification.desktop_notification:Sending desktop notification using 'notify2'
[1.297s] DEBUG:colcon.colcon_notification.desktop_notification.notify2:Failed to initialize notify2: org.freedesktop.DBus.Error.NotSupported: Unable to autolaunch a dbus-daemon without a $DISPLAY for X11
[1.297s] DEBUG:colcon.colcon_core.event_reactor:joined thread
[1.297s] INFO:colcon.colcon_core.shell:Creating prefix script '/ros2/install/local_setup.ps1'
[1.298s] INFO:colcon.colcon_core.shell:Creating prefix util module '/ros2/install/_local_setup_util_ps1.py'
[1.299s] INFO:colcon.colcon_core.shell:Creating prefix chain script '/ros2/install/setup.ps1'
[1.300s] INFO:colcon.colcon_core.shell:Creating prefix script '/ros2/install/local_setup.sh'
[1.301s] INFO:colcon.colcon_core.shell:Creating prefix util module '/ros2/install/_local_setup_util_sh.py'
[1.301s] INFO:colcon.colcon_core.shell:Creating prefix chain script '/ros2/install/setup.sh'
[1.302s] INFO:colcon.colcon_core.shell:Creating prefix script '/ros2/install/local_setup.bash'
[1.303s] INFO:colcon.colcon_core.shell:Creating prefix chain script '/ros2/install/setup.bash'
[1.303s] INFO:colcon.colcon_core.shell:Creating prefix script '/ros2/install/local_setup.zsh'
[1.304s] INFO:colcon.colcon_core.shell:Creating prefix chain script '/ros2/install/setup.zsh'
