[0.011s] Invoking command in '/ros2/build/vehicle_status': CMAKE_PREFIX_PATH=/ros2/install/interfaces:/ros2/install/vehicle_status:/ros2/install/talker_listener:/ros2/install/vehicle_status_py:/ros2/install/talker_listener_py:/opt/ros/humble /usr/bin/cmake --build /ros2/build/vehicle_status -- -j12 -l12
[0.067s] [100%] Built target vehicle_status_subscriber
[0.067s] [100%] Built target vehicle_status_publisher
[0.209s] Invoked command in '/ros2/build/vehicle_status' returned '0': CMAKE_PREFIX_PATH=/ros2/install/interfaces:/ros2/install/vehicle_status:/ros2/install/talker_listener:/ros2/install/vehicle_status_py:/ros2/install/talker_listener_py:/opt/ros/humble /usr/bin/cmake --build /ros2/build/vehicle_status -- -j12 -l12
[0.210s] Invoking command in '/ros2/build/vehicle_status': CMAKE_PREFIX_PATH=/ros2/install/interfaces:/ros2/install/vehicle_status:/ros2/install/talker_listener:/ros2/install/vehicle_status_py:/ros2/install/talker_listener_py:/opt/ros/humble /usr/bin/cmake --install /ros2/build/vehicle_status
[0.217s] -- Install configuration: ""
[0.217s] -- Up-to-date: /ros2/install/vehicle_status/lib/vehicle_status/vehicle_status_publisher
[0.217s] -- Up-to-date: /ros2/install/vehicle_status/lib/vehicle_status/vehicle_status_subscriber
[0.217s] -- Up-to-date: /ros2/install/vehicle_status/share/ament_index/resource_index/package_run_dependencies/vehicle_status
[0.218s] -- Up-to-date: /ros2/install/vehicle_status/share/ament_index/resource_index/parent_prefix_path/vehicle_status
[0.218s] -- Up-to-date: /ros2/install/vehicle_status/share/vehicle_status/environment/ament_prefix_path.sh
[0.218s] -- Up-to-date: /ros2/install/vehicle_status/share/vehicle_status/environment/ament_prefix_path.dsv
[0.218s] -- Up-to-date: /ros2/install/vehicle_status/share/vehicle_status/environment/path.sh
[0.218s] -- Up-to-date: /ros2/install/vehicle_status/share/vehicle_status/environment/path.dsv
[0.218s] -- Up-to-date: /ros2/install/vehicle_status/share/vehicle_status/local_setup.bash
[0.218s] -- Up-to-date: /ros2/install/vehicle_status/share/vehicle_status/local_setup.sh
[0.218s] -- Up-to-date: /ros2/install/vehicle_status/share/vehicle_status/local_setup.zsh
[0.218s] -- Up-to-date: /ros2/install/vehicle_status/share/vehicle_status/local_setup.dsv
[0.218s] -- Installing: /ros2/install/vehicle_status/share/vehicle_status/package.dsv
[0.218s] -- Up-to-date: /ros2/install/vehicle_status/share/ament_index/resource_index/packages/vehicle_status
[0.218s] -- Up-to-date: /ros2/install/vehicle_status/share/vehicle_status/cmake/vehicle_statusConfig.cmake
[0.218s] -- Up-to-date: /ros2/install/vehicle_status/share/vehicle_status/cmake/vehicle_statusConfig-version.cmake
[0.218s] -- Up-to-date: /ros2/install/vehicle_status/share/vehicle_status/package.xml
[0.220s] Invoked command in '/ros2/build/vehicle_status' returned '0': CMAKE_PREFIX_PATH=/ros2/install/interfaces:/ros2/install/vehicle_status:/ros2/install/talker_listener:/ros2/install/vehicle_status_py:/ros2/install/talker_listener_py:/opt/ros/humble /usr/bin/cmake --install /ros2/build/vehicle_status
