[0.773s] Invoking command in '/ros2/src/imu_py': PYTHONPATH=/ros2/build/imu_py/prefix_override:/usr/lib/python3/dist-packages/colcon_core/task/python/colcon_distutils_commands:/ros2/install/imu_py/lib/python3.10/site-packages:${PYTHONPATH} /usr/bin/python3 -W ignore:setup.py install is deprecated -W ignore:easy_install command is deprecated setup.py egg_info --egg-base ../../build/imu_py build --build-base /ros2/build/imu_py/build install --record /ros2/build/imu_py/install.log --single-version-externally-managed install_data
[0.958s] running egg_info
[0.959s] writing ../../build/imu_py/imu_py.egg-info/PKG-INFO
[0.959s] writing dependency_links to ../../build/imu_py/imu_py.egg-info/dependency_links.txt
[0.959s] writing entry points to ../../build/imu_py/imu_py.egg-info/entry_points.txt
[0.960s] writing requirements to ../../build/imu_py/imu_py.egg-info/requires.txt
[0.960s] writing top-level names to ../../build/imu_py/imu_py.egg-info/top_level.txt
[0.961s] reading manifest file '../../build/imu_py/imu_py.egg-info/SOURCES.txt'
[0.962s] writing manifest file '../../build/imu_py/imu_py.egg-info/SOURCES.txt'
[0.962s] running build
[0.962s] running build_py
[0.962s] copying imu_py/imu_publisher.py -> /ros2/build/imu_py/build/lib/imu_py
[0.962s] running install
[0.962s] running install_lib
[0.963s] copying /ros2/build/imu_py/build/lib/imu_py/imu_publisher.py -> /ros2/install/imu_py/lib/python3.10/site-packages/imu_py
[0.964s] byte-compiling /ros2/install/imu_py/lib/python3.10/site-packages/imu_py/imu_publisher.py to imu_publisher.cpython-310.pyc
[0.964s] running install_data
[0.964s] running install_egg_info
[0.967s] removing '/ros2/install/imu_py/lib/python3.10/site-packages/imu_py-0.0.0-py3.10.egg-info' (and everything under it)
[0.967s] Copying ../../build/imu_py/imu_py.egg-info to /ros2/install/imu_py/lib/python3.10/site-packages/imu_py-0.0.0-py3.10.egg-info
[0.968s] running install_scripts
[0.987s] Installing imu_publisher script to /ros2/install/imu_py/lib/imu_py
[0.987s] Installing imu_subscriber script to /ros2/install/imu_py/lib/imu_py
[0.988s] writing list of installed files to '/ros2/build/imu_py/install.log'
[1.032s] Invoked command in '/ros2/src/imu_py' returned '0': PYTHONPATH=/ros2/build/imu_py/prefix_override:/usr/lib/python3/dist-packages/colcon_core/task/python/colcon_distutils_commands:/ros2/install/imu_py/lib/python3.10/site-packages:${PYTHONPATH} /usr/bin/python3 -W ignore:setup.py install is deprecated -W ignore:easy_install command is deprecated setup.py egg_info --egg-base ../../build/imu_py build --build-base /ros2/build/imu_py/build install --record /ros2/build/imu_py/install.log --single-version-externally-managed install_data
