[0.021s] Invoking command in '/ros2/build/imu': CMAKE_PREFIX_PATH=${CMAKE_PREFIX_PATH}:/ros2/install/vehicle_status_py:/ros2/install/talker_listener_py:/opt/ros/humble /usr/bin/cmake --build /ros2/build/imu -- -j12 -l12
[0.058s] [35m[1mConsolidate compiler generated dependencies of target imu_publisher[0m
[0.081s] [ 50%] [32mBuilding CXX object CMakeFiles/imu_publisher.dir/src/imu_publisher.cpp.o[0m
[1.943s] [01m[K/ros2/src/imu/src/imu_publisher.cpp:9:21:[m[K [01;31m[Kerror: [m[K‘[01m[Kimu[m[K’ was not declared in this scope; did you mean ‘[01m[KImu[m[K’?
[1.943s]     9 |   rclcpp::Publisher<[01;31m[Kimu[m[K>::SharedPtr publisher_;
[1.943s]       |                     [01;31m[K^~~[m[K
[1.943s]       |                     [32m[KImu[m[K
[1.943s] [01m[K/ros2/src/imu/src/imu_publisher.cpp:9:24:[m[K [01;31m[Kerror: [m[Ktemplate argument 1 is invalid
[1.943s]     9 |   rclcpp::Publisher<imu[01;31m[K>[m[K::SharedPtr publisher_;
[1.943s]       |                        [01;31m[K^[m[K
[1.944s] [01m[K/ros2/src/imu/src/imu_publisher.cpp:9:27:[m[K [01;31m[Kerror: [m[Kexpected ‘[01m[K;[m[K’ at end of member declaration
[1.944s]     9 |   rclcpp::Publisher<imu>::[01;31m[KSharedPtr[m[K publisher_;
[1.944s]       |                           [01;31m[K^~~~~~~~~[m[K
[1.944s]       |                                    [32m[K;[m[K
[1.944s] [01m[K/ros2/src/imu/src/imu_publisher.cpp:9:37:[m[K [01;31m[Kerror: [m[K‘[01m[Kpublisher_[m[K’ does not name a type; did you mean ‘[01m[KImuPublisher[m[K’?
[1.944s]     9 | rclcpp::Publisher<imu>::SharedPtr [01;31m[Kpublisher_[m[K;
[1.944s]       |                                   [01;31m[K^~~~~~~~~~[m[K
[1.944s]       |                                   [32m[KImuPublisher[m[K
[1.945s] [01m[K/ros2/src/imu/src/imu_publisher.cpp:[m[K In member function ‘[01m[Kvoid ImuPublisher::publish_imu()[m[K’:
[1.945s] [01m[K/ros2/src/imu/src/imu_publisher.cpp:13:16:[m[K [01;35m[Kwarning: [m[Kconverting to ‘[01m[KImu[m[K’ {aka ‘[01m[Ksensor_msgs::msg::Imu_<std::allocator<void> >[m[K’} from initializer list would use explicit constructor ‘[01m[Ksensor_msgs::msg::Imu_<ContainerAllocator>::Imu_(rosidl_runtime_cpp::MessageInitialization) [with ContainerAllocator = std::allocator<void>][m[K’
[1.945s]    13 |     Imu imu = {[01;35m[K}[m[K;
[1.945s]       |                [01;35m[K^[m[K
[1.945s] [01m[K/ros2/src/imu/src/imu_publisher.cpp:13:16:[m[K [01;36m[Knote: [m[Kin C++11 and above a default constructor can be explicit
[1.949s] [01m[K/ros2/src/imu/src/imu_publisher.cpp:17:5:[m[K [01;31m[Kerror: [m[K‘[01m[Kpublisher_[m[K’ was not declared in this scope; did you mean ‘[01m[KImuPublisher[m[K’?
[1.949s]    17 |     [01;31m[Kpublisher_[m[K->publish(imu);
[1.950s]       |     [01;31m[K^~~~~~~~~~[m[K
[1.950s]       |     [32m[KImuPublisher[m[K
[1.950s] In file included from [01m[K/opt/ros/humble/include/rclcpp/rclcpp/logging.hpp:24[m[K,
[1.950s]                  from [01m[K/opt/ros/humble/include/rclcpp/rclcpp/client.hpp:40[m[K,
[1.950s]                  from [01m[K/opt/ros/humble/include/rclcpp/rclcpp/callback_group.hpp:24[m[K,
[1.950s]                  from [01m[K/opt/ros/humble/include/rclcpp/rclcpp/any_executable.hpp:20[m[K,
[1.950s]                  from [01m[K/opt/ros/humble/include/rclcpp/rclcpp/memory_strategy.hpp:25[m[K,
[1.950s]                  from [01m[K/opt/ros/humble/include/rclcpp/rclcpp/memory_strategies.hpp:18[m[K,
[1.950s]                  from [01m[K/opt/ros/humble/include/rclcpp/rclcpp/executor_options.hpp:20[m[K,
[1.950s]                  from [01m[K/opt/ros/humble/include/rclcpp/rclcpp/executor.hpp:37[m[K,
[1.951s]                  from [01m[K/opt/ros/humble/include/rclcpp/rclcpp/executors/multi_threaded_executor.hpp:25[m[K,
[1.951s]                  from [01m[K/opt/ros/humble/include/rclcpp/rclcpp/executors.hpp:21[m[K,
[1.951s]                  from [01m[K/opt/ros/humble/include/rclcpp/rclcpp/rclcpp.hpp:155[m[K,
[1.951s]                  from [01m[K/ros2/src/imu/src/imu_publisher.cpp:1[m[K:
[1.951s] [01m[K/ros2/src/imu/src/imu_publisher.cpp:19:17:[m[K [01;35m[Kwarning: [m[Kformat ‘[01m[K%d[m[K’ expects argument of type ‘[01m[Kint[m[K’, but argument 5 has type ‘[01m[Kgeometry_msgs::msg::Vector3_<std::allocator<void> >::_x_type[m[K’ {aka ‘[01m[Kdouble[m[K’} [[01;35m[K-Wformat=[m[K]
[1.951s]    19 |                 [01;35m[K"Publishing:\n\tLinear acceleration x: %d\n\t Linear "[m[K
[1.951s]       |                 [01;35m[K^~~~~~~~~~~~~~~~~~~~~~~~~~~~~~~~~~~~~~~~~~~~~~~~~~~~~~[m[K
[1.951s]    20 | [01;35m[K                "acceleration y: %d\n\tLinear acceleration z: %d"[m[K,
[1.951s]       |                 [01;35m[K~~~~~~~~~~~~~~~~~~~~~~~~~~~~~~~~~~~~~~~~~~~~~~~~~[m[K
[1.951s]    21 |                 [32m[Kimu.linear_acceleration.x[m[K, imu.linear_acceleration.y,
[1.951s]       |                 [32m[K~~~~~~~~~~~~~~~~~~~~~~~~~[m[K
[1.951s]       |                                         [32m[K|[m[K
[1.951s]       |                                         [32m[Kgeometry_msgs::msg::Vector3_<std::allocator<void> >::_x_type {aka double}[m[K
[1.951s] [01m[K/ros2/src/imu/src/imu_publisher.cpp:19:57:[m[K [01;36m[Knote: [m[Kformat string is defined here
[1.951s]    19 | shing:\n\tLinear acceleration x: [01;36m[K%d[m[K\n\t Linear "
[1.951s]       |                                  [01;36m[K~^[m[K
[1.951s]       |                                   [01;36m[K|[m[K
[1.951s]       |                                   [01;36m[Kint[m[K
[1.951s]       |                                  [32m[K%f[m[K
[1.951s] In file included from [01m[K/opt/ros/humble/include/rclcpp/rclcpp/logging.hpp:24[m[K,
[1.951s]                  from [01m[K/opt/ros/humble/include/rclcpp/rclcpp/client.hpp:40[m[K,
[1.952s]                  from [01m[K/opt/ros/humble/include/rclcpp/rclcpp/callback_group.hpp:24[m[K,
[1.952s]                  from [01m[K/opt/ros/humble/include/rclcpp/rclcpp/any_executable.hpp:20[m[K,
[1.952s]                  from [01m[K/opt/ros/humble/include/rclcpp/rclcpp/memory_strategy.hpp:25[m[K,
[1.952s]                  from [01m[K/opt/ros/humble/include/rclcpp/rclcpp/memory_strategies.hpp:18[m[K,
[1.952s]                  from [01m[K/opt/ros/humble/include/rclcpp/rclcpp/executor_options.hpp:20[m[K,
[1.952s]                  from [01m[K/opt/ros/humble/include/rclcpp/rclcpp/executor.hpp:37[m[K,
[1.952s]                  from [01m[K/opt/ros/humble/include/rclcpp/rclcpp/executors/multi_threaded_executor.hpp:25[m[K,
[1.952s]                  from [01m[K/opt/ros/humble/include/rclcpp/rclcpp/executors.hpp:21[m[K,
[1.952s]                  from [01m[K/opt/ros/humble/include/rclcpp/rclcpp/rclcpp.hpp:155[m[K,
[1.952s]                  from [01m[K/ros2/src/imu/src/imu_publisher.cpp:1[m[K:
[1.952s] [01m[K/ros2/src/imu/src/imu_publisher.cpp:19:17:[m[K [01;35m[Kwarning: [m[Kformat ‘[01m[K%d[m[K’ expects argument of type ‘[01m[Kint[m[K’, but argument 6 has type ‘[01m[Kgeometry_msgs::msg::Vector3_<std::allocator<void> >::_y_type[m[K’ {aka ‘[01m[Kdouble[m[K’} [[01;35m[K-Wformat=[m[K]
[1.952s]    19 |                 [01;35m[K"Publishing:\n\tLinear acceleration x: %d\n\t Linear "[m[K
[1.952s]       |                 [01;35m[K^~~~~~~~~~~~~~~~~~~~~~~~~~~~~~~~~~~~~~~~~~~~~~~~~~~~~~[m[K
[1.952s]    20 | [01;35m[K                "acceleration y: %d\n\tLinear acceleration z: %d"[m[K,
[1.952s]       |                 [01;35m[K~~~~~~~~~~~~~~~~~~~~~~~~~~~~~~~~~~~~~~~~~~~~~~~~~[m[K
[1.952s]    21 |                 imu.linear_acceleration.x, [32m[Kimu.linear_acceleration.y[m[K,
[1.952s]       |                                            [32m[K~~~~~~~~~~~~~~~~~~~~~~~~~[m[K
[1.952s]       |                                                                    [32m[K|[m[K
[1.952s]       |                                                                    [32m[Kgeometry_msgs::msg::Vector3_<std::allocator<void> >::_y_type {aka double}[m[K
[1.952s] [01m[K/ros2/src/imu/src/imu_publisher.cpp:20:35:[m[K [01;36m[Knote: [m[Kformat string is defined here
[1.952s]    20 |                 "acceleration y: [01;36m[K%d[m[K\n\tLinear acceleration z: %d",
[1.952s]       |                                  [01;36m[K~^[m[K
[1.953s]       |                                   [01;36m[K|[m[K
[1.953s]       |                                   [01;36m[Kint[m[K
[1.953s]       |                                  [32m[K%f[m[K
[1.953s] In file included from [01m[K/opt/ros/humble/include/rclcpp/rclcpp/logging.hpp:24[m[K,
[1.953s]                  from [01m[K/opt/ros/humble/include/rclcpp/rclcpp/client.hpp:40[m[K,
[1.953s]                  from [01m[K/opt/ros/humble/include/rclcpp/rclcpp/callback_group.hpp:24[m[K,
[1.953s]                  from [01m[K/opt/ros/humble/include/rclcpp/rclcpp/any_executable.hpp:20[m[K,
[1.953s]                  from [01m[K/opt/ros/humble/include/rclcpp/rclcpp/memory_strategy.hpp:25[m[K,
[1.953s]                  from [01m[K/opt/ros/humble/include/rclcpp/rclcpp/memory_strategies.hpp:18[m[K,
[1.953s]                  from [01m[K/opt/ros/humble/include/rclcpp/rclcpp/executor_options.hpp:20[m[K,
[1.953s]                  from [01m[K/opt/ros/humble/include/rclcpp/rclcpp/executor.hpp:37[m[K,
[1.953s]                  from [01m[K/opt/ros/humble/include/rclcpp/rclcpp/executors/multi_threaded_executor.hpp:25[m[K,
[1.953s]                  from [01m[K/opt/ros/humble/include/rclcpp/rclcpp/executors.hpp:21[m[K,
[1.953s]                  from [01m[K/opt/ros/humble/include/rclcpp/rclcpp/rclcpp.hpp:155[m[K,
[1.953s]                  from [01m[K/ros2/src/imu/src/imu_publisher.cpp:1[m[K:
[1.953s] [01m[K/ros2/src/imu/src/imu_publisher.cpp:19:17:[m[K [01;35m[Kwarning: [m[Kformat ‘[01m[K%d[m[K’ expects argument of type ‘[01m[Kint[m[K’, but argument 7 has type ‘[01m[Kgeometry_msgs::msg::Vector3_<std::allocator<void> >::_z_type[m[K’ {aka ‘[01m[Kdouble[m[K’} [[01;35m[K-Wformat=[m[K]
[1.953s]    19 |                 [01;35m[K"Publishing:\n\tLinear acceleration x: %d\n\t Linear "[m[K
[1.953s]       |                 [01;35m[K^~~~~~~~~~~~~~~~~~~~~~~~~~~~~~~~~~~~~~~~~~~~~~~~~~~~~~[m[K
[1.953s]    20 | [01;35m[K                "acceleration y: %d\n\tLinear acceleration z: %d"[m[K,
[1.953s]       |                 [01;35m[K~~~~~~~~~~~~~~~~~~~~~~~~~~~~~~~~~~~~~~~~~~~~~~~~~[m[K
[1.953s]    21 |                 imu.linear_acceleration.x, imu.linear_acceleration.y,
[1.953s]    22 |                 [32m[Kimu.linear_acceleration.z[m[K);
[1.954s]       |                 [32m[K~~~~~~~~~~~~~~~~~~~~~~~~~[m[K
[1.954s]       |                                         [32m[K|[m[K
[1.954s]       |                                         [32m[Kgeometry_msgs::msg::Vector3_<std::allocator<void> >::_z_type {aka double}[m[K
[1.954s] [01m[K/ros2/src/imu/src/imu_publisher.cpp:20:64:[m[K [01;36m[Knote: [m[Kformat string is defined here
[1.954s]    20 | leration y: %d\n\tLinear acceleration z: [01;36m[K%d[m[K",
[1.954s]       |                                          [01;36m[K~^[m[K
[1.954s]       |                                           [01;36m[K|[m[K
[1.954s]       |                                           [01;36m[Kint[m[K
[1.954s]       |                                          [32m[K%f[m[K
[1.955s] [01m[K/ros2/src/imu/src/imu_publisher.cpp:[m[K In constructor ‘[01m[KImuPublisher::ImuPublisher()[m[K’:
[1.955s] [01m[K/ros2/src/imu/src/imu_publisher.cpp:27:5:[m[K [01;31m[Kerror: [m[K‘[01m[Kpublisher_[m[K’ was not declared in this scope; did you mean ‘[01m[KImuPublisher[m[K’?
[1.955s]    27 |     [01;31m[Kpublisher_[m[K = this->create_publisher<Imu>("/imu", 10);
[1.955s]       |     [01;31m[K^~~~~~~~~~[m[K
[1.955s]       |     [32m[KImuPublisher[m[K
[1.958s] [01m[K/ros2/src/imu/src/imu_publisher.cpp:28:63:[m[K [01;31m[Kerror: [m[Kinvalid use of non-static member function ‘[01m[Kvoid ImuPublisher::publish_imu()[m[K’
[1.958s]    28 | ll_timer(std::chrono::seconds(1), [01;31m[Kpublish_imu[m[K);
[1.958s]       |                                   [01;31m[K^~~~~~~~~~~[m[K
[1.958s] 
[1.958s] [01m[K/ros2/src/imu/src/imu_publisher.cpp:12:8:[m[K [01;36m[Knote: [m[Kdeclared here
[1.958s]    12 |   void [01;36m[Kpublish_imu[m[K() {
[1.959s]       |        [01;36m[K^~~~~~~~~~~[m[K
[2.463s] gmake[2]: *** [CMakeFiles/imu_publisher.dir/build.make:76: CMakeFiles/imu_publisher.dir/src/imu_publisher.cpp.o] Error 1
[2.463s] gmake[1]: *** [CMakeFiles/Makefile2:137: CMakeFiles/imu_publisher.dir/all] Error 2
[2.463s] gmake: *** [Makefile:146: all] Error 2
[2.465s] Invoked command in '/ros2/build/imu' returned '2': CMAKE_PREFIX_PATH=${CMAKE_PREFIX_PATH}:/ros2/install/vehicle_status_py:/ros2/install/talker_listener_py:/opt/ros/humble /usr/bin/cmake --build /ros2/build/imu -- -j12 -l12
