[0.462s] Invoking command in '/ros2/src/vehicle_status_py': CMAKE_PREFIX_PATH=/ros2/install/interfaces:/ros2/install/vehicle_status:/ros2/install/talker_listener PYTHONPATH=/ros2/build/vehicle_status_py/prefix_override:/usr/lib/python3/dist-packages/colcon_core/task/python/colcon_distutils_commands:/ros2/install/vehicle_status_py/lib/python3.10/site-packages:${PYTHONPATH} /usr/bin/python3 -W ignore:setup.py install is deprecated -W ignore:easy_install command is deprecated setup.py egg_info --egg-base ../../build/vehicle_status_py build --build-base /ros2/build/vehicle_status_py/build install --record /ros2/build/vehicle_status_py/install.log --single-version-externally-managed install_data
[0.629s] running egg_info
[0.630s] writing ../../build/vehicle_status_py/vehicle_status_py.egg-info/PKG-INFO
[0.630s] writing dependency_links to ../../build/vehicle_status_py/vehicle_status_py.egg-info/dependency_links.txt
[0.630s] writing entry points to ../../build/vehicle_status_py/vehicle_status_py.egg-info/entry_points.txt
[0.630s] writing requirements to ../../build/vehicle_status_py/vehicle_status_py.egg-info/requires.txt
[0.631s] writing top-level names to ../../build/vehicle_status_py/vehicle_status_py.egg-info/top_level.txt
[0.632s] reading manifest file '../../build/vehicle_status_py/vehicle_status_py.egg-info/SOURCES.txt'
[0.633s] writing manifest file '../../build/vehicle_status_py/vehicle_status_py.egg-info/SOURCES.txt'
[0.634s] running build
[0.634s] running build_py
[0.634s] running install
[0.634s] running install_lib
[0.635s] running install_data
[0.635s] running install_egg_info
[0.637s] removing '/ros2/install/vehicle_status_py/lib/python3.10/site-packages/vehicle_status_py-0.0.0-py3.10.egg-info' (and everything under it)
[0.637s] Copying ../../build/vehicle_status_py/vehicle_status_py.egg-info to /ros2/install/vehicle_status_py/lib/python3.10/site-packages/vehicle_status_py-0.0.0-py3.10.egg-info
[0.638s] running install_scripts
[0.656s] Installing vehicle_status_publisher script to /ros2/install/vehicle_status_py/lib/vehicle_status_py
[0.656s] Installing vehicle_status_subscriber script to /ros2/install/vehicle_status_py/lib/vehicle_status_py
[0.656s] writing list of installed files to '/ros2/build/vehicle_status_py/install.log'
[0.677s] Invoked command in '/ros2/src/vehicle_status_py' returned '0': CMAKE_PREFIX_PATH=/ros2/install/interfaces:/ros2/install/vehicle_status:/ros2/install/talker_listener PYTHONPATH=/ros2/build/vehicle_status_py/prefix_override:/usr/lib/python3/dist-packages/colcon_core/task/python/colcon_distutils_commands:/ros2/install/vehicle_status_py/lib/python3.10/site-packages:${PYTHONPATH} /usr/bin/python3 -W ignore:setup.py install is deprecated -W ignore:easy_install command is deprecated setup.py egg_info --egg-base ../../build/vehicle_status_py build --build-base /ros2/build/vehicle_status_py/build install --record /ros2/build/vehicle_status_py/install.log --single-version-externally-managed install_data
