[0.008s] Invoking command in '/ros2/build/talker_listener': /usr/bin/cmake --build /ros2/build/talker_listener -- -j12 -l12
[0.040s] [35m[1mConsolidate compiler generated dependencies of target listener[0m
[0.052s] [ 50%] Built target talker
[0.053s] [100%] Built target listener
[0.062s] Invoked command in '/ros2/build/talker_listener' returned '0': /usr/bin/cmake --build /ros2/build/talker_listener -- -j12 -l12
[0.069s] Invoking command in '/ros2/build/talker_listener': /usr/bin/cmake --install /ros2/build/talker_listener
[0.075s] -- Install configuration: ""
[0.075s] -- Up-to-date: /ros2/install/talker_listener/lib/talker_listener/talker
[0.076s] -- Up-to-date: /ros2/install/talker_listener/lib/talker_listener/listener
[0.076s] -- Up-to-date: /ros2/install/talker_listener/share/ament_index/resource_index/package_run_dependencies/talker_listener
[0.076s] -- Up-to-date: /ros2/install/talker_listener/share/ament_index/resource_index/parent_prefix_path/talker_listener
[0.076s] -- Up-to-date: /ros2/install/talker_listener/share/talker_listener/environment/ament_prefix_path.sh
[0.076s] -- Up-to-date: /ros2/install/talker_listener/share/talker_listener/environment/ament_prefix_path.dsv
[0.076s] -- Up-to-date: /ros2/install/talker_listener/share/talker_listener/environment/path.sh
[0.076s] -- Up-to-date: /ros2/install/talker_listener/share/talker_listener/environment/path.dsv
[0.076s] -- Up-to-date: /ros2/install/talker_listener/share/talker_listener/local_setup.bash
[0.076s] -- Up-to-date: /ros2/install/talker_listener/share/talker_listener/local_setup.sh
[0.076s] -- Up-to-date: /ros2/install/talker_listener/share/talker_listener/local_setup.zsh
[0.076s] -- Up-to-date: /ros2/install/talker_listener/share/talker_listener/local_setup.dsv
[0.077s] -- Installing: /ros2/install/talker_listener/share/talker_listener/package.dsv
[0.077s] -- Up-to-date: /ros2/install/talker_listener/share/ament_index/resource_index/packages/talker_listener
[0.077s] -- Up-to-date: /ros2/install/talker_listener/share/talker_listener/cmake/talker_listenerConfig.cmake
[0.077s] -- Up-to-date: /ros2/install/talker_listener/share/talker_listener/cmake/talker_listenerConfig-version.cmake
[0.077s] -- Up-to-date: /ros2/install/talker_listener/share/talker_listener/package.xml
[0.078s] Invoked command in '/ros2/build/talker_listener' returned '0': /usr/bin/cmake --install /ros2/build/talker_listener
