[0.009s] Invoking command in '/ros2/build/talker_listener': CMAKE_PREFIX_PATH=/opt/ros/humble /usr/bin/cmake --build /ros2/build/talker_listener -- -j12 -l12
[0.031s] -- Found ament_cmake: 1.3.14 (/opt/ros/humble/share/ament_cmake/cmake)
[0.135s] -- Found rclcpp: 16.0.19 (/opt/ros/humble/share/rclcpp/cmake)
[0.165s] -- Found rosidl_generator_c: 3.1.8 (/opt/ros/humble/share/rosidl_generator_c/cmake)
[0.167s] -- Found rosidl_adapter: 3.1.8 (/opt/ros/humble/share/rosidl_adapter/cmake)
[0.173s] -- Found rosidl_generator_cpp: 3.1.8 (/opt/ros/humble/share/rosidl_generator_cpp/cmake)
[0.183s] -- Using all available rosidl_typesupport_c: rosidl_typesupport_fastrtps_c;rosidl_typesupport_introspection_c
[0.194s] -- Using all available rosidl_typesupport_cpp: rosidl_typesupport_fastrtps_cpp;rosidl_typesupport_introspection_cpp
[0.226s] -- Found rmw_implementation_cmake: 6.1.2 (/opt/ros/humble/share/rmw_implementation_cmake/cmake)
[0.227s] -- Found rmw_fastrtps_cpp: 6.2.10 (/opt/ros/humble/share/rmw_fastrtps_cpp/cmake)
[0.310s] -- Using RMW implementation 'rmw_fastrtps_cpp' as default
[0.362s] -- Found ament_lint_auto: 0.12.15 (/opt/ros/humble/share/ament_lint_auto/cmake)
[0.429s] -- Added test 'cppcheck' to perform static code analysis on C / C++ code
[0.429s] -- Configured cppcheck include dirs: 
[0.429s] -- Configured cppcheck exclude dirs and/or files: 
[0.429s] -- Added test 'lint_cmake' to check CMake code style
[0.430s] -- Added test 'uncrustify' to check C / C++ code style
[0.430s] -- Configured uncrustify additional arguments: 
[0.430s] -- Added test 'xmllint' to check XML markup files
[0.432s] -- Configuring done
[0.443s] -- Generating done
[0.447s] -- Build files have been written to: /ros2/build/talker_listener
[0.466s] [35m[1mConsolidate compiler generated dependencies of target talker[0m
[0.474s] [ 25%] [32mBuilding CXX object CMakeFiles/listener.dir/src/listener.cpp.o[0m
[0.480s] [ 75%] Built target talker
[7.532s] [100%] [32m[1mLinking CXX executable listener[0m
[7.875s] [100%] Built target listener
[7.885s] Invoked command in '/ros2/build/talker_listener' returned '0': CMAKE_PREFIX_PATH=/opt/ros/humble /usr/bin/cmake --build /ros2/build/talker_listener -- -j12 -l12
[7.895s] Invoking command in '/ros2/build/talker_listener': CMAKE_PREFIX_PATH=/opt/ros/humble /usr/bin/cmake --install /ros2/build/talker_listener
[7.902s] -- Install configuration: ""
[7.902s] -- Up-to-date: /ros2/install/talker_listener/lib/talker_listener/talker
[7.902s] -- Installing: /ros2/install/talker_listener/lib/talker_listener/listener
[7.905s] -- Set runtime path of "/ros2/install/talker_listener/lib/talker_listener/listener" to ""
[7.905s] -- Up-to-date: /ros2/install/talker_listener/share/ament_index/resource_index/package_run_dependencies/talker_listener
[7.905s] -- Up-to-date: /ros2/install/talker_listener/share/ament_index/resource_index/parent_prefix_path/talker_listener
[7.906s] -- Up-to-date: /ros2/install/talker_listener/share/talker_listener/environment/ament_prefix_path.sh
[7.906s] -- Installing: /ros2/install/talker_listener/share/talker_listener/environment/ament_prefix_path.dsv
[7.906s] -- Up-to-date: /ros2/install/talker_listener/share/talker_listener/environment/path.sh
[7.906s] -- Installing: /ros2/install/talker_listener/share/talker_listener/environment/path.dsv
[7.906s] -- Up-to-date: /ros2/install/talker_listener/share/talker_listener/local_setup.bash
[7.906s] -- Up-to-date: /ros2/install/talker_listener/share/talker_listener/local_setup.sh
[7.906s] -- Up-to-date: /ros2/install/talker_listener/share/talker_listener/local_setup.zsh
[7.906s] -- Installing: /ros2/install/talker_listener/share/talker_listener/local_setup.dsv
[7.906s] -- Installing: /ros2/install/talker_listener/share/talker_listener/package.dsv
[7.906s] -- Up-to-date: /ros2/install/talker_listener/share/ament_index/resource_index/packages/talker_listener
[7.906s] -- Up-to-date: /ros2/install/talker_listener/share/talker_listener/cmake/talker_listenerConfig.cmake
[7.906s] -- Up-to-date: /ros2/install/talker_listener/share/talker_listener/cmake/talker_listenerConfig-version.cmake
[7.906s] -- Up-to-date: /ros2/install/talker_listener/share/talker_listener/package.xml
[7.908s] Invoked command in '/ros2/build/talker_listener' returned '0': CMAKE_PREFIX_PATH=/opt/ros/humble /usr/bin/cmake --install /ros2/build/talker_listener
