[0.020s] Invoking command in '/ros2/build/imu': CMAKE_PREFIX_PATH=${CMAKE_PREFIX_PATH}:/ros2/install/vehicle_status_py:/ros2/install/talker_listener_py:/opt/ros/humble /usr/bin/cmake --build /ros2/build/imu -- -j12 -l12
[0.042s] -- Found ament_cmake: 1.3.14 (/opt/ros/humble/share/ament_cmake/cmake)
[0.183s] -- Found rclcpp: 16.0.19 (/opt/ros/humble/share/rclcpp/cmake)
[0.219s] -- Found rosidl_generator_c: 3.1.8 (/opt/ros/humble/share/rosidl_generator_c/cmake)
[0.221s] -- Found rosidl_adapter: 3.1.8 (/opt/ros/humble/share/rosidl_adapter/cmake)
[0.227s] -- Found rosidl_generator_cpp: 3.1.8 (/opt/ros/humble/share/rosidl_generator_cpp/cmake)
[0.236s] -- Using all available rosidl_typesupport_c: rosidl_typesupport_fastrtps_c;rosidl_typesupport_introspection_c
[0.248s] -- Using all available rosidl_typesupport_cpp: rosidl_typesupport_fastrtps_cpp;rosidl_typesupport_introspection_cpp
[0.284s] -- Found rmw_implementation_cmake: 6.1.2 (/opt/ros/humble/share/rmw_implementation_cmake/cmake)
[0.285s] -- Found rmw_fastrtps_cpp: 6.2.10 (/opt/ros/humble/share/rmw_fastrtps_cpp/cmake)
[0.366s] -- Using RMW implementation 'rmw_fastrtps_cpp' as default
[0.423s] -- Found sensor_msgs: 4.9.1 (/opt/ros/humble/share/sensor_msgs/cmake)
[0.455s] -- Found ament_lint_auto: 0.12.15 (/opt/ros/humble/share/ament_lint_auto/cmake)
[0.520s] -- Added test 'cppcheck' to perform static code analysis on C / C++ code
[0.521s] -- Configured cppcheck include dirs: 
[0.521s] -- Configured cppcheck exclude dirs and/or files: 
[0.521s] -- Added test 'lint_cmake' to check CMake code style
[0.522s] -- Added test 'uncrustify' to check C / C++ code style
[0.522s] -- Configured uncrustify additional arguments: 
[0.522s] -- Added test 'xmllint' to check XML markup files
[0.523s] -- Configuring done
[0.535s] -- Generating done
[0.539s] -- Build files have been written to: /ros2/build/imu
[0.561s] [35m[1mConsolidate compiler generated dependencies of target imu_publisher[0m
[0.569s] [ 25%] [32mBuilding CXX object CMakeFiles/imu_subscriber.dir/src/imu_subscriber.cpp.o[0m
[0.576s] [ 75%] Built target imu_publisher
[7.023s] [100%] [32m[1mLinking CXX executable imu_subscriber[0m
[7.341s] [100%] Built target imu_subscriber
[7.352s] Invoked command in '/ros2/build/imu' returned '0': CMAKE_PREFIX_PATH=${CMAKE_PREFIX_PATH}:/ros2/install/vehicle_status_py:/ros2/install/talker_listener_py:/opt/ros/humble /usr/bin/cmake --build /ros2/build/imu -- -j12 -l12
[7.355s] Invoking command in '/ros2/build/imu': CMAKE_PREFIX_PATH=${CMAKE_PREFIX_PATH}:/ros2/install/vehicle_status_py:/ros2/install/talker_listener_py:/opt/ros/humble /usr/bin/cmake --install /ros2/build/imu
[7.361s] -- Install configuration: ""
[7.362s] -- Up-to-date: /ros2/install/imu/lib/imu/imu_publisher
[7.362s] -- Installing: /ros2/install/imu/lib/imu/imu_subscriber
[7.365s] -- Set runtime path of "/ros2/install/imu/lib/imu/imu_subscriber" to ""
[7.365s] -- Up-to-date: /ros2/install/imu/share/ament_index/resource_index/package_run_dependencies/imu
[7.365s] -- Up-to-date: /ros2/install/imu/share/ament_index/resource_index/parent_prefix_path/imu
[7.366s] -- Up-to-date: /ros2/install/imu/share/imu/environment/ament_prefix_path.sh
[7.366s] -- Installing: /ros2/install/imu/share/imu/environment/ament_prefix_path.dsv
[7.366s] -- Up-to-date: /ros2/install/imu/share/imu/environment/path.sh
[7.366s] -- Installing: /ros2/install/imu/share/imu/environment/path.dsv
[7.366s] -- Up-to-date: /ros2/install/imu/share/imu/local_setup.bash
[7.366s] -- Up-to-date: /ros2/install/imu/share/imu/local_setup.sh
[7.366s] -- Up-to-date: /ros2/install/imu/share/imu/local_setup.zsh
[7.366s] -- Installing: /ros2/install/imu/share/imu/local_setup.dsv
[7.366s] -- Installing: /ros2/install/imu/share/imu/package.dsv
[7.366s] -- Up-to-date: /ros2/install/imu/share/ament_index/resource_index/packages/imu
[7.366s] -- Up-to-date: /ros2/install/imu/share/imu/cmake/imuConfig.cmake
[7.367s] -- Up-to-date: /ros2/install/imu/share/imu/cmake/imuConfig-version.cmake
[7.367s] -- Up-to-date: /ros2/install/imu/share/imu/package.xml
[7.367s] Invoked command in '/ros2/build/imu' returned '0': CMAKE_PREFIX_PATH=${CMAKE_PREFIX_PATH}:/ros2/install/vehicle_status_py:/ros2/install/talker_listener_py:/opt/ros/humble /usr/bin/cmake --install /ros2/build/imu
