[0.018s] Invoking command in '/ros2/build/interfaces': CMAKE_PREFIX_PATH=/opt/ros/humble /usr/bin/cmake --build /ros2/build/interfaces -- -j12 -l12
[0.062s] [  3%] Built target interfaces__rs
[0.063s] [  6%] Built target interfaces__cpp
[0.068s] [ 15%] Built target interfaces__rosidl_generator_c
[0.073s] [ 15%] Built target ament_cmake_python_copy_interfaces
[0.086s] [ 25%] Built target interfaces__rosidl_typesupport_introspection_cpp
[0.089s] [ 34%] Built target interfaces__rosidl_typesupport_cpp
[0.089s] [ 43%] Built target interfaces__rosidl_typesupport_fastrtps_cpp
[0.093s] [ 53%] Built target interfaces__rosidl_typesupport_fastrtps_c
[0.093s] [ 62%] Built target interfaces__rosidl_typesupport_c
[0.094s] [ 71%] Built target interfaces__rosidl_typesupport_introspection_c
[0.112s] [ 71%] Built target interfaces
[0.129s] [ 75%] Built target interfaces__py
[0.147s] [ 81%] Built target interfaces__rosidl_generator_py
[0.165s] [100%] Built target interfaces__rosidl_typesupport_fastrtps_c__pyext
[0.166s] [100%] Built target interfaces__rosidl_typesupport_c__pyext
[0.166s] [100%] Built target interfaces__rosidl_typesupport_introspection_c__pyext
[0.246s] running egg_info
[0.246s] writing interfaces.egg-info/PKG-INFO
[0.246s] writing dependency_links to interfaces.egg-info/dependency_links.txt
[0.246s] writing top-level names to interfaces.egg-info/top_level.txt
[0.248s] reading manifest file 'interfaces.egg-info/SOURCES.txt'
[0.248s] writing manifest file 'interfaces.egg-info/SOURCES.txt'
[0.272s] [100%] Built target ament_cmake_python_build_interfaces_egg
[0.281s] Invoked command in '/ros2/build/interfaces' returned '0': CMAKE_PREFIX_PATH=/opt/ros/humble /usr/bin/cmake --build /ros2/build/interfaces -- -j12 -l12
[0.282s] Invoking command in '/ros2/build/interfaces': CMAKE_PREFIX_PATH=/opt/ros/humble /usr/bin/cmake --install /ros2/build/interfaces
[0.288s] -- Install configuration: ""
[0.289s] -- Up-to-date: /ros2/install/interfaces/share/ament_index/resource_index/rosidl_interfaces/interfaces
[0.289s] -- Up-to-date: /ros2/install/interfaces/include/interfaces/interfaces
[0.289s] -- Up-to-date: /ros2/install/interfaces/include/interfaces/interfaces/msg
[0.289s] -- Up-to-date: /ros2/install/interfaces/include/interfaces/interfaces/msg/detail
[0.289s] -- Up-to-date: /ros2/install/interfaces/include/interfaces/interfaces/msg/detail/vehicle_status__functions.h
[0.289s] -- Up-to-date: /ros2/install/interfaces/include/interfaces/interfaces/msg/detail/vehicle_status__type_support.h
[0.289s] -- Up-to-date: /ros2/install/interfaces/include/interfaces/interfaces/msg/detail/vehicle_status__functions.c
[0.289s] -- Up-to-date: /ros2/install/interfaces/include/interfaces/interfaces/msg/detail/vehicle_status__struct.h
[0.289s] -- Up-to-date: /ros2/install/interfaces/include/interfaces/interfaces/msg/rosidl_generator_c__visibility_control.h
[0.289s] -- Up-to-date: /ros2/install/interfaces/include/interfaces/interfaces/msg/vehicle_status.h
[0.289s] -- Up-to-date: /ros2/install/interfaces/share/interfaces/environment/library_path.sh
[0.289s] -- Up-to-date: /ros2/install/interfaces/share/interfaces/environment/library_path.dsv
[0.290s] -- Up-to-date: /ros2/install/interfaces/lib/libinterfaces__rosidl_generator_c.so
[0.290s] -- Up-to-date: /ros2/install/interfaces/include/interfaces/interfaces
[0.290s] -- Up-to-date: /ros2/install/interfaces/include/interfaces/interfaces/msg
[0.290s] -- Up-to-date: /ros2/install/interfaces/include/interfaces/interfaces/msg/detail
[0.290s] -- Up-to-date: /ros2/install/interfaces/include/interfaces/interfaces/msg/detail/vehicle_status__rosidl_typesupport_fastrtps_c.h
[0.290s] -- Up-to-date: /ros2/install/interfaces/include/interfaces/interfaces/msg/rosidl_typesupport_fastrtps_c__visibility_control.h
[0.290s] -- Up-to-date: /ros2/install/interfaces/lib/libinterfaces__rosidl_typesupport_fastrtps_c.so
[0.290s] -- Up-to-date: /ros2/install/interfaces/include/interfaces/interfaces
[0.290s] -- Up-to-date: /ros2/install/interfaces/include/interfaces/interfaces/msg
[0.290s] -- Up-to-date: /ros2/install/interfaces/include/interfaces/interfaces/msg/detail
[0.290s] -- Up-to-date: /ros2/install/interfaces/include/interfaces/interfaces/msg/detail/vehicle_status__type_support.c
[0.290s] -- Up-to-date: /ros2/install/interfaces/include/interfaces/interfaces/msg/detail/vehicle_status__rosidl_typesupport_introspection_c.h
[0.290s] -- Up-to-date: /ros2/install/interfaces/include/interfaces/interfaces/msg/rosidl_typesupport_introspection_c__visibility_control.h
[0.290s] -- Up-to-date: /ros2/install/interfaces/lib/libinterfaces__rosidl_typesupport_introspection_c.so
[0.290s] -- Up-to-date: /ros2/install/interfaces/lib/libinterfaces__rosidl_typesupport_c.so
[0.290s] -- Up-to-date: /ros2/install/interfaces/include/interfaces/interfaces
[0.291s] -- Up-to-date: /ros2/install/interfaces/include/interfaces/interfaces/msg
[0.291s] -- Up-to-date: /ros2/install/interfaces/include/interfaces/interfaces/msg/detail
[0.291s] -- Up-to-date: /ros2/install/interfaces/include/interfaces/interfaces/msg/detail/vehicle_status__traits.hpp
[0.291s] -- Up-to-date: /ros2/install/interfaces/include/interfaces/interfaces/msg/detail/vehicle_status__type_support.hpp
[0.291s] -- Up-to-date: /ros2/install/interfaces/include/interfaces/interfaces/msg/detail/vehicle_status__builder.hpp
[0.291s] -- Up-to-date: /ros2/install/interfaces/include/interfaces/interfaces/msg/detail/vehicle_status__struct.hpp
[0.291s] -- Up-to-date: /ros2/install/interfaces/include/interfaces/interfaces/msg/rosidl_generator_cpp__visibility_control.hpp
[0.291s] -- Up-to-date: /ros2/install/interfaces/include/interfaces/interfaces/msg/vehicle_status.hpp
[0.291s] -- Up-to-date: /ros2/install/interfaces/include/interfaces/interfaces
[0.291s] -- Up-to-date: /ros2/install/interfaces/include/interfaces/interfaces/msg
[0.291s] -- Up-to-date: /ros2/install/interfaces/include/interfaces/interfaces/msg/rosidl_typesupport_fastrtps_cpp__visibility_control.h
[0.291s] -- Up-to-date: /ros2/install/interfaces/include/interfaces/interfaces/msg/detail
[0.291s] -- Up-to-date: /ros2/install/interfaces/include/interfaces/interfaces/msg/detail/dds_fastrtps
[0.291s] -- Up-to-date: /ros2/install/interfaces/include/interfaces/interfaces/msg/detail/vehicle_status__rosidl_typesupport_fastrtps_cpp.hpp
[0.291s] -- Up-to-date: /ros2/install/interfaces/lib/libinterfaces__rosidl_typesupport_fastrtps_cpp.so
[0.291s] -- Up-to-date: /ros2/install/interfaces/include/interfaces/interfaces
[0.291s] -- Up-to-date: /ros2/install/interfaces/include/interfaces/interfaces/msg
[0.292s] -- Up-to-date: /ros2/install/interfaces/include/interfaces/interfaces/msg/detail
[0.292s] -- Up-to-date: /ros2/install/interfaces/include/interfaces/interfaces/msg/detail/vehicle_status__rosidl_typesupport_introspection_cpp.hpp
[0.292s] -- Up-to-date: /ros2/install/interfaces/include/interfaces/interfaces/msg/detail/vehicle_status__type_support.cpp
[0.292s] -- Up-to-date: /ros2/install/interfaces/lib/libinterfaces__rosidl_typesupport_introspection_cpp.so
[0.292s] -- Up-to-date: /ros2/install/interfaces/lib/libinterfaces__rosidl_typesupport_cpp.so
[0.292s] -- Up-to-date: /ros2/install/interfaces/share/interfaces/environment/pythonpath.sh
[0.292s] -- Up-to-date: /ros2/install/interfaces/share/interfaces/environment/pythonpath.dsv
[0.292s] -- Up-to-date: /ros2/install/interfaces/local/lib/python3.10/dist-packages/interfaces-0.0.0-py3.10.egg-info
[0.292s] -- Installing: /ros2/install/interfaces/local/lib/python3.10/dist-packages/interfaces-0.0.0-py3.10.egg-info/PKG-INFO
[0.292s] -- Installing: /ros2/install/interfaces/local/lib/python3.10/dist-packages/interfaces-0.0.0-py3.10.egg-info/dependency_links.txt
[0.292s] -- Installing: /ros2/install/interfaces/local/lib/python3.10/dist-packages/interfaces-0.0.0-py3.10.egg-info/SOURCES.txt
[0.292s] -- Installing: /ros2/install/interfaces/local/lib/python3.10/dist-packages/interfaces-0.0.0-py3.10.egg-info/top_level.txt
[0.292s] -- Up-to-date: /ros2/install/interfaces/local/lib/python3.10/dist-packages/interfaces
[0.292s] -- Up-to-date: /ros2/install/interfaces/local/lib/python3.10/dist-packages/interfaces/interfaces_s__rosidl_typesupport_introspection_c.cpython-310-x86_64-linux-gnu.so
[0.292s] -- Up-to-date: /ros2/install/interfaces/local/lib/python3.10/dist-packages/interfaces/_interfaces_s.ep.rosidl_typesupport_introspection_c.c
[0.292s] -- Up-to-date: /ros2/install/interfaces/local/lib/python3.10/dist-packages/interfaces/__init__.py
[0.292s] -- Up-to-date: /ros2/install/interfaces/local/lib/python3.10/dist-packages/interfaces/msg
[0.292s] -- Up-to-date: /ros2/install/interfaces/local/lib/python3.10/dist-packages/interfaces/msg/_vehicle_status_s.c
[0.293s] -- Up-to-date: /ros2/install/interfaces/local/lib/python3.10/dist-packages/interfaces/msg/__init__.py
[0.293s] -- Up-to-date: /ros2/install/interfaces/local/lib/python3.10/dist-packages/interfaces/msg/_vehicle_status.py
[0.293s] -- Up-to-date: /ros2/install/interfaces/local/lib/python3.10/dist-packages/interfaces/interfaces_s__rosidl_typesupport_fastrtps_c.cpython-310-x86_64-linux-gnu.so
[0.293s] -- Up-to-date: /ros2/install/interfaces/local/lib/python3.10/dist-packages/interfaces/interfaces_s__rosidl_typesupport_c.cpython-310-x86_64-linux-gnu.so
[0.293s] -- Up-to-date: /ros2/install/interfaces/local/lib/python3.10/dist-packages/interfaces/_interfaces_s.ep.rosidl_typesupport_c.c
[0.293s] -- Up-to-date: /ros2/install/interfaces/local/lib/python3.10/dist-packages/interfaces/_interfaces_s.ep.rosidl_typesupport_fastrtps_c.c
[0.293s] -- Up-to-date: /ros2/install/interfaces/local/lib/python3.10/dist-packages/interfaces/libinterfaces__rosidl_generator_py.so
[0.320s] Listing '/ros2/install/interfaces/local/lib/python3.10/dist-packages/interfaces'...
[0.320s] Listing '/ros2/install/interfaces/local/lib/python3.10/dist-packages/interfaces/msg'...
[0.324s] -- Up-to-date: /ros2/install/interfaces/local/lib/python3.10/dist-packages/interfaces/interfaces_s__rosidl_typesupport_fastrtps_c.cpython-310-x86_64-linux-gnu.so
[0.324s] -- Up-to-date: /ros2/install/interfaces/local/lib/python3.10/dist-packages/interfaces/interfaces_s__rosidl_typesupport_introspection_c.cpython-310-x86_64-linux-gnu.so
[0.324s] -- Up-to-date: /ros2/install/interfaces/local/lib/python3.10/dist-packages/interfaces/interfaces_s__rosidl_typesupport_c.cpython-310-x86_64-linux-gnu.so
[0.325s] -- Up-to-date: /ros2/install/interfaces/lib/libinterfaces__rosidl_generator_py.so
[0.325s] -- Up-to-date: /ros2/install/interfaces/share/ament_index/resource_index/rust_packages/interfaces
[0.325s] -- Up-to-date: /ros2/install/interfaces/share/interfaces/rust
[0.325s] -- Up-to-date: /ros2/install/interfaces/share/interfaces/rust/Cargo.toml
[0.325s] -- Up-to-date: /ros2/install/interfaces/share/interfaces/rust/src
[0.325s] -- Up-to-date: /ros2/install/interfaces/share/interfaces/rust/src/lib.rs
[0.325s] -- Up-to-date: /ros2/install/interfaces/share/interfaces/rust/src/msg
[0.326s] -- Up-to-date: /ros2/install/interfaces/share/interfaces/rust/src/msg/rmw.rs
[0.326s] -- Up-to-date: /ros2/install/interfaces/share/interfaces/rust/src/msg.rs
[0.326s] -- Up-to-date: /ros2/install/interfaces/share/interfaces/rust/build.rs
[0.326s] -- Up-to-date: /ros2/install/interfaces/share/interfaces/msg/VehicleStatus.idl
[0.326s] -- Up-to-date: /ros2/install/interfaces/share/interfaces/msg/VehicleStatus.msg
[0.326s] -- Up-to-date: /ros2/install/interfaces/share/ament_index/resource_index/package_run_dependencies/interfaces
[0.326s] -- Up-to-date: /ros2/install/interfaces/share/ament_index/resource_index/parent_prefix_path/interfaces
[0.326s] -- Up-to-date: /ros2/install/interfaces/share/interfaces/environment/ament_prefix_path.sh
[0.326s] -- Up-to-date: /ros2/install/interfaces/share/interfaces/environment/ament_prefix_path.dsv
[0.326s] -- Up-to-date: /ros2/install/interfaces/share/interfaces/environment/path.sh
[0.326s] -- Up-to-date: /ros2/install/interfaces/share/interfaces/environment/path.dsv
[0.326s] -- Up-to-date: /ros2/install/interfaces/share/interfaces/local_setup.bash
[0.326s] -- Up-to-date: /ros2/install/interfaces/share/interfaces/local_setup.sh
[0.326s] -- Up-to-date: /ros2/install/interfaces/share/interfaces/local_setup.zsh
[0.326s] -- Up-to-date: /ros2/install/interfaces/share/interfaces/local_setup.dsv
[0.326s] -- Installing: /ros2/install/interfaces/share/interfaces/package.dsv
[0.326s] -- Up-to-date: /ros2/install/interfaces/share/ament_index/resource_index/packages/interfaces
[0.326s] -- Up-to-date: /ros2/install/interfaces/share/interfaces/cmake/export_interfaces__rosidl_generator_cExport.cmake
[0.327s] -- Up-to-date: /ros2/install/interfaces/share/interfaces/cmake/export_interfaces__rosidl_generator_cExport-noconfig.cmake
[0.327s] -- Up-to-date: /ros2/install/interfaces/share/interfaces/cmake/export_interfaces__rosidl_typesupport_fastrtps_cExport.cmake
[0.327s] -- Up-to-date: /ros2/install/interfaces/share/interfaces/cmake/export_interfaces__rosidl_typesupport_fastrtps_cExport-noconfig.cmake
[0.327s] -- Up-to-date: /ros2/install/interfaces/share/interfaces/cmake/interfaces__rosidl_typesupport_introspection_cExport.cmake
[0.327s] -- Up-to-date: /ros2/install/interfaces/share/interfaces/cmake/interfaces__rosidl_typesupport_introspection_cExport-noconfig.cmake
[0.327s] -- Up-to-date: /ros2/install/interfaces/share/interfaces/cmake/interfaces__rosidl_typesupport_cExport.cmake
[0.327s] -- Up-to-date: /ros2/install/interfaces/share/interfaces/cmake/interfaces__rosidl_typesupport_cExport-noconfig.cmake
[0.327s] -- Up-to-date: /ros2/install/interfaces/share/interfaces/cmake/export_interfaces__rosidl_generator_cppExport.cmake
[0.327s] -- Up-to-date: /ros2/install/interfaces/share/interfaces/cmake/export_interfaces__rosidl_typesupport_fastrtps_cppExport.cmake
[0.327s] -- Up-to-date: /ros2/install/interfaces/share/interfaces/cmake/export_interfaces__rosidl_typesupport_fastrtps_cppExport-noconfig.cmake
[0.327s] -- Up-to-date: /ros2/install/interfaces/share/interfaces/cmake/interfaces__rosidl_typesupport_introspection_cppExport.cmake
[0.327s] -- Up-to-date: /ros2/install/interfaces/share/interfaces/cmake/interfaces__rosidl_typesupport_introspection_cppExport-noconfig.cmake
[0.327s] -- Up-to-date: /ros2/install/interfaces/share/interfaces/cmake/interfaces__rosidl_typesupport_cppExport.cmake
[0.327s] -- Up-to-date: /ros2/install/interfaces/share/interfaces/cmake/interfaces__rosidl_typesupport_cppExport-noconfig.cmake
[0.327s] -- Up-to-date: /ros2/install/interfaces/share/interfaces/cmake/export_interfaces__rosidl_generator_pyExport.cmake
[0.327s] -- Up-to-date: /ros2/install/interfaces/share/interfaces/cmake/export_interfaces__rosidl_generator_pyExport-noconfig.cmake
[0.327s] -- Up-to-date: /ros2/install/interfaces/share/interfaces/cmake/rosidl_cmake-extras.cmake
[0.327s] -- Up-to-date: /ros2/install/interfaces/share/interfaces/cmake/ament_cmake_export_include_directories-extras.cmake
[0.327s] -- Up-to-date: /ros2/install/interfaces/share/interfaces/cmake/ament_cmake_export_libraries-extras.cmake
[0.328s] -- Up-to-date: /ros2/install/interfaces/share/interfaces/cmake/ament_cmake_export_targets-extras.cmake
[0.328s] -- Up-to-date: /ros2/install/interfaces/share/interfaces/cmake/rosidl_cmake_export_typesupport_targets-extras.cmake
[0.328s] -- Up-to-date: /ros2/install/interfaces/share/interfaces/cmake/ament_cmake_export_dependencies-extras.cmake
[0.328s] -- Up-to-date: /ros2/install/interfaces/share/interfaces/cmake/rosidl_cmake_export_typesupport_libraries-extras.cmake
[0.328s] -- Up-to-date: /ros2/install/interfaces/share/interfaces/cmake/interfacesConfig.cmake
[0.328s] -- Up-to-date: /ros2/install/interfaces/share/interfaces/cmake/interfacesConfig-version.cmake
[0.328s] -- Up-to-date: /ros2/install/interfaces/share/interfaces/package.xml
[0.329s] Invoked command in '/ros2/build/interfaces' returned '0': CMAKE_PREFIX_PATH=/opt/ros/humble /usr/bin/cmake --install /ros2/build/interfaces
