[0.445s] Invoking command in '/ros2/src/talker_listener_py': PYTHONPATH=/ros2/build/talker_listener_py/prefix_override:/usr/lib/python3/dist-packages/colcon_core/task/python/colcon_distutils_commands:/ros2/install/talker_listener_py/lib/python3.10/site-packages:${PYTHONPATH} /usr/bin/python3 -W ignore:setup.py install is deprecated -W ignore:easy_install command is deprecated setup.py egg_info --egg-base ../../build/talker_listener_py build --build-base /ros2/build/talker_listener_py/build install --record /ros2/build/talker_listener_py/install.log --single-version-externally-managed install_data
[0.603s] running egg_info
[0.603s] creating ../../build/talker_listener_py/talker_listener_py.egg-info
[0.603s] writing ../../build/talker_listener_py/talker_listener_py.egg-info/PKG-INFO
[0.604s] writing dependency_links to ../../build/talker_listener_py/talker_listener_py.egg-info/dependency_links.txt
[0.604s] writing entry points to ../../build/talker_listener_py/talker_listener_py.egg-info/entry_points.txt
[0.604s] writing requirements to ../../build/talker_listener_py/talker_listener_py.egg-info/requires.txt
[0.604s] writing top-level names to ../../build/talker_listener_py/talker_listener_py.egg-info/top_level.txt
[0.604s] writing manifest file '../../build/talker_listener_py/talker_listener_py.egg-info/SOURCES.txt'
[0.605s] reading manifest file '../../build/talker_listener_py/talker_listener_py.egg-info/SOURCES.txt'
[0.606s] writing manifest file '../../build/talker_listener_py/talker_listener_py.egg-info/SOURCES.txt'
[0.606s] running build
[0.606s] running build_py
[0.606s] creating /ros2/build/talker_listener_py/build
[0.606s] creating /ros2/build/talker_listener_py/build/lib
[0.606s] creating /ros2/build/talker_listener_py/build/lib/talker_listener_py
[0.606s] copying talker_listener_py/talker.py -> /ros2/build/talker_listener_py/build/lib/talker_listener_py
[0.606s] copying talker_listener_py/__init__.py -> /ros2/build/talker_listener_py/build/lib/talker_listener_py
[0.607s] copying talker_listener_py/listener.py -> /ros2/build/talker_listener_py/build/lib/talker_listener_py
[0.607s] running install
[0.607s] running install_lib
[0.607s] creating /ros2/install/talker_listener_py/lib/python3.10/site-packages/talker_listener_py
[0.607s] copying /ros2/build/talker_listener_py/build/lib/talker_listener_py/talker.py -> /ros2/install/talker_listener_py/lib/python3.10/site-packages/talker_listener_py
[0.607s] copying /ros2/build/talker_listener_py/build/lib/talker_listener_py/__init__.py -> /ros2/install/talker_listener_py/lib/python3.10/site-packages/talker_listener_py
[0.608s] copying /ros2/build/talker_listener_py/build/lib/talker_listener_py/listener.py -> /ros2/install/talker_listener_py/lib/python3.10/site-packages/talker_listener_py
[0.608s] byte-compiling /ros2/install/talker_listener_py/lib/python3.10/site-packages/talker_listener_py/talker.py to talker.cpython-310.pyc
[0.608s] byte-compiling /ros2/install/talker_listener_py/lib/python3.10/site-packages/talker_listener_py/__init__.py to __init__.cpython-310.pyc
[0.608s] byte-compiling /ros2/install/talker_listener_py/lib/python3.10/site-packages/talker_listener_py/listener.py to listener.cpython-310.pyc
[0.609s] running install_data
[0.609s] creating /ros2/install/talker_listener_py/share/ament_index
[0.609s] creating /ros2/install/talker_listener_py/share/ament_index/resource_index
[0.609s] creating /ros2/install/talker_listener_py/share/ament_index/resource_index/packages
[0.609s] copying resource/talker_listener_py -> /ros2/install/talker_listener_py/share/ament_index/resource_index/packages
[0.609s] copying package.xml -> /ros2/install/talker_listener_py/share/talker_listener_py
[0.609s] running install_egg_info
[0.611s] Copying ../../build/talker_listener_py/talker_listener_py.egg-info to /ros2/install/talker_listener_py/lib/python3.10/site-packages/talker_listener_py-0.0.0-py3.10.egg-info
[0.611s] running install_scripts
[0.629s] Installing listener script to /ros2/install/talker_listener_py/lib/talker_listener_py
[0.629s] Installing talker script to /ros2/install/talker_listener_py/lib/talker_listener_py
[0.629s] writing list of installed files to '/ros2/build/talker_listener_py/install.log'
[0.647s] Invoked command in '/ros2/src/talker_listener_py' returned '0': PYTHONPATH=/ros2/build/talker_listener_py/prefix_override:/usr/lib/python3/dist-packages/colcon_core/task/python/colcon_distutils_commands:/ros2/install/talker_listener_py/lib/python3.10/site-packages:${PYTHONPATH} /usr/bin/python3 -W ignore:setup.py install is deprecated -W ignore:easy_install command is deprecated setup.py egg_info --egg-base ../../build/talker_listener_py build --build-base /ros2/build/talker_listener_py/build install --record /ros2/build/talker_listener_py/install.log --single-version-externally-managed install_data
