[0.023s] Invoking command in '/ros2/build/imu': CMAKE_PREFIX_PATH=${CMAKE_PREFIX_PATH}:/ros2/install/imu_py:/ros2/install/vehicle_status_py:/ros2/install/talker_listener_py:/opt/ros/humble /usr/bin/cmake --build /ros2/build/imu -- -j12 -l12
[0.236s] [100%] Built target imu_subscriber
[0.236s] [100%] Built target imu_publisher
[0.427s] Invoked command in '/ros2/build/imu' returned '0': CMAKE_PREFIX_PATH=${CMAKE_PREFIX_PATH}:/ros2/install/imu_py:/ros2/install/vehicle_status_py:/ros2/install/talker_listener_py:/opt/ros/humble /usr/bin/cmake --build /ros2/build/imu -- -j12 -l12
[0.435s] Invoking command in '/ros2/build/imu': CMAKE_PREFIX_PATH=${CMAKE_PREFIX_PATH}:/ros2/install/imu_py:/ros2/install/vehicle_status_py:/ros2/install/talker_listener_py:/opt/ros/humble /usr/bin/cmake --install /ros2/build/imu
[0.443s] -- Install configuration: ""
[0.443s] -- Up-to-date: /ros2/install/imu/lib/imu/imu_publisher
[0.443s] -- Up-to-date: /ros2/install/imu/lib/imu/imu_subscriber
[0.444s] -- Up-to-date: /ros2/install/imu/share/ament_index/resource_index/package_run_dependencies/imu
[0.444s] -- Up-to-date: /ros2/install/imu/share/ament_index/resource_index/parent_prefix_path/imu
[0.444s] -- Up-to-date: /ros2/install/imu/share/imu/environment/ament_prefix_path.sh
[0.444s] -- Up-to-date: /ros2/install/imu/share/imu/environment/ament_prefix_path.dsv
[0.444s] -- Up-to-date: /ros2/install/imu/share/imu/environment/path.sh
[0.444s] -- Up-to-date: /ros2/install/imu/share/imu/environment/path.dsv
[0.444s] -- Up-to-date: /ros2/install/imu/share/imu/local_setup.bash
[0.444s] -- Up-to-date: /ros2/install/imu/share/imu/local_setup.sh
[0.445s] -- Up-to-date: /ros2/install/imu/share/imu/local_setup.zsh
[0.445s] -- Up-to-date: /ros2/install/imu/share/imu/local_setup.dsv
[0.445s] -- Installing: /ros2/install/imu/share/imu/package.dsv
[0.445s] -- Up-to-date: /ros2/install/imu/share/ament_index/resource_index/packages/imu
[0.445s] -- Up-to-date: /ros2/install/imu/share/imu/cmake/imuConfig.cmake
[0.445s] -- Up-to-date: /ros2/install/imu/share/imu/cmake/imuConfig-version.cmake
[0.445s] -- Up-to-date: /ros2/install/imu/share/imu/package.xml
[0.451s] Invoked command in '/ros2/build/imu' returned '0': CMAKE_PREFIX_PATH=${CMAKE_PREFIX_PATH}:/ros2/install/imu_py:/ros2/install/vehicle_status_py:/ros2/install/talker_listener_py:/opt/ros/humble /usr/bin/cmake --install /ros2/build/imu
