[0.008s] Invoking command in '/ros2/build/talker_listener': CMAKE_PREFIX_PATH=/opt/ros/humble /usr/bin/cmake /ros2/src/talker_listener -DCMAKE_INSTALL_PREFIX=/ros2/install/talker_listener
[0.055s] -- The C compiler identification is GNU 11.4.0
[0.101s] -- The CXX compiler identification is GNU 11.4.0
[0.108s] -- Detecting C compiler ABI info
[0.169s] -- Detecting C compiler ABI info - done
[0.176s] -- Check for working C compiler: /usr/bin/cc - skipped
[0.176s] -- Detecting C compile features
[0.177s] -- Detecting C compile features - done
[0.179s] -- Detecting CXX compiler ABI info
[0.247s] -- Detecting CXX compiler ABI info - done
[0.255s] -- Check for working CXX compiler: /usr/bin/c++ - skipped
[0.255s] -- Detecting CXX compile features
[0.256s] -- Detecting CXX compile features - done
[0.258s] -- Found ament_cmake: 1.3.14 (/opt/ros/humble/share/ament_cmake/cmake)
[0.369s] -- Found Python3: /usr/bin/python3 (found version "3.10.12") found components: Interpreter 
[0.447s] -- Found rclcpp: 16.0.19 (/opt/ros/humble/share/rclcpp/cmake)
[0.476s] -- Found rosidl_generator_c: 3.1.8 (/opt/ros/humble/share/rosidl_generator_c/cmake)
[0.480s] -- Found rosidl_adapter: 3.1.8 (/opt/ros/humble/share/rosidl_adapter/cmake)
[0.487s] -- Found rosidl_generator_cpp: 3.1.8 (/opt/ros/humble/share/rosidl_generator_cpp/cmake)
[0.497s] -- Using all available rosidl_typesupport_c: rosidl_typesupport_fastrtps_c;rosidl_typesupport_introspection_c
[0.512s] -- Using all available rosidl_typesupport_cpp: rosidl_typesupport_fastrtps_cpp;rosidl_typesupport_introspection_cpp
[0.548s] -- Found rmw_implementation_cmake: 6.1.2 (/opt/ros/humble/share/rmw_implementation_cmake/cmake)
[0.550s] -- Found rmw_fastrtps_cpp: 6.2.10 (/opt/ros/humble/share/rmw_fastrtps_cpp/cmake)
[0.617s] -- Found OpenSSL: /usr/lib/x86_64-linux-gnu/libcrypto.so (found version "3.0.2")  
[0.630s] -- Found FastRTPS: /opt/ros/humble/include  
[0.653s] -- Using RMW implementation 'rmw_fastrtps_cpp' as default
[0.659s] -- Looking for pthread.h
[0.721s] -- Looking for pthread.h - found
[0.721s] -- Performing Test CMAKE_HAVE_LIBC_PTHREAD
[0.796s] -- Performing Test CMAKE_HAVE_LIBC_PTHREAD - Success
[0.797s] -- Found Threads: TRUE  
[0.851s] -- Found ament_lint_auto: 0.12.15 (/opt/ros/humble/share/ament_lint_auto/cmake)
[0.916s] -- Added test 'cppcheck' to perform static code analysis on C / C++ code
[0.916s] -- Configured cppcheck include dirs: 
[0.917s] -- Configured cppcheck exclude dirs and/or files: 
[0.917s] -- Added test 'lint_cmake' to check CMake code style
[0.918s] -- Added test 'uncrustify' to check C / C++ code style
[0.918s] -- Configured uncrustify additional arguments: 
[0.918s] -- Added test 'xmllint' to check XML markup files
[0.920s] -- Configuring done
[0.929s] -- Generating done
[0.932s] -- Build files have been written to: /ros2/build/talker_listener
[0.938s] Invoked command in '/ros2/build/talker_listener' returned '0': CMAKE_PREFIX_PATH=/opt/ros/humble /usr/bin/cmake /ros2/src/talker_listener -DCMAKE_INSTALL_PREFIX=/ros2/install/talker_listener
[0.940s] Invoking command in '/ros2/build/talker_listener': CMAKE_PREFIX_PATH=/opt/ros/humble /usr/bin/cmake --build /ros2/build/talker_listener -- -j12 -l12
[0.971s] [35m[1mConsolidate compiler generated dependencies of target talker[0m
[0.990s] [ 50%] [32mBuilding CXX object CMakeFiles/talker.dir/src/talker.cpp.o[0m
[4.615s] [100%] [32m[1mLinking CXX executable talker[0m
[4.781s] [100%] Built target talker
[4.793s] Invoked command in '/ros2/build/talker_listener' returned '0': CMAKE_PREFIX_PATH=/opt/ros/humble /usr/bin/cmake --build /ros2/build/talker_listener -- -j12 -l12
[4.804s] Invoking command in '/ros2/build/talker_listener': CMAKE_PREFIX_PATH=/opt/ros/humble /usr/bin/cmake --install /ros2/build/talker_listener
[4.812s] -- Install configuration: ""
[4.813s] -- Installing: /ros2/install/talker_listener/lib/talker_listener/talker
[4.814s] -- Set runtime path of "/ros2/install/talker_listener/lib/talker_listener/talker" to ""
[4.814s] -- Up-to-date: /ros2/install/talker_listener/share/ament_index/resource_index/package_run_dependencies/talker_listener
[4.814s] -- Up-to-date: /ros2/install/talker_listener/share/ament_index/resource_index/parent_prefix_path/talker_listener
[4.814s] -- Up-to-date: /ros2/install/talker_listener/share/talker_listener/environment/ament_prefix_path.sh
[4.814s] -- Installing: /ros2/install/talker_listener/share/talker_listener/environment/ament_prefix_path.dsv
[4.815s] -- Up-to-date: /ros2/install/talker_listener/share/talker_listener/environment/path.sh
[4.815s] -- Installing: /ros2/install/talker_listener/share/talker_listener/environment/path.dsv
[4.815s] -- Up-to-date: /ros2/install/talker_listener/share/talker_listener/local_setup.bash
[4.815s] -- Installing: /ros2/install/talker_listener/share/talker_listener/local_setup.sh
[4.815s] -- Up-to-date: /ros2/install/talker_listener/share/talker_listener/local_setup.zsh
[4.815s] -- Installing: /ros2/install/talker_listener/share/talker_listener/local_setup.dsv
[4.815s] -- Installing: /ros2/install/talker_listener/share/talker_listener/package.dsv
[4.815s] -- Up-to-date: /ros2/install/talker_listener/share/ament_index/resource_index/packages/talker_listener
[4.815s] -- Up-to-date: /ros2/install/talker_listener/share/talker_listener/cmake/talker_listenerConfig.cmake
[4.815s] -- Up-to-date: /ros2/install/talker_listener/share/talker_listener/cmake/talker_listenerConfig-version.cmake
[4.815s] -- Up-to-date: /ros2/install/talker_listener/share/talker_listener/package.xml
[4.818s] Invoked command in '/ros2/build/talker_listener' returned '0': CMAKE_PREFIX_PATH=/opt/ros/humble /usr/bin/cmake --install /ros2/build/talker_listener
