[0.030s] Invoking command in '/home/will/Will/RANCS/RANCS-introduction/ros2/build/imu': CMAKE_PREFIX_PATH=/opt/ros/humble DEBUGINFOD_URLS=https://debuginfod.archlinux.org PS1=[\u@\h \W]\$ /usr/bin/cmake --build /home/will/Will/RANCS/RANCS-introduction/ros2/build/imu -- -j12 -l12
[0.328s] [35m[1mConsolidate compiler generated dependencies of target imu_publisher[0m
[0.328s] [35m[1mConsolidate compiler generated dependencies of target imu_subscriber[0m
[0.328s] [ 50%] Built target imu_publisher
[0.328s] [100%] Built target imu_subscriber
[0.587s] Invoked command in '/home/will/Will/RANCS/RANCS-introduction/ros2/build/imu' returned '0': CMAKE_PREFIX_PATH=/opt/ros/humble DEBUGINFOD_URLS=https://debuginfod.archlinux.org PS1=[\u@\h \W]\$ /usr/bin/cmake --build /home/will/Will/RANCS/RANCS-introduction/ros2/build/imu -- -j12 -l12
[0.596s] Invoking command in '/home/will/Will/RANCS/RANCS-introduction/ros2/build/imu': CMAKE_PREFIX_PATH=/opt/ros/humble DEBUGINFOD_URLS=https://debuginfod.archlinux.org PS1=[\u@\h \W]\$ /usr/bin/cmake --install /home/will/Will/RANCS/RANCS-introduction/ros2/build/imu
[0.607s] -- Install configuration: ""
[0.607s] -- Up-to-date: /home/will/Will/RANCS/RANCS-introduction/ros2/install/imu/lib/imu/imu_publisher
[0.607s] -- Up-to-date: /home/will/Will/RANCS/RANCS-introduction/ros2/install/imu/lib/imu/imu_subscriber
[0.608s] -- Up-to-date: /home/will/Will/RANCS/RANCS-introduction/ros2/install/imu/share/ament_index/resource_index/package_run_dependencies/imu
[0.608s] -- Up-to-date: /home/will/Will/RANCS/RANCS-introduction/ros2/install/imu/share/ament_index/resource_index/parent_prefix_path/imu
[0.608s] -- Up-to-date: /home/will/Will/RANCS/RANCS-introduction/ros2/install/imu/share/imu/environment/ament_prefix_path.sh
[0.609s] -- Up-to-date: /home/will/Will/RANCS/RANCS-introduction/ros2/install/imu/share/imu/environment/ament_prefix_path.dsv
[0.609s] -- Up-to-date: /home/will/Will/RANCS/RANCS-introduction/ros2/install/imu/share/imu/environment/path.sh
[0.609s] -- Up-to-date: /home/will/Will/RANCS/RANCS-introduction/ros2/install/imu/share/imu/environment/path.dsv
[0.609s] -- Up-to-date: /home/will/Will/RANCS/RANCS-introduction/ros2/install/imu/share/imu/local_setup.bash
[0.609s] -- Up-to-date: /home/will/Will/RANCS/RANCS-introduction/ros2/install/imu/share/imu/local_setup.sh
[0.609s] -- Up-to-date: /home/will/Will/RANCS/RANCS-introduction/ros2/install/imu/share/imu/local_setup.zsh
[0.609s] -- Up-to-date: /home/will/Will/RANCS/RANCS-introduction/ros2/install/imu/share/imu/local_setup.dsv
[0.609s] -- Installing: /home/will/Will/RANCS/RANCS-introduction/ros2/install/imu/share/imu/package.dsv
[0.610s] -- Up-to-date: /home/will/Will/RANCS/RANCS-introduction/ros2/install/imu/share/ament_index/resource_index/packages/imu
[0.610s] -- Up-to-date: /home/will/Will/RANCS/RANCS-introduction/ros2/install/imu/share/imu/cmake/imuConfig.cmake
[0.610s] -- Up-to-date: /home/will/Will/RANCS/RANCS-introduction/ros2/install/imu/share/imu/cmake/imuConfig-version.cmake
[0.611s] -- Up-to-date: /home/will/Will/RANCS/RANCS-introduction/ros2/install/imu/share/imu/package.xml
[0.623s] Invoked command in '/home/will/Will/RANCS/RANCS-introduction/ros2/build/imu' returned '0': CMAKE_PREFIX_PATH=/opt/ros/humble DEBUGINFOD_URLS=https://debuginfod.archlinux.org PS1=[\u@\h \W]\$ /usr/bin/cmake --install /home/will/Will/RANCS/RANCS-introduction/ros2/build/imu
