[0.000000] (-) TimerEvent: {}
[0.000121] (talker_listener) JobQueued: {'identifier': 'talker_listener', 'dependencies': OrderedDict()}
[0.000148] (talker_listener) JobStarted: {'identifier': 'talker_listener'}
[0.008304] (talker_listener) JobProgress: {'identifier': 'talker_listener', 'progress': 'cmake'}
[0.009043] (talker_listener) Command: {'cmd': ['/usr/bin/cmake', '/home/will/Will/RANCS/RANCS-introduction/ros2/src/talker_listener', '-DCMAKE_INSTALL_PREFIX=/home/will/Will/RANCS/RANCS-introduction/ros2/install/talker_listener'], 'cwd': '/home/will/Will/RANCS/RANCS-introduction/ros2/build/talker_listener', 'env': OrderedDict([('MAIL', '/var/spool/mail/will'), ('HYPRLAND_CMD', 'Hyprland --watchdog-fd 4'), ('USER', 'will'), ('HYPRLAND_INSTANCE_SIGNATURE', '521ece463c4a9d3d128670688a34756805a4328f_1779540798_1184533170'), ('STARSHIP_SHELL', 'bash'), ('HOSTNAME', 'archlinux'), ('XDG_SESSION_TYPE', 'wayland'), ('XCURSOR_SIZE', '24'), ('XDG_CACHE_HOME', '/home/will/.cache'), ('SHLVL', '4'), ('LD_LIBRARY_PATH', '/opt/ros/humble/lib/x86_64-linux-gnu:/opt/ros/humble/lib'), ('MOTD_SHOWN', 'pam'), ('HOME', '/home/will'), ('TERMINFO', '/usr/lib/kitty/terminfo'), ('MOZ_ENABLE_WAYLAND', '1'), ('OLDPWD', '/home/will/Will/RANCS/RANCS-introduction/ros2'), ('DESKTOP_SESSION', 'hyprland'), ('NVM_BIN', '/home/will/.nvm/versions/node/v24.14.0/bin'), ('KITTY_INSTALLATION_DIR', '/usr/lib/kitty'), ('NVM_INC', '/home/will/.nvm/versions/node/v24.14.0/include/node'), ('ROS_PYTHON_VERSION', '3'), ('PS1', '[\\u@\\h \\W]\\$'), ('KITTY_PID', '1049296'), ('DISTROBOX_ENTER_PATH', '/usr/bin/distrobox-enter'), ('XDG_STATE_HOME', '/home/will/.local/state'), ('DBUS_SESSION_BUS_ADDRESS', 'unix:path=/run/user/1000/bus'), ('COLORTERM', 'truecolor'), ('container', 'docker'), ('NVM_DIR', '/home/will/.nvm'), ('DEBUGINFOD_URLS', 'https://debuginfod.archlinux.org'), ('WAYLAND_DISPLAY', 'wayland-1'), ('ROS_DISTRO', 'humble'), ('GTK_IM_MODULE', 'fcitx'), ('LOGNAME', 'will'), ('_', '/usr/bin/colcon'), ('ROS_VERSION', '2'), ('TERMINFO_DIRS', '/usr/share/terminfo:/run/host/usr/share/terminfo'), ('TERM', 'xterm-kitty'), ('XDG_SESSION_ID', '3'), ('ROS_LOCALHOST_ONLY', '0'), ('HL_INITIAL_WORKSPACE_TOKEN', '8fd082a6-51bf-4ab7-9242-81711322afb1'), ('PATH', '/opt/ros/humble/bin:/home/will/.local/bin:/home/will/.opencode/bin:/home/will/.local/bin:/home/will/.opencode/bin:/home/will/.nvm/versions/node/v24.14.0/bin:/usr/local/bin:/usr/bin:/var/lib/flatpak/exports/bin:/usr/lib/jvm/default/bin:/usr/bin/site_perl:/usr/bin/vendor_perl:/usr/bin/core_perl:/usr/local/sbin:/usr/sbin:/usr/local/bin:/usr/bin:/sbin:/bin:/usr/local/sbin:/usr/sbin:/sbin:/bin'), ('XDG_RUNTIME_DIR', '/run/user/1000'), ('DISPLAY', ':0'), ('HYPRCURSOR_SIZE', '24'), ('LANG', 'en_US.UTF-8'), ('XDG_CURRENT_DESKTOP', 'Hyprland'), ('XDG_DATA_HOME', '/home/will/.local/share'), ('XDG_CONFIG_HOME', '/home/will/.config'), ('XMODIFIERS', '@im=fcitx'), ('XDG_SESSION_DESKTOP', 'Hyprland'), ('AMENT_PREFIX_PATH', '/opt/ros/humble'), ('SHELL', '/usr/bin/bash'), ('KITTY_WINDOW_ID', '1'), ('QT_IM_MODULE', 'fcitx'), ('PWD', '/home/will/Will/RANCS/RANCS-introduction/ros2/build/talker_listener'), ('CONTAINER_ID', 'ros2'), ('LC_ALL', 'C.UTF-8'), ('XDG_CONFIG_DIRS', '/etc/xdg'), ('XDG_BACKEND', 'wayland'), ('NVM_CD_FLAGS', ''), ('XDG_DATA_DIRS', '/home/will/.local/share/flatpak/exports/share:/var/lib/flatpak/exports/share:/usr/local/share:/usr/share'), ('STARSHIP_SESSION_KEY', '3062721191839391'), ('PYTHONPATH', '/opt/ros/humble/lib/python3.10/site-packages:/opt/ros/humble/local/lib/python3.10/dist-packages'), ('COLCON', '1'), ('CMAKE_PREFIX_PATH', '/opt/ros/humble')]), 'shell': False}
[0.024366] (talker_listener) StdoutLine: {'line': b'-- Found ament_cmake: 1.3.14 (/opt/ros/humble/share/ament_cmake/cmake)\n'}
[0.099397] (-) TimerEvent: {}
[0.147647] (talker_listener) StdoutLine: {'line': b'-- Found Python3: /usr/bin/python3 (found version "3.10.12") found components: Interpreter \n'}
[0.199507] (-) TimerEvent: {}
[0.227699] (talker_listener) StdoutLine: {'line': b'-- Found rclcpp: 16.0.19 (/opt/ros/humble/share/rclcpp/cmake)\n'}
[0.260632] (talker_listener) StdoutLine: {'line': b'-- Found rosidl_generator_c: 3.1.8 (/opt/ros/humble/share/rosidl_generator_c/cmake)\n'}
[0.264466] (talker_listener) StdoutLine: {'line': b'-- Found rosidl_adapter: 3.1.8 (/opt/ros/humble/share/rosidl_adapter/cmake)\n'}
[0.272070] (talker_listener) StdoutLine: {'line': b'-- Found rosidl_generator_cpp: 3.1.8 (/opt/ros/humble/share/rosidl_generator_cpp/cmake)\n'}
[0.283040] (talker_listener) StdoutLine: {'line': b'-- Using all available rosidl_typesupport_c: rosidl_typesupport_fastrtps_c;rosidl_typesupport_introspection_c\n'}
[0.298557] (talker_listener) StdoutLine: {'line': b'-- Using all available rosidl_typesupport_cpp: rosidl_typesupport_fastrtps_cpp;rosidl_typesupport_introspection_cpp\n'}
[0.299604] (-) TimerEvent: {}
[0.338300] (talker_listener) StdoutLine: {'line': b'-- Found rmw_implementation_cmake: 6.1.2 (/opt/ros/humble/share/rmw_implementation_cmake/cmake)\n'}
[0.340506] (talker_listener) StdoutLine: {'line': b'-- Found rmw_fastrtps_cpp: 6.2.10 (/opt/ros/humble/share/rmw_fastrtps_cpp/cmake)\n'}
[0.399745] (-) TimerEvent: {}
[0.409031] (talker_listener) StdoutLine: {'line': b'-- Found OpenSSL: /usr/lib/x86_64-linux-gnu/libcrypto.so (found version "3.0.2")  \n'}
[0.426476] (talker_listener) StdoutLine: {'line': b'-- Found FastRTPS: /opt/ros/humble/include  \n'}
[0.452656] (talker_listener) StdoutLine: {'line': b"-- Using RMW implementation 'rmw_fastrtps_cpp' as default\n"}
[0.460457] (talker_listener) StdoutLine: {'line': b'-- Looking for pthread.h\n'}
[0.499869] (-) TimerEvent: {}
[0.528893] (talker_listener) StdoutLine: {'line': b'-- Looking for pthread.h - found\n'}
[0.529071] (talker_listener) StdoutLine: {'line': b'-- Performing Test CMAKE_HAVE_LIBC_PTHREAD\n'}
[0.599537] (talker_listener) StdoutLine: {'line': b'-- Performing Test CMAKE_HAVE_LIBC_PTHREAD - Success\n'}
[0.599955] (-) TimerEvent: {}
[0.600682] (talker_listener) StdoutLine: {'line': b'-- Found Threads: TRUE  \n'}
[0.655512] (talker_listener) StdoutLine: {'line': b'-- Found ament_lint_auto: 0.12.15 (/opt/ros/humble/share/ament_lint_auto/cmake)\n'}
[0.700083] (-) TimerEvent: {}
[0.738187] (talker_listener) StdoutLine: {'line': b"-- Added test 'cppcheck' to perform static code analysis on C / C++ code\n"}
[0.738388] (talker_listener) StdoutLine: {'line': b'-- Configured cppcheck include dirs: \n'}
[0.738448] (talker_listener) StdoutLine: {'line': b'-- Configured cppcheck exclude dirs and/or files: \n'}
[0.739051] (talker_listener) StdoutLine: {'line': b"-- Added test 'lint_cmake' to check CMake code style\n"}
[0.740222] (talker_listener) StdoutLine: {'line': b"-- Added test 'uncrustify' to check C / C++ code style\n"}
[0.740382] (talker_listener) StdoutLine: {'line': b'-- Configured uncrustify additional arguments: \n'}
[0.740752] (talker_listener) StdoutLine: {'line': b"-- Added test 'xmllint' to check XML markup files\n"}
[0.742180] (talker_listener) StdoutLine: {'line': b'-- Configuring done\n'}
[0.751583] (talker_listener) StdoutLine: {'line': b'-- Generating done\n'}
[0.755451] (talker_listener) StdoutLine: {'line': b'-- Build files have been written to: /home/will/Will/RANCS/RANCS-introduction/ros2/build/talker_listener\n'}
[0.763102] (talker_listener) CommandEnded: {'returncode': 0}
[0.763709] (talker_listener) JobProgress: {'identifier': 'talker_listener', 'progress': 'build'}
[0.764893] (talker_listener) Command: {'cmd': ['/usr/bin/cmake', '--build', '/home/will/Will/RANCS/RANCS-introduction/ros2/build/talker_listener', '--', '-j12', '-l12'], 'cwd': '/home/will/Will/RANCS/RANCS-introduction/ros2/build/talker_listener', 'env': OrderedDict([('MAIL', '/var/spool/mail/will'), ('HYPRLAND_CMD', 'Hyprland --watchdog-fd 4'), ('USER', 'will'), ('HYPRLAND_INSTANCE_SIGNATURE', '521ece463c4a9d3d128670688a34756805a4328f_1779540798_1184533170'), ('STARSHIP_SHELL', 'bash'), ('HOSTNAME', 'archlinux'), ('XDG_SESSION_TYPE', 'wayland'), ('XCURSOR_SIZE', '24'), ('XDG_CACHE_HOME', '/home/will/.cache'), ('SHLVL', '4'), ('LD_LIBRARY_PATH', '/opt/ros/humble/lib/x86_64-linux-gnu:/opt/ros/humble/lib'), ('MOTD_SHOWN', 'pam'), ('HOME', '/home/will'), ('TERMINFO', '/usr/lib/kitty/terminfo'), ('MOZ_ENABLE_WAYLAND', '1'), ('OLDPWD', '/home/will/Will/RANCS/RANCS-introduction/ros2'), ('DESKTOP_SESSION', 'hyprland'), ('NVM_BIN', '/home/will/.nvm/versions/node/v24.14.0/bin'), ('KITTY_INSTALLATION_DIR', '/usr/lib/kitty'), ('NVM_INC', '/home/will/.nvm/versions/node/v24.14.0/include/node'), ('ROS_PYTHON_VERSION', '3'), ('PS1', '[\\u@\\h \\W]\\$'), ('KITTY_PID', '1049296'), ('DISTROBOX_ENTER_PATH', '/usr/bin/distrobox-enter'), ('XDG_STATE_HOME', '/home/will/.local/state'), ('DBUS_SESSION_BUS_ADDRESS', 'unix:path=/run/user/1000/bus'), ('COLORTERM', 'truecolor'), ('container', 'docker'), ('NVM_DIR', '/home/will/.nvm'), ('DEBUGINFOD_URLS', 'https://debuginfod.archlinux.org'), ('WAYLAND_DISPLAY', 'wayland-1'), ('ROS_DISTRO', 'humble'), ('GTK_IM_MODULE', 'fcitx'), ('LOGNAME', 'will'), ('_', '/usr/bin/colcon'), ('ROS_VERSION', '2'), ('TERMINFO_DIRS', '/usr/share/terminfo:/run/host/usr/share/terminfo'), ('TERM', 'xterm-kitty'), ('XDG_SESSION_ID', '3'), ('ROS_LOCALHOST_ONLY', '0'), ('HL_INITIAL_WORKSPACE_TOKEN', '8fd082a6-51bf-4ab7-9242-81711322afb1'), ('PATH', '/opt/ros/humble/bin:/home/will/.local/bin:/home/will/.opencode/bin:/home/will/.local/bin:/home/will/.opencode/bin:/home/will/.nvm/versions/node/v24.14.0/bin:/usr/local/bin:/usr/bin:/var/lib/flatpak/exports/bin:/usr/lib/jvm/default/bin:/usr/bin/site_perl:/usr/bin/vendor_perl:/usr/bin/core_perl:/usr/local/sbin:/usr/sbin:/usr/local/bin:/usr/bin:/sbin:/bin:/usr/local/sbin:/usr/sbin:/sbin:/bin'), ('XDG_RUNTIME_DIR', '/run/user/1000'), ('DISPLAY', ':0'), ('HYPRCURSOR_SIZE', '24'), ('LANG', 'en_US.UTF-8'), ('XDG_CURRENT_DESKTOP', 'Hyprland'), ('XDG_DATA_HOME', '/home/will/.local/share'), ('XDG_CONFIG_HOME', '/home/will/.config'), ('XMODIFIERS', '@im=fcitx'), ('XDG_SESSION_DESKTOP', 'Hyprland'), ('AMENT_PREFIX_PATH', '/opt/ros/humble'), ('SHELL', '/usr/bin/bash'), ('KITTY_WINDOW_ID', '1'), ('QT_IM_MODULE', 'fcitx'), ('PWD', '/home/will/Will/RANCS/RANCS-introduction/ros2/build/talker_listener'), ('CONTAINER_ID', 'ros2'), ('LC_ALL', 'C.UTF-8'), ('XDG_CONFIG_DIRS', '/etc/xdg'), ('XDG_BACKEND', 'wayland'), ('NVM_CD_FLAGS', ''), ('XDG_DATA_DIRS', '/home/will/.local/share/flatpak/exports/share:/var/lib/flatpak/exports/share:/usr/local/share:/usr/share'), ('STARSHIP_SESSION_KEY', '3062721191839391'), ('PYTHONPATH', '/opt/ros/humble/lib/python3.10/site-packages:/opt/ros/humble/local/lib/python3.10/dist-packages'), ('COLCON', '1'), ('CMAKE_PREFIX_PATH', '/opt/ros/humble')]), 'shell': False}
[0.800210] (-) TimerEvent: {}
[0.811368] (talker_listener) StdoutLine: {'line': b'[ 50%] \x1b[32mBuilding CXX object CMakeFiles/talker.dir/src/talker.cpp.o\x1b[0m\n'}
[0.900303] (-) TimerEvent: {}
[1.000559] (-) TimerEvent: {}
[1.100818] (-) TimerEvent: {}
[1.201140] (-) TimerEvent: {}
[1.301415] (-) TimerEvent: {}
[1.401715] (-) TimerEvent: {}
[1.502237] (-) TimerEvent: {}
[1.602544] (-) TimerEvent: {}
[1.702965] (-) TimerEvent: {}
[1.803563] (-) TimerEvent: {}
[1.903949] (-) TimerEvent: {}
[2.004289] (-) TimerEvent: {}
[2.104588] (-) TimerEvent: {}
[2.204892] (-) TimerEvent: {}
[2.305181] (-) TimerEvent: {}
[2.405504] (-) TimerEvent: {}
[2.505845] (-) TimerEvent: {}
[2.606211] (-) TimerEvent: {}
[2.706650] (-) TimerEvent: {}
[2.807347] (-) TimerEvent: {}
[2.907662] (-) TimerEvent: {}
[3.007968] (-) TimerEvent: {}
[3.108395] (-) TimerEvent: {}
[3.209067] (-) TimerEvent: {}
[3.309553] (-) TimerEvent: {}
[3.409845] (-) TimerEvent: {}
[3.510141] (-) TimerEvent: {}
[3.610438] (-) TimerEvent: {}
[3.710726] (-) TimerEvent: {}
[3.810994] (-) TimerEvent: {}
[3.911298] (-) TimerEvent: {}
[4.011581] (-) TimerEvent: {}
[4.111847] (-) TimerEvent: {}
[4.212126] (-) TimerEvent: {}
[4.312394] (-) TimerEvent: {}
[4.412663] (-) TimerEvent: {}
[4.512968] (-) TimerEvent: {}
[4.600741] (talker_listener) StdoutLine: {'line': b'[100%] \x1b[32m\x1b[1mLinking CXX executable talker\x1b[0m\n'}
[4.613093] (-) TimerEvent: {}
[4.713371] (-) TimerEvent: {}
[4.803633] (talker_listener) StdoutLine: {'line': b'[100%] Built target talker\n'}
[4.813472] (-) TimerEvent: {}
[4.814711] (talker_listener) CommandEnded: {'returncode': 0}
[4.815523] (talker_listener) JobProgress: {'identifier': 'talker_listener', 'progress': 'install'}
[4.824593] (talker_listener) Command: {'cmd': ['/usr/bin/cmake', '--install', '/home/will/Will/RANCS/RANCS-introduction/ros2/build/talker_listener'], 'cwd': '/home/will/Will/RANCS/RANCS-introduction/ros2/build/talker_listener', 'env': OrderedDict([('MAIL', '/var/spool/mail/will'), ('HYPRLAND_CMD', 'Hyprland --watchdog-fd 4'), ('USER', 'will'), ('HYPRLAND_INSTANCE_SIGNATURE', '521ece463c4a9d3d128670688a34756805a4328f_1779540798_1184533170'), ('STARSHIP_SHELL', 'bash'), ('HOSTNAME', 'archlinux'), ('XDG_SESSION_TYPE', 'wayland'), ('XCURSOR_SIZE', '24'), ('XDG_CACHE_HOME', '/home/will/.cache'), ('SHLVL', '4'), ('LD_LIBRARY_PATH', '/opt/ros/humble/lib/x86_64-linux-gnu:/opt/ros/humble/lib'), ('MOTD_SHOWN', 'pam'), ('HOME', '/home/will'), ('TERMINFO', '/usr/lib/kitty/terminfo'), ('MOZ_ENABLE_WAYLAND', '1'), ('OLDPWD', '/home/will/Will/RANCS/RANCS-introduction/ros2'), ('DESKTOP_SESSION', 'hyprland'), ('NVM_BIN', '/home/will/.nvm/versions/node/v24.14.0/bin'), ('KITTY_INSTALLATION_DIR', '/usr/lib/kitty'), ('NVM_INC', '/home/will/.nvm/versions/node/v24.14.0/include/node'), ('ROS_PYTHON_VERSION', '3'), ('PS1', '[\\u@\\h \\W]\\$'), ('KITTY_PID', '1049296'), ('DISTROBOX_ENTER_PATH', '/usr/bin/distrobox-enter'), ('XDG_STATE_HOME', '/home/will/.local/state'), ('DBUS_SESSION_BUS_ADDRESS', 'unix:path=/run/user/1000/bus'), ('COLORTERM', 'truecolor'), ('container', 'docker'), ('NVM_DIR', '/home/will/.nvm'), ('DEBUGINFOD_URLS', 'https://debuginfod.archlinux.org'), ('WAYLAND_DISPLAY', 'wayland-1'), ('ROS_DISTRO', 'humble'), ('GTK_IM_MODULE', 'fcitx'), ('LOGNAME', 'will'), ('_', '/usr/bin/colcon'), ('ROS_VERSION', '2'), ('TERMINFO_DIRS', '/usr/share/terminfo:/run/host/usr/share/terminfo'), ('TERM', 'xterm-kitty'), ('XDG_SESSION_ID', '3'), ('ROS_LOCALHOST_ONLY', '0'), ('HL_INITIAL_WORKSPACE_TOKEN', '8fd082a6-51bf-4ab7-9242-81711322afb1'), ('PATH', '/opt/ros/humble/bin:/home/will/.local/bin:/home/will/.opencode/bin:/home/will/.local/bin:/home/will/.opencode/bin:/home/will/.nvm/versions/node/v24.14.0/bin:/usr/local/bin:/usr/bin:/var/lib/flatpak/exports/bin:/usr/lib/jvm/default/bin:/usr/bin/site_perl:/usr/bin/vendor_perl:/usr/bin/core_perl:/usr/local/sbin:/usr/sbin:/usr/local/bin:/usr/bin:/sbin:/bin:/usr/local/sbin:/usr/sbin:/sbin:/bin'), ('XDG_RUNTIME_DIR', '/run/user/1000'), ('DISPLAY', ':0'), ('HYPRCURSOR_SIZE', '24'), ('LANG', 'en_US.UTF-8'), ('XDG_CURRENT_DESKTOP', 'Hyprland'), ('XDG_DATA_HOME', '/home/will/.local/share'), ('XDG_CONFIG_HOME', '/home/will/.config'), ('XMODIFIERS', '@im=fcitx'), ('XDG_SESSION_DESKTOP', 'Hyprland'), ('AMENT_PREFIX_PATH', '/opt/ros/humble'), ('SHELL', '/usr/bin/bash'), ('KITTY_WINDOW_ID', '1'), ('QT_IM_MODULE', 'fcitx'), ('PWD', '/home/will/Will/RANCS/RANCS-introduction/ros2/build/talker_listener'), ('CONTAINER_ID', 'ros2'), ('LC_ALL', 'C.UTF-8'), ('XDG_CONFIG_DIRS', '/etc/xdg'), ('XDG_BACKEND', 'wayland'), ('NVM_CD_FLAGS', ''), ('XDG_DATA_DIRS', '/home/will/.local/share/flatpak/exports/share:/var/lib/flatpak/exports/share:/usr/local/share:/usr/share'), ('STARSHIP_SESSION_KEY', '3062721191839391'), ('PYTHONPATH', '/opt/ros/humble/lib/python3.10/site-packages:/opt/ros/humble/local/lib/python3.10/dist-packages'), ('COLCON', '1'), ('CMAKE_PREFIX_PATH', '/opt/ros/humble')]), 'shell': False}
[4.831618] (talker_listener) StdoutLine: {'line': b'-- Install configuration: ""\n'}
[4.831868] (talker_listener) StdoutLine: {'line': b'-- Installing: /home/will/Will/RANCS/RANCS-introduction/ros2/install/talker_listener/lib/talker_listener/talker\n'}
[4.832678] (talker_listener) StdoutLine: {'line': b'-- Set runtime path of "/home/will/Will/RANCS/RANCS-introduction/ros2/install/talker_listener/lib/talker_listener/talker" to ""\n'}
[4.832845] (talker_listener) StdoutLine: {'line': b'-- Installing: /home/will/Will/RANCS/RANCS-introduction/ros2/install/talker_listener/share/ament_index/resource_index/package_run_dependencies/talker_listener\n'}
[4.832950] (talker_listener) StdoutLine: {'line': b'-- Installing: /home/will/Will/RANCS/RANCS-introduction/ros2/install/talker_listener/share/ament_index/resource_index/parent_prefix_path/talker_listener\n'}
[4.833040] (talker_listener) StdoutLine: {'line': b'-- Installing: /home/will/Will/RANCS/RANCS-introduction/ros2/install/talker_listener/share/talker_listener/environment/ament_prefix_path.sh\n'}
[4.833205] (talker_listener) StdoutLine: {'line': b'-- Installing: /home/will/Will/RANCS/RANCS-introduction/ros2/install/talker_listener/share/talker_listener/environment/ament_prefix_path.dsv\n'}
[4.833327] (talker_listener) StdoutLine: {'line': b'-- Installing: /home/will/Will/RANCS/RANCS-introduction/ros2/install/talker_listener/share/talker_listener/environment/path.sh\n'}
[4.833422] (talker_listener) StdoutLine: {'line': b'-- Installing: /home/will/Will/RANCS/RANCS-introduction/ros2/install/talker_listener/share/talker_listener/environment/path.dsv\n'}
[4.833501] (talker_listener) StdoutLine: {'line': b'-- Installing: /home/will/Will/RANCS/RANCS-introduction/ros2/install/talker_listener/share/talker_listener/local_setup.bash\n'}
[4.833577] (talker_listener) StdoutLine: {'line': b'-- Installing: /home/will/Will/RANCS/RANCS-introduction/ros2/install/talker_listener/share/talker_listener/local_setup.sh\n'}
[4.833675] (talker_listener) StdoutLine: {'line': b'-- Installing: /home/will/Will/RANCS/RANCS-introduction/ros2/install/talker_listener/share/talker_listener/local_setup.zsh\n'}
[4.833779] (talker_listener) StdoutLine: {'line': b'-- Installing: /home/will/Will/RANCS/RANCS-introduction/ros2/install/talker_listener/share/talker_listener/local_setup.dsv\n'}
[4.833879] (talker_listener) StdoutLine: {'line': b'-- Installing: /home/will/Will/RANCS/RANCS-introduction/ros2/install/talker_listener/share/talker_listener/package.dsv\n'}
[4.834021] (talker_listener) StdoutLine: {'line': b'-- Installing: /home/will/Will/RANCS/RANCS-introduction/ros2/install/talker_listener/share/ament_index/resource_index/packages/talker_listener\n'}
[4.834165] (talker_listener) StdoutLine: {'line': b'-- Installing: /home/will/Will/RANCS/RANCS-introduction/ros2/install/talker_listener/share/talker_listener/cmake/talker_listenerConfig.cmake\n'}
[4.834252] (talker_listener) StdoutLine: {'line': b'-- Installing: /home/will/Will/RANCS/RANCS-introduction/ros2/install/talker_listener/share/talker_listener/cmake/talker_listenerConfig-version.cmake\n'}
[4.834354] (talker_listener) StdoutLine: {'line': b'-- Installing: /home/will/Will/RANCS/RANCS-introduction/ros2/install/talker_listener/share/talker_listener/package.xml\n'}
[4.836046] (talker_listener) CommandEnded: {'returncode': 0}
[4.854703] (talker_listener) JobEnded: {'identifier': 'talker_listener', 'rc': 0}
[4.855633] (-) EventReactorShutdown: {}
