[0.103s] DEBUG:colcon:Command line arguments: ['/usr/bin/colcon', 'build']
[0.103s] DEBUG:colcon:Parsed command line arguments: Namespace(log_base=None, log_level=None, verb_name='build', build_base='build', install_base='install', merge_install=False, symlink_install=False, test_result_base=None, continue_on_error=False, executor='parallel', parallel_workers=12, event_handlers=None, ignore_user_meta=False, metas=['./colcon.meta'], base_paths=['.'], packages_ignore=None, packages_ignore_regex=None, paths=None, packages_up_to=None, packages_up_to_regex=None, packages_above=None, packages_above_and_dependencies=None, packages_above_depth=None, packages_select_by_dep=None, packages_skip_by_dep=None, packages_skip_up_to=None, packages_select_build_failed=False, packages_skip_build_finished=False, packages_select_test_failures=False, packages_skip_test_passed=False, packages_select=None, packages_skip=None, packages_select_regex=None, packages_skip_regex=None, packages_start=None, packages_end=None, cmake_args=None, cmake_target=None, cmake_target_skip_unavailable=False, cmake_clean_cache=False, cmake_clean_first=False, cmake_force_configure=False, ament_cmake_args=None, catkin_cmake_args=None, catkin_skip_building_tests=False, mixin_files=None, mixin=None, verb_parser=<colcon_mixin.mixin.mixin_argument.MixinArgumentDecorator object at 0x7fb8a59924d0>, verb_extension=<colcon_core.verb.build.BuildVerb object at 0x7fb8a5991e10>, main=<bound method BuildVerb.main of <colcon_core.verb.build.BuildVerb object at 0x7fb8a5991e10>>, mixin_verb=('build',))
[0.210s] Level 1:colcon.colcon_core.package_discovery:discover_packages(colcon_meta) check parameters
[0.210s] INFO:colcon.colcon_metadata.package_discovery.colcon_meta:Using configuration from '/root/.colcon/metadata/default/Gazebo.meta'
[0.211s] INFO:colcon.colcon_metadata.package_discovery.colcon_meta:Using configuration from '/root/.colcon/metadata/default/fastdds.meta'
[0.211s] INFO:colcon.colcon_metadata.package_discovery.colcon_meta:Using configuration from '/root/.colcon/metadata/default/fastrtps.meta'
[0.211s] Level 1:colcon.colcon_core.package_discovery:discover_packages(recursive) check parameters
[0.211s] Level 1:colcon.colcon_core.package_discovery:discover_packages(ignore) check parameters
[0.211s] Level 1:colcon.colcon_core.package_discovery:discover_packages(path) check parameters
[0.211s] Level 1:colcon.colcon_core.package_discovery:discover_packages(colcon_meta) discover
[0.211s] Level 1:colcon.colcon_core.package_discovery:discover_packages(recursive) discover
[0.211s] INFO:colcon.colcon_core.package_discovery:Crawling recursively for packages in '/ros2'
[0.212s] Level 1:colcon.colcon_core.package_identification:_identify(.) by extensions ['ignore', 'ignore_ament_install']
[0.212s] Level 1:colcon.colcon_core.package_identification:_identify(.) by extension 'ignore'
[0.212s] Level 1:colcon.colcon_core.package_identification:_identify(.) by extension 'ignore_ament_install'
[0.212s] Level 1:colcon.colcon_core.package_identification:_identify(.) by extensions ['colcon_pkg']
[0.212s] Level 1:colcon.colcon_core.package_identification:_identify(.) by extension 'colcon_pkg'
[0.212s] Level 1:colcon.colcon_core.package_identification:_identify(.) by extensions ['colcon_meta']
[0.212s] Level 1:colcon.colcon_core.package_identification:_identify(.) by extension 'colcon_meta'
[0.212s] Level 1:colcon.colcon_core.package_identification:_identify(.) by extensions ['ros']
[0.212s] Level 1:colcon.colcon_core.package_identification:_identify(.) by extension 'ros'
[0.222s] Level 1:colcon.colcon_core.package_identification:_identify(.) by extensions ['cmake', 'python']
[0.222s] Level 1:colcon.colcon_core.package_identification:_identify(.) by extension 'cmake'
[0.222s] Level 1:colcon.colcon_core.package_identification:_identify(.) by extension 'python'
[0.222s] Level 1:colcon.colcon_core.package_identification:_identify(.) by extensions ['python_setup_py']
[0.222s] Level 1:colcon.colcon_core.package_identification:_identify(.) by extension 'python_setup_py'
[0.222s] Level 1:colcon.colcon_core.package_identification:_identify(build) by extensions ['ignore', 'ignore_ament_install']
[0.222s] Level 1:colcon.colcon_core.package_identification:_identify(build) by extension 'ignore'
[0.222s] Level 1:colcon.colcon_core.package_identification:_identify(build) ignored
[0.222s] Level 1:colcon.colcon_core.package_identification:_identify(install) by extensions ['ignore', 'ignore_ament_install']
[0.222s] Level 1:colcon.colcon_core.package_identification:_identify(install) by extension 'ignore'
[0.222s] Level 1:colcon.colcon_core.package_identification:_identify(install) ignored
[0.223s] Level 1:colcon.colcon_core.package_identification:_identify(log) by extensions ['ignore', 'ignore_ament_install']
[0.223s] Level 1:colcon.colcon_core.package_identification:_identify(log) by extension 'ignore'
[0.223s] Level 1:colcon.colcon_core.package_identification:_identify(log) ignored
[0.223s] Level 1:colcon.colcon_core.package_identification:_identify(src) by extensions ['ignore', 'ignore_ament_install']
[0.223s] Level 1:colcon.colcon_core.package_identification:_identify(src) by extension 'ignore'
[0.223s] Level 1:colcon.colcon_core.package_identification:_identify(src) by extension 'ignore_ament_install'
[0.223s] Level 1:colcon.colcon_core.package_identification:_identify(src) by extensions ['colcon_pkg']
[0.223s] Level 1:colcon.colcon_core.package_identification:_identify(src) by extension 'colcon_pkg'
[0.223s] Level 1:colcon.colcon_core.package_identification:_identify(src) by extensions ['colcon_meta']
[0.223s] Level 1:colcon.colcon_core.package_identification:_identify(src) by extension 'colcon_meta'
[0.223s] Level 1:colcon.colcon_core.package_identification:_identify(src) by extensions ['ros']
[0.223s] Level 1:colcon.colcon_core.package_identification:_identify(src) by extension 'ros'
[0.223s] Level 1:colcon.colcon_core.package_identification:_identify(src) by extensions ['cmake', 'python']
[0.223s] Level 1:colcon.colcon_core.package_identification:_identify(src) by extension 'cmake'
[0.223s] Level 1:colcon.colcon_core.package_identification:_identify(src) by extension 'python'
[0.223s] Level 1:colcon.colcon_core.package_identification:_identify(src) by extensions ['python_setup_py']
[0.223s] Level 1:colcon.colcon_core.package_identification:_identify(src) by extension 'python_setup_py'
[0.223s] Level 1:colcon.colcon_core.package_identification:_identify(src/imu) by extensions ['ignore', 'ignore_ament_install']
[0.223s] Level 1:colcon.colcon_core.package_identification:_identify(src/imu) by extension 'ignore'
[0.223s] Level 1:colcon.colcon_core.package_identification:_identify(src/imu) by extension 'ignore_ament_install'
[0.224s] Level 1:colcon.colcon_core.package_identification:_identify(src/imu) by extensions ['colcon_pkg']
[0.224s] Level 1:colcon.colcon_core.package_identification:_identify(src/imu) by extension 'colcon_pkg'
[0.224s] Level 1:colcon.colcon_core.package_identification:_identify(src/imu) by extensions ['colcon_meta']
[0.224s] Level 1:colcon.colcon_core.package_identification:_identify(src/imu) by extension 'colcon_meta'
[0.224s] Level 1:colcon.colcon_core.package_identification:_identify(src/imu) by extensions ['ros']
[0.224s] Level 1:colcon.colcon_core.package_identification:_identify(src/imu) by extension 'ros'
[0.226s] DEBUG:colcon.colcon_core.package_identification:Package 'src/imu' with type 'ros.ament_cmake' and name 'imu'
[0.226s] Level 1:colcon.colcon_core.package_identification:_identify(src/imu_py) by extensions ['ignore', 'ignore_ament_install']
[0.226s] Level 1:colcon.colcon_core.package_identification:_identify(src/imu_py) by extension 'ignore'
[0.226s] Level 1:colcon.colcon_core.package_identification:_identify(src/imu_py) by extension 'ignore_ament_install'
[0.226s] Level 1:colcon.colcon_core.package_identification:_identify(src/imu_py) by extensions ['colcon_pkg']
[0.226s] Level 1:colcon.colcon_core.package_identification:_identify(src/imu_py) by extension 'colcon_pkg'
[0.226s] Level 1:colcon.colcon_core.package_identification:_identify(src/imu_py) by extensions ['colcon_meta']
[0.226s] Level 1:colcon.colcon_core.package_identification:_identify(src/imu_py) by extension 'colcon_meta'
[0.226s] Level 1:colcon.colcon_core.package_identification:_identify(src/imu_py) by extensions ['ros']
[0.226s] Level 1:colcon.colcon_core.package_identification:_identify(src/imu_py) by extension 'ros'
[0.227s] DEBUG:colcon.colcon_core.package_identification:Package 'src/imu_py' with type 'ros.ament_python' and name 'imu_py'
[0.227s] Level 1:colcon.colcon_core.package_identification:_identify(src/interfaces) by extensions ['ignore', 'ignore_ament_install']
[0.227s] Level 1:colcon.colcon_core.package_identification:_identify(src/interfaces) by extension 'ignore'
[0.227s] Level 1:colcon.colcon_core.package_identification:_identify(src/interfaces) by extension 'ignore_ament_install'
[0.227s] Level 1:colcon.colcon_core.package_identification:_identify(src/interfaces) by extensions ['colcon_pkg']
[0.227s] Level 1:colcon.colcon_core.package_identification:_identify(src/interfaces) by extension 'colcon_pkg'
[0.227s] Level 1:colcon.colcon_core.package_identification:_identify(src/interfaces) by extensions ['colcon_meta']
[0.227s] Level 1:colcon.colcon_core.package_identification:_identify(src/interfaces) by extension 'colcon_meta'
[0.227s] Level 1:colcon.colcon_core.package_identification:_identify(src/interfaces) by extensions ['ros']
[0.227s] Level 1:colcon.colcon_core.package_identification:_identify(src/interfaces) by extension 'ros'
[0.228s] DEBUG:colcon.colcon_core.package_identification:Package 'src/interfaces' with type 'ros.ament_cmake' and name 'interfaces'
[0.228s] Level 1:colcon.colcon_core.package_identification:_identify(src/talker_listener) by extensions ['ignore', 'ignore_ament_install']
[0.228s] Level 1:colcon.colcon_core.package_identification:_identify(src/talker_listener) by extension 'ignore'
[0.228s] Level 1:colcon.colcon_core.package_identification:_identify(src/talker_listener) by extension 'ignore_ament_install'
[0.228s] Level 1:colcon.colcon_core.package_identification:_identify(src/talker_listener) by extensions ['colcon_pkg']
[0.228s] Level 1:colcon.colcon_core.package_identification:_identify(src/talker_listener) by extension 'colcon_pkg'
[0.228s] Level 1:colcon.colcon_core.package_identification:_identify(src/talker_listener) by extensions ['colcon_meta']
[0.228s] Level 1:colcon.colcon_core.package_identification:_identify(src/talker_listener) by extension 'colcon_meta'
[0.228s] Level 1:colcon.colcon_core.package_identification:_identify(src/talker_listener) by extensions ['ros']
[0.228s] Level 1:colcon.colcon_core.package_identification:_identify(src/talker_listener) by extension 'ros'
[0.228s] DEBUG:colcon.colcon_core.package_identification:Package 'src/talker_listener' with type 'ros.ament_cmake' and name 'talker_listener'
[0.229s] Level 1:colcon.colcon_core.package_identification:_identify(src/talker_listener_py) by extensions ['ignore', 'ignore_ament_install']
[0.229s] Level 1:colcon.colcon_core.package_identification:_identify(src/talker_listener_py) by extension 'ignore'
[0.229s] Level 1:colcon.colcon_core.package_identification:_identify(src/talker_listener_py) by extension 'ignore_ament_install'
[0.229s] Level 1:colcon.colcon_core.package_identification:_identify(src/talker_listener_py) by extensions ['colcon_pkg']
[0.229s] Level 1:colcon.colcon_core.package_identification:_identify(src/talker_listener_py) by extension 'colcon_pkg'
[0.229s] Level 1:colcon.colcon_core.package_identification:_identify(src/talker_listener_py) by extensions ['colcon_meta']
[0.229s] Level 1:colcon.colcon_core.package_identification:_identify(src/talker_listener_py) by extension 'colcon_meta'
[0.229s] Level 1:colcon.colcon_core.package_identification:_identify(src/talker_listener_py) by extensions ['ros']
[0.229s] Level 1:colcon.colcon_core.package_identification:_identify(src/talker_listener_py) by extension 'ros'
[0.229s] DEBUG:colcon.colcon_core.package_identification:Package 'src/talker_listener_py' with type 'ros.ament_python' and name 'talker_listener_py'
[0.230s] Level 1:colcon.colcon_core.package_identification:_identify(src/vehicle_status) by extensions ['ignore', 'ignore_ament_install']
[0.230s] Level 1:colcon.colcon_core.package_identification:_identify(src/vehicle_status) by extension 'ignore'
[0.230s] Level 1:colcon.colcon_core.package_identification:_identify(src/vehicle_status) by extension 'ignore_ament_install'
[0.230s] Level 1:colcon.colcon_core.package_identification:_identify(src/vehicle_status) by extensions ['colcon_pkg']
[0.230s] Level 1:colcon.colcon_core.package_identification:_identify(src/vehicle_status) by extension 'colcon_pkg'
[0.230s] Level 1:colcon.colcon_core.package_identification:_identify(src/vehicle_status) by extensions ['colcon_meta']
[0.230s] Level 1:colcon.colcon_core.package_identification:_identify(src/vehicle_status) by extension 'colcon_meta'
[0.230s] Level 1:colcon.colcon_core.package_identification:_identify(src/vehicle_status) by extensions ['ros']
[0.230s] Level 1:colcon.colcon_core.package_identification:_identify(src/vehicle_status) by extension 'ros'
[0.230s] DEBUG:colcon.colcon_core.package_identification:Package 'src/vehicle_status' with type 'ros.ament_cmake' and name 'vehicle_status'
[0.230s] Level 1:colcon.colcon_core.package_identification:_identify(src/vehicle_status_py) by extensions ['ignore', 'ignore_ament_install']
[0.230s] Level 1:colcon.colcon_core.package_identification:_identify(src/vehicle_status_py) by extension 'ignore'
[0.231s] Level 1:colcon.colcon_core.package_identification:_identify(src/vehicle_status_py) by extension 'ignore_ament_install'
[0.231s] Level 1:colcon.colcon_core.package_identification:_identify(src/vehicle_status_py) by extensions ['colcon_pkg']
[0.231s] Level 1:colcon.colcon_core.package_identification:_identify(src/vehicle_status_py) by extension 'colcon_pkg'
[0.231s] Level 1:colcon.colcon_core.package_identification:_identify(src/vehicle_status_py) by extensions ['colcon_meta']
[0.231s] Level 1:colcon.colcon_core.package_identification:_identify(src/vehicle_status_py) by extension 'colcon_meta'
[0.231s] Level 1:colcon.colcon_core.package_identification:_identify(src/vehicle_status_py) by extensions ['ros']
[0.231s] Level 1:colcon.colcon_core.package_identification:_identify(src/vehicle_status_py) by extension 'ros'
[0.231s] DEBUG:colcon.colcon_core.package_identification:Package 'src/vehicle_status_py' with type 'ros.ament_python' and name 'vehicle_status_py'
[0.231s] Level 1:colcon.colcon_core.package_discovery:discover_packages(recursive) using defaults
[0.231s] Level 1:colcon.colcon_core.package_discovery:discover_packages(ignore) discover
[0.231s] Level 1:colcon.colcon_core.package_discovery:discover_packages(ignore) using defaults
[0.231s] Level 1:colcon.colcon_core.package_discovery:discover_packages(path) discover
[0.231s] Level 1:colcon.colcon_core.package_discovery:discover_packages(path) using defaults
[0.250s] Level 5:colcon.colcon_core.verb:set package 'imu' build argument 'cmake_args' from command line to 'None'
[0.250s] Level 5:colcon.colcon_core.verb:set package 'imu' build argument 'cmake_target' from command line to 'None'
[0.250s] Level 5:colcon.colcon_core.verb:set package 'imu' build argument 'cmake_target_skip_unavailable' from command line to 'False'
[0.250s] Level 5:colcon.colcon_core.verb:set package 'imu' build argument 'cmake_clean_cache' from command line to 'False'
[0.251s] Level 5:colcon.colcon_core.verb:set package 'imu' build argument 'cmake_clean_first' from command line to 'False'
[0.251s] Level 5:colcon.colcon_core.verb:set package 'imu' build argument 'cmake_force_configure' from command line to 'False'
[0.251s] Level 5:colcon.colcon_core.verb:set package 'imu' build argument 'ament_cmake_args' from command line to 'None'
[0.251s] Level 5:colcon.colcon_core.verb:set package 'imu' build argument 'catkin_cmake_args' from command line to 'None'
[0.251s] Level 5:colcon.colcon_core.verb:set package 'imu' build argument 'catkin_skip_building_tests' from command line to 'False'
[0.251s] DEBUG:colcon.colcon_core.verb:Building package 'imu' with the following arguments: {'ament_cmake_args': None, 'build_base': '/ros2/build/imu', 'catkin_cmake_args': None, 'catkin_skip_building_tests': False, 'cmake_args': None, 'cmake_clean_cache': False, 'cmake_clean_first': False, 'cmake_force_configure': False, 'cmake_target': None, 'cmake_target_skip_unavailable': False, 'install_base': '/ros2/install/imu', 'merge_install': False, 'path': '/ros2/src/imu', 'symlink_install': False, 'test_result_base': None}
[0.251s] Level 5:colcon.colcon_core.verb:set package 'imu_py' build argument 'cmake_args' from command line to 'None'
[0.251s] Level 5:colcon.colcon_core.verb:set package 'imu_py' build argument 'cmake_target' from command line to 'None'
[0.251s] Level 5:colcon.colcon_core.verb:set package 'imu_py' build argument 'cmake_target_skip_unavailable' from command line to 'False'
[0.251s] Level 5:colcon.colcon_core.verb:set package 'imu_py' build argument 'cmake_clean_cache' from command line to 'False'
[0.251s] Level 5:colcon.colcon_core.verb:set package 'imu_py' build argument 'cmake_clean_first' from command line to 'False'
[0.251s] Level 5:colcon.colcon_core.verb:set package 'imu_py' build argument 'cmake_force_configure' from command line to 'False'
[0.251s] Level 5:colcon.colcon_core.verb:set package 'imu_py' build argument 'ament_cmake_args' from command line to 'None'
[0.251s] Level 5:colcon.colcon_core.verb:set package 'imu_py' build argument 'catkin_cmake_args' from command line to 'None'
[0.251s] Level 5:colcon.colcon_core.verb:set package 'imu_py' build argument 'catkin_skip_building_tests' from command line to 'False'
[0.251s] DEBUG:colcon.colcon_core.verb:Building package 'imu_py' with the following arguments: {'ament_cmake_args': None, 'build_base': '/ros2/build/imu_py', 'catkin_cmake_args': None, 'catkin_skip_building_tests': False, 'cmake_args': None, 'cmake_clean_cache': False, 'cmake_clean_first': False, 'cmake_force_configure': False, 'cmake_target': None, 'cmake_target_skip_unavailable': False, 'install_base': '/ros2/install/imu_py', 'merge_install': False, 'path': '/ros2/src/imu_py', 'symlink_install': False, 'test_result_base': None}
[0.251s] Level 5:colcon.colcon_core.verb:set package 'interfaces' build argument 'cmake_args' from command line to 'None'
[0.252s] Level 5:colcon.colcon_core.verb:set package 'interfaces' build argument 'cmake_target' from command line to 'None'
[0.252s] Level 5:colcon.colcon_core.verb:set package 'interfaces' build argument 'cmake_target_skip_unavailable' from command line to 'False'
[0.252s] Level 5:colcon.colcon_core.verb:set package 'interfaces' build argument 'cmake_clean_cache' from command line to 'False'
[0.252s] Level 5:colcon.colcon_core.verb:set package 'interfaces' build argument 'cmake_clean_first' from command line to 'False'
[0.252s] Level 5:colcon.colcon_core.verb:set package 'interfaces' build argument 'cmake_force_configure' from command line to 'False'
[0.252s] Level 5:colcon.colcon_core.verb:set package 'interfaces' build argument 'ament_cmake_args' from command line to 'None'
[0.252s] Level 5:colcon.colcon_core.verb:set package 'interfaces' build argument 'catkin_cmake_args' from command line to 'None'
[0.252s] Level 5:colcon.colcon_core.verb:set package 'interfaces' build argument 'catkin_skip_building_tests' from command line to 'False'
[0.252s] DEBUG:colcon.colcon_core.verb:Building package 'interfaces' with the following arguments: {'ament_cmake_args': None, 'build_base': '/ros2/build/interfaces', 'catkin_cmake_args': None, 'catkin_skip_building_tests': False, 'cmake_args': None, 'cmake_clean_cache': False, 'cmake_clean_first': False, 'cmake_force_configure': False, 'cmake_target': None, 'cmake_target_skip_unavailable': False, 'install_base': '/ros2/install/interfaces', 'merge_install': False, 'path': '/ros2/src/interfaces', 'symlink_install': False, 'test_result_base': None}
[0.252s] Level 5:colcon.colcon_core.verb:set package 'talker_listener' build argument 'cmake_args' from command line to 'None'
[0.252s] Level 5:colcon.colcon_core.verb:set package 'talker_listener' build argument 'cmake_target' from command line to 'None'
[0.252s] Level 5:colcon.colcon_core.verb:set package 'talker_listener' build argument 'cmake_target_skip_unavailable' from command line to 'False'
[0.252s] Level 5:colcon.colcon_core.verb:set package 'talker_listener' build argument 'cmake_clean_cache' from command line to 'False'
[0.252s] Level 5:colcon.colcon_core.verb:set package 'talker_listener' build argument 'cmake_clean_first' from command line to 'False'
[0.252s] Level 5:colcon.colcon_core.verb:set package 'talker_listener' build argument 'cmake_force_configure' from command line to 'False'
[0.252s] Level 5:colcon.colcon_core.verb:set package 'talker_listener' build argument 'ament_cmake_args' from command line to 'None'
[0.252s] Level 5:colcon.colcon_core.verb:set package 'talker_listener' build argument 'catkin_cmake_args' from command line to 'None'
[0.252s] Level 5:colcon.colcon_core.verb:set package 'talker_listener' build argument 'catkin_skip_building_tests' from command line to 'False'
[0.252s] DEBUG:colcon.colcon_core.verb:Building package 'talker_listener' with the following arguments: {'ament_cmake_args': None, 'build_base': '/ros2/build/talker_listener', 'catkin_cmake_args': None, 'catkin_skip_building_tests': False, 'cmake_args': None, 'cmake_clean_cache': False, 'cmake_clean_first': False, 'cmake_force_configure': False, 'cmake_target': None, 'cmake_target_skip_unavailable': False, 'install_base': '/ros2/install/talker_listener', 'merge_install': False, 'path': '/ros2/src/talker_listener', 'symlink_install': False, 'test_result_base': None}
[0.252s] Level 5:colcon.colcon_core.verb:set package 'talker_listener_py' build argument 'cmake_args' from command line to 'None'
[0.253s] Level 5:colcon.colcon_core.verb:set package 'talker_listener_py' build argument 'cmake_target' from command line to 'None'
[0.253s] Level 5:colcon.colcon_core.verb:set package 'talker_listener_py' build argument 'cmake_target_skip_unavailable' from command line to 'False'
[0.253s] Level 5:colcon.colcon_core.verb:set package 'talker_listener_py' build argument 'cmake_clean_cache' from command line to 'False'
[0.253s] Level 5:colcon.colcon_core.verb:set package 'talker_listener_py' build argument 'cmake_clean_first' from command line to 'False'
[0.253s] Level 5:colcon.colcon_core.verb:set package 'talker_listener_py' build argument 'cmake_force_configure' from command line to 'False'
[0.253s] Level 5:colcon.colcon_core.verb:set package 'talker_listener_py' build argument 'ament_cmake_args' from command line to 'None'
[0.253s] Level 5:colcon.colcon_core.verb:set package 'talker_listener_py' build argument 'catkin_cmake_args' from command line to 'None'
[0.253s] Level 5:colcon.colcon_core.verb:set package 'talker_listener_py' build argument 'catkin_skip_building_tests' from command line to 'False'
[0.253s] DEBUG:colcon.colcon_core.verb:Building package 'talker_listener_py' with the following arguments: {'ament_cmake_args': None, 'build_base': '/ros2/build/talker_listener_py', 'catkin_cmake_args': None, 'catkin_skip_building_tests': False, 'cmake_args': None, 'cmake_clean_cache': False, 'cmake_clean_first': False, 'cmake_force_configure': False, 'cmake_target': None, 'cmake_target_skip_unavailable': False, 'install_base': '/ros2/install/talker_listener_py', 'merge_install': False, 'path': '/ros2/src/talker_listener_py', 'symlink_install': False, 'test_result_base': None}
[0.253s] Level 5:colcon.colcon_core.verb:set package 'vehicle_status' build argument 'cmake_args' from command line to 'None'
[0.253s] Level 5:colcon.colcon_core.verb:set package 'vehicle_status' build argument 'cmake_target' from command line to 'None'
[0.253s] Level 5:colcon.colcon_core.verb:set package 'vehicle_status' build argument 'cmake_target_skip_unavailable' from command line to 'False'
[0.253s] Level 5:colcon.colcon_core.verb:set package 'vehicle_status' build argument 'cmake_clean_cache' from command line to 'False'
[0.253s] Level 5:colcon.colcon_core.verb:set package 'vehicle_status' build argument 'cmake_clean_first' from command line to 'False'
[0.253s] Level 5:colcon.colcon_core.verb:set package 'vehicle_status' build argument 'cmake_force_configure' from command line to 'False'
[0.253s] Level 5:colcon.colcon_core.verb:set package 'vehicle_status' build argument 'ament_cmake_args' from command line to 'None'
[0.253s] Level 5:colcon.colcon_core.verb:set package 'vehicle_status' build argument 'catkin_cmake_args' from command line to 'None'
[0.253s] Level 5:colcon.colcon_core.verb:set package 'vehicle_status' build argument 'catkin_skip_building_tests' from command line to 'False'
[0.253s] DEBUG:colcon.colcon_core.verb:Building package 'vehicle_status' with the following arguments: {'ament_cmake_args': None, 'build_base': '/ros2/build/vehicle_status', 'catkin_cmake_args': None, 'catkin_skip_building_tests': False, 'cmake_args': None, 'cmake_clean_cache': False, 'cmake_clean_first': False, 'cmake_force_configure': False, 'cmake_target': None, 'cmake_target_skip_unavailable': False, 'install_base': '/ros2/install/vehicle_status', 'merge_install': False, 'path': '/ros2/src/vehicle_status', 'symlink_install': False, 'test_result_base': None}
[0.254s] Level 5:colcon.colcon_core.verb:set package 'vehicle_status_py' build argument 'cmake_args' from command line to 'None'
[0.254s] Level 5:colcon.colcon_core.verb:set package 'vehicle_status_py' build argument 'cmake_target' from command line to 'None'
[0.254s] Level 5:colcon.colcon_core.verb:set package 'vehicle_status_py' build argument 'cmake_target_skip_unavailable' from command line to 'False'
[0.254s] Level 5:colcon.colcon_core.verb:set package 'vehicle_status_py' build argument 'cmake_clean_cache' from command line to 'False'
[0.254s] Level 5:colcon.colcon_core.verb:set package 'vehicle_status_py' build argument 'cmake_clean_first' from command line to 'False'
[0.254s] Level 5:colcon.colcon_core.verb:set package 'vehicle_status_py' build argument 'cmake_force_configure' from command line to 'False'
[0.254s] Level 5:colcon.colcon_core.verb:set package 'vehicle_status_py' build argument 'ament_cmake_args' from command line to 'None'
[0.254s] Level 5:colcon.colcon_core.verb:set package 'vehicle_status_py' build argument 'catkin_cmake_args' from command line to 'None'
[0.254s] Level 5:colcon.colcon_core.verb:set package 'vehicle_status_py' build argument 'catkin_skip_building_tests' from command line to 'False'
[0.254s] DEBUG:colcon.colcon_core.verb:Building package 'vehicle_status_py' with the following arguments: {'ament_cmake_args': None, 'build_base': '/ros2/build/vehicle_status_py', 'catkin_cmake_args': None, 'catkin_skip_building_tests': False, 'cmake_args': None, 'cmake_clean_cache': False, 'cmake_clean_first': False, 'cmake_force_configure': False, 'cmake_target': None, 'cmake_target_skip_unavailable': False, 'install_base': '/ros2/install/vehicle_status_py', 'merge_install': False, 'path': '/ros2/src/vehicle_status_py', 'symlink_install': False, 'test_result_base': None}
[0.254s] INFO:colcon.colcon_core.executor:Executing jobs using 'parallel' executor
[0.255s] DEBUG:colcon.colcon_parallel_executor.executor.parallel:run_until_complete
[0.255s] INFO:colcon.colcon_ros.task.ament_cmake.build:Building ROS package in '/ros2/src/interfaces' with build type 'ament_cmake'
[0.255s] INFO:colcon.colcon_cmake.task.cmake.build:Building CMake package in '/ros2/src/interfaces'
[0.258s] INFO:colcon.colcon_core.plugin_system:Skipping extension 'colcon_core.shell.bat': Not used on non-Windows systems
[0.258s] INFO:colcon.colcon_core.shell:Skip shell extension 'powershell' for command environment: Not usable outside of PowerShell
[0.258s] DEBUG:colcon.colcon_core.shell:Skip shell extension 'dsv' for command environment
[0.263s] INFO:colcon.colcon_ros.task.ament_cmake.build:Building ROS package in '/ros2/src/imu' with build type 'ament_cmake'
[0.263s] INFO:colcon.colcon_cmake.task.cmake.build:Building CMake package in '/ros2/src/imu'
[0.263s] INFO:colcon.colcon_core.shell:Skip shell extension 'powershell' for command environment: Not usable outside of PowerShell
[0.263s] DEBUG:colcon.colcon_core.shell:Skip shell extension 'dsv' for command environment
[0.266s] INFO:colcon.colcon_ros.task.ament_python.build:Building ROS package in '/ros2/src/imu_py' with build type 'ament_python'
[0.266s] Level 1:colcon.colcon_core.shell:create_environment_hook('imu_py', 'ament_prefix_path')
[0.266s] INFO:colcon.colcon_core.shell:Creating environment hook '/ros2/install/imu_py/share/imu_py/hook/ament_prefix_path.ps1'
[0.267s] INFO:colcon.colcon_core.shell:Creating environment descriptor '/ros2/install/imu_py/share/imu_py/hook/ament_prefix_path.dsv'
[0.268s] INFO:colcon.colcon_core.shell:Creating environment hook '/ros2/install/imu_py/share/imu_py/hook/ament_prefix_path.sh'
[0.269s] INFO:colcon.colcon_core.shell:Skip shell extension 'powershell' for command environment: Not usable outside of PowerShell
[0.269s] DEBUG:colcon.colcon_core.shell:Skip shell extension 'dsv' for command environment
[0.271s] INFO:colcon.colcon_ros.task.ament_cmake.build:Building ROS package in '/ros2/src/talker_listener' with build type 'ament_cmake'
[0.271s] INFO:colcon.colcon_cmake.task.cmake.build:Building CMake package in '/ros2/src/talker_listener'
[0.272s] INFO:colcon.colcon_core.shell:Skip shell extension 'powershell' for command environment: Not usable outside of PowerShell
[0.272s] DEBUG:colcon.colcon_core.shell:Skip shell extension 'dsv' for command environment
[0.275s] INFO:colcon.colcon_ros.task.ament_python.build:Building ROS package in '/ros2/src/talker_listener_py' with build type 'ament_python'
[0.275s] Level 1:colcon.colcon_core.shell:create_environment_hook('talker_listener_py', 'ament_prefix_path')
[0.275s] INFO:colcon.colcon_core.shell:Creating environment hook '/ros2/install/talker_listener_py/share/talker_listener_py/hook/ament_prefix_path.ps1'
[0.275s] INFO:colcon.colcon_core.shell:Creating environment descriptor '/ros2/install/talker_listener_py/share/talker_listener_py/hook/ament_prefix_path.dsv'
[0.276s] INFO:colcon.colcon_core.shell:Creating environment hook '/ros2/install/talker_listener_py/share/talker_listener_py/hook/ament_prefix_path.sh'
[0.276s] INFO:colcon.colcon_core.shell:Skip shell extension 'powershell' for command environment: Not usable outside of PowerShell
[0.276s] DEBUG:colcon.colcon_core.shell:Skip shell extension 'dsv' for command environment
[0.283s] DEBUG:colcon.colcon_core.event_handler.log_command:Invoking command in '/ros2/build/interfaces': CMAKE_PREFIX_PATH=${CMAKE_PREFIX_PATH}:/ros2/install/imu_py:/ros2/install/vehicle_status_py:/ros2/install/talker_listener_py:/opt/ros/humble /usr/bin/cmake --build /ros2/build/interfaces -- -j12 -l12
[0.286s] DEBUG:colcon.colcon_core.event_handler.log_command:Invoking command in '/ros2/build/imu': CMAKE_PREFIX_PATH=${CMAKE_PREFIX_PATH}:/ros2/install/imu_py:/ros2/install/vehicle_status_py:/ros2/install/talker_listener_py:/opt/ros/humble /usr/bin/cmake --build /ros2/build/imu -- -j12 -l12
[0.492s] INFO:colcon.colcon_core.task.python.build:Building Python package in '/ros2/src/imu_py'
[0.492s] INFO:colcon.colcon_core.shell:Skip shell extension 'powershell' for command environment: Not usable outside of PowerShell
[0.492s] DEBUG:colcon.colcon_core.shell:Skip shell extension 'dsv' for command environment
[0.498s] DEBUG:colcon.colcon_core.event_handler.log_command:Invoking command in '/ros2/build/talker_listener': CMAKE_PREFIX_PATH=${CMAKE_PREFIX_PATH}:/ros2/install/imu_py:/ros2/install/vehicle_status_py:/ros2/install/talker_listener_py:/opt/ros/humble /usr/bin/cmake --build /ros2/build/talker_listener -- -j12 -l12
[0.687s] INFO:colcon.colcon_core.task.python.build:Building Python package in '/ros2/src/talker_listener_py'
[0.687s] INFO:colcon.colcon_core.shell:Skip shell extension 'powershell' for command environment: Not usable outside of PowerShell
[0.687s] DEBUG:colcon.colcon_core.shell:Skip shell extension 'dsv' for command environment
[0.691s] DEBUG:colcon.colcon_core.event_handler.log_command:Invoked command in '/ros2/build/imu' returned '0': CMAKE_PREFIX_PATH=${CMAKE_PREFIX_PATH}:/ros2/install/imu_py:/ros2/install/vehicle_status_py:/ros2/install/talker_listener_py:/opt/ros/humble /usr/bin/cmake --build /ros2/build/imu -- -j12 -l12
[0.699s] DEBUG:colcon.colcon_core.event_handler.log_command:Invoking command in '/ros2/build/imu': CMAKE_PREFIX_PATH=${CMAKE_PREFIX_PATH}:/ros2/install/imu_py:/ros2/install/vehicle_status_py:/ros2/install/talker_listener_py:/opt/ros/humble /usr/bin/cmake --install /ros2/build/imu
[0.704s] DEBUG:colcon.colcon_core.event_handler.log_command:Invoked command in '/ros2/build/talker_listener' returned '0': CMAKE_PREFIX_PATH=${CMAKE_PREFIX_PATH}:/ros2/install/imu_py:/ros2/install/vehicle_status_py:/ros2/install/talker_listener_py:/opt/ros/humble /usr/bin/cmake --build /ros2/build/talker_listener -- -j12 -l12
[0.705s] DEBUG:colcon.colcon_core.event_handler.log_command:Invoking command in '/ros2/build/talker_listener': CMAKE_PREFIX_PATH=${CMAKE_PREFIX_PATH}:/ros2/install/imu_py:/ros2/install/vehicle_status_py:/ros2/install/talker_listener_py:/opt/ros/humble /usr/bin/cmake --install /ros2/build/talker_listener
[0.706s] DEBUG:colcon.colcon_core.event_handler.log_command:Invoked command in '/ros2/build/interfaces' returned '0': CMAKE_PREFIX_PATH=${CMAKE_PREFIX_PATH}:/ros2/install/imu_py:/ros2/install/vehicle_status_py:/ros2/install/talker_listener_py:/opt/ros/humble /usr/bin/cmake --build /ros2/build/interfaces -- -j12 -l12
[0.710s] DEBUG:colcon.colcon_core.event_handler.log_command:Invoking command in '/ros2/build/interfaces': CMAKE_PREFIX_PATH=${CMAKE_PREFIX_PATH}:/ros2/install/imu_py:/ros2/install/vehicle_status_py:/ros2/install/talker_listener_py:/opt/ros/humble /usr/bin/cmake --install /ros2/build/interfaces
[0.713s] Level 1:colcon.colcon_core.environment:create_environment_scripts_only(imu)
[0.714s] DEBUG:colcon.colcon_core.event_handler.log_command:Invoked command in '/ros2/build/imu' returned '0': CMAKE_PREFIX_PATH=${CMAKE_PREFIX_PATH}:/ros2/install/imu_py:/ros2/install/vehicle_status_py:/ros2/install/talker_listener_py:/opt/ros/humble /usr/bin/cmake --install /ros2/build/imu
[0.718s] Level 1:colcon.colcon_core.environment:checking '/ros2/install/imu' for CMake module files
[0.719s] Level 1:colcon.colcon_core.environment:checking '/ros2/install/imu' for CMake config files
[0.721s] Level 1:colcon.colcon_core.shell:create_environment_hook('imu', 'cmake_prefix_path')
[0.721s] INFO:colcon.colcon_core.shell:Creating environment hook '/ros2/install/imu/share/imu/hook/cmake_prefix_path.ps1'
[0.722s] INFO:colcon.colcon_core.shell:Creating environment descriptor '/ros2/install/imu/share/imu/hook/cmake_prefix_path.dsv'
[0.723s] INFO:colcon.colcon_core.shell:Creating environment hook '/ros2/install/imu/share/imu/hook/cmake_prefix_path.sh'
[0.725s] Level 1:colcon.colcon_core.environment:checking '/ros2/install/imu/lib'
[0.725s] Level 1:colcon.colcon_core.environment:checking '/ros2/install/imu/bin'
[0.725s] Level 1:colcon.colcon_core.environment:checking '/ros2/install/imu/lib/pkgconfig/imu.pc'
[0.726s] Level 1:colcon.colcon_core.environment:checking '/ros2/install/imu/lib/python3.10/site-packages'
[0.726s] Level 1:colcon.colcon_core.environment:checking '/ros2/install/imu/bin'
[0.726s] INFO:colcon.colcon_core.shell:Creating package script '/ros2/install/imu/share/imu/package.ps1'
[0.727s] INFO:colcon.colcon_core.shell:Creating package descriptor '/ros2/install/imu/share/imu/package.dsv'
[0.728s] INFO:colcon.colcon_core.shell:Creating package script '/ros2/install/imu/share/imu/package.sh'
[0.728s] INFO:colcon.colcon_core.shell:Creating package script '/ros2/install/imu/share/imu/package.bash'
[0.729s] INFO:colcon.colcon_core.shell:Creating package script '/ros2/install/imu/share/imu/package.zsh'
[0.730s] Level 1:colcon.colcon_core.environment:create_file_with_runtime_dependencies(/ros2/install/imu/share/colcon-core/packages/imu)
[0.730s] Level 1:colcon.colcon_core.environment:create_environment_scripts_only(imu)
[0.730s] Level 1:colcon.colcon_core.environment:checking '/ros2/install/imu' for CMake module files
[0.731s] Level 1:colcon.colcon_core.environment:checking '/ros2/install/imu' for CMake config files
[0.731s] Level 1:colcon.colcon_core.shell:create_environment_hook('imu', 'cmake_prefix_path')
[0.731s] INFO:colcon.colcon_core.shell:Creating environment hook '/ros2/install/imu/share/imu/hook/cmake_prefix_path.ps1'
[0.731s] INFO:colcon.colcon_core.shell:Creating environment descriptor '/ros2/install/imu/share/imu/hook/cmake_prefix_path.dsv'
[0.732s] INFO:colcon.colcon_core.shell:Creating environment hook '/ros2/install/imu/share/imu/hook/cmake_prefix_path.sh'
[0.732s] Level 1:colcon.colcon_core.environment:checking '/ros2/install/imu/lib'
[0.732s] Level 1:colcon.colcon_core.environment:checking '/ros2/install/imu/bin'
[0.732s] Level 1:colcon.colcon_core.environment:checking '/ros2/install/imu/lib/pkgconfig/imu.pc'
[0.733s] Level 1:colcon.colcon_core.environment:checking '/ros2/install/imu/lib/python3.10/site-packages'
[0.733s] Level 1:colcon.colcon_core.environment:checking '/ros2/install/imu/bin'
[0.733s] INFO:colcon.colcon_core.shell:Creating package script '/ros2/install/imu/share/imu/package.ps1'
[0.734s] INFO:colcon.colcon_core.shell:Creating package descriptor '/ros2/install/imu/share/imu/package.dsv'
[0.734s] INFO:colcon.colcon_core.shell:Creating package script '/ros2/install/imu/share/imu/package.sh'
[0.735s] INFO:colcon.colcon_core.shell:Creating package script '/ros2/install/imu/share/imu/package.bash'
[0.735s] INFO:colcon.colcon_core.shell:Creating package script '/ros2/install/imu/share/imu/package.zsh'
[0.735s] Level 1:colcon.colcon_core.environment:create_file_with_runtime_dependencies(/ros2/install/imu/share/colcon-core/packages/imu)
[0.736s] Level 1:colcon.colcon_core.environment:create_environment_scripts_only(talker_listener)
[0.737s] Level 1:colcon.colcon_core.environment:checking '/ros2/install/talker_listener' for CMake module files
[0.737s] DEBUG:colcon.colcon_core.event_handler.log_command:Invoked command in '/ros2/build/talker_listener' returned '0': CMAKE_PREFIX_PATH=${CMAKE_PREFIX_PATH}:/ros2/install/imu_py:/ros2/install/vehicle_status_py:/ros2/install/talker_listener_py:/opt/ros/humble /usr/bin/cmake --install /ros2/build/talker_listener
[0.737s] Level 1:colcon.colcon_core.environment:checking '/ros2/install/talker_listener' for CMake config files
[0.738s] Level 1:colcon.colcon_core.shell:create_environment_hook('talker_listener', 'cmake_prefix_path')
[0.738s] INFO:colcon.colcon_core.shell:Creating environment hook '/ros2/install/talker_listener/share/talker_listener/hook/cmake_prefix_path.ps1'
[0.738s] INFO:colcon.colcon_core.shell:Creating environment descriptor '/ros2/install/talker_listener/share/talker_listener/hook/cmake_prefix_path.dsv'
[0.739s] INFO:colcon.colcon_core.shell:Creating environment hook '/ros2/install/talker_listener/share/talker_listener/hook/cmake_prefix_path.sh'
[0.739s] Level 1:colcon.colcon_core.environment:checking '/ros2/install/talker_listener/lib'
[0.739s] Level 1:colcon.colcon_core.environment:checking '/ros2/install/talker_listener/bin'
[0.739s] Level 1:colcon.colcon_core.environment:checking '/ros2/install/talker_listener/lib/pkgconfig/talker_listener.pc'
[0.739s] Level 1:colcon.colcon_core.environment:checking '/ros2/install/talker_listener/lib/python3.10/site-packages'
[0.740s] Level 1:colcon.colcon_core.environment:checking '/ros2/install/talker_listener/bin'
[0.740s] INFO:colcon.colcon_core.shell:Creating package script '/ros2/install/talker_listener/share/talker_listener/package.ps1'
[0.740s] INFO:colcon.colcon_core.shell:Creating package descriptor '/ros2/install/talker_listener/share/talker_listener/package.dsv'
[0.741s] INFO:colcon.colcon_core.shell:Creating package script '/ros2/install/talker_listener/share/talker_listener/package.sh'
[0.741s] INFO:colcon.colcon_core.shell:Creating package script '/ros2/install/talker_listener/share/talker_listener/package.bash'
[0.742s] INFO:colcon.colcon_core.shell:Creating package script '/ros2/install/talker_listener/share/talker_listener/package.zsh'
[0.742s] Level 1:colcon.colcon_core.environment:create_file_with_runtime_dependencies(/ros2/install/talker_listener/share/colcon-core/packages/talker_listener)
[0.742s] Level 1:colcon.colcon_core.environment:create_environment_scripts_only(talker_listener)
[0.743s] Level 1:colcon.colcon_core.environment:checking '/ros2/install/talker_listener' for CMake module files
[0.743s] Level 1:colcon.colcon_core.environment:checking '/ros2/install/talker_listener' for CMake config files
[0.743s] Level 1:colcon.colcon_core.shell:create_environment_hook('talker_listener', 'cmake_prefix_path')
[0.743s] INFO:colcon.colcon_core.shell:Creating environment hook '/ros2/install/talker_listener/share/talker_listener/hook/cmake_prefix_path.ps1'
[0.744s] INFO:colcon.colcon_core.shell:Creating environment descriptor '/ros2/install/talker_listener/share/talker_listener/hook/cmake_prefix_path.dsv'
[0.744s] INFO:colcon.colcon_core.shell:Creating environment hook '/ros2/install/talker_listener/share/talker_listener/hook/cmake_prefix_path.sh'
[0.745s] Level 1:colcon.colcon_core.environment:checking '/ros2/install/talker_listener/lib'
[0.745s] Level 1:colcon.colcon_core.environment:checking '/ros2/install/talker_listener/bin'
[0.745s] Level 1:colcon.colcon_core.environment:checking '/ros2/install/talker_listener/lib/pkgconfig/talker_listener.pc'
[0.745s] Level 1:colcon.colcon_core.environment:checking '/ros2/install/talker_listener/lib/python3.10/site-packages'
[0.745s] Level 1:colcon.colcon_core.environment:checking '/ros2/install/talker_listener/bin'
[0.746s] INFO:colcon.colcon_core.shell:Creating package script '/ros2/install/talker_listener/share/talker_listener/package.ps1'
[0.746s] INFO:colcon.colcon_core.shell:Creating package descriptor '/ros2/install/talker_listener/share/talker_listener/package.dsv'
[0.747s] INFO:colcon.colcon_core.shell:Creating package script '/ros2/install/talker_listener/share/talker_listener/package.sh'
[0.747s] INFO:colcon.colcon_core.shell:Creating package script '/ros2/install/talker_listener/share/talker_listener/package.bash'
[0.748s] INFO:colcon.colcon_core.shell:Creating package script '/ros2/install/talker_listener/share/talker_listener/package.zsh'
[0.748s] Level 1:colcon.colcon_core.environment:create_file_with_runtime_dependencies(/ros2/install/talker_listener/share/colcon-core/packages/talker_listener)
[0.766s] Level 1:colcon.colcon_core.environment:create_environment_scripts_only(interfaces)
[0.767s] Level 1:colcon.colcon_core.environment:checking '/ros2/install/interfaces' for CMake module files
[0.767s] DEBUG:colcon.colcon_core.event_handler.log_command:Invoked command in '/ros2/build/interfaces' returned '0': CMAKE_PREFIX_PATH=${CMAKE_PREFIX_PATH}:/ros2/install/imu_py:/ros2/install/vehicle_status_py:/ros2/install/talker_listener_py:/opt/ros/humble /usr/bin/cmake --install /ros2/build/interfaces
[0.767s] Level 1:colcon.colcon_core.environment:checking '/ros2/install/interfaces' for CMake config files
[0.768s] Level 1:colcon.colcon_core.shell:create_environment_hook('interfaces', 'cmake_prefix_path')
[0.768s] INFO:colcon.colcon_core.shell:Creating environment hook '/ros2/install/interfaces/share/interfaces/hook/cmake_prefix_path.ps1'
[0.769s] INFO:colcon.colcon_core.shell:Creating environment descriptor '/ros2/install/interfaces/share/interfaces/hook/cmake_prefix_path.dsv'
[0.769s] INFO:colcon.colcon_core.shell:Creating environment hook '/ros2/install/interfaces/share/interfaces/hook/cmake_prefix_path.sh'
[0.770s] Level 1:colcon.colcon_core.environment:checking '/ros2/install/interfaces/lib'
[0.770s] Level 1:colcon.colcon_core.shell:create_environment_hook('interfaces', 'ld_library_path_lib')
[0.770s] INFO:colcon.colcon_core.shell:Creating environment hook '/ros2/install/interfaces/share/interfaces/hook/ld_library_path_lib.ps1'
[0.770s] INFO:colcon.colcon_core.shell:Creating environment descriptor '/ros2/install/interfaces/share/interfaces/hook/ld_library_path_lib.dsv'
[0.770s] INFO:colcon.colcon_core.shell:Creating environment hook '/ros2/install/interfaces/share/interfaces/hook/ld_library_path_lib.sh'
[0.771s] Level 1:colcon.colcon_core.environment:checking '/ros2/install/interfaces/bin'
[0.771s] Level 1:colcon.colcon_core.environment:checking '/ros2/install/interfaces/lib/pkgconfig/interfaces.pc'
[0.771s] Level 1:colcon.colcon_core.environment:checking '/ros2/install/interfaces/lib/python3.10/site-packages'
[0.771s] Level 1:colcon.colcon_core.environment:checking '/ros2/install/interfaces/bin'
[0.772s] INFO:colcon.colcon_core.shell:Creating package script '/ros2/install/interfaces/share/interfaces/package.ps1'
[0.772s] INFO:colcon.colcon_core.shell:Creating package descriptor '/ros2/install/interfaces/share/interfaces/package.dsv'
[0.773s] INFO:colcon.colcon_core.shell:Creating package script '/ros2/install/interfaces/share/interfaces/package.sh'
[0.773s] INFO:colcon.colcon_core.shell:Creating package script '/ros2/install/interfaces/share/interfaces/package.bash'
[0.774s] INFO:colcon.colcon_core.shell:Creating package script '/ros2/install/interfaces/share/interfaces/package.zsh'
[0.774s] Level 1:colcon.colcon_core.environment:create_file_with_runtime_dependencies(/ros2/install/interfaces/share/colcon-core/packages/interfaces)
[0.775s] Level 1:colcon.colcon_core.environment:create_environment_scripts_only(interfaces)
[0.775s] Level 1:colcon.colcon_core.environment:checking '/ros2/install/interfaces' for CMake module files
[0.775s] Level 1:colcon.colcon_core.environment:checking '/ros2/install/interfaces' for CMake config files
[0.776s] Level 1:colcon.colcon_core.shell:create_environment_hook('interfaces', 'cmake_prefix_path')
[0.776s] INFO:colcon.colcon_core.shell:Creating environment hook '/ros2/install/interfaces/share/interfaces/hook/cmake_prefix_path.ps1'
[0.776s] INFO:colcon.colcon_core.shell:Creating environment descriptor '/ros2/install/interfaces/share/interfaces/hook/cmake_prefix_path.dsv'
[0.776s] INFO:colcon.colcon_core.shell:Creating environment hook '/ros2/install/interfaces/share/interfaces/hook/cmake_prefix_path.sh'
[0.777s] Level 1:colcon.colcon_core.environment:checking '/ros2/install/interfaces/lib'
[0.777s] Level 1:colcon.colcon_core.shell:create_environment_hook('interfaces', 'ld_library_path_lib')
[0.777s] INFO:colcon.colcon_core.shell:Creating environment hook '/ros2/install/interfaces/share/interfaces/hook/ld_library_path_lib.ps1'
[0.777s] INFO:colcon.colcon_core.shell:Creating environment descriptor '/ros2/install/interfaces/share/interfaces/hook/ld_library_path_lib.dsv'
[0.778s] INFO:colcon.colcon_core.shell:Creating environment hook '/ros2/install/interfaces/share/interfaces/hook/ld_library_path_lib.sh'
[0.778s] Level 1:colcon.colcon_core.environment:checking '/ros2/install/interfaces/bin'
[0.778s] Level 1:colcon.colcon_core.environment:checking '/ros2/install/interfaces/lib/pkgconfig/interfaces.pc'
[0.778s] Level 1:colcon.colcon_core.environment:checking '/ros2/install/interfaces/lib/python3.10/site-packages'
[0.779s] Level 1:colcon.colcon_core.environment:checking '/ros2/install/interfaces/bin'
[0.779s] INFO:colcon.colcon_core.shell:Creating package script '/ros2/install/interfaces/share/interfaces/package.ps1'
[0.780s] INFO:colcon.colcon_core.shell:Creating package descriptor '/ros2/install/interfaces/share/interfaces/package.dsv'
[0.780s] INFO:colcon.colcon_core.shell:Creating package script '/ros2/install/interfaces/share/interfaces/package.sh'
[0.781s] INFO:colcon.colcon_core.shell:Creating package script '/ros2/install/interfaces/share/interfaces/package.bash'
[0.781s] INFO:colcon.colcon_core.shell:Creating package script '/ros2/install/interfaces/share/interfaces/package.zsh'
[0.781s] Level 1:colcon.colcon_core.environment:create_file_with_runtime_dependencies(/ros2/install/interfaces/share/colcon-core/packages/interfaces)
[0.782s] INFO:colcon.colcon_ros.task.ament_cmake.build:Building ROS package in '/ros2/src/vehicle_status' with build type 'ament_cmake'
[0.782s] INFO:colcon.colcon_cmake.task.cmake.build:Building CMake package in '/ros2/src/vehicle_status'
[0.782s] INFO:colcon.colcon_core.shell:Skip shell extension 'powershell' for command environment: Not usable outside of PowerShell
[0.782s] DEBUG:colcon.colcon_core.shell:Skip shell extension 'dsv' for command environment
[0.786s] INFO:colcon.colcon_ros.task.ament_python.build:Building ROS package in '/ros2/src/vehicle_status_py' with build type 'ament_python'
[0.786s] Level 1:colcon.colcon_core.shell:create_environment_hook('vehicle_status_py', 'ament_prefix_path')
[0.786s] INFO:colcon.colcon_core.shell:Creating environment hook '/ros2/install/vehicle_status_py/share/vehicle_status_py/hook/ament_prefix_path.ps1'
[0.787s] INFO:colcon.colcon_core.shell:Creating environment descriptor '/ros2/install/vehicle_status_py/share/vehicle_status_py/hook/ament_prefix_path.dsv'
[0.787s] INFO:colcon.colcon_core.shell:Creating environment hook '/ros2/install/vehicle_status_py/share/vehicle_status_py/hook/ament_prefix_path.sh'
[0.788s] INFO:colcon.colcon_core.shell:Skip shell extension 'powershell' for command environment: Not usable outside of PowerShell
[0.788s] DEBUG:colcon.colcon_core.shell:Skip shell extension 'dsv' for command environment
[0.794s] DEBUG:colcon.colcon_core.event_handler.log_command:Invoking command in '/ros2/build/vehicle_status': CMAKE_PREFIX_PATH=/ros2/install/interfaces:/ros2/install/imu:/ros2/install/vehicle_status:/ros2/install/talker_listener:/ros2/install/imu_py:/ros2/install/vehicle_status_py:/ros2/install/talker_listener_py:/opt/ros/humble /usr/bin/cmake --build /ros2/build/vehicle_status -- -j12 -l12
[0.998s] INFO:colcon.colcon_core.task.python.build:Building Python package in '/ros2/src/vehicle_status_py'
[0.998s] INFO:colcon.colcon_core.shell:Skip shell extension 'powershell' for command environment: Not usable outside of PowerShell
[0.998s] DEBUG:colcon.colcon_core.shell:Skip shell extension 'dsv' for command environment
[1.005s] DEBUG:colcon.colcon_core.event_handler.log_command:Invoking command in '/ros2/src/imu_py': PYTHONPATH=/ros2/build/imu_py/prefix_override:/usr/lib/python3/dist-packages/colcon_core/task/python/colcon_distutils_commands:/ros2/install/imu_py/lib/python3.10/site-packages:${PYTHONPATH} /usr/bin/python3 -W ignore:setup.py install is deprecated -W ignore:easy_install command is deprecated setup.py egg_info --egg-base ../../build/imu_py build --build-base /ros2/build/imu_py/build install --record /ros2/build/imu_py/install.log --single-version-externally-managed install_data
[1.006s] DEBUG:colcon.colcon_core.event_handler.log_command:Invoking command in '/ros2/src/talker_listener_py': PYTHONPATH=/ros2/build/talker_listener_py/prefix_override:/usr/lib/python3/dist-packages/colcon_core/task/python/colcon_distutils_commands:/ros2/install/talker_listener_py/lib/python3.10/site-packages:${PYTHONPATH} /usr/bin/python3 -W ignore:setup.py install is deprecated -W ignore:easy_install command is deprecated setup.py egg_info --egg-base ../../build/talker_listener_py build --build-base /ros2/build/talker_listener_py/build install --record /ros2/build/talker_listener_py/install.log --single-version-externally-managed install_data
[1.007s] DEBUG:colcon.colcon_core.event_handler.log_command:Invoked command in '/ros2/build/vehicle_status' returned '0': CMAKE_PREFIX_PATH=/ros2/install/interfaces:/ros2/install/imu:/ros2/install/vehicle_status:/ros2/install/talker_listener:/ros2/install/imu_py:/ros2/install/vehicle_status_py:/ros2/install/talker_listener_py:/opt/ros/humble /usr/bin/cmake --build /ros2/build/vehicle_status -- -j12 -l12
[1.007s] DEBUG:colcon.colcon_core.event_handler.log_command:Invoking command in '/ros2/build/vehicle_status': CMAKE_PREFIX_PATH=/ros2/install/interfaces:/ros2/install/imu:/ros2/install/vehicle_status:/ros2/install/talker_listener:/ros2/install/imu_py:/ros2/install/vehicle_status_py:/ros2/install/talker_listener_py:/opt/ros/humble /usr/bin/cmake --install /ros2/build/vehicle_status
[1.014s] Level 1:colcon.colcon_core.environment:create_environment_scripts_only(vehicle_status)
[1.015s] DEBUG:colcon.colcon_core.event_handler.log_command:Invoked command in '/ros2/build/vehicle_status' returned '0': CMAKE_PREFIX_PATH=/ros2/install/interfaces:/ros2/install/imu:/ros2/install/vehicle_status:/ros2/install/talker_listener:/ros2/install/imu_py:/ros2/install/vehicle_status_py:/ros2/install/talker_listener_py:/opt/ros/humble /usr/bin/cmake --install /ros2/build/vehicle_status
[1.015s] Level 1:colcon.colcon_core.environment:checking '/ros2/install/vehicle_status' for CMake module files
[1.016s] Level 1:colcon.colcon_core.environment:checking '/ros2/install/vehicle_status' for CMake config files
[1.016s] Level 1:colcon.colcon_core.shell:create_environment_hook('vehicle_status', 'cmake_prefix_path')
[1.016s] INFO:colcon.colcon_core.shell:Creating environment hook '/ros2/install/vehicle_status/share/vehicle_status/hook/cmake_prefix_path.ps1'
[1.016s] INFO:colcon.colcon_core.shell:Creating environment descriptor '/ros2/install/vehicle_status/share/vehicle_status/hook/cmake_prefix_path.dsv'
[1.017s] INFO:colcon.colcon_core.shell:Creating environment hook '/ros2/install/vehicle_status/share/vehicle_status/hook/cmake_prefix_path.sh'
[1.017s] Level 1:colcon.colcon_core.environment:checking '/ros2/install/vehicle_status/lib'
[1.017s] Level 1:colcon.colcon_core.environment:checking '/ros2/install/vehicle_status/bin'
[1.017s] Level 1:colcon.colcon_core.environment:checking '/ros2/install/vehicle_status/lib/pkgconfig/vehicle_status.pc'
[1.018s] Level 1:colcon.colcon_core.environment:checking '/ros2/install/vehicle_status/lib/python3.10/site-packages'
[1.018s] Level 1:colcon.colcon_core.environment:checking '/ros2/install/vehicle_status/bin'
[1.018s] INFO:colcon.colcon_core.shell:Creating package script '/ros2/install/vehicle_status/share/vehicle_status/package.ps1'
[1.019s] INFO:colcon.colcon_core.shell:Creating package descriptor '/ros2/install/vehicle_status/share/vehicle_status/package.dsv'
[1.019s] INFO:colcon.colcon_core.shell:Creating package script '/ros2/install/vehicle_status/share/vehicle_status/package.sh'
[1.020s] INFO:colcon.colcon_core.shell:Creating package script '/ros2/install/vehicle_status/share/vehicle_status/package.bash'
[1.020s] INFO:colcon.colcon_core.shell:Creating package script '/ros2/install/vehicle_status/share/vehicle_status/package.zsh'
[1.020s] Level 1:colcon.colcon_core.environment:create_file_with_runtime_dependencies(/ros2/install/vehicle_status/share/colcon-core/packages/vehicle_status)
[1.021s] Level 1:colcon.colcon_core.environment:create_environment_scripts_only(vehicle_status)
[1.021s] Level 1:colcon.colcon_core.environment:checking '/ros2/install/vehicle_status' for CMake module files
[1.021s] Level 1:colcon.colcon_core.environment:checking '/ros2/install/vehicle_status' for CMake config files
[1.021s] Level 1:colcon.colcon_core.shell:create_environment_hook('vehicle_status', 'cmake_prefix_path')
[1.022s] INFO:colcon.colcon_core.shell:Creating environment hook '/ros2/install/vehicle_status/share/vehicle_status/hook/cmake_prefix_path.ps1'
[1.022s] INFO:colcon.colcon_core.shell:Creating environment descriptor '/ros2/install/vehicle_status/share/vehicle_status/hook/cmake_prefix_path.dsv'
[1.022s] INFO:colcon.colcon_core.shell:Creating environment hook '/ros2/install/vehicle_status/share/vehicle_status/hook/cmake_prefix_path.sh'
[1.023s] Level 1:colcon.colcon_core.environment:checking '/ros2/install/vehicle_status/lib'
[1.023s] Level 1:colcon.colcon_core.environment:checking '/ros2/install/vehicle_status/bin'
[1.023s] Level 1:colcon.colcon_core.environment:checking '/ros2/install/vehicle_status/lib/pkgconfig/vehicle_status.pc'
[1.023s] Level 1:colcon.colcon_core.environment:checking '/ros2/install/vehicle_status/lib/python3.10/site-packages'
[1.024s] Level 1:colcon.colcon_core.environment:checking '/ros2/install/vehicle_status/bin'
[1.024s] INFO:colcon.colcon_core.shell:Creating package script '/ros2/install/vehicle_status/share/vehicle_status/package.ps1'
[1.025s] INFO:colcon.colcon_core.shell:Creating package descriptor '/ros2/install/vehicle_status/share/vehicle_status/package.dsv'
[1.025s] INFO:colcon.colcon_core.shell:Creating package script '/ros2/install/vehicle_status/share/vehicle_status/package.sh'
[1.025s] INFO:colcon.colcon_core.shell:Creating package script '/ros2/install/vehicle_status/share/vehicle_status/package.bash'
[1.026s] INFO:colcon.colcon_core.shell:Creating package script '/ros2/install/vehicle_status/share/vehicle_status/package.zsh'
[1.026s] Level 1:colcon.colcon_core.environment:create_file_with_runtime_dependencies(/ros2/install/vehicle_status/share/colcon-core/packages/vehicle_status)
[1.240s] Level 1:colcon.colcon_core.environment:checking '/ros2/install/talker_listener_py' for CMake module files
[1.240s] DEBUG:colcon.colcon_core.event_handler.log_command:Invoked command in '/ros2/src/talker_listener_py' returned '0': PYTHONPATH=/ros2/build/talker_listener_py/prefix_override:/usr/lib/python3/dist-packages/colcon_core/task/python/colcon_distutils_commands:/ros2/install/talker_listener_py/lib/python3.10/site-packages:${PYTHONPATH} /usr/bin/python3 -W ignore:setup.py install is deprecated -W ignore:easy_install command is deprecated setup.py egg_info --egg-base ../../build/talker_listener_py build --build-base /ros2/build/talker_listener_py/build install --record /ros2/build/talker_listener_py/install.log --single-version-externally-managed install_data
[1.241s] Level 1:colcon.colcon_core.environment:checking '/ros2/install/talker_listener_py' for CMake config files
[1.241s] Level 1:colcon.colcon_core.environment:checking '/ros2/install/talker_listener_py/lib'
[1.241s] Level 1:colcon.colcon_core.environment:checking '/ros2/install/talker_listener_py/bin'
[1.241s] Level 1:colcon.colcon_core.environment:checking '/ros2/install/talker_listener_py/lib/pkgconfig/talker_listener_py.pc'
[1.242s] Level 1:colcon.colcon_core.environment:checking '/ros2/install/talker_listener_py/lib/python3.10/site-packages'
[1.242s] Level 1:colcon.colcon_core.shell:create_environment_hook('talker_listener_py', 'pythonpath')
[1.242s] INFO:colcon.colcon_core.shell:Creating environment hook '/ros2/install/talker_listener_py/share/talker_listener_py/hook/pythonpath.ps1'
[1.242s] INFO:colcon.colcon_core.shell:Creating environment descriptor '/ros2/install/talker_listener_py/share/talker_listener_py/hook/pythonpath.dsv'
[1.243s] INFO:colcon.colcon_core.shell:Creating environment hook '/ros2/install/talker_listener_py/share/talker_listener_py/hook/pythonpath.sh'
[1.243s] Level 1:colcon.colcon_core.environment:checking '/ros2/install/talker_listener_py/bin'
[1.243s] Level 1:colcon.colcon_core.environment:create_environment_scripts_only(talker_listener_py)
[1.244s] INFO:colcon.colcon_core.shell:Creating package script '/ros2/install/talker_listener_py/share/talker_listener_py/package.ps1'
[1.244s] INFO:colcon.colcon_core.shell:Creating package descriptor '/ros2/install/talker_listener_py/share/talker_listener_py/package.dsv'
[1.245s] INFO:colcon.colcon_core.shell:Creating package script '/ros2/install/talker_listener_py/share/talker_listener_py/package.sh'
[1.245s] INFO:colcon.colcon_core.shell:Creating package script '/ros2/install/talker_listener_py/share/talker_listener_py/package.bash'
[1.245s] INFO:colcon.colcon_core.shell:Creating package script '/ros2/install/talker_listener_py/share/talker_listener_py/package.zsh'
[1.246s] Level 1:colcon.colcon_core.environment:create_file_with_runtime_dependencies(/ros2/install/talker_listener_py/share/colcon-core/packages/talker_listener_py)
[1.268s] Level 1:colcon.colcon_core.environment:checking '/ros2/install/imu_py' for CMake module files
[1.268s] DEBUG:colcon.colcon_core.event_handler.log_command:Invoked command in '/ros2/src/imu_py' returned '0': PYTHONPATH=/ros2/build/imu_py/prefix_override:/usr/lib/python3/dist-packages/colcon_core/task/python/colcon_distutils_commands:/ros2/install/imu_py/lib/python3.10/site-packages:${PYTHONPATH} /usr/bin/python3 -W ignore:setup.py install is deprecated -W ignore:easy_install command is deprecated setup.py egg_info --egg-base ../../build/imu_py build --build-base /ros2/build/imu_py/build install --record /ros2/build/imu_py/install.log --single-version-externally-managed install_data
[1.269s] Level 1:colcon.colcon_core.environment:checking '/ros2/install/imu_py' for CMake config files
[1.269s] Level 1:colcon.colcon_core.environment:checking '/ros2/install/imu_py/lib'
[1.269s] Level 1:colcon.colcon_core.environment:checking '/ros2/install/imu_py/bin'
[1.269s] Level 1:colcon.colcon_core.environment:checking '/ros2/install/imu_py/lib/pkgconfig/imu_py.pc'
[1.269s] Level 1:colcon.colcon_core.environment:checking '/ros2/install/imu_py/lib/python3.10/site-packages'
[1.270s] Level 1:colcon.colcon_core.shell:create_environment_hook('imu_py', 'pythonpath')
[1.270s] INFO:colcon.colcon_core.shell:Creating environment hook '/ros2/install/imu_py/share/imu_py/hook/pythonpath.ps1'
[1.270s] INFO:colcon.colcon_core.shell:Creating environment descriptor '/ros2/install/imu_py/share/imu_py/hook/pythonpath.dsv'
[1.270s] INFO:colcon.colcon_core.shell:Creating environment hook '/ros2/install/imu_py/share/imu_py/hook/pythonpath.sh'
[1.271s] Level 1:colcon.colcon_core.environment:checking '/ros2/install/imu_py/bin'
[1.271s] Level 1:colcon.colcon_core.environment:create_environment_scripts_only(imu_py)
[1.271s] INFO:colcon.colcon_core.shell:Creating package script '/ros2/install/imu_py/share/imu_py/package.ps1'
[1.272s] INFO:colcon.colcon_core.shell:Creating package descriptor '/ros2/install/imu_py/share/imu_py/package.dsv'
[1.272s] INFO:colcon.colcon_core.shell:Creating package script '/ros2/install/imu_py/share/imu_py/package.sh'
[1.273s] INFO:colcon.colcon_core.shell:Creating package script '/ros2/install/imu_py/share/imu_py/package.bash'
[1.273s] INFO:colcon.colcon_core.shell:Creating package script '/ros2/install/imu_py/share/imu_py/package.zsh'
[1.273s] Level 1:colcon.colcon_core.environment:create_file_with_runtime_dependencies(/ros2/install/imu_py/share/colcon-core/packages/imu_py)
[1.276s] DEBUG:colcon.colcon_core.event_handler.log_command:Invoking command in '/ros2/src/vehicle_status_py': CMAKE_PREFIX_PATH=/ros2/install/interfaces:/ros2/install/imu:/ros2/install/vehicle_status:/ros2/install/talker_listener PYTHONPATH=/ros2/build/vehicle_status_py/prefix_override:/usr/lib/python3/dist-packages/colcon_core/task/python/colcon_distutils_commands:/ros2/install/vehicle_status_py/lib/python3.10/site-packages:${PYTHONPATH} /usr/bin/python3 -W ignore:setup.py install is deprecated -W ignore:easy_install command is deprecated setup.py egg_info --egg-base ../../build/vehicle_status_py build --build-base /ros2/build/vehicle_status_py/build install --record /ros2/build/vehicle_status_py/install.log --single-version-externally-managed install_data
[1.488s] Level 1:colcon.colcon_core.environment:checking '/ros2/install/vehicle_status_py' for CMake module files
[1.489s] DEBUG:colcon.colcon_core.event_handler.log_command:Invoked command in '/ros2/src/vehicle_status_py' returned '0': CMAKE_PREFIX_PATH=/ros2/install/interfaces:/ros2/install/imu:/ros2/install/vehicle_status:/ros2/install/talker_listener PYTHONPATH=/ros2/build/vehicle_status_py/prefix_override:/usr/lib/python3/dist-packages/colcon_core/task/python/colcon_distutils_commands:/ros2/install/vehicle_status_py/lib/python3.10/site-packages:${PYTHONPATH} /usr/bin/python3 -W ignore:setup.py install is deprecated -W ignore:easy_install command is deprecated setup.py egg_info --egg-base ../../build/vehicle_status_py build --build-base /ros2/build/vehicle_status_py/build install --record /ros2/build/vehicle_status_py/install.log --single-version-externally-managed install_data
[1.489s] Level 1:colcon.colcon_core.environment:checking '/ros2/install/vehicle_status_py' for CMake config files
[1.489s] Level 1:colcon.colcon_core.environment:checking '/ros2/install/vehicle_status_py/lib'
[1.489s] Level 1:colcon.colcon_core.environment:checking '/ros2/install/vehicle_status_py/bin'
[1.490s] Level 1:colcon.colcon_core.environment:checking '/ros2/install/vehicle_status_py/lib/pkgconfig/vehicle_status_py.pc'
[1.490s] Level 1:colcon.colcon_core.environment:checking '/ros2/install/vehicle_status_py/lib/python3.10/site-packages'
[1.490s] Level 1:colcon.colcon_core.shell:create_environment_hook('vehicle_status_py', 'pythonpath')
[1.490s] INFO:colcon.colcon_core.shell:Creating environment hook '/ros2/install/vehicle_status_py/share/vehicle_status_py/hook/pythonpath.ps1'
[1.490s] INFO:colcon.colcon_core.shell:Creating environment descriptor '/ros2/install/vehicle_status_py/share/vehicle_status_py/hook/pythonpath.dsv'
[1.491s] INFO:colcon.colcon_core.shell:Creating environment hook '/ros2/install/vehicle_status_py/share/vehicle_status_py/hook/pythonpath.sh'
[1.491s] Level 1:colcon.colcon_core.environment:checking '/ros2/install/vehicle_status_py/bin'
[1.491s] Level 1:colcon.colcon_core.environment:create_environment_scripts_only(vehicle_status_py)
[1.492s] INFO:colcon.colcon_core.shell:Creating package script '/ros2/install/vehicle_status_py/share/vehicle_status_py/package.ps1'
[1.492s] INFO:colcon.colcon_core.shell:Creating package descriptor '/ros2/install/vehicle_status_py/share/vehicle_status_py/package.dsv'
[1.492s] INFO:colcon.colcon_core.shell:Creating package script '/ros2/install/vehicle_status_py/share/vehicle_status_py/package.sh'
[1.493s] INFO:colcon.colcon_core.shell:Creating package script '/ros2/install/vehicle_status_py/share/vehicle_status_py/package.bash'
[1.493s] INFO:colcon.colcon_core.shell:Creating package script '/ros2/install/vehicle_status_py/share/vehicle_status_py/package.zsh'
[1.493s] Level 1:colcon.colcon_core.environment:create_file_with_runtime_dependencies(/ros2/install/vehicle_status_py/share/colcon-core/packages/vehicle_status_py)
[1.494s] DEBUG:colcon.colcon_parallel_executor.executor.parallel:closing loop
[1.494s] DEBUG:colcon.colcon_parallel_executor.executor.parallel:loop closed
[1.494s] DEBUG:colcon.colcon_parallel_executor.executor.parallel:run_until_complete finished with '0'
[1.494s] DEBUG:colcon.colcon_core.event_reactor:joining thread
[1.501s] INFO:colcon.colcon_core.plugin_system:Skipping extension 'colcon_notification.desktop_notification.notify_send': Could not find 'notify-send'
[1.501s] INFO:colcon.colcon_core.plugin_system:Skipping extension 'colcon_notification.desktop_notification.terminal_notifier': Not used on non-Darwin systems
[1.501s] INFO:colcon.colcon_core.plugin_system:Skipping extension 'colcon_notification.desktop_notification.win32': Not used on non-Windows systems
[1.501s] INFO:colcon.colcon_notification.desktop_notification:Sending desktop notification using 'notify2'
[1.501s] DEBUG:colcon.colcon_notification.desktop_notification.notify2:Failed to initialize notify2: org.freedesktop.DBus.Error.NotSupported: Unable to autolaunch a dbus-daemon without a $DISPLAY for X11
[1.501s] DEBUG:colcon.colcon_core.event_reactor:joined thread
[1.501s] INFO:colcon.colcon_core.shell:Creating prefix script '/ros2/install/local_setup.ps1'
[1.502s] INFO:colcon.colcon_core.shell:Creating prefix util module '/ros2/install/_local_setup_util_ps1.py'
[1.504s] INFO:colcon.colcon_core.shell:Creating prefix chain script '/ros2/install/setup.ps1'
[1.505s] INFO:colcon.colcon_core.shell:Creating prefix script '/ros2/install/local_setup.sh'
[1.505s] INFO:colcon.colcon_core.shell:Creating prefix util module '/ros2/install/_local_setup_util_sh.py'
[1.506s] INFO:colcon.colcon_core.shell:Creating prefix chain script '/ros2/install/setup.sh'
[1.507s] INFO:colcon.colcon_core.shell:Creating prefix script '/ros2/install/local_setup.bash'
[1.507s] INFO:colcon.colcon_core.shell:Creating prefix chain script '/ros2/install/setup.bash'
[1.508s] INFO:colcon.colcon_core.shell:Creating prefix script '/ros2/install/local_setup.zsh'
[1.517s] INFO:colcon.colcon_core.shell:Creating prefix chain script '/ros2/install/setup.zsh'
