[0.443s] Invoking command in '/ros2/src/talker_listener_py': PYTHONPATH=/ros2/build/talker_listener_py/prefix_override:/usr/lib/python3/dist-packages/colcon_core/task/python/colcon_distutils_commands:/ros2/install/talker_listener_py/lib/python3.10/site-packages:${PYTHONPATH} /usr/bin/python3 -W ignore:setup.py install is deprecated -W ignore:easy_install command is deprecated setup.py egg_info --egg-base ../../build/talker_listener_py build --build-base /ros2/build/talker_listener_py/build install --record /ros2/build/talker_listener_py/install.log --single-version-externally-managed install_data
[0.599s] running egg_info
[0.599s] writing ../../build/talker_listener_py/talker_listener_py.egg-info/PKG-INFO
[0.599s] writing dependency_links to ../../build/talker_listener_py/talker_listener_py.egg-info/dependency_links.txt
[0.600s] writing entry points to ../../build/talker_listener_py/talker_listener_py.egg-info/entry_points.txt
[0.600s] writing requirements to ../../build/talker_listener_py/talker_listener_py.egg-info/requires.txt
[0.600s] writing top-level names to ../../build/talker_listener_py/talker_listener_py.egg-info/top_level.txt
[0.601s] reading manifest file '../../build/talker_listener_py/talker_listener_py.egg-info/SOURCES.txt'
[0.602s] writing manifest file '../../build/talker_listener_py/talker_listener_py.egg-info/SOURCES.txt'
[0.602s] running build
[0.602s] running build_py
[0.603s] copying talker_listener_py/talker.py -> /ros2/build/talker_listener_py/build/lib/talker_listener_py
[0.603s] copying talker_listener_py/listener.py -> /ros2/build/talker_listener_py/build/lib/talker_listener_py
[0.603s] running install
[0.603s] running install_lib
[0.604s] copying /ros2/build/talker_listener_py/build/lib/talker_listener_py/talker.py -> /ros2/install/talker_listener_py/lib/python3.10/site-packages/talker_listener_py
[0.604s] copying /ros2/build/talker_listener_py/build/lib/talker_listener_py/listener.py -> /ros2/install/talker_listener_py/lib/python3.10/site-packages/talker_listener_py
[0.605s] byte-compiling /ros2/install/talker_listener_py/lib/python3.10/site-packages/talker_listener_py/talker.py to talker.cpython-310.pyc
[0.605s] byte-compiling /ros2/install/talker_listener_py/lib/python3.10/site-packages/talker_listener_py/listener.py to listener.cpython-310.pyc
[0.605s] running install_data
[0.605s] running install_egg_info
[0.607s] removing '/ros2/install/talker_listener_py/lib/python3.10/site-packages/talker_listener_py-0.0.0-py3.10.egg-info' (and everything under it)
[0.607s] Copying ../../build/talker_listener_py/talker_listener_py.egg-info to /ros2/install/talker_listener_py/lib/python3.10/site-packages/talker_listener_py-0.0.0-py3.10.egg-info
[0.608s] running install_scripts
[0.625s] Installing listener script to /ros2/install/talker_listener_py/lib/talker_listener_py
[0.626s] Installing talker script to /ros2/install/talker_listener_py/lib/talker_listener_py
[0.626s] writing list of installed files to '/ros2/build/talker_listener_py/install.log'
[0.644s] Invoked command in '/ros2/src/talker_listener_py' returned '0': PYTHONPATH=/ros2/build/talker_listener_py/prefix_override:/usr/lib/python3/dist-packages/colcon_core/task/python/colcon_distutils_commands:/ros2/install/talker_listener_py/lib/python3.10/site-packages:${PYTHONPATH} /usr/bin/python3 -W ignore:setup.py install is deprecated -W ignore:easy_install command is deprecated setup.py egg_info --egg-base ../../build/talker_listener_py build --build-base /ros2/build/talker_listener_py/build install --record /ros2/build/talker_listener_py/install.log --single-version-externally-managed install_data
