running egg_info
writing ../../build/imu_py/imu_py.egg-info/PKG-INFO
writing dependency_links to ../../build/imu_py/imu_py.egg-info/dependency_links.txt
writing entry points to ../../build/imu_py/imu_py.egg-info/entry_points.txt
writing requirements to ../../build/imu_py/imu_py.egg-info/requires.txt
writing top-level names to ../../build/imu_py/imu_py.egg-info/top_level.txt
reading manifest file '../../build/imu_py/imu_py.egg-info/SOURCES.txt'
writing manifest file '../../build/imu_py/imu_py.egg-info/SOURCES.txt'
running build
running build_py
running install
running install_lib
running install_data
running install_egg_info
removing '/home/will/Will/RANCS/RANCS-introduction/ros2/install/imu_py/lib/python3.10/site-packages/imu_py-0.0.0-py3.10.egg-info' (and everything under it)
Copying ../../build/imu_py/imu_py.egg-info to /home/will/Will/RANCS/RANCS-introduction/ros2/install/imu_py/lib/python3.10/site-packages/imu_py-0.0.0-py3.10.egg-info
running install_scripts
Installing imu_publisher script to /home/will/Will/RANCS/RANCS-introduction/ros2/install/imu_py/lib/imu_py
Installing imu_subscriber script to /home/will/Will/RANCS/RANCS-introduction/ros2/install/imu_py/lib/imu_py
writing list of installed files to '/home/will/Will/RANCS/RANCS-introduction/ros2/build/imu_py/install.log'
