[1.002s] Invoking command in '/home/will/Will/RANCS/RANCS-introduction/ros2/src/imu_py': DEBUGINFOD_URLS=https://debuginfod.archlinux.org PS1=[\u@\h \W]\$ PYTHONPATH=/home/will/Will/RANCS/RANCS-introduction/ros2/build/imu_py/prefix_override:/usr/lib/python3/dist-packages/colcon_core/task/python/colcon_distutils_commands:/home/will/Will/RANCS/RANCS-introduction/ros2/install/imu_py/lib/python3.10/site-packages:${PYTHONPATH} /usr/bin/python3 -W ignore:setup.py install is deprecated -W ignore:easy_install command is deprecated setup.py egg_info --egg-base ../../build/imu_py build --build-base /home/will/Will/RANCS/RANCS-introduction/ros2/build/imu_py/build install --record /home/will/Will/RANCS/RANCS-introduction/ros2/build/imu_py/install.log --single-version-externally-managed install_data
[1.218s] running egg_info
[1.220s] writing ../../build/imu_py/imu_py.egg-info/PKG-INFO
[1.221s] writing dependency_links to ../../build/imu_py/imu_py.egg-info/dependency_links.txt
[1.221s] writing entry points to ../../build/imu_py/imu_py.egg-info/entry_points.txt
[1.221s] writing requirements to ../../build/imu_py/imu_py.egg-info/requires.txt
[1.221s] writing top-level names to ../../build/imu_py/imu_py.egg-info/top_level.txt
[1.223s] reading manifest file '../../build/imu_py/imu_py.egg-info/SOURCES.txt'
[1.224s] writing manifest file '../../build/imu_py/imu_py.egg-info/SOURCES.txt'
[1.224s] running build
[1.224s] running build_py
[1.224s] running install
[1.224s] running install_lib
[1.225s] running install_data
[1.226s] running install_egg_info
[1.227s] removing '/home/will/Will/RANCS/RANCS-introduction/ros2/install/imu_py/lib/python3.10/site-packages/imu_py-0.0.0-py3.10.egg-info' (and everything under it)
[1.227s] Copying ../../build/imu_py/imu_py.egg-info to /home/will/Will/RANCS/RANCS-introduction/ros2/install/imu_py/lib/python3.10/site-packages/imu_py-0.0.0-py3.10.egg-info
[1.229s] running install_scripts
[1.257s] Installing imu_publisher script to /home/will/Will/RANCS/RANCS-introduction/ros2/install/imu_py/lib/imu_py
[1.257s] Installing imu_subscriber script to /home/will/Will/RANCS/RANCS-introduction/ros2/install/imu_py/lib/imu_py
[1.257s] writing list of installed files to '/home/will/Will/RANCS/RANCS-introduction/ros2/build/imu_py/install.log'
[1.328s] Invoked command in '/home/will/Will/RANCS/RANCS-introduction/ros2/src/imu_py' returned '0': DEBUGINFOD_URLS=https://debuginfod.archlinux.org PS1=[\u@\h \W]\$ PYTHONPATH=/home/will/Will/RANCS/RANCS-introduction/ros2/build/imu_py/prefix_override:/usr/lib/python3/dist-packages/colcon_core/task/python/colcon_distutils_commands:/home/will/Will/RANCS/RANCS-introduction/ros2/install/imu_py/lib/python3.10/site-packages:${PYTHONPATH} /usr/bin/python3 -W ignore:setup.py install is deprecated -W ignore:easy_install command is deprecated setup.py egg_info --egg-base ../../build/imu_py build --build-base /home/will/Will/RANCS/RANCS-introduction/ros2/build/imu_py/build install --record /home/will/Will/RANCS/RANCS-introduction/ros2/build/imu_py/install.log --single-version-externally-managed install_data
