-- The C compiler identification is GNU 11.4.0
-- The CXX compiler identification is GNU 11.4.0
-- Detecting C compiler ABI info
-- Detecting C compiler ABI info - done
-- Check for working C compiler: /usr/bin/cc - skipped
-- Detecting C compile features
-- Detecting C compile features - done
-- Detecting CXX compiler ABI info
-- Detecting CXX compiler ABI info - done
-- Check for working CXX compiler: /usr/bin/c++ - skipped
-- Detecting CXX compile features
-- Detecting CXX compile features - done
-- Found ament_cmake: 1.3.14 (/opt/ros/humble/share/ament_cmake/cmake)
-- Found Python3: /usr/bin/python3 (found version "3.10.12") found components: Interpreter 
-- Found rclcpp: 16.0.19 (/opt/ros/humble/share/rclcpp/cmake)
-- Found rosidl_generator_c: 3.1.8 (/opt/ros/humble/share/rosidl_generator_c/cmake)
-- Found rosidl_adapter: 3.1.8 (/opt/ros/humble/share/rosidl_adapter/cmake)
-- Found rosidl_generator_cpp: 3.1.8 (/opt/ros/humble/share/rosidl_generator_cpp/cmake)
-- Using all available rosidl_typesupport_c: rosidl_typesupport_fastrtps_c;rosidl_typesupport_introspection_c
-- Using all available rosidl_typesupport_cpp: rosidl_typesupport_fastrtps_cpp;rosidl_typesupport_introspection_cpp
-- Found rmw_implementation_cmake: 6.1.2 (/opt/ros/humble/share/rmw_implementation_cmake/cmake)
-- Found rmw_fastrtps_cpp: 6.2.10 (/opt/ros/humble/share/rmw_fastrtps_cpp/cmake)
-- Found OpenSSL: /usr/lib/x86_64-linux-gnu/libcrypto.so (found version "3.0.2")  
-- Found FastRTPS: /opt/ros/humble/include  
-- Using RMW implementation 'rmw_fastrtps_cpp' as default
-- Looking for pthread.h
-- Looking for pthread.h - found
-- Performing Test CMAKE_HAVE_LIBC_PTHREAD
-- Performing Test CMAKE_HAVE_LIBC_PTHREAD - Success
-- Found Threads: TRUE  
-- Found sensor_msgs: 4.9.1 (/opt/ros/humble/share/sensor_msgs/cmake)
-- Found ament_lint_auto: 0.12.15 (/opt/ros/humble/share/ament_lint_auto/cmake)
-- Added test 'cppcheck' to perform static code analysis on C / C++ code
-- Configured cppcheck include dirs: 
-- Configured cppcheck exclude dirs and/or files: 
-- Added test 'lint_cmake' to check CMake code style
-- Added test 'uncrustify' to check C / C++ code style
-- Configured uncrustify additional arguments: 
-- Added test 'xmllint' to check XML markup files
-- Configuring done
-- Generating done
-- Build files have been written to: /home/will/Will/RANCS/RANCS-introduction/ros2/build/imu
[ 25%] [32mBuilding CXX object CMakeFiles/imu_subscriber.dir/src/imu_subscriber.cpp.o[0m
[ 50%] [32mBuilding CXX object CMakeFiles/imu_publisher.dir/src/imu_publisher.cpp.o[0m
[ 75%] [32m[1mLinking CXX executable imu_publisher[0m
[ 75%] Built target imu_publisher
[100%] [32m[1mLinking CXX executable imu_subscriber[0m
[100%] Built target imu_subscriber
-- Install configuration: ""
-- Installing: /home/will/Will/RANCS/RANCS-introduction/ros2/install/imu/lib/imu/imu_publisher
-- Set runtime path of "/home/will/Will/RANCS/RANCS-introduction/ros2/install/imu/lib/imu/imu_publisher" to ""
-- Installing: /home/will/Will/RANCS/RANCS-introduction/ros2/install/imu/lib/imu/imu_subscriber
-- Set runtime path of "/home/will/Will/RANCS/RANCS-introduction/ros2/install/imu/lib/imu/imu_subscriber" to ""
-- Installing: /home/will/Will/RANCS/RANCS-introduction/ros2/install/imu/share/ament_index/resource_index/package_run_dependencies/imu
-- Installing: /home/will/Will/RANCS/RANCS-introduction/ros2/install/imu/share/ament_index/resource_index/parent_prefix_path/imu
-- Installing: /home/will/Will/RANCS/RANCS-introduction/ros2/install/imu/share/imu/environment/ament_prefix_path.sh
-- Installing: /home/will/Will/RANCS/RANCS-introduction/ros2/install/imu/share/imu/environment/ament_prefix_path.dsv
-- Installing: /home/will/Will/RANCS/RANCS-introduction/ros2/install/imu/share/imu/environment/path.sh
-- Installing: /home/will/Will/RANCS/RANCS-introduction/ros2/install/imu/share/imu/environment/path.dsv
-- Installing: /home/will/Will/RANCS/RANCS-introduction/ros2/install/imu/share/imu/local_setup.bash
-- Installing: /home/will/Will/RANCS/RANCS-introduction/ros2/install/imu/share/imu/local_setup.sh
-- Installing: /home/will/Will/RANCS/RANCS-introduction/ros2/install/imu/share/imu/local_setup.zsh
-- Installing: /home/will/Will/RANCS/RANCS-introduction/ros2/install/imu/share/imu/local_setup.dsv
-- Installing: /home/will/Will/RANCS/RANCS-introduction/ros2/install/imu/share/imu/package.dsv
-- Installing: /home/will/Will/RANCS/RANCS-introduction/ros2/install/imu/share/ament_index/resource_index/packages/imu
-- Installing: /home/will/Will/RANCS/RANCS-introduction/ros2/install/imu/share/imu/cmake/imuConfig.cmake
-- Installing: /home/will/Will/RANCS/RANCS-introduction/ros2/install/imu/share/imu/cmake/imuConfig-version.cmake
-- Installing: /home/will/Will/RANCS/RANCS-introduction/ros2/install/imu/share/imu/package.xml
