[0.026s] Invoking command in '/home/will/Will/RANCS/RANCS-introduction/ros2/build/imu': CMAKE_PREFIX_PATH=/opt/ros/humble DEBUGINFOD_URLS=https://debuginfod.archlinux.org PS1=[\u@\h \W]\$ /usr/bin/cmake /home/will/Will/RANCS/RANCS-introduction/ros2/src/imu -DCMAKE_INSTALL_PREFIX=/home/will/Will/RANCS/RANCS-introduction/ros2/install/imu
[0.274s] -- The C compiler identification is GNU 11.4.0
[0.274s] -- The CXX compiler identification is GNU 11.4.0
[0.275s] -- Detecting C compiler ABI info
[0.275s] -- Detecting C compiler ABI info - done
[0.275s] -- Check for working C compiler: /usr/bin/cc - skipped
[0.275s] -- Detecting C compile features
[0.275s] -- Detecting C compile features - done
[0.275s] -- Detecting CXX compiler ABI info
[0.355s] -- Detecting CXX compiler ABI info - done
[0.363s] -- Check for working CXX compiler: /usr/bin/c++ - skipped
[0.363s] -- Detecting CXX compile features
[0.363s] -- Detecting CXX compile features - done
[0.367s] -- Found ament_cmake: 1.3.14 (/opt/ros/humble/share/ament_cmake/cmake)
[0.544s] -- Found Python3: /usr/bin/python3 (found version "3.10.12") found components: Interpreter 
[0.693s] -- Found rclcpp: 16.0.19 (/opt/ros/humble/share/rclcpp/cmake)
[0.759s] -- Found rosidl_generator_c: 3.1.8 (/opt/ros/humble/share/rosidl_generator_c/cmake)
[0.765s] -- Found rosidl_adapter: 3.1.8 (/opt/ros/humble/share/rosidl_adapter/cmake)
[0.777s] -- Found rosidl_generator_cpp: 3.1.8 (/opt/ros/humble/share/rosidl_generator_cpp/cmake)
[0.793s] -- Using all available rosidl_typesupport_c: rosidl_typesupport_fastrtps_c;rosidl_typesupport_introspection_c
[0.816s] -- Using all available rosidl_typesupport_cpp: rosidl_typesupport_fastrtps_cpp;rosidl_typesupport_introspection_cpp
[0.906s] -- Found rmw_implementation_cmake: 6.1.2 (/opt/ros/humble/share/rmw_implementation_cmake/cmake)
[0.912s] -- Found rmw_fastrtps_cpp: 6.2.10 (/opt/ros/humble/share/rmw_fastrtps_cpp/cmake)
[1.059s] -- Found OpenSSL: /usr/lib/x86_64-linux-gnu/libcrypto.so (found version "3.0.2")  
[1.096s] -- Found FastRTPS: /opt/ros/humble/include  
[1.141s] -- Using RMW implementation 'rmw_fastrtps_cpp' as default
[1.156s] -- Looking for pthread.h
[1.258s] -- Looking for pthread.h - found
[1.258s] -- Performing Test CMAKE_HAVE_LIBC_PTHREAD
[1.365s] -- Performing Test CMAKE_HAVE_LIBC_PTHREAD - Success
[1.368s] -- Found Threads: TRUE  
[1.459s] -- Found sensor_msgs: 4.9.1 (/opt/ros/humble/share/sensor_msgs/cmake)
[1.510s] -- Found ament_lint_auto: 0.12.15 (/opt/ros/humble/share/ament_lint_auto/cmake)
[1.617s] -- Added test 'cppcheck' to perform static code analysis on C / C++ code
[1.617s] -- Configured cppcheck include dirs: 
[1.617s] -- Configured cppcheck exclude dirs and/or files: 
[1.619s] -- Added test 'lint_cmake' to check CMake code style
[1.621s] -- Added test 'uncrustify' to check C / C++ code style
[1.621s] -- Configured uncrustify additional arguments: 
[1.622s] -- Added test 'xmllint' to check XML markup files
[1.625s] -- Configuring done
[1.646s] -- Generating done
[1.653s] -- Build files have been written to: /home/will/Will/RANCS/RANCS-introduction/ros2/build/imu
[1.662s] Invoked command in '/home/will/Will/RANCS/RANCS-introduction/ros2/build/imu' returned '0': CMAKE_PREFIX_PATH=/opt/ros/humble DEBUGINFOD_URLS=https://debuginfod.archlinux.org PS1=[\u@\h \W]\$ /usr/bin/cmake /home/will/Will/RANCS/RANCS-introduction/ros2/src/imu -DCMAKE_INSTALL_PREFIX=/home/will/Will/RANCS/RANCS-introduction/ros2/install/imu
[1.664s] Invoking command in '/home/will/Will/RANCS/RANCS-introduction/ros2/build/imu': CMAKE_PREFIX_PATH=/opt/ros/humble DEBUGINFOD_URLS=https://debuginfod.archlinux.org PS1=[\u@\h \W]\$ /usr/bin/cmake --build /home/will/Will/RANCS/RANCS-introduction/ros2/build/imu -- -j12 -l12
[1.723s] [ 25%] [32mBuilding CXX object CMakeFiles/imu_subscriber.dir/src/imu_subscriber.cpp.o[0m
[1.723s] [ 50%] [32mBuilding CXX object CMakeFiles/imu_publisher.dir/src/imu_publisher.cpp.o[0m
[9.324s] [ 75%] [32m[1mLinking CXX executable imu_publisher[0m
[9.830s] [ 75%] Built target imu_publisher
[14.813s] [100%] [32m[1mLinking CXX executable imu_subscriber[0m
[15.447s] [100%] Built target imu_subscriber
[15.464s] Invoked command in '/home/will/Will/RANCS/RANCS-introduction/ros2/build/imu' returned '0': CMAKE_PREFIX_PATH=/opt/ros/humble DEBUGINFOD_URLS=https://debuginfod.archlinux.org PS1=[\u@\h \W]\$ /usr/bin/cmake --build /home/will/Will/RANCS/RANCS-introduction/ros2/build/imu -- -j12 -l12
[15.469s] Invoking command in '/home/will/Will/RANCS/RANCS-introduction/ros2/build/imu': CMAKE_PREFIX_PATH=/opt/ros/humble DEBUGINFOD_URLS=https://debuginfod.archlinux.org PS1=[\u@\h \W]\$ /usr/bin/cmake --install /home/will/Will/RANCS/RANCS-introduction/ros2/build/imu
[15.478s] -- Install configuration: ""
[15.478s] -- Installing: /home/will/Will/RANCS/RANCS-introduction/ros2/install/imu/lib/imu/imu_publisher
[15.479s] -- Set runtime path of "/home/will/Will/RANCS/RANCS-introduction/ros2/install/imu/lib/imu/imu_publisher" to ""
[15.479s] -- Installing: /home/will/Will/RANCS/RANCS-introduction/ros2/install/imu/lib/imu/imu_subscriber
[15.482s] -- Set runtime path of "/home/will/Will/RANCS/RANCS-introduction/ros2/install/imu/lib/imu/imu_subscriber" to ""
[15.483s] -- Installing: /home/will/Will/RANCS/RANCS-introduction/ros2/install/imu/share/ament_index/resource_index/package_run_dependencies/imu
[15.483s] -- Installing: /home/will/Will/RANCS/RANCS-introduction/ros2/install/imu/share/ament_index/resource_index/parent_prefix_path/imu
[15.483s] -- Installing: /home/will/Will/RANCS/RANCS-introduction/ros2/install/imu/share/imu/environment/ament_prefix_path.sh
[15.483s] -- Installing: /home/will/Will/RANCS/RANCS-introduction/ros2/install/imu/share/imu/environment/ament_prefix_path.dsv
[15.484s] -- Installing: /home/will/Will/RANCS/RANCS-introduction/ros2/install/imu/share/imu/environment/path.sh
[15.484s] -- Installing: /home/will/Will/RANCS/RANCS-introduction/ros2/install/imu/share/imu/environment/path.dsv
[15.484s] -- Installing: /home/will/Will/RANCS/RANCS-introduction/ros2/install/imu/share/imu/local_setup.bash
[15.484s] -- Installing: /home/will/Will/RANCS/RANCS-introduction/ros2/install/imu/share/imu/local_setup.sh
[15.484s] -- Installing: /home/will/Will/RANCS/RANCS-introduction/ros2/install/imu/share/imu/local_setup.zsh
[15.484s] -- Installing: /home/will/Will/RANCS/RANCS-introduction/ros2/install/imu/share/imu/local_setup.dsv
[15.485s] -- Installing: /home/will/Will/RANCS/RANCS-introduction/ros2/install/imu/share/imu/package.dsv
[15.485s] -- Installing: /home/will/Will/RANCS/RANCS-introduction/ros2/install/imu/share/ament_index/resource_index/packages/imu
[15.485s] -- Installing: /home/will/Will/RANCS/RANCS-introduction/ros2/install/imu/share/imu/cmake/imuConfig.cmake
[15.485s] -- Installing: /home/will/Will/RANCS/RANCS-introduction/ros2/install/imu/share/imu/cmake/imuConfig-version.cmake
[15.485s] -- Installing: /home/will/Will/RANCS/RANCS-introduction/ros2/install/imu/share/imu/package.xml
[15.488s] Invoked command in '/home/will/Will/RANCS/RANCS-introduction/ros2/build/imu' returned '0': CMAKE_PREFIX_PATH=/opt/ros/humble DEBUGINFOD_URLS=https://debuginfod.archlinux.org PS1=[\u@\h \W]\$ /usr/bin/cmake --install /home/will/Will/RANCS/RANCS-introduction/ros2/build/imu
