[0.027s] Invoking command in '/ros2/build/talker_listener': CMAKE_PREFIX_PATH=${CMAKE_PREFIX_PATH}:/ros2/install/vehicle_status_py:/ros2/install/talker_listener_py:/opt/ros/humble /usr/bin/cmake --build /ros2/build/talker_listener -- -j12 -l12
[0.088s] [ 50%] Built target talker
[0.090s] [100%] Built target listener
[0.243s] Invoked command in '/ros2/build/talker_listener' returned '0': CMAKE_PREFIX_PATH=${CMAKE_PREFIX_PATH}:/ros2/install/vehicle_status_py:/ros2/install/talker_listener_py:/opt/ros/humble /usr/bin/cmake --build /ros2/build/talker_listener -- -j12 -l12
[0.251s] Invoking command in '/ros2/build/talker_listener': CMAKE_PREFIX_PATH=${CMAKE_PREFIX_PATH}:/ros2/install/vehicle_status_py:/ros2/install/talker_listener_py:/opt/ros/humble /usr/bin/cmake --install /ros2/build/talker_listener
[0.257s] -- Install configuration: ""
[0.258s] -- Up-to-date: /ros2/install/talker_listener/lib/talker_listener/talker
[0.258s] -- Up-to-date: /ros2/install/talker_listener/lib/talker_listener/listener
[0.258s] -- Up-to-date: /ros2/install/talker_listener/share/ament_index/resource_index/package_run_dependencies/talker_listener
[0.258s] -- Up-to-date: /ros2/install/talker_listener/share/ament_index/resource_index/parent_prefix_path/talker_listener
[0.258s] -- Up-to-date: /ros2/install/talker_listener/share/talker_listener/environment/ament_prefix_path.sh
[0.258s] -- Up-to-date: /ros2/install/talker_listener/share/talker_listener/environment/ament_prefix_path.dsv
[0.259s] -- Up-to-date: /ros2/install/talker_listener/share/talker_listener/environment/path.sh
[0.259s] -- Up-to-date: /ros2/install/talker_listener/share/talker_listener/environment/path.dsv
[0.259s] -- Up-to-date: /ros2/install/talker_listener/share/talker_listener/local_setup.bash
[0.259s] -- Up-to-date: /ros2/install/talker_listener/share/talker_listener/local_setup.sh
[0.259s] -- Up-to-date: /ros2/install/talker_listener/share/talker_listener/local_setup.zsh
[0.259s] -- Up-to-date: /ros2/install/talker_listener/share/talker_listener/local_setup.dsv
[0.259s] -- Installing: /ros2/install/talker_listener/share/talker_listener/package.dsv
[0.259s] -- Up-to-date: /ros2/install/talker_listener/share/ament_index/resource_index/packages/talker_listener
[0.259s] -- Up-to-date: /ros2/install/talker_listener/share/talker_listener/cmake/talker_listenerConfig.cmake
[0.259s] -- Up-to-date: /ros2/install/talker_listener/share/talker_listener/cmake/talker_listenerConfig-version.cmake
[0.260s] -- Up-to-date: /ros2/install/talker_listener/share/talker_listener/package.xml
[0.261s] Invoked command in '/ros2/build/talker_listener' returned '0': CMAKE_PREFIX_PATH=${CMAKE_PREFIX_PATH}:/ros2/install/vehicle_status_py:/ros2/install/talker_listener_py:/opt/ros/humble /usr/bin/cmake --install /ros2/build/talker_listener
