[0.919s] Invoking command in '/home/will/Will/RANCS/RANCS-introduction/ros2/src/vehicle_status_py': AMENT_PREFIX_PATH=/home/will/Will/RANCS/RANCS-introduction/ros2/install/interfaces:${AMENT_PREFIX_PATH} CMAKE_PREFIX_PATH=/home/will/Will/RANCS/RANCS-introduction/ros2/install/interfaces DEBUGINFOD_URLS=https://debuginfod.archlinux.org LD_LIBRARY_PATH=/home/will/Will/RANCS/RANCS-introduction/ros2/install/interfaces/lib:${LD_LIBRARY_PATH} PS1=[\u@\h \W]\$ PYTHONPATH=/home/will/Will/RANCS/RANCS-introduction/ros2/build/vehicle_status_py/prefix_override:/usr/lib/python3/dist-packages/colcon_core/task/python/colcon_distutils_commands:/home/will/Will/RANCS/RANCS-introduction/ros2/install/vehicle_status_py/lib/python3.10/site-packages:/home/will/Will/RANCS/RANCS-introduction/ros2/install/interfaces/local/lib/python3.10/dist-packages:${PYTHONPATH} /usr/bin/python3 -W ignore:setup.py install is deprecated -W ignore:easy_install command is deprecated setup.py egg_info --egg-base ../../build/vehicle_status_py build --build-base /home/will/Will/RANCS/RANCS-introduction/ros2/build/vehicle_status_py/build install --record /home/will/Will/RANCS/RANCS-introduction/ros2/build/vehicle_status_py/install.log --single-version-externally-managed install_data
[1.254s] running egg_info
[1.254s] creating ../../build/vehicle_status_py/vehicle_status_py.egg-info
[1.254s] writing ../../build/vehicle_status_py/vehicle_status_py.egg-info/PKG-INFO
[1.255s] writing dependency_links to ../../build/vehicle_status_py/vehicle_status_py.egg-info/dependency_links.txt
[1.255s] writing entry points to ../../build/vehicle_status_py/vehicle_status_py.egg-info/entry_points.txt
[1.255s] writing requirements to ../../build/vehicle_status_py/vehicle_status_py.egg-info/requires.txt
[1.257s] writing top-level names to ../../build/vehicle_status_py/vehicle_status_py.egg-info/top_level.txt
[1.258s] writing manifest file '../../build/vehicle_status_py/vehicle_status_py.egg-info/SOURCES.txt'
[1.261s] reading manifest file '../../build/vehicle_status_py/vehicle_status_py.egg-info/SOURCES.txt'
[1.266s] writing manifest file '../../build/vehicle_status_py/vehicle_status_py.egg-info/SOURCES.txt'
[1.266s] running build
[1.266s] running build_py
[1.266s] creating /home/will/Will/RANCS/RANCS-introduction/ros2/build/vehicle_status_py/build
[1.266s] creating /home/will/Will/RANCS/RANCS-introduction/ros2/build/vehicle_status_py/build/lib
[1.266s] creating /home/will/Will/RANCS/RANCS-introduction/ros2/build/vehicle_status_py/build/lib/vehicle_status_py
[1.266s] copying vehicle_status_py/__init__.py -> /home/will/Will/RANCS/RANCS-introduction/ros2/build/vehicle_status_py/build/lib/vehicle_status_py
[1.267s] copying vehicle_status_py/vehicle_status_publisher.py -> /home/will/Will/RANCS/RANCS-introduction/ros2/build/vehicle_status_py/build/lib/vehicle_status_py
[1.267s] copying vehicle_status_py/vehicle_status_subscriber.py -> /home/will/Will/RANCS/RANCS-introduction/ros2/build/vehicle_status_py/build/lib/vehicle_status_py
[1.267s] running install
[1.267s] running install_lib
[1.268s] creating /home/will/Will/RANCS/RANCS-introduction/ros2/install/vehicle_status_py/lib/python3.10/site-packages/vehicle_status_py
[1.268s] copying /home/will/Will/RANCS/RANCS-introduction/ros2/build/vehicle_status_py/build/lib/vehicle_status_py/__init__.py -> /home/will/Will/RANCS/RANCS-introduction/ros2/install/vehicle_status_py/lib/python3.10/site-packages/vehicle_status_py
[1.268s] copying /home/will/Will/RANCS/RANCS-introduction/ros2/build/vehicle_status_py/build/lib/vehicle_status_py/vehicle_status_publisher.py -> /home/will/Will/RANCS/RANCS-introduction/ros2/install/vehicle_status_py/lib/python3.10/site-packages/vehicle_status_py
[1.269s] copying /home/will/Will/RANCS/RANCS-introduction/ros2/build/vehicle_status_py/build/lib/vehicle_status_py/vehicle_status_subscriber.py -> /home/will/Will/RANCS/RANCS-introduction/ros2/install/vehicle_status_py/lib/python3.10/site-packages/vehicle_status_py
[1.269s] byte-compiling /home/will/Will/RANCS/RANCS-introduction/ros2/install/vehicle_status_py/lib/python3.10/site-packages/vehicle_status_py/__init__.py to __init__.cpython-310.pyc
[1.269s] byte-compiling /home/will/Will/RANCS/RANCS-introduction/ros2/install/vehicle_status_py/lib/python3.10/site-packages/vehicle_status_py/vehicle_status_publisher.py to vehicle_status_publisher.cpython-310.pyc
[1.270s] byte-compiling /home/will/Will/RANCS/RANCS-introduction/ros2/install/vehicle_status_py/lib/python3.10/site-packages/vehicle_status_py/vehicle_status_subscriber.py to vehicle_status_subscriber.cpython-310.pyc
[1.270s] running install_data
[1.270s] creating /home/will/Will/RANCS/RANCS-introduction/ros2/install/vehicle_status_py/share/ament_index
[1.271s] creating /home/will/Will/RANCS/RANCS-introduction/ros2/install/vehicle_status_py/share/ament_index/resource_index
[1.271s] creating /home/will/Will/RANCS/RANCS-introduction/ros2/install/vehicle_status_py/share/ament_index/resource_index/packages
[1.271s] copying resource/vehicle_status_py -> /home/will/Will/RANCS/RANCS-introduction/ros2/install/vehicle_status_py/share/ament_index/resource_index/packages
[1.271s] copying package.xml -> /home/will/Will/RANCS/RANCS-introduction/ros2/install/vehicle_status_py/share/vehicle_status_py
[1.271s] running install_egg_info
[1.276s] Copying ../../build/vehicle_status_py/vehicle_status_py.egg-info to /home/will/Will/RANCS/RANCS-introduction/ros2/install/vehicle_status_py/lib/python3.10/site-packages/vehicle_status_py-0.0.0-py3.10.egg-info
[1.278s] running install_scripts
[1.317s] Installing vehicle_status_publisher script to /home/will/Will/RANCS/RANCS-introduction/ros2/install/vehicle_status_py/lib/vehicle_status_py
[1.317s] Installing vehicle_status_subscriber script to /home/will/Will/RANCS/RANCS-introduction/ros2/install/vehicle_status_py/lib/vehicle_status_py
[1.318s] writing list of installed files to '/home/will/Will/RANCS/RANCS-introduction/ros2/build/vehicle_status_py/install.log'
[1.385s] Invoked command in '/home/will/Will/RANCS/RANCS-introduction/ros2/src/vehicle_status_py' returned '0': AMENT_PREFIX_PATH=/home/will/Will/RANCS/RANCS-introduction/ros2/install/interfaces:${AMENT_PREFIX_PATH} CMAKE_PREFIX_PATH=/home/will/Will/RANCS/RANCS-introduction/ros2/install/interfaces DEBUGINFOD_URLS=https://debuginfod.archlinux.org LD_LIBRARY_PATH=/home/will/Will/RANCS/RANCS-introduction/ros2/install/interfaces/lib:${LD_LIBRARY_PATH} PS1=[\u@\h \W]\$ PYTHONPATH=/home/will/Will/RANCS/RANCS-introduction/ros2/build/vehicle_status_py/prefix_override:/usr/lib/python3/dist-packages/colcon_core/task/python/colcon_distutils_commands:/home/will/Will/RANCS/RANCS-introduction/ros2/install/vehicle_status_py/lib/python3.10/site-packages:/home/will/Will/RANCS/RANCS-introduction/ros2/install/interfaces/local/lib/python3.10/dist-packages:${PYTHONPATH} /usr/bin/python3 -W ignore:setup.py install is deprecated -W ignore:easy_install command is deprecated setup.py egg_info --egg-base ../../build/vehicle_status_py build --build-base /home/will/Will/RANCS/RANCS-introduction/ros2/build/vehicle_status_py/build install --record /home/will/Will/RANCS/RANCS-introduction/ros2/build/vehicle_status_py/install.log --single-version-externally-managed install_data
